[0.037s] Invoking command in '/home/ubuntu/rrst-ros2-ws/build/ros2stm': CMAKE_PREFIX_PATH=${CMAKE_PREFIX_PATH}:/opt/ros/jazzy DEBUGINFOD_URLS=https://debuginfod.ubuntu.com /usr/bin/cmake --build /home/ubuntu/rrst-ros2-ws/build/ros2stm -- -j12 -l12
[0.272s] [100%] Built target sb_tester
[0.334s] Invoked command in '/home/ubuntu/rrst-ros2-ws/build/ros2stm' returned '0': CMAKE_PREFIX_PATH=${CMAKE_PREFIX_PATH}:/opt/ros/jazzy DEBUGINFOD_URLS=https://debuginfod.ubuntu.com /usr/bin/cmake --build /home/ubuntu/rrst-ros2-ws/build/ros2stm -- -j12 -l12
[0.339s] Invoking command in '/home/ubuntu/rrst-ros2-ws/build/ros2stm': CMAKE_PREFIX_PATH=${CMAKE_PREFIX_PATH}:/opt/ros/jazzy DEBUGINFOD_URLS=https://debuginfod.ubuntu.com /usr/bin/cmake --install /home/ubuntu/rrst-ros2-ws/build/ros2stm
[0.361s] -- Install configuration: ""
[0.362s] -- Up-to-date: /home/ubuntu/rrst-ros2-ws/install/ros2stm/lib/ros2stm/sb_tester
[0.362s] -- Up-to-date: /home/ubuntu/rrst-ros2-ws/install/ros2stm/share/ament_index/resource_index/package_run_dependencies/ros2stm
[0.363s] -- Up-to-date: /home/ubuntu/rrst-ros2-ws/install/ros2stm/share/ament_index/resource_index/parent_prefix_path/ros2stm
[0.365s] -- Up-to-date: /home/ubuntu/rrst-ros2-ws/install/ros2stm/share/ros2stm/environment/ament_prefix_path.sh
[0.367s] -- Up-to-date: /home/ubuntu/rrst-ros2-ws/install/ros2stm/share/ros2stm/environment/ament_prefix_path.dsv
[0.368s] -- Up-to-date: /home/ubuntu/rrst-ros2-ws/install/ros2stm/share/ros2stm/environment/path.sh
[0.369s] -- Up-to-date: /home/ubuntu/rrst-ros2-ws/install/ros2stm/share/ros2stm/environment/path.dsv
[0.371s] -- Up-to-date: /home/ubuntu/rrst-ros2-ws/install/ros2stm/share/ros2stm/local_setup.bash
[0.371s] -- Up-to-date: /home/ubuntu/rrst-ros2-ws/install/ros2stm/share/ros2stm/local_setup.sh
[0.371s] -- Up-to-date: /home/ubuntu/rrst-ros2-ws/install/ros2stm/share/ros2stm/local_setup.zsh
[0.371s] -- Up-to-date: /home/ubuntu/rrst-ros2-ws/install/ros2stm/share/ros2stm/local_setup.dsv
[0.371s] -- Installing: /home/ubuntu/rrst-ros2-ws/install/ros2stm/share/ros2stm/package.dsv
[0.372s] -- Up-to-date: /home/ubuntu/rrst-ros2-ws/install/ros2stm/share/ament_index/resource_index/packages/ros2stm
[0.373s] -- Up-to-date: /home/ubuntu/rrst-ros2-ws/install/ros2stm/share/ros2stm/cmake/ros2stmConfig.cmake
[0.374s] -- Up-to-date: /home/ubuntu/rrst-ros2-ws/install/ros2stm/share/ros2stm/cmake/ros2stmConfig-version.cmake
[0.374s] -- Up-to-date: /home/ubuntu/rrst-ros2-ws/install/ros2stm/share/ros2stm/package.xml
[0.378s] Invoked command in '/home/ubuntu/rrst-ros2-ws/build/ros2stm' returned '0': CMAKE_PREFIX_PATH=${CMAKE_PREFIX_PATH}:/opt/ros/jazzy DEBUGINFOD_URLS=https://debuginfod.ubuntu.com /usr/bin/cmake --install /home/ubuntu/rrst-ros2-ws/build/ros2stm
