[0.229s] DEBUG:colcon:Command line arguments: ['/usr/bin/colcon', 'build']
[0.229s] DEBUG:colcon:Parsed command line arguments: Namespace(log_base=None, log_level=None, verb_name='build', build_base='build', install_base='install', merge_install=False, symlink_install=False, test_result_base=None, continue_on_error=False, executor='parallel', parallel_workers=12, event_handlers=None, ignore_user_meta=False, metas=['./colcon.meta'], base_paths=['.'], packages_ignore=None, packages_ignore_regex=None, paths=None, packages_up_to=None, packages_up_to_regex=None, packages_above=None, packages_above_and_dependencies=None, packages_above_depth=None, packages_select_by_dep=None, packages_skip_by_dep=None, packages_skip_up_to=None, packages_select_build_failed=False, packages_skip_build_finished=False, packages_select_test_failures=False, packages_skip_test_passed=False, packages_select=None, packages_skip=None, packages_select_regex=None, packages_skip_regex=None, packages_start=None, packages_end=None, allow_overriding=[], cmake_args=None, cmake_target=None, cmake_target_skip_unavailable=False, cmake_clean_cache=False, cmake_clean_first=False, cmake_force_configure=False, ament_cmake_args=None, catkin_cmake_args=None, catkin_skip_building_tests=False, mixin_files=None, mixin=None, verb_parser=<colcon_mixin.mixin.mixin_argument.MixinArgumentDecorator object at 0x79c0cf188110>, verb_extension=<colcon_core.verb.build.BuildVerb object at 0x79c0cf163da0>, main=<bound method BuildVerb.main of <colcon_core.verb.build.BuildVerb object at 0x79c0cf163da0>>, mixin_verb=('build',))
[0.292s] Level 1:colcon.colcon_core.package_discovery:discover_packages(colcon_meta) check parameters
[0.293s] Level 1:colcon.colcon_core.package_discovery:discover_packages(recursive) check parameters
[0.293s] Level 1:colcon.colcon_core.package_discovery:discover_packages(ignore) check parameters
[0.293s] Level 1:colcon.colcon_core.package_discovery:discover_packages(path) check parameters
[0.293s] Level 1:colcon.colcon_core.package_discovery:discover_packages(colcon_meta) discover
[0.293s] Level 1:colcon.colcon_core.package_discovery:discover_packages(recursive) discover
[0.293s] INFO:colcon.colcon_core.package_discovery:Crawling recursively for packages in '/home/ubuntu/rrst-ros2-ws'
[0.293s] Level 1:colcon.colcon_core.package_identification:_identify(.) by extensions ['ignore', 'ignore_ament_install']
[0.293s] Level 1:colcon.colcon_core.package_identification:_identify(.) by extension 'ignore'
[0.293s] Level 1:colcon.colcon_core.package_identification:_identify(.) by extension 'ignore_ament_install'
[0.293s] Level 1:colcon.colcon_core.package_identification:_identify(.) by extensions ['colcon_pkg']
[0.293s] Level 1:colcon.colcon_core.package_identification:_identify(.) by extension 'colcon_pkg'
[0.293s] Level 1:colcon.colcon_core.package_identification:_identify(.) by extensions ['colcon_meta']
[0.293s] Level 1:colcon.colcon_core.package_identification:_identify(.) by extension 'colcon_meta'
[0.293s] Level 1:colcon.colcon_core.package_identification:_identify(.) by extensions ['ros']
[0.293s] Level 1:colcon.colcon_core.package_identification:_identify(.) by extension 'ros'
[0.328s] Level 1:colcon.colcon_core.package_identification:_identify(.) by extensions ['cmake', 'python']
[0.328s] Level 1:colcon.colcon_core.package_identification:_identify(.) by extension 'cmake'
[0.328s] Level 1:colcon.colcon_core.package_identification:_identify(.) by extension 'python'
[0.328s] Level 1:colcon.colcon_core.package_identification:_identify(.) by extensions ['python_setup_py']
[0.328s] Level 1:colcon.colcon_core.package_identification:_identify(.) by extension 'python_setup_py'
[0.328s] Level 1:colcon.colcon_core.package_identification:_identify(KFS_judgement_machines) by extensions ['ignore', 'ignore_ament_install']
[0.328s] Level 1:colcon.colcon_core.package_identification:_identify(KFS_judgement_machines) by extension 'ignore'
[0.328s] Level 1:colcon.colcon_core.package_identification:_identify(KFS_judgement_machines) by extension 'ignore_ament_install'
[0.328s] Level 1:colcon.colcon_core.package_identification:_identify(KFS_judgement_machines) by extensions ['colcon_pkg']
[0.328s] Level 1:colcon.colcon_core.package_identification:_identify(KFS_judgement_machines) by extension 'colcon_pkg'
[0.328s] Level 1:colcon.colcon_core.package_identification:_identify(KFS_judgement_machines) by extensions ['colcon_meta']
[0.328s] Level 1:colcon.colcon_core.package_identification:_identify(KFS_judgement_machines) by extension 'colcon_meta'
[0.328s] Level 1:colcon.colcon_core.package_identification:_identify(KFS_judgement_machines) by extensions ['ros']
[0.328s] Level 1:colcon.colcon_core.package_identification:_identify(KFS_judgement_machines) by extension 'ros'
[0.328s] Level 1:colcon.colcon_core.package_identification:_identify(KFS_judgement_machines) by extensions ['cmake', 'python']
[0.329s] Level 1:colcon.colcon_core.package_identification:_identify(KFS_judgement_machines) by extension 'cmake'
[0.329s] Level 1:colcon.colcon_core.package_identification:_identify(KFS_judgement_machines) by extension 'python'
[0.329s] Level 1:colcon.colcon_core.package_identification:_identify(KFS_judgement_machines) by extensions ['python_setup_py']
[0.329s] Level 1:colcon.colcon_core.package_identification:_identify(KFS_judgement_machines) by extension 'python_setup_py'
[0.329s] Level 1:colcon.colcon_core.package_identification:_identify(KFS_judgement_machines/KFS_judgement_machine(AKAZA)) by extensions ['ignore', 'ignore_ament_install']
[0.329s] Level 1:colcon.colcon_core.package_identification:_identify(KFS_judgement_machines/KFS_judgement_machine(AKAZA)) by extension 'ignore'
[0.329s] Level 1:colcon.colcon_core.package_identification:_identify(KFS_judgement_machines/KFS_judgement_machine(AKAZA)) by extension 'ignore_ament_install'
[0.329s] Level 1:colcon.colcon_core.package_identification:_identify(KFS_judgement_machines/KFS_judgement_machine(AKAZA)) by extensions ['colcon_pkg']
[0.329s] Level 1:colcon.colcon_core.package_identification:_identify(KFS_judgement_machines/KFS_judgement_machine(AKAZA)) by extension 'colcon_pkg'
[0.329s] Level 1:colcon.colcon_core.package_identification:_identify(KFS_judgement_machines/KFS_judgement_machine(AKAZA)) by extensions ['colcon_meta']
[0.329s] Level 1:colcon.colcon_core.package_identification:_identify(KFS_judgement_machines/KFS_judgement_machine(AKAZA)) by extension 'colcon_meta'
[0.329s] Level 1:colcon.colcon_core.package_identification:_identify(KFS_judgement_machines/KFS_judgement_machine(AKAZA)) by extensions ['ros']
[0.329s] Level 1:colcon.colcon_core.package_identification:_identify(KFS_judgement_machines/KFS_judgement_machine(AKAZA)) by extension 'ros'
[0.329s] Level 1:colcon.colcon_core.package_identification:_identify(KFS_judgement_machines/KFS_judgement_machine(AKAZA)) by extensions ['cmake', 'python']
[0.329s] Level 1:colcon.colcon_core.package_identification:_identify(KFS_judgement_machines/KFS_judgement_machine(AKAZA)) by extension 'cmake'
[0.329s] Level 1:colcon.colcon_core.package_identification:_identify(KFS_judgement_machines/KFS_judgement_machine(AKAZA)) by extension 'python'
[0.329s] Level 1:colcon.colcon_core.package_identification:_identify(KFS_judgement_machines/KFS_judgement_machine(AKAZA)) by extensions ['python_setup_py']
[0.329s] Level 1:colcon.colcon_core.package_identification:_identify(KFS_judgement_machines/KFS_judgement_machine(AKAZA)) by extension 'python_setup_py'
[0.330s] Level 1:colcon.colcon_core.package_identification:_identify(KFS_judgement_machines/KFS_judgement_machine(AKAZA)/KFS Image V1.0) by extensions ['ignore', 'ignore_ament_install']
[0.330s] Level 1:colcon.colcon_core.package_identification:_identify(KFS_judgement_machines/KFS_judgement_machine(AKAZA)/KFS Image V1.0) by extension 'ignore'
[0.330s] Level 1:colcon.colcon_core.package_identification:_identify(KFS_judgement_machines/KFS_judgement_machine(AKAZA)/KFS Image V1.0) by extension 'ignore_ament_install'
[0.330s] Level 1:colcon.colcon_core.package_identification:_identify(KFS_judgement_machines/KFS_judgement_machine(AKAZA)/KFS Image V1.0) by extensions ['colcon_pkg']
[0.330s] Level 1:colcon.colcon_core.package_identification:_identify(KFS_judgement_machines/KFS_judgement_machine(AKAZA)/KFS Image V1.0) by extension 'colcon_pkg'
[0.330s] Level 1:colcon.colcon_core.package_identification:_identify(KFS_judgement_machines/KFS_judgement_machine(AKAZA)/KFS Image V1.0) by extensions ['colcon_meta']
[0.330s] Level 1:colcon.colcon_core.package_identification:_identify(KFS_judgement_machines/KFS_judgement_machine(AKAZA)/KFS Image V1.0) by extension 'colcon_meta'
[0.330s] Level 1:colcon.colcon_core.package_identification:_identify(KFS_judgement_machines/KFS_judgement_machine(AKAZA)/KFS Image V1.0) by extensions ['ros']
[0.330s] Level 1:colcon.colcon_core.package_identification:_identify(KFS_judgement_machines/KFS_judgement_machine(AKAZA)/KFS Image V1.0) by extension 'ros'
[0.330s] Level 1:colcon.colcon_core.package_identification:_identify(KFS_judgement_machines/KFS_judgement_machine(AKAZA)/KFS Image V1.0) by extensions ['cmake', 'python']
[0.330s] Level 1:colcon.colcon_core.package_identification:_identify(KFS_judgement_machines/KFS_judgement_machine(AKAZA)/KFS Image V1.0) by extension 'cmake'
[0.330s] Level 1:colcon.colcon_core.package_identification:_identify(KFS_judgement_machines/KFS_judgement_machine(AKAZA)/KFS Image V1.0) by extension 'python'
[0.330s] Level 1:colcon.colcon_core.package_identification:_identify(KFS_judgement_machines/KFS_judgement_machine(AKAZA)/KFS Image V1.0) by extensions ['python_setup_py']
[0.330s] Level 1:colcon.colcon_core.package_identification:_identify(KFS_judgement_machines/KFS_judgement_machine(AKAZA)/KFS Image V1.0) by extension 'python_setup_py'
[0.330s] Level 1:colcon.colcon_core.package_identification:_identify(aruco_tracker) by extensions ['ignore', 'ignore_ament_install']
[0.330s] Level 1:colcon.colcon_core.package_identification:_identify(aruco_tracker) by extension 'ignore'
[0.330s] Level 1:colcon.colcon_core.package_identification:_identify(aruco_tracker) by extension 'ignore_ament_install'
[0.331s] Level 1:colcon.colcon_core.package_identification:_identify(aruco_tracker) by extensions ['colcon_pkg']
[0.331s] Level 1:colcon.colcon_core.package_identification:_identify(aruco_tracker) by extension 'colcon_pkg'
[0.331s] Level 1:colcon.colcon_core.package_identification:_identify(aruco_tracker) by extensions ['colcon_meta']
[0.331s] Level 1:colcon.colcon_core.package_identification:_identify(aruco_tracker) by extension 'colcon_meta'
[0.331s] Level 1:colcon.colcon_core.package_identification:_identify(aruco_tracker) by extensions ['ros']
[0.331s] Level 1:colcon.colcon_core.package_identification:_identify(aruco_tracker) by extension 'ros'
[0.331s] Level 1:colcon.colcon_core.package_identification:_identify(aruco_tracker) by extensions ['cmake', 'python']
[0.331s] Level 1:colcon.colcon_core.package_identification:_identify(aruco_tracker) by extension 'cmake'
[0.331s] Level 1:colcon.colcon_core.package_identification:_identify(aruco_tracker) by extension 'python'
[0.331s] Level 1:colcon.colcon_core.package_identification:_identify(aruco_tracker) by extensions ['python_setup_py']
[0.331s] Level 1:colcon.colcon_core.package_identification:_identify(aruco_tracker) by extension 'python_setup_py'
[0.331s] Level 1:colcon.colcon_core.package_identification:_identify(build) by extensions ['ignore', 'ignore_ament_install']
[0.331s] Level 1:colcon.colcon_core.package_identification:_identify(build) by extension 'ignore'
[0.331s] Level 1:colcon.colcon_core.package_identification:_identify(build) ignored
[0.331s] Level 1:colcon.colcon_core.package_identification:_identify(example) by extensions ['ignore', 'ignore_ament_install']
[0.331s] Level 1:colcon.colcon_core.package_identification:_identify(example) by extension 'ignore'
[0.331s] Level 1:colcon.colcon_core.package_identification:_identify(example) by extension 'ignore_ament_install'
[0.331s] Level 1:colcon.colcon_core.package_identification:_identify(example) by extensions ['colcon_pkg']
[0.331s] Level 1:colcon.colcon_core.package_identification:_identify(example) by extension 'colcon_pkg'
[0.332s] Level 1:colcon.colcon_core.package_identification:_identify(example) by extensions ['colcon_meta']
[0.332s] Level 1:colcon.colcon_core.package_identification:_identify(example) by extension 'colcon_meta'
[0.332s] Level 1:colcon.colcon_core.package_identification:_identify(example) by extensions ['ros']
[0.332s] Level 1:colcon.colcon_core.package_identification:_identify(example) by extension 'ros'
[0.335s] DEBUG:colcon.colcon_core.package_identification:Package 'example' with type 'ros.ament_cmake' and name 'example'
[0.335s] Level 1:colcon.colcon_core.package_identification:_identify(install) by extensions ['ignore', 'ignore_ament_install']
[0.335s] Level 1:colcon.colcon_core.package_identification:_identify(install) by extension 'ignore'
[0.335s] Level 1:colcon.colcon_core.package_identification:_identify(install) ignored
[0.336s] Level 1:colcon.colcon_core.package_identification:_identify(log) by extensions ['ignore', 'ignore_ament_install']
[0.336s] Level 1:colcon.colcon_core.package_identification:_identify(log) by extension 'ignore'
[0.336s] Level 1:colcon.colcon_core.package_identification:_identify(log) ignored
[0.336s] Level 1:colcon.colcon_core.package_identification:_identify(microcontroller-ws) by extensions ['ignore', 'ignore_ament_install']
[0.336s] Level 1:colcon.colcon_core.package_identification:_identify(microcontroller-ws) by extension 'ignore'
[0.336s] Level 1:colcon.colcon_core.package_identification:_identify(microcontroller-ws) by extension 'ignore_ament_install'
[0.336s] Level 1:colcon.colcon_core.package_identification:_identify(microcontroller-ws) by extensions ['colcon_pkg']
[0.336s] Level 1:colcon.colcon_core.package_identification:_identify(microcontroller-ws) by extension 'colcon_pkg'
[0.336s] Level 1:colcon.colcon_core.package_identification:_identify(microcontroller-ws) by extensions ['colcon_meta']
[0.336s] Level 1:colcon.colcon_core.package_identification:_identify(microcontroller-ws) by extension 'colcon_meta'
[0.336s] Level 1:colcon.colcon_core.package_identification:_identify(microcontroller-ws) by extensions ['ros']
[0.336s] Level 1:colcon.colcon_core.package_identification:_identify(microcontroller-ws) by extension 'ros'
[0.336s] Level 1:colcon.colcon_core.package_identification:_identify(microcontroller-ws) by extensions ['cmake', 'python']
[0.336s] Level 1:colcon.colcon_core.package_identification:_identify(microcontroller-ws) by extension 'cmake'
[0.336s] Level 1:colcon.colcon_core.package_identification:_identify(microcontroller-ws) by extension 'python'
[0.336s] Level 1:colcon.colcon_core.package_identification:_identify(microcontroller-ws) by extensions ['python_setup_py']
[0.336s] Level 1:colcon.colcon_core.package_identification:_identify(microcontroller-ws) by extension 'python_setup_py'
[0.337s] Level 1:colcon.colcon_core.package_identification:_identify(nr26_behavior_tree) by extensions ['ignore', 'ignore_ament_install']
[0.337s] Level 1:colcon.colcon_core.package_identification:_identify(nr26_behavior_tree) by extension 'ignore'
[0.337s] Level 1:colcon.colcon_core.package_identification:_identify(nr26_behavior_tree) by extension 'ignore_ament_install'
[0.337s] Level 1:colcon.colcon_core.package_identification:_identify(nr26_behavior_tree) by extensions ['colcon_pkg']
[0.337s] Level 1:colcon.colcon_core.package_identification:_identify(nr26_behavior_tree) by extension 'colcon_pkg'
[0.337s] Level 1:colcon.colcon_core.package_identification:_identify(nr26_behavior_tree) by extensions ['colcon_meta']
[0.337s] Level 1:colcon.colcon_core.package_identification:_identify(nr26_behavior_tree) by extension 'colcon_meta'
[0.337s] Level 1:colcon.colcon_core.package_identification:_identify(nr26_behavior_tree) by extensions ['ros']
[0.337s] Level 1:colcon.colcon_core.package_identification:_identify(nr26_behavior_tree) by extension 'ros'
[0.338s] DEBUG:colcon.colcon_core.package_identification:Package 'nr26_behavior_tree' with type 'ros.ament_cmake' and name 'nr26_behavior_tree'
[0.338s] Level 1:colcon.colcon_core.package_identification:_identify(nr26_r1_hw_ctrl) by extensions ['ignore', 'ignore_ament_install']
[0.338s] Level 1:colcon.colcon_core.package_identification:_identify(nr26_r1_hw_ctrl) by extension 'ignore'
[0.338s] Level 1:colcon.colcon_core.package_identification:_identify(nr26_r1_hw_ctrl) by extension 'ignore_ament_install'
[0.338s] Level 1:colcon.colcon_core.package_identification:_identify(nr26_r1_hw_ctrl) by extensions ['colcon_pkg']
[0.338s] Level 1:colcon.colcon_core.package_identification:_identify(nr26_r1_hw_ctrl) by extension 'colcon_pkg'
[0.338s] Level 1:colcon.colcon_core.package_identification:_identify(nr26_r1_hw_ctrl) by extensions ['colcon_meta']
[0.338s] Level 1:colcon.colcon_core.package_identification:_identify(nr26_r1_hw_ctrl) by extension 'colcon_meta'
[0.338s] Level 1:colcon.colcon_core.package_identification:_identify(nr26_r1_hw_ctrl) by extensions ['ros']
[0.338s] Level 1:colcon.colcon_core.package_identification:_identify(nr26_r1_hw_ctrl) by extension 'ros'
[0.339s] DEBUG:colcon.colcon_core.package_identification:Package 'nr26_r1_hw_ctrl' with type 'ros.ament_cmake' and name 'nr26_r1_hw_ctrl'
[0.339s] Level 1:colcon.colcon_core.package_identification:_identify(nr26_r2_hw_ctrl) by extensions ['ignore', 'ignore_ament_install']
[0.339s] Level 1:colcon.colcon_core.package_identification:_identify(nr26_r2_hw_ctrl) by extension 'ignore'
[0.339s] Level 1:colcon.colcon_core.package_identification:_identify(nr26_r2_hw_ctrl) by extension 'ignore_ament_install'
[0.339s] Level 1:colcon.colcon_core.package_identification:_identify(nr26_r2_hw_ctrl) by extensions ['colcon_pkg']
[0.339s] Level 1:colcon.colcon_core.package_identification:_identify(nr26_r2_hw_ctrl) by extension 'colcon_pkg'
[0.339s] Level 1:colcon.colcon_core.package_identification:_identify(nr26_r2_hw_ctrl) by extensions ['colcon_meta']
[0.339s] Level 1:colcon.colcon_core.package_identification:_identify(nr26_r2_hw_ctrl) by extension 'colcon_meta'
[0.339s] Level 1:colcon.colcon_core.package_identification:_identify(nr26_r2_hw_ctrl) by extensions ['ros']
[0.339s] Level 1:colcon.colcon_core.package_identification:_identify(nr26_r2_hw_ctrl) by extension 'ros'
[0.340s] DEBUG:colcon.colcon_core.package_identification:Package 'nr26_r2_hw_ctrl' with type 'ros.ament_cmake' and name 'nr26_r2_hw_ctrl'
[0.340s] Level 1:colcon.colcon_core.package_identification:_identify(path_finding) by extensions ['ignore', 'ignore_ament_install']
[0.340s] Level 1:colcon.colcon_core.package_identification:_identify(path_finding) by extension 'ignore'
[0.340s] Level 1:colcon.colcon_core.package_identification:_identify(path_finding) by extension 'ignore_ament_install'
[0.340s] Level 1:colcon.colcon_core.package_identification:_identify(path_finding) by extensions ['colcon_pkg']
[0.340s] Level 1:colcon.colcon_core.package_identification:_identify(path_finding) by extension 'colcon_pkg'
[0.341s] Level 1:colcon.colcon_core.package_identification:_identify(path_finding) by extensions ['colcon_meta']
[0.341s] Level 1:colcon.colcon_core.package_identification:_identify(path_finding) by extension 'colcon_meta'
[0.341s] Level 1:colcon.colcon_core.package_identification:_identify(path_finding) by extensions ['ros']
[0.341s] Level 1:colcon.colcon_core.package_identification:_identify(path_finding) by extension 'ros'
[0.341s] Level 1:colcon.colcon_core.package_identification:_identify(path_finding) by extensions ['cmake', 'python']
[0.341s] Level 1:colcon.colcon_core.package_identification:_identify(path_finding) by extension 'cmake'
[0.341s] Level 1:colcon.colcon_core.package_identification:_identify(path_finding) by extension 'python'
[0.341s] Level 1:colcon.colcon_core.package_identification:_identify(path_finding) by extensions ['python_setup_py']
[0.341s] Level 1:colcon.colcon_core.package_identification:_identify(path_finding) by extension 'python_setup_py'
[0.341s] Level 1:colcon.colcon_core.package_identification:_identify(path_finding/cpp_path_finding) by extensions ['ignore', 'ignore_ament_install']
[0.341s] Level 1:colcon.colcon_core.package_identification:_identify(path_finding/cpp_path_finding) by extension 'ignore'
[0.341s] Level 1:colcon.colcon_core.package_identification:_identify(path_finding/cpp_path_finding) by extension 'ignore_ament_install'
[0.341s] Level 1:colcon.colcon_core.package_identification:_identify(path_finding/cpp_path_finding) by extensions ['colcon_pkg']
[0.341s] Level 1:colcon.colcon_core.package_identification:_identify(path_finding/cpp_path_finding) by extension 'colcon_pkg'
[0.341s] Level 1:colcon.colcon_core.package_identification:_identify(path_finding/cpp_path_finding) by extensions ['colcon_meta']
[0.341s] Level 1:colcon.colcon_core.package_identification:_identify(path_finding/cpp_path_finding) by extension 'colcon_meta'
[0.341s] Level 1:colcon.colcon_core.package_identification:_identify(path_finding/cpp_path_finding) by extensions ['ros']
[0.341s] Level 1:colcon.colcon_core.package_identification:_identify(path_finding/cpp_path_finding) by extension 'ros'
[0.341s] Level 1:colcon.colcon_core.package_identification:_identify(path_finding/cpp_path_finding) by extensions ['cmake', 'python']
[0.341s] Level 1:colcon.colcon_core.package_identification:_identify(path_finding/cpp_path_finding) by extension 'cmake'
[0.341s] Level 1:colcon.colcon_core.package_identification:_identify(path_finding/cpp_path_finding) by extension 'python'
[0.341s] Level 1:colcon.colcon_core.package_identification:_identify(path_finding/cpp_path_finding) by extensions ['python_setup_py']
[0.342s] Level 1:colcon.colcon_core.package_identification:_identify(path_finding/cpp_path_finding) by extension 'python_setup_py'
[0.342s] Level 1:colcon.colcon_core.package_identification:_identify(ros2esp) by extensions ['ignore', 'ignore_ament_install']
[0.342s] Level 1:colcon.colcon_core.package_identification:_identify(ros2esp) by extension 'ignore'
[0.342s] Level 1:colcon.colcon_core.package_identification:_identify(ros2esp) by extension 'ignore_ament_install'
[0.342s] Level 1:colcon.colcon_core.package_identification:_identify(ros2esp) by extensions ['colcon_pkg']
[0.342s] Level 1:colcon.colcon_core.package_identification:_identify(ros2esp) by extension 'colcon_pkg'
[0.342s] Level 1:colcon.colcon_core.package_identification:_identify(ros2esp) by extensions ['colcon_meta']
[0.342s] Level 1:colcon.colcon_core.package_identification:_identify(ros2esp) by extension 'colcon_meta'
[0.342s] Level 1:colcon.colcon_core.package_identification:_identify(ros2esp) by extensions ['ros']
[0.342s] Level 1:colcon.colcon_core.package_identification:_identify(ros2esp) by extension 'ros'
[0.343s] DEBUG:colcon.colcon_core.package_identification:Package 'ros2esp' with type 'ros.ament_cmake' and name 'ros2esp'
[0.343s] Level 1:colcon.colcon_core.package_identification:_identify(ros2stm) by extensions ['ignore', 'ignore_ament_install']
[0.343s] Level 1:colcon.colcon_core.package_identification:_identify(ros2stm) by extension 'ignore'
[0.344s] Level 1:colcon.colcon_core.package_identification:_identify(ros2stm) by extension 'ignore_ament_install'
[0.344s] Level 1:colcon.colcon_core.package_identification:_identify(ros2stm) by extensions ['colcon_pkg']
[0.344s] Level 1:colcon.colcon_core.package_identification:_identify(ros2stm) by extension 'colcon_pkg'
[0.344s] Level 1:colcon.colcon_core.package_identification:_identify(ros2stm) by extensions ['colcon_meta']
[0.344s] Level 1:colcon.colcon_core.package_identification:_identify(ros2stm) by extension 'colcon_meta'
[0.344s] Level 1:colcon.colcon_core.package_identification:_identify(ros2stm) by extensions ['ros']
[0.344s] Level 1:colcon.colcon_core.package_identification:_identify(ros2stm) by extension 'ros'
[0.344s] DEBUG:colcon.colcon_core.package_identification:Package 'ros2stm' with type 'ros.ament_cmake' and name 'ros2stm'
[0.345s] Level 1:colcon.colcon_core.package_identification:_identify(ros2udp) by extensions ['ignore', 'ignore_ament_install']
[0.345s] Level 1:colcon.colcon_core.package_identification:_identify(ros2udp) by extension 'ignore'
[0.345s] Level 1:colcon.colcon_core.package_identification:_identify(ros2udp) by extension 'ignore_ament_install'
[0.345s] Level 1:colcon.colcon_core.package_identification:_identify(ros2udp) by extensions ['colcon_pkg']
[0.345s] Level 1:colcon.colcon_core.package_identification:_identify(ros2udp) by extension 'colcon_pkg'
[0.345s] Level 1:colcon.colcon_core.package_identification:_identify(ros2udp) by extensions ['colcon_meta']
[0.345s] Level 1:colcon.colcon_core.package_identification:_identify(ros2udp) by extension 'colcon_meta'
[0.345s] Level 1:colcon.colcon_core.package_identification:_identify(ros2udp) by extensions ['ros']
[0.345s] Level 1:colcon.colcon_core.package_identification:_identify(ros2udp) by extension 'ros'
[0.346s] DEBUG:colcon.colcon_core.package_identification:Package 'ros2udp' with type 'ros.ament_cmake' and name 'ros2udp'
[0.346s] Level 1:colcon.colcon_core.package_identification:_identify(serial_bridge) by extensions ['ignore', 'ignore_ament_install']
[0.346s] Level 1:colcon.colcon_core.package_identification:_identify(serial_bridge) by extension 'ignore'
[0.346s] Level 1:colcon.colcon_core.package_identification:_identify(serial_bridge) by extension 'ignore_ament_install'
[0.346s] Level 1:colcon.colcon_core.package_identification:_identify(serial_bridge) by extensions ['colcon_pkg']
[0.346s] Level 1:colcon.colcon_core.package_identification:_identify(serial_bridge) by extension 'colcon_pkg'
[0.346s] Level 1:colcon.colcon_core.package_identification:_identify(serial_bridge) by extensions ['colcon_meta']
[0.347s] Level 1:colcon.colcon_core.package_identification:_identify(serial_bridge) by extension 'colcon_meta'
[0.347s] Level 1:colcon.colcon_core.package_identification:_identify(serial_bridge) by extensions ['ros']
[0.347s] Level 1:colcon.colcon_core.package_identification:_identify(serial_bridge) by extension 'ros'
[0.347s] DEBUG:colcon.colcon_core.package_identification:Package 'serial_bridge' with type 'ros.ament_cmake' and name 'serial_bridge'
[0.347s] Level 1:colcon.colcon_core.package_discovery:discover_packages(recursive) using defaults
[0.347s] Level 1:colcon.colcon_core.package_discovery:discover_packages(ignore) discover
[0.347s] Level 1:colcon.colcon_core.package_discovery:discover_packages(ignore) using defaults
[0.347s] Level 1:colcon.colcon_core.package_discovery:discover_packages(path) discover
[0.347s] Level 1:colcon.colcon_core.package_discovery:discover_packages(path) using defaults
[0.374s] Level 1:colcon.colcon_core.package_discovery:discover_packages(prefix_path) check parameters
[0.374s] Level 1:colcon.colcon_core.package_discovery:discover_packages(prefix_path) discover
[0.378s] DEBUG:colcon.colcon_installed_package_information.package_discovery:Found 10 installed packages in /home/ubuntu/ros2_ws/install
[0.379s] DEBUG:colcon.colcon_installed_package_information.package_discovery:Found 294 installed packages in /opt/ros/jazzy
[0.381s] Level 1:colcon.colcon_core.package_discovery:discover_packages(prefix_path) using defaults
[0.424s] Level 5:colcon.colcon_core.verb:set package 'example' build argument 'cmake_args' from command line to 'None'
[0.424s] Level 5:colcon.colcon_core.verb:set package 'example' build argument 'cmake_target' from command line to 'None'
[0.424s] Level 5:colcon.colcon_core.verb:set package 'example' build argument 'cmake_target_skip_unavailable' from command line to 'False'
[0.424s] Level 5:colcon.colcon_core.verb:set package 'example' build argument 'cmake_clean_cache' from command line to 'False'
[0.424s] Level 5:colcon.colcon_core.verb:set package 'example' build argument 'cmake_clean_first' from command line to 'False'
[0.424s] Level 5:colcon.colcon_core.verb:set package 'example' build argument 'cmake_force_configure' from command line to 'False'
[0.424s] Level 5:colcon.colcon_core.verb:set package 'example' build argument 'ament_cmake_args' from command line to 'None'
[0.424s] Level 5:colcon.colcon_core.verb:set package 'example' build argument 'catkin_cmake_args' from command line to 'None'
[0.424s] Level 5:colcon.colcon_core.verb:set package 'example' build argument 'catkin_skip_building_tests' from command line to 'False'
[0.424s] DEBUG:colcon.colcon_core.verb:Building package 'example' with the following arguments: {'ament_cmake_args': None, 'build_base': '/home/ubuntu/rrst-ros2-ws/build/example', 'catkin_cmake_args': None, 'catkin_skip_building_tests': False, 'cmake_args': None, 'cmake_clean_cache': False, 'cmake_clean_first': False, 'cmake_force_configure': False, 'cmake_target': None, 'cmake_target_skip_unavailable': False, 'install_base': '/home/ubuntu/rrst-ros2-ws/install/example', 'merge_install': False, 'path': '/home/ubuntu/rrst-ros2-ws/example', 'symlink_install': False, 'test_result_base': None}
[0.424s] Level 5:colcon.colcon_core.verb:set package 'nr26_behavior_tree' build argument 'cmake_args' from command line to 'None'
[0.425s] Level 5:colcon.colcon_core.verb:set package 'nr26_behavior_tree' build argument 'cmake_target' from command line to 'None'
[0.425s] Level 5:colcon.colcon_core.verb:set package 'nr26_behavior_tree' build argument 'cmake_target_skip_unavailable' from command line to 'False'
[0.425s] Level 5:colcon.colcon_core.verb:set package 'nr26_behavior_tree' build argument 'cmake_clean_cache' from command line to 'False'
[0.425s] Level 5:colcon.colcon_core.verb:set package 'nr26_behavior_tree' build argument 'cmake_clean_first' from command line to 'False'
[0.425s] Level 5:colcon.colcon_core.verb:set package 'nr26_behavior_tree' build argument 'cmake_force_configure' from command line to 'False'
[0.425s] Level 5:colcon.colcon_core.verb:set package 'nr26_behavior_tree' build argument 'ament_cmake_args' from command line to 'None'
[0.425s] Level 5:colcon.colcon_core.verb:set package 'nr26_behavior_tree' build argument 'catkin_cmake_args' from command line to 'None'
[0.425s] Level 5:colcon.colcon_core.verb:set package 'nr26_behavior_tree' build argument 'catkin_skip_building_tests' from command line to 'False'
[0.425s] DEBUG:colcon.colcon_core.verb:Building package 'nr26_behavior_tree' with the following arguments: {'ament_cmake_args': None, 'build_base': '/home/ubuntu/rrst-ros2-ws/build/nr26_behavior_tree', 'catkin_cmake_args': None, 'catkin_skip_building_tests': False, 'cmake_args': None, 'cmake_clean_cache': False, 'cmake_clean_first': False, 'cmake_force_configure': False, 'cmake_target': None, 'cmake_target_skip_unavailable': False, 'install_base': '/home/ubuntu/rrst-ros2-ws/install/nr26_behavior_tree', 'merge_install': False, 'path': '/home/ubuntu/rrst-ros2-ws/nr26_behavior_tree', 'symlink_install': False, 'test_result_base': None}
[0.425s] Level 5:colcon.colcon_core.verb:set package 'nr26_r1_hw_ctrl' build argument 'cmake_args' from command line to 'None'
[0.425s] Level 5:colcon.colcon_core.verb:set package 'nr26_r1_hw_ctrl' build argument 'cmake_target' from command line to 'None'
[0.425s] Level 5:colcon.colcon_core.verb:set package 'nr26_r1_hw_ctrl' build argument 'cmake_target_skip_unavailable' from command line to 'False'
[0.425s] Level 5:colcon.colcon_core.verb:set package 'nr26_r1_hw_ctrl' build argument 'cmake_clean_cache' from command line to 'False'
[0.425s] Level 5:colcon.colcon_core.verb:set package 'nr26_r1_hw_ctrl' build argument 'cmake_clean_first' from command line to 'False'
[0.425s] Level 5:colcon.colcon_core.verb:set package 'nr26_r1_hw_ctrl' build argument 'cmake_force_configure' from command line to 'False'
[0.425s] Level 5:colcon.colcon_core.verb:set package 'nr26_r1_hw_ctrl' build argument 'ament_cmake_args' from command line to 'None'
[0.425s] Level 5:colcon.colcon_core.verb:set package 'nr26_r1_hw_ctrl' build argument 'catkin_cmake_args' from command line to 'None'
[0.425s] Level 5:colcon.colcon_core.verb:set package 'nr26_r1_hw_ctrl' build argument 'catkin_skip_building_tests' from command line to 'False'
[0.425s] DEBUG:colcon.colcon_core.verb:Building package 'nr26_r1_hw_ctrl' with the following arguments: {'ament_cmake_args': None, 'build_base': '/home/ubuntu/rrst-ros2-ws/build/nr26_r1_hw_ctrl', 'catkin_cmake_args': None, 'catkin_skip_building_tests': False, 'cmake_args': None, 'cmake_clean_cache': False, 'cmake_clean_first': False, 'cmake_force_configure': False, 'cmake_target': None, 'cmake_target_skip_unavailable': False, 'install_base': '/home/ubuntu/rrst-ros2-ws/install/nr26_r1_hw_ctrl', 'merge_install': False, 'path': '/home/ubuntu/rrst-ros2-ws/nr26_r1_hw_ctrl', 'symlink_install': False, 'test_result_base': None}
[0.425s] Level 5:colcon.colcon_core.verb:set package 'nr26_r2_hw_ctrl' build argument 'cmake_args' from command line to 'None'
[0.425s] Level 5:colcon.colcon_core.verb:set package 'nr26_r2_hw_ctrl' build argument 'cmake_target' from command line to 'None'
[0.425s] Level 5:colcon.colcon_core.verb:set package 'nr26_r2_hw_ctrl' build argument 'cmake_target_skip_unavailable' from command line to 'False'
[0.425s] Level 5:colcon.colcon_core.verb:set package 'nr26_r2_hw_ctrl' build argument 'cmake_clean_cache' from command line to 'False'
[0.425s] Level 5:colcon.colcon_core.verb:set package 'nr26_r2_hw_ctrl' build argument 'cmake_clean_first' from command line to 'False'
[0.425s] Level 5:colcon.colcon_core.verb:set package 'nr26_r2_hw_ctrl' build argument 'cmake_force_configure' from command line to 'False'
[0.425s] Level 5:colcon.colcon_core.verb:set package 'nr26_r2_hw_ctrl' build argument 'ament_cmake_args' from command line to 'None'
[0.425s] Level 5:colcon.colcon_core.verb:set package 'nr26_r2_hw_ctrl' build argument 'catkin_cmake_args' from command line to 'None'
[0.425s] Level 5:colcon.colcon_core.verb:set package 'nr26_r2_hw_ctrl' build argument 'catkin_skip_building_tests' from command line to 'False'
[0.425s] DEBUG:colcon.colcon_core.verb:Building package 'nr26_r2_hw_ctrl' with the following arguments: {'ament_cmake_args': None, 'build_base': '/home/ubuntu/rrst-ros2-ws/build/nr26_r2_hw_ctrl', 'catkin_cmake_args': None, 'catkin_skip_building_tests': False, 'cmake_args': None, 'cmake_clean_cache': False, 'cmake_clean_first': False, 'cmake_force_configure': False, 'cmake_target': None, 'cmake_target_skip_unavailable': False, 'install_base': '/home/ubuntu/rrst-ros2-ws/install/nr26_r2_hw_ctrl', 'merge_install': False, 'path': '/home/ubuntu/rrst-ros2-ws/nr26_r2_hw_ctrl', 'symlink_install': False, 'test_result_base': None}
[0.426s] Level 5:colcon.colcon_core.verb:set package 'ros2esp' build argument 'cmake_args' from command line to 'None'
[0.426s] Level 5:colcon.colcon_core.verb:set package 'ros2esp' build argument 'cmake_target' from command line to 'None'
[0.426s] Level 5:colcon.colcon_core.verb:set package 'ros2esp' build argument 'cmake_target_skip_unavailable' from command line to 'False'
[0.426s] Level 5:colcon.colcon_core.verb:set package 'ros2esp' build argument 'cmake_clean_cache' from command line to 'False'
[0.426s] Level 5:colcon.colcon_core.verb:set package 'ros2esp' build argument 'cmake_clean_first' from command line to 'False'
[0.426s] Level 5:colcon.colcon_core.verb:set package 'ros2esp' build argument 'cmake_force_configure' from command line to 'False'
[0.426s] Level 5:colcon.colcon_core.verb:set package 'ros2esp' build argument 'ament_cmake_args' from command line to 'None'
[0.426s] Level 5:colcon.colcon_core.verb:set package 'ros2esp' build argument 'catkin_cmake_args' from command line to 'None'
[0.426s] Level 5:colcon.colcon_core.verb:set package 'ros2esp' build argument 'catkin_skip_building_tests' from command line to 'False'
[0.426s] DEBUG:colcon.colcon_core.verb:Building package 'ros2esp' with the following arguments: {'ament_cmake_args': None, 'build_base': '/home/ubuntu/rrst-ros2-ws/build/ros2esp', 'catkin_cmake_args': None, 'catkin_skip_building_tests': False, 'cmake_args': None, 'cmake_clean_cache': False, 'cmake_clean_first': False, 'cmake_force_configure': False, 'cmake_target': None, 'cmake_target_skip_unavailable': False, 'install_base': '/home/ubuntu/rrst-ros2-ws/install/ros2esp', 'merge_install': False, 'path': '/home/ubuntu/rrst-ros2-ws/ros2esp', 'symlink_install': False, 'test_result_base': None}
[0.426s] Level 5:colcon.colcon_core.verb:set package 'ros2stm' build argument 'cmake_args' from command line to 'None'
[0.426s] Level 5:colcon.colcon_core.verb:set package 'ros2stm' build argument 'cmake_target' from command line to 'None'
[0.426s] Level 5:colcon.colcon_core.verb:set package 'ros2stm' build argument 'cmake_target_skip_unavailable' from command line to 'False'
[0.426s] Level 5:colcon.colcon_core.verb:set package 'ros2stm' build argument 'cmake_clean_cache' from command line to 'False'
[0.426s] Level 5:colcon.colcon_core.verb:set package 'ros2stm' build argument 'cmake_clean_first' from command line to 'False'
[0.426s] Level 5:colcon.colcon_core.verb:set package 'ros2stm' build argument 'cmake_force_configure' from command line to 'False'
[0.426s] Level 5:colcon.colcon_core.verb:set package 'ros2stm' build argument 'ament_cmake_args' from command line to 'None'
[0.426s] Level 5:colcon.colcon_core.verb:set package 'ros2stm' build argument 'catkin_cmake_args' from command line to 'None'
[0.426s] Level 5:colcon.colcon_core.verb:set package 'ros2stm' build argument 'catkin_skip_building_tests' from command line to 'False'
[0.426s] DEBUG:colcon.colcon_core.verb:Building package 'ros2stm' with the following arguments: {'ament_cmake_args': None, 'build_base': '/home/ubuntu/rrst-ros2-ws/build/ros2stm', 'catkin_cmake_args': None, 'catkin_skip_building_tests': False, 'cmake_args': None, 'cmake_clean_cache': False, 'cmake_clean_first': False, 'cmake_force_configure': False, 'cmake_target': None, 'cmake_target_skip_unavailable': False, 'install_base': '/home/ubuntu/rrst-ros2-ws/install/ros2stm', 'merge_install': False, 'path': '/home/ubuntu/rrst-ros2-ws/ros2stm', 'symlink_install': False, 'test_result_base': None}
[0.426s] Level 5:colcon.colcon_core.verb:set package 'ros2udp' build argument 'cmake_args' from command line to 'None'
[0.426s] Level 5:colcon.colcon_core.verb:set package 'ros2udp' build argument 'cmake_target' from command line to 'None'
[0.426s] Level 5:colcon.colcon_core.verb:set package 'ros2udp' build argument 'cmake_target_skip_unavailable' from command line to 'False'
[0.426s] Level 5:colcon.colcon_core.verb:set package 'ros2udp' build argument 'cmake_clean_cache' from command line to 'False'
[0.426s] Level 5:colcon.colcon_core.verb:set package 'ros2udp' build argument 'cmake_clean_first' from command line to 'False'
[0.426s] Level 5:colcon.colcon_core.verb:set package 'ros2udp' build argument 'cmake_force_configure' from command line to 'False'
[0.426s] Level 5:colcon.colcon_core.verb:set package 'ros2udp' build argument 'ament_cmake_args' from command line to 'None'
[0.426s] Level 5:colcon.colcon_core.verb:set package 'ros2udp' build argument 'catkin_cmake_args' from command line to 'None'
[0.426s] Level 5:colcon.colcon_core.verb:set package 'ros2udp' build argument 'catkin_skip_building_tests' from command line to 'False'
[0.426s] DEBUG:colcon.colcon_core.verb:Building package 'ros2udp' with the following arguments: {'ament_cmake_args': None, 'build_base': '/home/ubuntu/rrst-ros2-ws/build/ros2udp', 'catkin_cmake_args': None, 'catkin_skip_building_tests': False, 'cmake_args': None, 'cmake_clean_cache': False, 'cmake_clean_first': False, 'cmake_force_configure': False, 'cmake_target': None, 'cmake_target_skip_unavailable': False, 'install_base': '/home/ubuntu/rrst-ros2-ws/install/ros2udp', 'merge_install': False, 'path': '/home/ubuntu/rrst-ros2-ws/ros2udp', 'symlink_install': False, 'test_result_base': None}
[0.427s] Level 5:colcon.colcon_core.verb:set package 'serial_bridge' build argument 'cmake_args' from command line to 'None'
[0.427s] Level 5:colcon.colcon_core.verb:set package 'serial_bridge' build argument 'cmake_target' from command line to 'None'
[0.427s] Level 5:colcon.colcon_core.verb:set package 'serial_bridge' build argument 'cmake_target_skip_unavailable' from command line to 'False'
[0.427s] Level 5:colcon.colcon_core.verb:set package 'serial_bridge' build argument 'cmake_clean_cache' from command line to 'False'
[0.427s] Level 5:colcon.colcon_core.verb:set package 'serial_bridge' build argument 'cmake_clean_first' from command line to 'False'
[0.427s] Level 5:colcon.colcon_core.verb:set package 'serial_bridge' build argument 'cmake_force_configure' from command line to 'False'
[0.427s] Level 5:colcon.colcon_core.verb:set package 'serial_bridge' build argument 'ament_cmake_args' from command line to 'None'
[0.427s] Level 5:colcon.colcon_core.verb:set package 'serial_bridge' build argument 'catkin_cmake_args' from command line to 'None'
[0.427s] Level 5:colcon.colcon_core.verb:set package 'serial_bridge' build argument 'catkin_skip_building_tests' from command line to 'False'
[0.427s] DEBUG:colcon.colcon_core.verb:Building package 'serial_bridge' with the following arguments: {'ament_cmake_args': None, 'build_base': '/home/ubuntu/rrst-ros2-ws/build/serial_bridge', 'catkin_cmake_args': None, 'catkin_skip_building_tests': False, 'cmake_args': None, 'cmake_clean_cache': False, 'cmake_clean_first': False, 'cmake_force_configure': False, 'cmake_target': None, 'cmake_target_skip_unavailable': False, 'install_base': '/home/ubuntu/rrst-ros2-ws/install/serial_bridge', 'merge_install': False, 'path': '/home/ubuntu/rrst-ros2-ws/serial_bridge', 'symlink_install': False, 'test_result_base': None}
[0.427s] INFO:colcon.colcon_core.executor:Executing jobs using 'parallel' executor
[0.428s] DEBUG:colcon.colcon_parallel_executor.executor.parallel:run_until_complete
[0.428s] INFO:colcon.colcon_ros.task.ament_cmake.build:Building ROS package in '/home/ubuntu/rrst-ros2-ws/example' with build type 'ament_cmake'
[0.428s] INFO:colcon.colcon_cmake.task.cmake.build:Building CMake package in '/home/ubuntu/rrst-ros2-ws/example'
[0.434s] INFO:colcon.colcon_core.plugin_system:Skipping extension 'colcon_core.shell.bat': Not used on non-Windows systems
[0.434s] INFO:colcon.colcon_core.shell:Skip shell extension 'powershell' for command environment: Not usable outside of PowerShell
[0.434s] DEBUG:colcon.colcon_core.shell:Skip shell extension 'dsv' for command environment
[0.439s] INFO:colcon.colcon_ros.task.ament_cmake.build:Building ROS package in '/home/ubuntu/rrst-ros2-ws/nr26_behavior_tree' with build type 'ament_cmake'
[0.439s] INFO:colcon.colcon_cmake.task.cmake.build:Building CMake package in '/home/ubuntu/rrst-ros2-ws/nr26_behavior_tree'
[0.439s] INFO:colcon.colcon_core.shell:Skip shell extension 'powershell' for command environment: Not usable outside of PowerShell
[0.439s] DEBUG:colcon.colcon_core.shell:Skip shell extension 'dsv' for command environment
[0.443s] INFO:colcon.colcon_ros.task.ament_cmake.build:Building ROS package in '/home/ubuntu/rrst-ros2-ws/nr26_r1_hw_ctrl' with build type 'ament_cmake'
[0.443s] INFO:colcon.colcon_cmake.task.cmake.build:Building CMake package in '/home/ubuntu/rrst-ros2-ws/nr26_r1_hw_ctrl'
[0.443s] INFO:colcon.colcon_core.shell:Skip shell extension 'powershell' for command environment: Not usable outside of PowerShell
[0.443s] DEBUG:colcon.colcon_core.shell:Skip shell extension 'dsv' for command environment
[0.447s] INFO:colcon.colcon_ros.task.ament_cmake.build:Building ROS package in '/home/ubuntu/rrst-ros2-ws/nr26_r2_hw_ctrl' with build type 'ament_cmake'
[0.447s] INFO:colcon.colcon_cmake.task.cmake.build:Building CMake package in '/home/ubuntu/rrst-ros2-ws/nr26_r2_hw_ctrl'
[0.448s] INFO:colcon.colcon_core.shell:Skip shell extension 'powershell' for command environment: Not usable outside of PowerShell
[0.448s] DEBUG:colcon.colcon_core.shell:Skip shell extension 'dsv' for command environment
[0.451s] INFO:colcon.colcon_ros.task.ament_cmake.build:Building ROS package in '/home/ubuntu/rrst-ros2-ws/ros2esp' with build type 'ament_cmake'
[0.451s] INFO:colcon.colcon_cmake.task.cmake.build:Building CMake package in '/home/ubuntu/rrst-ros2-ws/ros2esp'
[0.452s] INFO:colcon.colcon_core.shell:Skip shell extension 'powershell' for command environment: Not usable outside of PowerShell
[0.452s] DEBUG:colcon.colcon_core.shell:Skip shell extension 'dsv' for command environment
[0.455s] INFO:colcon.colcon_ros.task.ament_cmake.build:Building ROS package in '/home/ubuntu/rrst-ros2-ws/ros2stm' with build type 'ament_cmake'
[0.455s] INFO:colcon.colcon_cmake.task.cmake.build:Building CMake package in '/home/ubuntu/rrst-ros2-ws/ros2stm'
[0.456s] INFO:colcon.colcon_core.shell:Skip shell extension 'powershell' for command environment: Not usable outside of PowerShell
[0.456s] DEBUG:colcon.colcon_core.shell:Skip shell extension 'dsv' for command environment
[0.460s] INFO:colcon.colcon_ros.task.ament_cmake.build:Building ROS package in '/home/ubuntu/rrst-ros2-ws/ros2udp' with build type 'ament_cmake'
[0.460s] INFO:colcon.colcon_cmake.task.cmake.build:Building CMake package in '/home/ubuntu/rrst-ros2-ws/ros2udp'
[0.460s] INFO:colcon.colcon_core.shell:Skip shell extension 'powershell' for command environment: Not usable outside of PowerShell
[0.460s] DEBUG:colcon.colcon_core.shell:Skip shell extension 'dsv' for command environment
[0.464s] INFO:colcon.colcon_ros.task.ament_cmake.build:Building ROS package in '/home/ubuntu/rrst-ros2-ws/serial_bridge' with build type 'ament_cmake'
[0.464s] INFO:colcon.colcon_cmake.task.cmake.build:Building CMake package in '/home/ubuntu/rrst-ros2-ws/serial_bridge'
[0.464s] INFO:colcon.colcon_core.shell:Skip shell extension 'powershell' for command environment: Not usable outside of PowerShell
[0.464s] DEBUG:colcon.colcon_core.shell:Skip shell extension 'dsv' for command environment
[0.473s] DEBUG:colcon.colcon_core.event_handler.log_command:Invoking command in '/home/ubuntu/rrst-ros2-ws/build/example': CMAKE_PREFIX_PATH=${CMAKE_PREFIX_PATH}:/opt/ros/jazzy DEBUGINFOD_URLS=https://debuginfod.ubuntu.com /usr/bin/cmake --build /home/ubuntu/rrst-ros2-ws/build/example -- -j12 -l12
[0.477s] DEBUG:colcon.colcon_core.event_handler.log_command:Invoking command in '/home/ubuntu/rrst-ros2-ws/build/nr26_behavior_tree': CMAKE_PREFIX_PATH=${CMAKE_PREFIX_PATH}:/opt/ros/jazzy DEBUGINFOD_URLS=https://debuginfod.ubuntu.com /usr/bin/cmake --build /home/ubuntu/rrst-ros2-ws/build/nr26_behavior_tree -- -j12 -l12
[0.479s] DEBUG:colcon.colcon_core.event_handler.log_command:Invoking command in '/home/ubuntu/rrst-ros2-ws/build/nr26_r1_hw_ctrl': CMAKE_PREFIX_PATH=${CMAKE_PREFIX_PATH}:/opt/ros/jazzy DEBUGINFOD_URLS=https://debuginfod.ubuntu.com /usr/bin/cmake --build /home/ubuntu/rrst-ros2-ws/build/nr26_r1_hw_ctrl -- -j12 -l12
[0.481s] DEBUG:colcon.colcon_core.event_handler.log_command:Invoking command in '/home/ubuntu/rrst-ros2-ws/build/nr26_r2_hw_ctrl': CMAKE_PREFIX_PATH=${CMAKE_PREFIX_PATH}:/opt/ros/jazzy DEBUGINFOD_URLS=https://debuginfod.ubuntu.com /usr/bin/cmake --build /home/ubuntu/rrst-ros2-ws/build/nr26_r2_hw_ctrl -- -j12 -l12
[0.484s] DEBUG:colcon.colcon_core.event_handler.log_command:Invoking command in '/home/ubuntu/rrst-ros2-ws/build/ros2esp': CMAKE_PREFIX_PATH=${CMAKE_PREFIX_PATH}:/opt/ros/jazzy DEBUGINFOD_URLS=https://debuginfod.ubuntu.com /usr/bin/cmake --build /home/ubuntu/rrst-ros2-ws/build/ros2esp -- -j12 -l12
[0.492s] DEBUG:colcon.colcon_core.event_handler.log_command:Invoking command in '/home/ubuntu/rrst-ros2-ws/build/ros2stm': CMAKE_PREFIX_PATH=${CMAKE_PREFIX_PATH}:/opt/ros/jazzy DEBUGINFOD_URLS=https://debuginfod.ubuntu.com /usr/bin/cmake --build /home/ubuntu/rrst-ros2-ws/build/ros2stm -- -j12 -l12
[0.501s] DEBUG:colcon.colcon_core.event_handler.log_command:Invoking command in '/home/ubuntu/rrst-ros2-ws/build/ros2udp': CMAKE_PREFIX_PATH=${CMAKE_PREFIX_PATH}:/opt/ros/jazzy DEBUGINFOD_URLS=https://debuginfod.ubuntu.com /usr/bin/cmake --build /home/ubuntu/rrst-ros2-ws/build/ros2udp -- -j12 -l12
[0.512s] DEBUG:colcon.colcon_core.event_handler.log_command:Invoking command in '/home/ubuntu/rrst-ros2-ws/build/serial_bridge': CMAKE_PREFIX_PATH=${CMAKE_PREFIX_PATH}:/opt/ros/jazzy DEBUGINFOD_URLS=https://debuginfod.ubuntu.com /usr/bin/cmake --build /home/ubuntu/rrst-ros2-ws/build/serial_bridge -- -j12 -l12
[0.657s] DEBUG:colcon.colcon_core.event_handler.log_command:Invoked command in '/home/ubuntu/rrst-ros2-ws/build/nr26_behavior_tree' returned '0': CMAKE_PREFIX_PATH=${CMAKE_PREFIX_PATH}:/opt/ros/jazzy DEBUGINFOD_URLS=https://debuginfod.ubuntu.com /usr/bin/cmake --build /home/ubuntu/rrst-ros2-ws/build/nr26_behavior_tree -- -j12 -l12
[0.698s] DEBUG:colcon.colcon_core.event_handler.log_command:Invoking command in '/home/ubuntu/rrst-ros2-ws/build/nr26_behavior_tree': CMAKE_PREFIX_PATH=${CMAKE_PREFIX_PATH}:/opt/ros/jazzy DEBUGINFOD_URLS=https://debuginfod.ubuntu.com /usr/bin/cmake --install /home/ubuntu/rrst-ros2-ws/build/nr26_behavior_tree
[0.777s] Level 1:colcon.colcon_core.environment:create_environment_scripts_only(nr26_behavior_tree)
[0.784s] DEBUG:colcon.colcon_core.event_handler.log_command:Invoked command in '/home/ubuntu/rrst-ros2-ws/build/nr26_behavior_tree' returned '0': CMAKE_PREFIX_PATH=${CMAKE_PREFIX_PATH}:/opt/ros/jazzy DEBUGINFOD_URLS=https://debuginfod.ubuntu.com /usr/bin/cmake --install /home/ubuntu/rrst-ros2-ws/build/nr26_behavior_tree
[0.815s] Level 1:colcon.colcon_core.environment:checking '/home/ubuntu/rrst-ros2-ws/install/nr26_behavior_tree' for CMake module files
[0.817s] Level 1:colcon.colcon_core.environment:checking '/home/ubuntu/rrst-ros2-ws/install/nr26_behavior_tree' for CMake config files
[0.821s] Level 1:colcon.colcon_core.shell:create_environment_hook('nr26_behavior_tree', 'cmake_prefix_path')
[0.822s] INFO:colcon.colcon_core.shell:Creating environment hook '/home/ubuntu/rrst-ros2-ws/install/nr26_behavior_tree/share/nr26_behavior_tree/hook/cmake_prefix_path.ps1'
[0.824s] INFO:colcon.colcon_core.shell:Creating environment descriptor '/home/ubuntu/rrst-ros2-ws/install/nr26_behavior_tree/share/nr26_behavior_tree/hook/cmake_prefix_path.dsv'
[0.825s] INFO:colcon.colcon_core.shell:Creating environment hook '/home/ubuntu/rrst-ros2-ws/install/nr26_behavior_tree/share/nr26_behavior_tree/hook/cmake_prefix_path.sh'
[0.827s] Level 1:colcon.colcon_core.environment:checking '/home/ubuntu/rrst-ros2-ws/install/nr26_behavior_tree/bin'
[0.827s] Level 1:colcon.colcon_core.environment:checking '/home/ubuntu/rrst-ros2-ws/install/nr26_behavior_tree/lib/pkgconfig/nr26_behavior_tree.pc'
[0.828s] Level 1:colcon.colcon_core.environment:checking '/home/ubuntu/rrst-ros2-ws/install/nr26_behavior_tree/lib/python3.12/site-packages'
[0.828s] Level 1:colcon.colcon_core.environment:checking '/home/ubuntu/rrst-ros2-ws/install/nr26_behavior_tree/bin'
[0.829s] INFO:colcon.colcon_core.shell:Creating package script '/home/ubuntu/rrst-ros2-ws/install/nr26_behavior_tree/share/nr26_behavior_tree/package.ps1'
[0.830s] INFO:colcon.colcon_core.shell:Creating package descriptor '/home/ubuntu/rrst-ros2-ws/install/nr26_behavior_tree/share/nr26_behavior_tree/package.dsv'
[0.832s] INFO:colcon.colcon_core.shell:Creating package script '/home/ubuntu/rrst-ros2-ws/install/nr26_behavior_tree/share/nr26_behavior_tree/package.sh'
[0.833s] INFO:colcon.colcon_core.shell:Creating package script '/home/ubuntu/rrst-ros2-ws/install/nr26_behavior_tree/share/nr26_behavior_tree/package.bash'
[0.836s] INFO:colcon.colcon_core.shell:Creating package script '/home/ubuntu/rrst-ros2-ws/install/nr26_behavior_tree/share/nr26_behavior_tree/package.zsh'
[0.838s] Level 1:colcon.colcon_core.environment:create_file_with_runtime_dependencies(/home/ubuntu/rrst-ros2-ws/install/nr26_behavior_tree/share/colcon-core/packages/nr26_behavior_tree)
[0.840s] Level 1:colcon.colcon_core.environment:create_environment_scripts_only(nr26_behavior_tree)
[0.840s] Level 1:colcon.colcon_core.environment:checking '/home/ubuntu/rrst-ros2-ws/install/nr26_behavior_tree' for CMake module files
[0.841s] Level 1:colcon.colcon_core.environment:checking '/home/ubuntu/rrst-ros2-ws/install/nr26_behavior_tree' for CMake config files
[0.843s] Level 1:colcon.colcon_core.shell:create_environment_hook('nr26_behavior_tree', 'cmake_prefix_path')
[0.843s] INFO:colcon.colcon_core.shell:Creating environment hook '/home/ubuntu/rrst-ros2-ws/install/nr26_behavior_tree/share/nr26_behavior_tree/hook/cmake_prefix_path.ps1'
[0.844s] INFO:colcon.colcon_core.shell:Creating environment descriptor '/home/ubuntu/rrst-ros2-ws/install/nr26_behavior_tree/share/nr26_behavior_tree/hook/cmake_prefix_path.dsv'
[0.845s] INFO:colcon.colcon_core.shell:Creating environment hook '/home/ubuntu/rrst-ros2-ws/install/nr26_behavior_tree/share/nr26_behavior_tree/hook/cmake_prefix_path.sh'
[0.847s] Level 1:colcon.colcon_core.environment:checking '/home/ubuntu/rrst-ros2-ws/install/nr26_behavior_tree/bin'
[0.847s] Level 1:colcon.colcon_core.environment:checking '/home/ubuntu/rrst-ros2-ws/install/nr26_behavior_tree/lib/pkgconfig/nr26_behavior_tree.pc'
[0.848s] Level 1:colcon.colcon_core.environment:checking '/home/ubuntu/rrst-ros2-ws/install/nr26_behavior_tree/lib/python3.12/site-packages'
[0.848s] Level 1:colcon.colcon_core.environment:checking '/home/ubuntu/rrst-ros2-ws/install/nr26_behavior_tree/bin'
[0.849s] INFO:colcon.colcon_core.shell:Creating package script '/home/ubuntu/rrst-ros2-ws/install/nr26_behavior_tree/share/nr26_behavior_tree/package.ps1'
[0.850s] INFO:colcon.colcon_core.shell:Creating package descriptor '/home/ubuntu/rrst-ros2-ws/install/nr26_behavior_tree/share/nr26_behavior_tree/package.dsv'
[0.851s] INFO:colcon.colcon_core.shell:Creating package script '/home/ubuntu/rrst-ros2-ws/install/nr26_behavior_tree/share/nr26_behavior_tree/package.sh'
[0.852s] INFO:colcon.colcon_core.shell:Creating package script '/home/ubuntu/rrst-ros2-ws/install/nr26_behavior_tree/share/nr26_behavior_tree/package.bash'
[0.854s] INFO:colcon.colcon_core.shell:Creating package script '/home/ubuntu/rrst-ros2-ws/install/nr26_behavior_tree/share/nr26_behavior_tree/package.zsh'
[0.855s] Level 1:colcon.colcon_core.environment:create_file_with_runtime_dependencies(/home/ubuntu/rrst-ros2-ws/install/nr26_behavior_tree/share/colcon-core/packages/nr26_behavior_tree)
[0.859s] DEBUG:colcon.colcon_core.event_handler.log_command:Invoked command in '/home/ubuntu/rrst-ros2-ws/build/ros2stm' returned '0': CMAKE_PREFIX_PATH=${CMAKE_PREFIX_PATH}:/opt/ros/jazzy DEBUGINFOD_URLS=https://debuginfod.ubuntu.com /usr/bin/cmake --build /home/ubuntu/rrst-ros2-ws/build/ros2stm -- -j12 -l12
[0.861s] DEBUG:colcon.colcon_core.event_handler.log_command:Invoking command in '/home/ubuntu/rrst-ros2-ws/build/ros2stm': CMAKE_PREFIX_PATH=${CMAKE_PREFIX_PATH}:/opt/ros/jazzy DEBUGINFOD_URLS=https://debuginfod.ubuntu.com /usr/bin/cmake --install /home/ubuntu/rrst-ros2-ws/build/ros2stm
[0.862s] DEBUG:colcon.colcon_core.event_handler.log_command:Invoked command in '/home/ubuntu/rrst-ros2-ws/build/serial_bridge' returned '0': CMAKE_PREFIX_PATH=${CMAKE_PREFIX_PATH}:/opt/ros/jazzy DEBUGINFOD_URLS=https://debuginfod.ubuntu.com /usr/bin/cmake --build /home/ubuntu/rrst-ros2-ws/build/serial_bridge -- -j12 -l12
[0.864s] DEBUG:colcon.colcon_core.event_handler.log_command:Invoking command in '/home/ubuntu/rrst-ros2-ws/build/serial_bridge': CMAKE_PREFIX_PATH=${CMAKE_PREFIX_PATH}:/opt/ros/jazzy DEBUGINFOD_URLS=https://debuginfod.ubuntu.com /usr/bin/cmake --install /home/ubuntu/rrst-ros2-ws/build/serial_bridge
[0.866s] DEBUG:colcon.colcon_core.event_handler.log_command:Invoked command in '/home/ubuntu/rrst-ros2-ws/build/example' returned '0': CMAKE_PREFIX_PATH=${CMAKE_PREFIX_PATH}:/opt/ros/jazzy DEBUGINFOD_URLS=https://debuginfod.ubuntu.com /usr/bin/cmake --build /home/ubuntu/rrst-ros2-ws/build/example -- -j12 -l12
[0.868s] DEBUG:colcon.colcon_core.event_handler.log_command:Invoking command in '/home/ubuntu/rrst-ros2-ws/build/example': CMAKE_PREFIX_PATH=${CMAKE_PREFIX_PATH}:/opt/ros/jazzy DEBUGINFOD_URLS=https://debuginfod.ubuntu.com /usr/bin/cmake --install /home/ubuntu/rrst-ros2-ws/build/example
[0.869s] DEBUG:colcon.colcon_core.event_handler.log_command:Invoked command in '/home/ubuntu/rrst-ros2-ws/build/nr26_r1_hw_ctrl' returned '0': CMAKE_PREFIX_PATH=${CMAKE_PREFIX_PATH}:/opt/ros/jazzy DEBUGINFOD_URLS=https://debuginfod.ubuntu.com /usr/bin/cmake --build /home/ubuntu/rrst-ros2-ws/build/nr26_r1_hw_ctrl -- -j12 -l12
[0.872s] DEBUG:colcon.colcon_core.event_handler.log_command:Invoking command in '/home/ubuntu/rrst-ros2-ws/build/nr26_r1_hw_ctrl': CMAKE_PREFIX_PATH=${CMAKE_PREFIX_PATH}:/opt/ros/jazzy DEBUGINFOD_URLS=https://debuginfod.ubuntu.com /usr/bin/cmake --install /home/ubuntu/rrst-ros2-ws/build/nr26_r1_hw_ctrl
[0.872s] DEBUG:colcon.colcon_core.event_handler.log_command:Invoked command in '/home/ubuntu/rrst-ros2-ws/build/nr26_r2_hw_ctrl' returned '0': CMAKE_PREFIX_PATH=${CMAKE_PREFIX_PATH}:/opt/ros/jazzy DEBUGINFOD_URLS=https://debuginfod.ubuntu.com /usr/bin/cmake --build /home/ubuntu/rrst-ros2-ws/build/nr26_r2_hw_ctrl -- -j12 -l12
[0.876s] DEBUG:colcon.colcon_core.event_handler.log_command:Invoking command in '/home/ubuntu/rrst-ros2-ws/build/nr26_r2_hw_ctrl': CMAKE_PREFIX_PATH=${CMAKE_PREFIX_PATH}:/opt/ros/jazzy DEBUGINFOD_URLS=https://debuginfod.ubuntu.com /usr/bin/cmake --install /home/ubuntu/rrst-ros2-ws/build/nr26_r2_hw_ctrl
[0.881s] DEBUG:colcon.colcon_core.event_handler.log_command:Invoked command in '/home/ubuntu/rrst-ros2-ws/build/ros2esp' returned '0': CMAKE_PREFIX_PATH=${CMAKE_PREFIX_PATH}:/opt/ros/jazzy DEBUGINFOD_URLS=https://debuginfod.ubuntu.com /usr/bin/cmake --build /home/ubuntu/rrst-ros2-ws/build/ros2esp -- -j12 -l12
[0.890s] DEBUG:colcon.colcon_core.event_handler.log_command:Invoking command in '/home/ubuntu/rrst-ros2-ws/build/ros2esp': CMAKE_PREFIX_PATH=${CMAKE_PREFIX_PATH}:/opt/ros/jazzy DEBUGINFOD_URLS=https://debuginfod.ubuntu.com /usr/bin/cmake --install /home/ubuntu/rrst-ros2-ws/build/ros2esp
[0.897s] Level 1:colcon.colcon_core.environment:create_environment_scripts_only(ros2stm)
[0.898s] Level 1:colcon.colcon_core.environment:checking '/home/ubuntu/rrst-ros2-ws/install/ros2stm' for CMake module files
[0.901s] DEBUG:colcon.colcon_core.event_handler.log_command:Invoked command in '/home/ubuntu/rrst-ros2-ws/build/ros2stm' returned '0': CMAKE_PREFIX_PATH=${CMAKE_PREFIX_PATH}:/opt/ros/jazzy DEBUGINFOD_URLS=https://debuginfod.ubuntu.com /usr/bin/cmake --install /home/ubuntu/rrst-ros2-ws/build/ros2stm
[0.904s] Level 1:colcon.colcon_core.environment:checking '/home/ubuntu/rrst-ros2-ws/install/ros2stm' for CMake config files
[0.905s] Level 1:colcon.colcon_core.shell:create_environment_hook('ros2stm', 'cmake_prefix_path')
[0.905s] INFO:colcon.colcon_core.shell:Creating environment hook '/home/ubuntu/rrst-ros2-ws/install/ros2stm/share/ros2stm/hook/cmake_prefix_path.ps1'
[0.906s] INFO:colcon.colcon_core.shell:Creating environment descriptor '/home/ubuntu/rrst-ros2-ws/install/ros2stm/share/ros2stm/hook/cmake_prefix_path.dsv'
[0.906s] INFO:colcon.colcon_core.shell:Creating environment hook '/home/ubuntu/rrst-ros2-ws/install/ros2stm/share/ros2stm/hook/cmake_prefix_path.sh'
[0.908s] Level 1:colcon.colcon_core.environment:checking '/home/ubuntu/rrst-ros2-ws/install/ros2stm/lib'
[0.908s] Level 1:colcon.colcon_core.environment:checking '/home/ubuntu/rrst-ros2-ws/install/ros2stm/bin'
[0.908s] Level 1:colcon.colcon_core.environment:checking '/home/ubuntu/rrst-ros2-ws/install/ros2stm/lib/pkgconfig/ros2stm.pc'
[0.908s] Level 1:colcon.colcon_core.environment:checking '/home/ubuntu/rrst-ros2-ws/install/ros2stm/lib/python3.12/site-packages'
[0.908s] Level 1:colcon.colcon_core.environment:checking '/home/ubuntu/rrst-ros2-ws/install/ros2stm/bin'
[0.909s] INFO:colcon.colcon_core.shell:Creating package script '/home/ubuntu/rrst-ros2-ws/install/ros2stm/share/ros2stm/package.ps1'
[0.910s] INFO:colcon.colcon_core.shell:Creating package descriptor '/home/ubuntu/rrst-ros2-ws/install/ros2stm/share/ros2stm/package.dsv'
[0.910s] INFO:colcon.colcon_core.shell:Creating package script '/home/ubuntu/rrst-ros2-ws/install/ros2stm/share/ros2stm/package.sh'
[0.911s] INFO:colcon.colcon_core.shell:Creating package script '/home/ubuntu/rrst-ros2-ws/install/ros2stm/share/ros2stm/package.bash'
[0.912s] INFO:colcon.colcon_core.shell:Creating package script '/home/ubuntu/rrst-ros2-ws/install/ros2stm/share/ros2stm/package.zsh'
[0.912s] Level 1:colcon.colcon_core.environment:create_file_with_runtime_dependencies(/home/ubuntu/rrst-ros2-ws/install/ros2stm/share/colcon-core/packages/ros2stm)
[0.914s] Level 1:colcon.colcon_core.environment:create_environment_scripts_only(ros2stm)
[0.914s] Level 1:colcon.colcon_core.environment:checking '/home/ubuntu/rrst-ros2-ws/install/ros2stm' for CMake module files
[0.915s] Level 1:colcon.colcon_core.environment:checking '/home/ubuntu/rrst-ros2-ws/install/ros2stm' for CMake config files
[0.915s] Level 1:colcon.colcon_core.shell:create_environment_hook('ros2stm', 'cmake_prefix_path')
[0.915s] INFO:colcon.colcon_core.shell:Creating environment hook '/home/ubuntu/rrst-ros2-ws/install/ros2stm/share/ros2stm/hook/cmake_prefix_path.ps1'
[0.915s] INFO:colcon.colcon_core.shell:Creating environment descriptor '/home/ubuntu/rrst-ros2-ws/install/ros2stm/share/ros2stm/hook/cmake_prefix_path.dsv'
[0.916s] INFO:colcon.colcon_core.shell:Creating environment hook '/home/ubuntu/rrst-ros2-ws/install/ros2stm/share/ros2stm/hook/cmake_prefix_path.sh'
[0.916s] Level 1:colcon.colcon_core.environment:checking '/home/ubuntu/rrst-ros2-ws/install/ros2stm/lib'
[0.916s] Level 1:colcon.colcon_core.environment:checking '/home/ubuntu/rrst-ros2-ws/install/ros2stm/bin'
[0.916s] Level 1:colcon.colcon_core.environment:checking '/home/ubuntu/rrst-ros2-ws/install/ros2stm/lib/pkgconfig/ros2stm.pc'
[0.917s] Level 1:colcon.colcon_core.environment:checking '/home/ubuntu/rrst-ros2-ws/install/ros2stm/lib/python3.12/site-packages'
[0.917s] Level 1:colcon.colcon_core.environment:checking '/home/ubuntu/rrst-ros2-ws/install/ros2stm/bin'
[0.917s] INFO:colcon.colcon_core.shell:Creating package script '/home/ubuntu/rrst-ros2-ws/install/ros2stm/share/ros2stm/package.ps1'
[0.918s] INFO:colcon.colcon_core.shell:Creating package descriptor '/home/ubuntu/rrst-ros2-ws/install/ros2stm/share/ros2stm/package.dsv'
[0.918s] INFO:colcon.colcon_core.shell:Creating package script '/home/ubuntu/rrst-ros2-ws/install/ros2stm/share/ros2stm/package.sh'
[0.918s] INFO:colcon.colcon_core.shell:Creating package script '/home/ubuntu/rrst-ros2-ws/install/ros2stm/share/ros2stm/package.bash'
[0.919s] INFO:colcon.colcon_core.shell:Creating package script '/home/ubuntu/rrst-ros2-ws/install/ros2stm/share/ros2stm/package.zsh'
[0.919s] Level 1:colcon.colcon_core.environment:create_file_with_runtime_dependencies(/home/ubuntu/rrst-ros2-ws/install/ros2stm/share/colcon-core/packages/ros2stm)
[0.919s] Level 1:colcon.colcon_core.environment:create_environment_scripts_only(serial_bridge)
[0.919s] Level 1:colcon.colcon_core.environment:checking '/home/ubuntu/rrst-ros2-ws/install/serial_bridge' for CMake module files
[0.921s] DEBUG:colcon.colcon_core.event_handler.log_command:Invoked command in '/home/ubuntu/rrst-ros2-ws/build/serial_bridge' returned '0': CMAKE_PREFIX_PATH=${CMAKE_PREFIX_PATH}:/opt/ros/jazzy DEBUGINFOD_URLS=https://debuginfod.ubuntu.com /usr/bin/cmake --install /home/ubuntu/rrst-ros2-ws/build/serial_bridge
[0.921s] Level 1:colcon.colcon_core.environment:checking '/home/ubuntu/rrst-ros2-ws/install/serial_bridge' for CMake config files
[0.921s] Level 1:colcon.colcon_core.shell:create_environment_hook('serial_bridge', 'cmake_prefix_path')
[0.921s] INFO:colcon.colcon_core.shell:Creating environment hook '/home/ubuntu/rrst-ros2-ws/install/serial_bridge/share/serial_bridge/hook/cmake_prefix_path.ps1'
[0.922s] INFO:colcon.colcon_core.shell:Creating environment descriptor '/home/ubuntu/rrst-ros2-ws/install/serial_bridge/share/serial_bridge/hook/cmake_prefix_path.dsv'
[0.922s] INFO:colcon.colcon_core.shell:Creating environment hook '/home/ubuntu/rrst-ros2-ws/install/serial_bridge/share/serial_bridge/hook/cmake_prefix_path.sh'
[0.923s] Level 1:colcon.colcon_core.environment:checking '/home/ubuntu/rrst-ros2-ws/install/serial_bridge/lib'
[0.923s] Level 1:colcon.colcon_core.environment:checking '/home/ubuntu/rrst-ros2-ws/install/serial_bridge/bin'
[0.923s] Level 1:colcon.colcon_core.environment:checking '/home/ubuntu/rrst-ros2-ws/install/serial_bridge/lib/pkgconfig/serial_bridge.pc'
[0.923s] Level 1:colcon.colcon_core.environment:checking '/home/ubuntu/rrst-ros2-ws/install/serial_bridge/lib/python3.12/site-packages'
[0.923s] Level 1:colcon.colcon_core.environment:checking '/home/ubuntu/rrst-ros2-ws/install/serial_bridge/bin'
[0.924s] INFO:colcon.colcon_core.shell:Creating package script '/home/ubuntu/rrst-ros2-ws/install/serial_bridge/share/serial_bridge/package.ps1'
[0.924s] INFO:colcon.colcon_core.shell:Creating package descriptor '/home/ubuntu/rrst-ros2-ws/install/serial_bridge/share/serial_bridge/package.dsv'
[0.925s] INFO:colcon.colcon_core.shell:Creating package script '/home/ubuntu/rrst-ros2-ws/install/serial_bridge/share/serial_bridge/package.sh'
[0.925s] INFO:colcon.colcon_core.shell:Creating package script '/home/ubuntu/rrst-ros2-ws/install/serial_bridge/share/serial_bridge/package.bash'
[0.925s] INFO:colcon.colcon_core.shell:Creating package script '/home/ubuntu/rrst-ros2-ws/install/serial_bridge/share/serial_bridge/package.zsh'
[0.926s] Level 1:colcon.colcon_core.environment:create_file_with_runtime_dependencies(/home/ubuntu/rrst-ros2-ws/install/serial_bridge/share/colcon-core/packages/serial_bridge)
[0.927s] Level 1:colcon.colcon_core.environment:create_environment_scripts_only(serial_bridge)
[0.927s] Level 1:colcon.colcon_core.environment:checking '/home/ubuntu/rrst-ros2-ws/install/serial_bridge' for CMake module files
[0.927s] Level 1:colcon.colcon_core.environment:checking '/home/ubuntu/rrst-ros2-ws/install/serial_bridge' for CMake config files
[0.927s] Level 1:colcon.colcon_core.shell:create_environment_hook('serial_bridge', 'cmake_prefix_path')
[0.928s] INFO:colcon.colcon_core.shell:Creating environment hook '/home/ubuntu/rrst-ros2-ws/install/serial_bridge/share/serial_bridge/hook/cmake_prefix_path.ps1'
[0.928s] INFO:colcon.colcon_core.shell:Creating environment descriptor '/home/ubuntu/rrst-ros2-ws/install/serial_bridge/share/serial_bridge/hook/cmake_prefix_path.dsv'
[0.928s] INFO:colcon.colcon_core.shell:Creating environment hook '/home/ubuntu/rrst-ros2-ws/install/serial_bridge/share/serial_bridge/hook/cmake_prefix_path.sh'
[0.929s] Level 1:colcon.colcon_core.environment:checking '/home/ubuntu/rrst-ros2-ws/install/serial_bridge/lib'
[0.929s] Level 1:colcon.colcon_core.environment:checking '/home/ubuntu/rrst-ros2-ws/install/serial_bridge/bin'
[0.929s] Level 1:colcon.colcon_core.environment:checking '/home/ubuntu/rrst-ros2-ws/install/serial_bridge/lib/pkgconfig/serial_bridge.pc'
[0.929s] Level 1:colcon.colcon_core.environment:checking '/home/ubuntu/rrst-ros2-ws/install/serial_bridge/lib/python3.12/site-packages'
[0.930s] Level 1:colcon.colcon_core.environment:checking '/home/ubuntu/rrst-ros2-ws/install/serial_bridge/bin'
[0.930s] INFO:colcon.colcon_core.shell:Creating package script '/home/ubuntu/rrst-ros2-ws/install/serial_bridge/share/serial_bridge/package.ps1'
[0.931s] INFO:colcon.colcon_core.shell:Creating package descriptor '/home/ubuntu/rrst-ros2-ws/install/serial_bridge/share/serial_bridge/package.dsv'
[0.931s] INFO:colcon.colcon_core.shell:Creating package script '/home/ubuntu/rrst-ros2-ws/install/serial_bridge/share/serial_bridge/package.sh'
[0.932s] INFO:colcon.colcon_core.shell:Creating package script '/home/ubuntu/rrst-ros2-ws/install/serial_bridge/share/serial_bridge/package.bash'
[0.932s] INFO:colcon.colcon_core.shell:Creating package script '/home/ubuntu/rrst-ros2-ws/install/serial_bridge/share/serial_bridge/package.zsh'
[0.933s] Level 1:colcon.colcon_core.environment:create_file_with_runtime_dependencies(/home/ubuntu/rrst-ros2-ws/install/serial_bridge/share/colcon-core/packages/serial_bridge)
[0.935s] Level 1:colcon.colcon_core.environment:create_environment_scripts_only(nr26_r1_hw_ctrl)
[0.935s] DEBUG:colcon.colcon_core.event_handler.log_command:Invoked command in '/home/ubuntu/rrst-ros2-ws/build/nr26_r1_hw_ctrl' returned '0': CMAKE_PREFIX_PATH=${CMAKE_PREFIX_PATH}:/opt/ros/jazzy DEBUGINFOD_URLS=https://debuginfod.ubuntu.com /usr/bin/cmake --install /home/ubuntu/rrst-ros2-ws/build/nr26_r1_hw_ctrl
[0.936s] Level 1:colcon.colcon_core.environment:checking '/home/ubuntu/rrst-ros2-ws/install/nr26_r1_hw_ctrl' for CMake module files
[0.937s] Level 1:colcon.colcon_core.environment:checking '/home/ubuntu/rrst-ros2-ws/install/nr26_r1_hw_ctrl' for CMake config files
[0.938s] Level 1:colcon.colcon_core.shell:create_environment_hook('nr26_r1_hw_ctrl', 'cmake_prefix_path')
[0.938s] INFO:colcon.colcon_core.shell:Creating environment hook '/home/ubuntu/rrst-ros2-ws/install/nr26_r1_hw_ctrl/share/nr26_r1_hw_ctrl/hook/cmake_prefix_path.ps1'
[0.939s] INFO:colcon.colcon_core.shell:Creating environment descriptor '/home/ubuntu/rrst-ros2-ws/install/nr26_r1_hw_ctrl/share/nr26_r1_hw_ctrl/hook/cmake_prefix_path.dsv'
[0.939s] INFO:colcon.colcon_core.shell:Creating environment hook '/home/ubuntu/rrst-ros2-ws/install/nr26_r1_hw_ctrl/share/nr26_r1_hw_ctrl/hook/cmake_prefix_path.sh'
[0.940s] Level 1:colcon.colcon_core.environment:checking '/home/ubuntu/rrst-ros2-ws/install/nr26_r1_hw_ctrl/lib'
[0.940s] Level 1:colcon.colcon_core.environment:checking '/home/ubuntu/rrst-ros2-ws/install/nr26_r1_hw_ctrl/bin'
[0.940s] Level 1:colcon.colcon_core.environment:checking '/home/ubuntu/rrst-ros2-ws/install/nr26_r1_hw_ctrl/lib/pkgconfig/nr26_r1_hw_ctrl.pc'
[0.941s] Level 1:colcon.colcon_core.environment:checking '/home/ubuntu/rrst-ros2-ws/install/nr26_r1_hw_ctrl/lib/python3.12/site-packages'
[0.941s] Level 1:colcon.colcon_core.environment:checking '/home/ubuntu/rrst-ros2-ws/install/nr26_r1_hw_ctrl/bin'
[0.941s] INFO:colcon.colcon_core.shell:Creating package script '/home/ubuntu/rrst-ros2-ws/install/nr26_r1_hw_ctrl/share/nr26_r1_hw_ctrl/package.ps1'
[0.942s] INFO:colcon.colcon_core.shell:Creating package descriptor '/home/ubuntu/rrst-ros2-ws/install/nr26_r1_hw_ctrl/share/nr26_r1_hw_ctrl/package.dsv'
[0.942s] INFO:colcon.colcon_core.shell:Creating package script '/home/ubuntu/rrst-ros2-ws/install/nr26_r1_hw_ctrl/share/nr26_r1_hw_ctrl/package.sh'
[0.943s] INFO:colcon.colcon_core.shell:Creating package script '/home/ubuntu/rrst-ros2-ws/install/nr26_r1_hw_ctrl/share/nr26_r1_hw_ctrl/package.bash'
[0.943s] INFO:colcon.colcon_core.shell:Creating package script '/home/ubuntu/rrst-ros2-ws/install/nr26_r1_hw_ctrl/share/nr26_r1_hw_ctrl/package.zsh'
[0.944s] Level 1:colcon.colcon_core.environment:create_file_with_runtime_dependencies(/home/ubuntu/rrst-ros2-ws/install/nr26_r1_hw_ctrl/share/colcon-core/packages/nr26_r1_hw_ctrl)
[0.944s] Level 1:colcon.colcon_core.environment:create_environment_scripts_only(nr26_r1_hw_ctrl)
[0.944s] Level 1:colcon.colcon_core.environment:checking '/home/ubuntu/rrst-ros2-ws/install/nr26_r1_hw_ctrl' for CMake module files
[0.945s] Level 1:colcon.colcon_core.environment:checking '/home/ubuntu/rrst-ros2-ws/install/nr26_r1_hw_ctrl' for CMake config files
[0.946s] Level 1:colcon.colcon_core.shell:create_environment_hook('nr26_r1_hw_ctrl', 'cmake_prefix_path')
[0.946s] INFO:colcon.colcon_core.shell:Creating environment hook '/home/ubuntu/rrst-ros2-ws/install/nr26_r1_hw_ctrl/share/nr26_r1_hw_ctrl/hook/cmake_prefix_path.ps1'
[0.946s] INFO:colcon.colcon_core.shell:Creating environment descriptor '/home/ubuntu/rrst-ros2-ws/install/nr26_r1_hw_ctrl/share/nr26_r1_hw_ctrl/hook/cmake_prefix_path.dsv'
[0.947s] INFO:colcon.colcon_core.shell:Creating environment hook '/home/ubuntu/rrst-ros2-ws/install/nr26_r1_hw_ctrl/share/nr26_r1_hw_ctrl/hook/cmake_prefix_path.sh'
[0.947s] Level 1:colcon.colcon_core.environment:checking '/home/ubuntu/rrst-ros2-ws/install/nr26_r1_hw_ctrl/lib'
[0.948s] Level 1:colcon.colcon_core.environment:checking '/home/ubuntu/rrst-ros2-ws/install/nr26_r1_hw_ctrl/bin'
[0.948s] Level 1:colcon.colcon_core.environment:checking '/home/ubuntu/rrst-ros2-ws/install/nr26_r1_hw_ctrl/lib/pkgconfig/nr26_r1_hw_ctrl.pc'
[0.948s] Level 1:colcon.colcon_core.environment:checking '/home/ubuntu/rrst-ros2-ws/install/nr26_r1_hw_ctrl/lib/python3.12/site-packages'
[0.948s] Level 1:colcon.colcon_core.environment:checking '/home/ubuntu/rrst-ros2-ws/install/nr26_r1_hw_ctrl/bin'
[0.949s] INFO:colcon.colcon_core.shell:Creating package script '/home/ubuntu/rrst-ros2-ws/install/nr26_r1_hw_ctrl/share/nr26_r1_hw_ctrl/package.ps1'
[0.949s] INFO:colcon.colcon_core.shell:Creating package descriptor '/home/ubuntu/rrst-ros2-ws/install/nr26_r1_hw_ctrl/share/nr26_r1_hw_ctrl/package.dsv'
[0.950s] INFO:colcon.colcon_core.shell:Creating package script '/home/ubuntu/rrst-ros2-ws/install/nr26_r1_hw_ctrl/share/nr26_r1_hw_ctrl/package.sh'
[0.950s] INFO:colcon.colcon_core.shell:Creating package script '/home/ubuntu/rrst-ros2-ws/install/nr26_r1_hw_ctrl/share/nr26_r1_hw_ctrl/package.bash'
[0.951s] INFO:colcon.colcon_core.shell:Creating package script '/home/ubuntu/rrst-ros2-ws/install/nr26_r1_hw_ctrl/share/nr26_r1_hw_ctrl/package.zsh'
[0.951s] Level 1:colcon.colcon_core.environment:create_file_with_runtime_dependencies(/home/ubuntu/rrst-ros2-ws/install/nr26_r1_hw_ctrl/share/colcon-core/packages/nr26_r1_hw_ctrl)
[0.953s] DEBUG:colcon.colcon_core.event_handler.log_command:Invoked command in '/home/ubuntu/rrst-ros2-ws/build/ros2udp' returned '0': CMAKE_PREFIX_PATH=${CMAKE_PREFIX_PATH}:/opt/ros/jazzy DEBUGINFOD_URLS=https://debuginfod.ubuntu.com /usr/bin/cmake --build /home/ubuntu/rrst-ros2-ws/build/ros2udp -- -j12 -l12
[0.954s] DEBUG:colcon.colcon_core.event_handler.log_command:Invoking command in '/home/ubuntu/rrst-ros2-ws/build/ros2udp': CMAKE_PREFIX_PATH=${CMAKE_PREFIX_PATH}:/opt/ros/jazzy DEBUGINFOD_URLS=https://debuginfod.ubuntu.com /usr/bin/cmake --install /home/ubuntu/rrst-ros2-ws/build/ros2udp
[0.955s] Level 1:colcon.colcon_core.environment:create_environment_scripts_only(example)
[0.955s] DEBUG:colcon.colcon_core.event_handler.log_command:Invoked command in '/home/ubuntu/rrst-ros2-ws/build/example' returned '0': CMAKE_PREFIX_PATH=${CMAKE_PREFIX_PATH}:/opt/ros/jazzy DEBUGINFOD_URLS=https://debuginfod.ubuntu.com /usr/bin/cmake --install /home/ubuntu/rrst-ros2-ws/build/example
[0.955s] Level 1:colcon.colcon_core.environment:checking '/home/ubuntu/rrst-ros2-ws/install/example' for CMake module files
[0.956s] Level 1:colcon.colcon_core.environment:checking '/home/ubuntu/rrst-ros2-ws/install/example' for CMake config files
[0.957s] Level 1:colcon.colcon_core.shell:create_environment_hook('example', 'cmake_prefix_path')
[0.957s] INFO:colcon.colcon_core.shell:Creating environment hook '/home/ubuntu/rrst-ros2-ws/install/example/share/example/hook/cmake_prefix_path.ps1'
[0.958s] INFO:colcon.colcon_core.shell:Creating environment descriptor '/home/ubuntu/rrst-ros2-ws/install/example/share/example/hook/cmake_prefix_path.dsv'
[0.958s] INFO:colcon.colcon_core.shell:Creating environment hook '/home/ubuntu/rrst-ros2-ws/install/example/share/example/hook/cmake_prefix_path.sh'
[0.959s] Level 1:colcon.colcon_core.environment:checking '/home/ubuntu/rrst-ros2-ws/install/example/lib'
[0.960s] Level 1:colcon.colcon_core.environment:checking '/home/ubuntu/rrst-ros2-ws/install/example/bin'
[0.960s] Level 1:colcon.colcon_core.environment:checking '/home/ubuntu/rrst-ros2-ws/install/example/lib/pkgconfig/example.pc'
[0.960s] Level 1:colcon.colcon_core.environment:checking '/home/ubuntu/rrst-ros2-ws/install/example/lib/python3.12/site-packages'
[0.960s] Level 1:colcon.colcon_core.environment:checking '/home/ubuntu/rrst-ros2-ws/install/example/bin'
[0.961s] INFO:colcon.colcon_core.shell:Creating package script '/home/ubuntu/rrst-ros2-ws/install/example/share/example/package.ps1'
[0.961s] INFO:colcon.colcon_core.shell:Creating package descriptor '/home/ubuntu/rrst-ros2-ws/install/example/share/example/package.dsv'
[0.962s] INFO:colcon.colcon_core.shell:Creating package script '/home/ubuntu/rrst-ros2-ws/install/example/share/example/package.sh'
[0.962s] INFO:colcon.colcon_core.shell:Creating package script '/home/ubuntu/rrst-ros2-ws/install/example/share/example/package.bash'
[0.962s] INFO:colcon.colcon_core.shell:Creating package script '/home/ubuntu/rrst-ros2-ws/install/example/share/example/package.zsh'
[0.963s] Level 1:colcon.colcon_core.environment:create_file_with_runtime_dependencies(/home/ubuntu/rrst-ros2-ws/install/example/share/colcon-core/packages/example)
[0.963s] Level 1:colcon.colcon_core.environment:create_environment_scripts_only(example)
[0.964s] Level 1:colcon.colcon_core.environment:checking '/home/ubuntu/rrst-ros2-ws/install/example' for CMake module files
[0.964s] Level 1:colcon.colcon_core.environment:checking '/home/ubuntu/rrst-ros2-ws/install/example' for CMake config files
[0.964s] Level 1:colcon.colcon_core.shell:create_environment_hook('example', 'cmake_prefix_path')
[0.965s] INFO:colcon.colcon_core.shell:Creating environment hook '/home/ubuntu/rrst-ros2-ws/install/example/share/example/hook/cmake_prefix_path.ps1'
[0.965s] INFO:colcon.colcon_core.shell:Creating environment descriptor '/home/ubuntu/rrst-ros2-ws/install/example/share/example/hook/cmake_prefix_path.dsv'
[0.965s] INFO:colcon.colcon_core.shell:Creating environment hook '/home/ubuntu/rrst-ros2-ws/install/example/share/example/hook/cmake_prefix_path.sh'
[0.966s] Level 1:colcon.colcon_core.environment:checking '/home/ubuntu/rrst-ros2-ws/install/example/lib'
[0.966s] Level 1:colcon.colcon_core.environment:checking '/home/ubuntu/rrst-ros2-ws/install/example/bin'
[0.966s] Level 1:colcon.colcon_core.environment:checking '/home/ubuntu/rrst-ros2-ws/install/example/lib/pkgconfig/example.pc'
[0.966s] Level 1:colcon.colcon_core.environment:checking '/home/ubuntu/rrst-ros2-ws/install/example/lib/python3.12/site-packages'
[0.967s] Level 1:colcon.colcon_core.environment:checking '/home/ubuntu/rrst-ros2-ws/install/example/bin'
[0.967s] INFO:colcon.colcon_core.shell:Creating package script '/home/ubuntu/rrst-ros2-ws/install/example/share/example/package.ps1'
[0.967s] INFO:colcon.colcon_core.shell:Creating package descriptor '/home/ubuntu/rrst-ros2-ws/install/example/share/example/package.dsv'
[0.968s] INFO:colcon.colcon_core.shell:Creating package script '/home/ubuntu/rrst-ros2-ws/install/example/share/example/package.sh'
[0.968s] INFO:colcon.colcon_core.shell:Creating package script '/home/ubuntu/rrst-ros2-ws/install/example/share/example/package.bash'
[0.969s] INFO:colcon.colcon_core.shell:Creating package script '/home/ubuntu/rrst-ros2-ws/install/example/share/example/package.zsh'
[0.969s] Level 1:colcon.colcon_core.environment:create_file_with_runtime_dependencies(/home/ubuntu/rrst-ros2-ws/install/example/share/colcon-core/packages/example)
[0.969s] Level 1:colcon.colcon_core.environment:create_environment_scripts_only(ros2esp)
[0.969s] Level 1:colcon.colcon_core.environment:checking '/home/ubuntu/rrst-ros2-ws/install/ros2esp' for CMake module files
[0.971s] DEBUG:colcon.colcon_core.event_handler.log_command:Invoked command in '/home/ubuntu/rrst-ros2-ws/build/ros2esp' returned '0': CMAKE_PREFIX_PATH=${CMAKE_PREFIX_PATH}:/opt/ros/jazzy DEBUGINFOD_URLS=https://debuginfod.ubuntu.com /usr/bin/cmake --install /home/ubuntu/rrst-ros2-ws/build/ros2esp
[0.971s] Level 1:colcon.colcon_core.environment:checking '/home/ubuntu/rrst-ros2-ws/install/ros2esp' for CMake config files
[0.972s] Level 1:colcon.colcon_core.shell:create_environment_hook('ros2esp', 'cmake_prefix_path')
[0.972s] INFO:colcon.colcon_core.shell:Creating environment hook '/home/ubuntu/rrst-ros2-ws/install/ros2esp/share/ros2esp/hook/cmake_prefix_path.ps1'
[0.972s] INFO:colcon.colcon_core.shell:Creating environment descriptor '/home/ubuntu/rrst-ros2-ws/install/ros2esp/share/ros2esp/hook/cmake_prefix_path.dsv'
[0.973s] INFO:colcon.colcon_core.shell:Creating environment hook '/home/ubuntu/rrst-ros2-ws/install/ros2esp/share/ros2esp/hook/cmake_prefix_path.sh'
[0.973s] Level 1:colcon.colcon_core.environment:checking '/home/ubuntu/rrst-ros2-ws/install/ros2esp/lib'
[0.973s] Level 1:colcon.colcon_core.environment:checking '/home/ubuntu/rrst-ros2-ws/install/ros2esp/bin'
[0.973s] Level 1:colcon.colcon_core.environment:checking '/home/ubuntu/rrst-ros2-ws/install/ros2esp/lib/pkgconfig/ros2esp.pc'
[0.974s] Level 1:colcon.colcon_core.environment:checking '/home/ubuntu/rrst-ros2-ws/install/ros2esp/lib/python3.12/site-packages'
[0.974s] Level 1:colcon.colcon_core.environment:checking '/home/ubuntu/rrst-ros2-ws/install/ros2esp/bin'
[0.974s] INFO:colcon.colcon_core.shell:Creating package script '/home/ubuntu/rrst-ros2-ws/install/ros2esp/share/ros2esp/package.ps1'
[0.974s] INFO:colcon.colcon_core.shell:Creating package descriptor '/home/ubuntu/rrst-ros2-ws/install/ros2esp/share/ros2esp/package.dsv'
[0.975s] INFO:colcon.colcon_core.shell:Creating package script '/home/ubuntu/rrst-ros2-ws/install/ros2esp/share/ros2esp/package.sh'
[0.975s] INFO:colcon.colcon_core.shell:Creating package script '/home/ubuntu/rrst-ros2-ws/install/ros2esp/share/ros2esp/package.bash'
[0.976s] INFO:colcon.colcon_core.shell:Creating package script '/home/ubuntu/rrst-ros2-ws/install/ros2esp/share/ros2esp/package.zsh'
[0.976s] Level 1:colcon.colcon_core.environment:create_file_with_runtime_dependencies(/home/ubuntu/rrst-ros2-ws/install/ros2esp/share/colcon-core/packages/ros2esp)
[0.977s] Level 1:colcon.colcon_core.environment:create_environment_scripts_only(ros2esp)
[0.977s] Level 1:colcon.colcon_core.environment:checking '/home/ubuntu/rrst-ros2-ws/install/ros2esp' for CMake module files
[0.978s] Level 1:colcon.colcon_core.environment:checking '/home/ubuntu/rrst-ros2-ws/install/ros2esp' for CMake config files
[0.978s] Level 1:colcon.colcon_core.shell:create_environment_hook('ros2esp', 'cmake_prefix_path')
[0.978s] INFO:colcon.colcon_core.shell:Creating environment hook '/home/ubuntu/rrst-ros2-ws/install/ros2esp/share/ros2esp/hook/cmake_prefix_path.ps1'
[0.979s] INFO:colcon.colcon_core.shell:Creating environment descriptor '/home/ubuntu/rrst-ros2-ws/install/ros2esp/share/ros2esp/hook/cmake_prefix_path.dsv'
[0.979s] INFO:colcon.colcon_core.shell:Creating environment hook '/home/ubuntu/rrst-ros2-ws/install/ros2esp/share/ros2esp/hook/cmake_prefix_path.sh'
[0.980s] Level 1:colcon.colcon_core.environment:checking '/home/ubuntu/rrst-ros2-ws/install/ros2esp/lib'
[0.980s] Level 1:colcon.colcon_core.environment:checking '/home/ubuntu/rrst-ros2-ws/install/ros2esp/bin'
[0.980s] Level 1:colcon.colcon_core.environment:checking '/home/ubuntu/rrst-ros2-ws/install/ros2esp/lib/pkgconfig/ros2esp.pc'
[0.980s] Level 1:colcon.colcon_core.environment:checking '/home/ubuntu/rrst-ros2-ws/install/ros2esp/lib/python3.12/site-packages'
[0.980s] Level 1:colcon.colcon_core.environment:checking '/home/ubuntu/rrst-ros2-ws/install/ros2esp/bin'
[0.980s] INFO:colcon.colcon_core.shell:Creating package script '/home/ubuntu/rrst-ros2-ws/install/ros2esp/share/ros2esp/package.ps1'
[0.981s] INFO:colcon.colcon_core.shell:Creating package descriptor '/home/ubuntu/rrst-ros2-ws/install/ros2esp/share/ros2esp/package.dsv'
[0.981s] INFO:colcon.colcon_core.shell:Creating package script '/home/ubuntu/rrst-ros2-ws/install/ros2esp/share/ros2esp/package.sh'
[0.982s] INFO:colcon.colcon_core.shell:Creating package script '/home/ubuntu/rrst-ros2-ws/install/ros2esp/share/ros2esp/package.bash'
[0.982s] INFO:colcon.colcon_core.shell:Creating package script '/home/ubuntu/rrst-ros2-ws/install/ros2esp/share/ros2esp/package.zsh'
[0.982s] Level 1:colcon.colcon_core.environment:create_file_with_runtime_dependencies(/home/ubuntu/rrst-ros2-ws/install/ros2esp/share/colcon-core/packages/ros2esp)
[0.983s] Level 1:colcon.colcon_core.environment:create_environment_scripts_only(nr26_r2_hw_ctrl)
[0.983s] Level 1:colcon.colcon_core.environment:checking '/home/ubuntu/rrst-ros2-ws/install/nr26_r2_hw_ctrl' for CMake module files
[0.984s] DEBUG:colcon.colcon_core.event_handler.log_command:Invoked command in '/home/ubuntu/rrst-ros2-ws/build/nr26_r2_hw_ctrl' returned '0': CMAKE_PREFIX_PATH=${CMAKE_PREFIX_PATH}:/opt/ros/jazzy DEBUGINFOD_URLS=https://debuginfod.ubuntu.com /usr/bin/cmake --install /home/ubuntu/rrst-ros2-ws/build/nr26_r2_hw_ctrl
[0.984s] Level 1:colcon.colcon_core.environment:checking '/home/ubuntu/rrst-ros2-ws/install/nr26_r2_hw_ctrl' for CMake config files
[0.985s] Level 1:colcon.colcon_core.shell:create_environment_hook('nr26_r2_hw_ctrl', 'cmake_prefix_path')
[0.985s] INFO:colcon.colcon_core.shell:Creating environment hook '/home/ubuntu/rrst-ros2-ws/install/nr26_r2_hw_ctrl/share/nr26_r2_hw_ctrl/hook/cmake_prefix_path.ps1'
[0.986s] INFO:colcon.colcon_core.shell:Creating environment descriptor '/home/ubuntu/rrst-ros2-ws/install/nr26_r2_hw_ctrl/share/nr26_r2_hw_ctrl/hook/cmake_prefix_path.dsv'
[0.986s] INFO:colcon.colcon_core.shell:Creating environment hook '/home/ubuntu/rrst-ros2-ws/install/nr26_r2_hw_ctrl/share/nr26_r2_hw_ctrl/hook/cmake_prefix_path.sh'
[0.987s] Level 1:colcon.colcon_core.environment:checking '/home/ubuntu/rrst-ros2-ws/install/nr26_r2_hw_ctrl/lib'
[0.987s] Level 1:colcon.colcon_core.environment:checking '/home/ubuntu/rrst-ros2-ws/install/nr26_r2_hw_ctrl/bin'
[0.987s] Level 1:colcon.colcon_core.environment:checking '/home/ubuntu/rrst-ros2-ws/install/nr26_r2_hw_ctrl/lib/pkgconfig/nr26_r2_hw_ctrl.pc'
[0.988s] Level 1:colcon.colcon_core.environment:checking '/home/ubuntu/rrst-ros2-ws/install/nr26_r2_hw_ctrl/lib/python3.12/site-packages'
[0.988s] Level 1:colcon.colcon_core.environment:checking '/home/ubuntu/rrst-ros2-ws/install/nr26_r2_hw_ctrl/bin'
[0.988s] INFO:colcon.colcon_core.shell:Creating package script '/home/ubuntu/rrst-ros2-ws/install/nr26_r2_hw_ctrl/share/nr26_r2_hw_ctrl/package.ps1'
[0.989s] INFO:colcon.colcon_core.shell:Creating package descriptor '/home/ubuntu/rrst-ros2-ws/install/nr26_r2_hw_ctrl/share/nr26_r2_hw_ctrl/package.dsv'
[0.989s] INFO:colcon.colcon_core.shell:Creating package script '/home/ubuntu/rrst-ros2-ws/install/nr26_r2_hw_ctrl/share/nr26_r2_hw_ctrl/package.sh'
[0.990s] INFO:colcon.colcon_core.shell:Creating package script '/home/ubuntu/rrst-ros2-ws/install/nr26_r2_hw_ctrl/share/nr26_r2_hw_ctrl/package.bash'
[0.990s] INFO:colcon.colcon_core.shell:Creating package script '/home/ubuntu/rrst-ros2-ws/install/nr26_r2_hw_ctrl/share/nr26_r2_hw_ctrl/package.zsh'
[0.990s] Level 1:colcon.colcon_core.environment:create_file_with_runtime_dependencies(/home/ubuntu/rrst-ros2-ws/install/nr26_r2_hw_ctrl/share/colcon-core/packages/nr26_r2_hw_ctrl)
[0.991s] Level 1:colcon.colcon_core.environment:create_environment_scripts_only(nr26_r2_hw_ctrl)
[0.991s] Level 1:colcon.colcon_core.environment:checking '/home/ubuntu/rrst-ros2-ws/install/nr26_r2_hw_ctrl' for CMake module files
[0.992s] Level 1:colcon.colcon_core.environment:checking '/home/ubuntu/rrst-ros2-ws/install/nr26_r2_hw_ctrl' for CMake config files
[0.992s] Level 1:colcon.colcon_core.shell:create_environment_hook('nr26_r2_hw_ctrl', 'cmake_prefix_path')
[0.992s] INFO:colcon.colcon_core.shell:Creating environment hook '/home/ubuntu/rrst-ros2-ws/install/nr26_r2_hw_ctrl/share/nr26_r2_hw_ctrl/hook/cmake_prefix_path.ps1'
[0.993s] INFO:colcon.colcon_core.shell:Creating environment descriptor '/home/ubuntu/rrst-ros2-ws/install/nr26_r2_hw_ctrl/share/nr26_r2_hw_ctrl/hook/cmake_prefix_path.dsv'
[0.993s] INFO:colcon.colcon_core.shell:Creating environment hook '/home/ubuntu/rrst-ros2-ws/install/nr26_r2_hw_ctrl/share/nr26_r2_hw_ctrl/hook/cmake_prefix_path.sh'
[0.994s] Level 1:colcon.colcon_core.environment:checking '/home/ubuntu/rrst-ros2-ws/install/nr26_r2_hw_ctrl/lib'
[0.995s] Level 1:colcon.colcon_core.environment:checking '/home/ubuntu/rrst-ros2-ws/install/nr26_r2_hw_ctrl/bin'
[0.995s] Level 1:colcon.colcon_core.environment:checking '/home/ubuntu/rrst-ros2-ws/install/nr26_r2_hw_ctrl/lib/pkgconfig/nr26_r2_hw_ctrl.pc'
[0.995s] Level 1:colcon.colcon_core.environment:checking '/home/ubuntu/rrst-ros2-ws/install/nr26_r2_hw_ctrl/lib/python3.12/site-packages'
[0.995s] Level 1:colcon.colcon_core.environment:checking '/home/ubuntu/rrst-ros2-ws/install/nr26_r2_hw_ctrl/bin'
[0.996s] INFO:colcon.colcon_core.shell:Creating package script '/home/ubuntu/rrst-ros2-ws/install/nr26_r2_hw_ctrl/share/nr26_r2_hw_ctrl/package.ps1'
[0.997s] INFO:colcon.colcon_core.shell:Creating package descriptor '/home/ubuntu/rrst-ros2-ws/install/nr26_r2_hw_ctrl/share/nr26_r2_hw_ctrl/package.dsv'
[0.997s] INFO:colcon.colcon_core.shell:Creating package script '/home/ubuntu/rrst-ros2-ws/install/nr26_r2_hw_ctrl/share/nr26_r2_hw_ctrl/package.sh'
[0.998s] INFO:colcon.colcon_core.shell:Creating package script '/home/ubuntu/rrst-ros2-ws/install/nr26_r2_hw_ctrl/share/nr26_r2_hw_ctrl/package.bash'
[0.998s] INFO:colcon.colcon_core.shell:Creating package script '/home/ubuntu/rrst-ros2-ws/install/nr26_r2_hw_ctrl/share/nr26_r2_hw_ctrl/package.zsh'
[0.999s] Level 1:colcon.colcon_core.environment:create_file_with_runtime_dependencies(/home/ubuntu/rrst-ros2-ws/install/nr26_r2_hw_ctrl/share/colcon-core/packages/nr26_r2_hw_ctrl)
[1.001s] Level 1:colcon.colcon_core.environment:create_environment_scripts_only(ros2udp)
[1.001s] Level 1:colcon.colcon_core.environment:checking '/home/ubuntu/rrst-ros2-ws/install/ros2udp' for CMake module files
[1.007s] DEBUG:colcon.colcon_core.event_handler.log_command:Invoked command in '/home/ubuntu/rrst-ros2-ws/build/ros2udp' returned '0': CMAKE_PREFIX_PATH=${CMAKE_PREFIX_PATH}:/opt/ros/jazzy DEBUGINFOD_URLS=https://debuginfod.ubuntu.com /usr/bin/cmake --install /home/ubuntu/rrst-ros2-ws/build/ros2udp
[1.007s] Level 1:colcon.colcon_core.environment:checking '/home/ubuntu/rrst-ros2-ws/install/ros2udp' for CMake config files
[1.008s] Level 1:colcon.colcon_core.shell:create_environment_hook('ros2udp', 'cmake_prefix_path')
[1.008s] INFO:colcon.colcon_core.shell:Creating environment hook '/home/ubuntu/rrst-ros2-ws/install/ros2udp/share/ros2udp/hook/cmake_prefix_path.ps1'
[1.009s] INFO:colcon.colcon_core.shell:Creating environment descriptor '/home/ubuntu/rrst-ros2-ws/install/ros2udp/share/ros2udp/hook/cmake_prefix_path.dsv'
[1.009s] INFO:colcon.colcon_core.shell:Creating environment hook '/home/ubuntu/rrst-ros2-ws/install/ros2udp/share/ros2udp/hook/cmake_prefix_path.sh'
[1.010s] Level 1:colcon.colcon_core.environment:checking '/home/ubuntu/rrst-ros2-ws/install/ros2udp/lib'
[1.011s] Level 1:colcon.colcon_core.environment:checking '/home/ubuntu/rrst-ros2-ws/install/ros2udp/bin'
[1.011s] Level 1:colcon.colcon_core.environment:checking '/home/ubuntu/rrst-ros2-ws/install/ros2udp/lib/pkgconfig/ros2udp.pc'
[1.011s] Level 1:colcon.colcon_core.environment:checking '/home/ubuntu/rrst-ros2-ws/install/ros2udp/lib/python3.12/site-packages'
[1.011s] Level 1:colcon.colcon_core.environment:checking '/home/ubuntu/rrst-ros2-ws/install/ros2udp/bin'
[1.012s] INFO:colcon.colcon_core.shell:Creating package script '/home/ubuntu/rrst-ros2-ws/install/ros2udp/share/ros2udp/package.ps1'
[1.012s] INFO:colcon.colcon_core.shell:Creating package descriptor '/home/ubuntu/rrst-ros2-ws/install/ros2udp/share/ros2udp/package.dsv'
[1.013s] INFO:colcon.colcon_core.shell:Creating package script '/home/ubuntu/rrst-ros2-ws/install/ros2udp/share/ros2udp/package.sh'
[1.013s] INFO:colcon.colcon_core.shell:Creating package script '/home/ubuntu/rrst-ros2-ws/install/ros2udp/share/ros2udp/package.bash'
[1.014s] INFO:colcon.colcon_core.shell:Creating package script '/home/ubuntu/rrst-ros2-ws/install/ros2udp/share/ros2udp/package.zsh'
[1.014s] Level 1:colcon.colcon_core.environment:create_file_with_runtime_dependencies(/home/ubuntu/rrst-ros2-ws/install/ros2udp/share/colcon-core/packages/ros2udp)
[1.015s] Level 1:colcon.colcon_core.environment:create_environment_scripts_only(ros2udp)
[1.015s] Level 1:colcon.colcon_core.environment:checking '/home/ubuntu/rrst-ros2-ws/install/ros2udp' for CMake module files
[1.016s] Level 1:colcon.colcon_core.environment:checking '/home/ubuntu/rrst-ros2-ws/install/ros2udp' for CMake config files
[1.016s] Level 1:colcon.colcon_core.shell:create_environment_hook('ros2udp', 'cmake_prefix_path')
[1.017s] INFO:colcon.colcon_core.shell:Creating environment hook '/home/ubuntu/rrst-ros2-ws/install/ros2udp/share/ros2udp/hook/cmake_prefix_path.ps1'
[1.017s] INFO:colcon.colcon_core.shell:Creating environment descriptor '/home/ubuntu/rrst-ros2-ws/install/ros2udp/share/ros2udp/hook/cmake_prefix_path.dsv'
[1.018s] INFO:colcon.colcon_core.shell:Creating environment hook '/home/ubuntu/rrst-ros2-ws/install/ros2udp/share/ros2udp/hook/cmake_prefix_path.sh'
[1.018s] Level 1:colcon.colcon_core.environment:checking '/home/ubuntu/rrst-ros2-ws/install/ros2udp/lib'
[1.018s] Level 1:colcon.colcon_core.environment:checking '/home/ubuntu/rrst-ros2-ws/install/ros2udp/bin'
[1.018s] Level 1:colcon.colcon_core.environment:checking '/home/ubuntu/rrst-ros2-ws/install/ros2udp/lib/pkgconfig/ros2udp.pc'
[1.019s] Level 1:colcon.colcon_core.environment:checking '/home/ubuntu/rrst-ros2-ws/install/ros2udp/lib/python3.12/site-packages'
[1.019s] Level 1:colcon.colcon_core.environment:checking '/home/ubuntu/rrst-ros2-ws/install/ros2udp/bin'
[1.019s] INFO:colcon.colcon_core.shell:Creating package script '/home/ubuntu/rrst-ros2-ws/install/ros2udp/share/ros2udp/package.ps1'
[1.020s] INFO:colcon.colcon_core.shell:Creating package descriptor '/home/ubuntu/rrst-ros2-ws/install/ros2udp/share/ros2udp/package.dsv'
[1.020s] INFO:colcon.colcon_core.shell:Creating package script '/home/ubuntu/rrst-ros2-ws/install/ros2udp/share/ros2udp/package.sh'
[1.021s] INFO:colcon.colcon_core.shell:Creating package script '/home/ubuntu/rrst-ros2-ws/install/ros2udp/share/ros2udp/package.bash'
[1.021s] INFO:colcon.colcon_core.shell:Creating package script '/home/ubuntu/rrst-ros2-ws/install/ros2udp/share/ros2udp/package.zsh'
[1.021s] Level 1:colcon.colcon_core.environment:create_file_with_runtime_dependencies(/home/ubuntu/rrst-ros2-ws/install/ros2udp/share/colcon-core/packages/ros2udp)
[1.022s] DEBUG:colcon.colcon_parallel_executor.executor.parallel:closing loop
[1.022s] DEBUG:colcon.colcon_parallel_executor.executor.parallel:loop closed
[1.023s] DEBUG:colcon.colcon_parallel_executor.executor.parallel:run_until_complete finished with '0'
[1.023s] DEBUG:colcon.colcon_core.event_reactor:joining thread
[1.034s] INFO:colcon.colcon_core.plugin_system:Skipping extension 'colcon_notification.desktop_notification.terminal_notifier': Not used on non-Darwin systems
[1.034s] INFO:colcon.colcon_core.plugin_system:Skipping extension 'colcon_notification.desktop_notification.win32': Not used on non-Windows systems
[1.034s] INFO:colcon.colcon_notification.desktop_notification:Sending desktop notification using 'notify2'
[1.073s] DEBUG:colcon.colcon_core.event_reactor:joined thread
[1.074s] INFO:colcon.colcon_core.shell:Creating prefix script '/home/ubuntu/rrst-ros2-ws/install/local_setup.ps1'
[1.076s] INFO:colcon.colcon_core.shell:Creating prefix util module '/home/ubuntu/rrst-ros2-ws/install/_local_setup_util_ps1.py'
[1.077s] INFO:colcon.colcon_core.shell:Creating prefix chain script '/home/ubuntu/rrst-ros2-ws/install/setup.ps1'
[1.079s] INFO:colcon.colcon_core.shell:Creating prefix script '/home/ubuntu/rrst-ros2-ws/install/local_setup.sh'
[1.081s] INFO:colcon.colcon_core.shell:Creating prefix util module '/home/ubuntu/rrst-ros2-ws/install/_local_setup_util_sh.py'
[1.081s] INFO:colcon.colcon_core.shell:Creating prefix chain script '/home/ubuntu/rrst-ros2-ws/install/setup.sh'
[1.083s] INFO:colcon.colcon_core.shell:Creating prefix script '/home/ubuntu/rrst-ros2-ws/install/local_setup.bash'
[1.084s] INFO:colcon.colcon_core.shell:Creating prefix chain script '/home/ubuntu/rrst-ros2-ws/install/setup.bash'
[1.085s] INFO:colcon.colcon_core.shell:Creating prefix script '/home/ubuntu/rrst-ros2-ws/install/local_setup.zsh'
[1.086s] INFO:colcon.colcon_core.shell:Creating prefix chain script '/home/ubuntu/rrst-ros2-ws/install/setup.zsh'
