[  7%] Built target nr25_mr_sd
[ 14%] Built target nr26_omni_fb
[ 21%] Built target cr25_fes
[ 28%] Built target mros_wip
[ 39%] Built target nr26_r2_move
[ 42%] Built target pid_tuner
[ 50%] Built target pid_wip
[ 57%] Built target dokusute_move
[ 64%] Built target nr26_tuner
[ 71%] Built target dokusute_tuner
[ 78%] Built target mb_tester
[ 85%] Built target nr26_omni
[ 92%] Built target sb_host
[100%] Built target sb_tester
-- Install configuration: ""
-- Installing: /home/ubuntu/rrst-ros2-ws/install/ros2esp/lib/ros2esp/mros_wip
-- Set non-toolchain portion of runtime path of "/home/ubuntu/rrst-ros2-ws/install/ros2esp/lib/ros2esp/mros_wip" to ""
-- Installing: /home/ubuntu/rrst-ros2-ws/install/ros2esp/lib/ros2esp/mb_tester
-- Set non-toolchain portion of runtime path of "/home/ubuntu/rrst-ros2-ws/install/ros2esp/lib/ros2esp/mb_tester" to ""
-- Installing: /home/ubuntu/rrst-ros2-ws/install/ros2esp/lib/ros2esp/nr25_mr_sd
-- Set non-toolchain portion of runtime path of "/home/ubuntu/rrst-ros2-ws/install/ros2esp/lib/ros2esp/nr25_mr_sd" to ""
-- Installing: /home/ubuntu/rrst-ros2-ws/install/ros2esp/lib/ros2esp/nr26_omni
-- Set non-toolchain portion of runtime path of "/home/ubuntu/rrst-ros2-ws/install/ros2esp/lib/ros2esp/nr26_omni" to ""
-- Installing: /home/ubuntu/rrst-ros2-ws/install/ros2esp/lib/ros2esp/nr26_omni_fb
-- Set non-toolchain portion of runtime path of "/home/ubuntu/rrst-ros2-ws/install/ros2esp/lib/ros2esp/nr26_omni_fb" to ""
-- Installing: /home/ubuntu/rrst-ros2-ws/install/ros2esp/lib/ros2esp/nr26_tuner
-- Set non-toolchain portion of runtime path of "/home/ubuntu/rrst-ros2-ws/install/ros2esp/lib/ros2esp/nr26_tuner" to ""
-- Installing: /home/ubuntu/rrst-ros2-ws/install/ros2esp/lib/ros2esp/cr25_fes
-- Set non-toolchain portion of runtime path of "/home/ubuntu/rrst-ros2-ws/install/ros2esp/lib/ros2esp/cr25_fes" to ""
-- Installing: /home/ubuntu/rrst-ros2-ws/install/ros2esp/lib/ros2esp/pid_wip
-- Set non-toolchain portion of runtime path of "/home/ubuntu/rrst-ros2-ws/install/ros2esp/lib/ros2esp/pid_wip" to ""
-- Installing: /home/ubuntu/rrst-ros2-ws/install/ros2esp/lib/ros2esp/pid_tuner
-- Set non-toolchain portion of runtime path of "/home/ubuntu/rrst-ros2-ws/install/ros2esp/lib/ros2esp/pid_tuner" to ""
-- Installing: /home/ubuntu/rrst-ros2-ws/install/ros2esp/lib/ros2esp/dokusute_move
-- Set non-toolchain portion of runtime path of "/home/ubuntu/rrst-ros2-ws/install/ros2esp/lib/ros2esp/dokusute_move" to ""
-- Installing: /home/ubuntu/rrst-ros2-ws/install/ros2esp/lib/ros2esp/dokusute_tuner
-- Set non-toolchain portion of runtime path of "/home/ubuntu/rrst-ros2-ws/install/ros2esp/lib/ros2esp/dokusute_tuner" to ""
-- Installing: /home/ubuntu/rrst-ros2-ws/install/ros2esp/lib/ros2esp/sb_tester
-- Set non-toolchain portion of runtime path of "/home/ubuntu/rrst-ros2-ws/install/ros2esp/lib/ros2esp/sb_tester" to ""
-- Installing: /home/ubuntu/rrst-ros2-ws/install/ros2esp/lib/ros2esp/nr26_r2_move
-- Set non-toolchain portion of runtime path of "/home/ubuntu/rrst-ros2-ws/install/ros2esp/lib/ros2esp/nr26_r2_move" to ""
-- Installing: /home/ubuntu/rrst-ros2-ws/install/ros2esp/lib/ros2esp/sb_host
-- Set non-toolchain portion of runtime path of "/home/ubuntu/rrst-ros2-ws/install/ros2esp/lib/ros2esp/sb_host" to ""
-- Installing: /home/ubuntu/rrst-ros2-ws/install/ros2esp/share/ament_index/resource_index/package_run_dependencies/ros2esp
-- Installing: /home/ubuntu/rrst-ros2-ws/install/ros2esp/share/ament_index/resource_index/parent_prefix_path/ros2esp
-- Installing: /home/ubuntu/rrst-ros2-ws/install/ros2esp/share/ros2esp/environment/ament_prefix_path.sh
-- Installing: /home/ubuntu/rrst-ros2-ws/install/ros2esp/share/ros2esp/environment/ament_prefix_path.dsv
-- Installing: /home/ubuntu/rrst-ros2-ws/install/ros2esp/share/ros2esp/environment/path.sh
-- Installing: /home/ubuntu/rrst-ros2-ws/install/ros2esp/share/ros2esp/environment/path.dsv
-- Installing: /home/ubuntu/rrst-ros2-ws/install/ros2esp/share/ros2esp/local_setup.bash
-- Installing: /home/ubuntu/rrst-ros2-ws/install/ros2esp/share/ros2esp/local_setup.sh
-- Installing: /home/ubuntu/rrst-ros2-ws/install/ros2esp/share/ros2esp/local_setup.zsh
-- Installing: /home/ubuntu/rrst-ros2-ws/install/ros2esp/share/ros2esp/local_setup.dsv
-- Installing: /home/ubuntu/rrst-ros2-ws/install/ros2esp/share/ros2esp/package.dsv
-- Installing: /home/ubuntu/rrst-ros2-ws/install/ros2esp/share/ament_index/resource_index/packages/ros2esp
-- Installing: /home/ubuntu/rrst-ros2-ws/install/ros2esp/share/ros2esp/cmake/ros2espConfig.cmake
-- Installing: /home/ubuntu/rrst-ros2-ws/install/ros2esp/share/ros2esp/cmake/ros2espConfig-version.cmake
-- Installing: /home/ubuntu/rrst-ros2-ws/install/ros2esp/share/ros2esp/package.xml
