[0.054s] Invoking command in '/home/ubuntu/rrst-ros2-ws/build/ros2esp': CMAKE_PREFIX_PATH=${CMAKE_PREFIX_PATH}:/opt/ros/jazzy DEBUGINFOD_URLS=https://debuginfod.ubuntu.com /usr/bin/cmake --build /home/ubuntu/rrst-ros2-ws/build/ros2esp -- -j12 -l12
[0.318s] [  7%] Built target nr25_mr_sd
[0.326s] [ 14%] Built target nr26_omni_fb
[0.344s] [ 21%] Built target cr25_fes
[0.346s] [ 28%] Built target mros_wip
[0.353s] [ 39%] Built target nr26_r2_move
[0.354s] [ 42%] Built target pid_tuner
[0.368s] [ 50%] Built target pid_wip
[0.369s] [ 57%] Built target dokusute_move
[0.371s] [ 64%] Built target nr26_tuner
[0.374s] [ 71%] Built target dokusute_tuner
[0.386s] [ 78%] Built target mb_tester
[0.389s] [ 85%] Built target nr26_omni
[0.450s] [ 92%] Built target sb_host
[0.462s] [100%] Built target sb_tester
[0.502s] Invoked command in '/home/ubuntu/rrst-ros2-ws/build/ros2esp' returned '0': CMAKE_PREFIX_PATH=${CMAKE_PREFIX_PATH}:/opt/ros/jazzy DEBUGINFOD_URLS=https://debuginfod.ubuntu.com /usr/bin/cmake --build /home/ubuntu/rrst-ros2-ws/build/ros2esp -- -j12 -l12
[0.514s] Invoking command in '/home/ubuntu/rrst-ros2-ws/build/ros2esp': CMAKE_PREFIX_PATH=${CMAKE_PREFIX_PATH}:/opt/ros/jazzy DEBUGINFOD_URLS=https://debuginfod.ubuntu.com /usr/bin/cmake --install /home/ubuntu/rrst-ros2-ws/build/ros2esp
[0.527s] -- Install configuration: ""
[0.528s] -- Installing: /home/ubuntu/rrst-ros2-ws/install/ros2esp/lib/ros2esp/mros_wip
[0.528s] -- Set non-toolchain portion of runtime path of "/home/ubuntu/rrst-ros2-ws/install/ros2esp/lib/ros2esp/mros_wip" to ""
[0.528s] -- Installing: /home/ubuntu/rrst-ros2-ws/install/ros2esp/lib/ros2esp/mb_tester
[0.529s] -- Set non-toolchain portion of runtime path of "/home/ubuntu/rrst-ros2-ws/install/ros2esp/lib/ros2esp/mb_tester" to ""
[0.530s] -- Installing: /home/ubuntu/rrst-ros2-ws/install/ros2esp/lib/ros2esp/nr25_mr_sd
[0.536s] -- Set non-toolchain portion of runtime path of "/home/ubuntu/rrst-ros2-ws/install/ros2esp/lib/ros2esp/nr25_mr_sd" to ""
[0.536s] -- Installing: /home/ubuntu/rrst-ros2-ws/install/ros2esp/lib/ros2esp/nr26_omni
[0.549s] -- Set non-toolchain portion of runtime path of "/home/ubuntu/rrst-ros2-ws/install/ros2esp/lib/ros2esp/nr26_omni" to ""
[0.549s] -- Installing: /home/ubuntu/rrst-ros2-ws/install/ros2esp/lib/ros2esp/nr26_omni_fb
[0.557s] -- Set non-toolchain portion of runtime path of "/home/ubuntu/rrst-ros2-ws/install/ros2esp/lib/ros2esp/nr26_omni_fb" to ""
[0.558s] -- Installing: /home/ubuntu/rrst-ros2-ws/install/ros2esp/lib/ros2esp/nr26_tuner
[0.562s] -- Set non-toolchain portion of runtime path of "/home/ubuntu/rrst-ros2-ws/install/ros2esp/lib/ros2esp/nr26_tuner" to ""
[0.562s] -- Installing: /home/ubuntu/rrst-ros2-ws/install/ros2esp/lib/ros2esp/cr25_fes
[0.570s] -- Set non-toolchain portion of runtime path of "/home/ubuntu/rrst-ros2-ws/install/ros2esp/lib/ros2esp/cr25_fes" to ""
[0.570s] -- Installing: /home/ubuntu/rrst-ros2-ws/install/ros2esp/lib/ros2esp/pid_wip
[0.584s] -- Set non-toolchain portion of runtime path of "/home/ubuntu/rrst-ros2-ws/install/ros2esp/lib/ros2esp/pid_wip" to ""
[0.584s] -- Installing: /home/ubuntu/rrst-ros2-ws/install/ros2esp/lib/ros2esp/pid_tuner
[0.588s] -- Set non-toolchain portion of runtime path of "/home/ubuntu/rrst-ros2-ws/install/ros2esp/lib/ros2esp/pid_tuner" to ""
[0.589s] -- Installing: /home/ubuntu/rrst-ros2-ws/install/ros2esp/lib/ros2esp/dokusute_move
[0.603s] -- Set non-toolchain portion of runtime path of "/home/ubuntu/rrst-ros2-ws/install/ros2esp/lib/ros2esp/dokusute_move" to ""
[0.604s] -- Installing: /home/ubuntu/rrst-ros2-ws/install/ros2esp/lib/ros2esp/dokusute_tuner
[0.606s] -- Set non-toolchain portion of runtime path of "/home/ubuntu/rrst-ros2-ws/install/ros2esp/lib/ros2esp/dokusute_tuner" to ""
[0.606s] -- Installing: /home/ubuntu/rrst-ros2-ws/install/ros2esp/lib/ros2esp/sb_tester
[0.608s] -- Set non-toolchain portion of runtime path of "/home/ubuntu/rrst-ros2-ws/install/ros2esp/lib/ros2esp/sb_tester" to ""
[0.609s] -- Installing: /home/ubuntu/rrst-ros2-ws/install/ros2esp/lib/ros2esp/nr26_r2_move
[0.626s] -- Set non-toolchain portion of runtime path of "/home/ubuntu/rrst-ros2-ws/install/ros2esp/lib/ros2esp/nr26_r2_move" to ""
[0.626s] -- Installing: /home/ubuntu/rrst-ros2-ws/install/ros2esp/lib/ros2esp/sb_host
[0.639s] -- Set non-toolchain portion of runtime path of "/home/ubuntu/rrst-ros2-ws/install/ros2esp/lib/ros2esp/sb_host" to ""
[0.639s] -- Installing: /home/ubuntu/rrst-ros2-ws/install/ros2esp/share/ament_index/resource_index/package_run_dependencies/ros2esp
[0.639s] -- Installing: /home/ubuntu/rrst-ros2-ws/install/ros2esp/share/ament_index/resource_index/parent_prefix_path/ros2esp
[0.640s] -- Installing: /home/ubuntu/rrst-ros2-ws/install/ros2esp/share/ros2esp/environment/ament_prefix_path.sh
[0.640s] -- Installing: /home/ubuntu/rrst-ros2-ws/install/ros2esp/share/ros2esp/environment/ament_prefix_path.dsv
[0.641s] -- Installing: /home/ubuntu/rrst-ros2-ws/install/ros2esp/share/ros2esp/environment/path.sh
[0.641s] -- Installing: /home/ubuntu/rrst-ros2-ws/install/ros2esp/share/ros2esp/environment/path.dsv
[0.641s] -- Installing: /home/ubuntu/rrst-ros2-ws/install/ros2esp/share/ros2esp/local_setup.bash
[0.641s] -- Installing: /home/ubuntu/rrst-ros2-ws/install/ros2esp/share/ros2esp/local_setup.sh
[0.642s] -- Installing: /home/ubuntu/rrst-ros2-ws/install/ros2esp/share/ros2esp/local_setup.zsh
[0.642s] -- Installing: /home/ubuntu/rrst-ros2-ws/install/ros2esp/share/ros2esp/local_setup.dsv
[0.642s] -- Installing: /home/ubuntu/rrst-ros2-ws/install/ros2esp/share/ros2esp/package.dsv
[0.643s] -- Installing: /home/ubuntu/rrst-ros2-ws/install/ros2esp/share/ament_index/resource_index/packages/ros2esp
[0.643s] -- Installing: /home/ubuntu/rrst-ros2-ws/install/ros2esp/share/ros2esp/cmake/ros2espConfig.cmake
[0.643s] -- Installing: /home/ubuntu/rrst-ros2-ws/install/ros2esp/share/ros2esp/cmake/ros2espConfig-version.cmake
[0.644s] -- Installing: /home/ubuntu/rrst-ros2-ws/install/ros2esp/share/ros2esp/package.xml
[0.649s] Invoked command in '/home/ubuntu/rrst-ros2-ws/build/ros2esp' returned '0': CMAKE_PREFIX_PATH=${CMAKE_PREFIX_PATH}:/opt/ros/jazzy DEBUGINFOD_URLS=https://debuginfod.ubuntu.com /usr/bin/cmake --install /home/ubuntu/rrst-ros2-ws/build/ros2esp
