[0.032s] Invoking command in '/home/ubuntu/rrst-ros2-ws/build/ros2esp': CMAKE_PREFIX_PATH=${CMAKE_PREFIX_PATH}:/opt/ros/jazzy DEBUGINFOD_URLS=https://debuginfod.ubuntu.com /usr/bin/cmake --build /home/ubuntu/rrst-ros2-ws/build/ros2esp -- -j12 -l12
[0.229s] [  7%] Built target cr25_fes
[0.268s] [ 21%] Built target nr26_omni_fb
[0.269s] [ 21%] Built target nr26_omni
[0.275s] [ 28%] Built target mb_tester
[0.276s] [ 35%] Built target dokusute_move
[0.281s] [ 42%] Built target dokusute_tuner
[0.281s] [ 50%] Built target pid_tuner
[0.288s] [ 57%] Built target nr25_mr_sd
[0.294s] [ 64%] Built target nr26_tuner
[0.299s] [ 71%] Built target nr26_r2_move
[0.299s] [ 78%] Built target pid_wip
[0.304s] [ 85%] Built target mros_wip
[0.320s] [ 92%] Built target sb_tester
[0.332s] [100%] Built target sb_host
[0.352s] Invoked command in '/home/ubuntu/rrst-ros2-ws/build/ros2esp' returned '0': CMAKE_PREFIX_PATH=${CMAKE_PREFIX_PATH}:/opt/ros/jazzy DEBUGINFOD_URLS=https://debuginfod.ubuntu.com /usr/bin/cmake --build /home/ubuntu/rrst-ros2-ws/build/ros2esp -- -j12 -l12
[0.353s] Invoking command in '/home/ubuntu/rrst-ros2-ws/build/ros2esp': CMAKE_PREFIX_PATH=${CMAKE_PREFIX_PATH}:/opt/ros/jazzy DEBUGINFOD_URLS=https://debuginfod.ubuntu.com /usr/bin/cmake --install /home/ubuntu/rrst-ros2-ws/build/ros2esp
[0.378s] -- Install configuration: ""
[0.378s] -- Up-to-date: /home/ubuntu/rrst-ros2-ws/install/ros2esp/lib/ros2esp/mros_wip
[0.379s] -- Up-to-date: /home/ubuntu/rrst-ros2-ws/install/ros2esp/lib/ros2esp/mb_tester
[0.380s] -- Up-to-date: /home/ubuntu/rrst-ros2-ws/install/ros2esp/lib/ros2esp/nr25_mr_sd
[0.380s] -- Up-to-date: /home/ubuntu/rrst-ros2-ws/install/ros2esp/lib/ros2esp/nr26_omni
[0.380s] -- Up-to-date: /home/ubuntu/rrst-ros2-ws/install/ros2esp/lib/ros2esp/nr26_omni_fb
[0.380s] -- Up-to-date: /home/ubuntu/rrst-ros2-ws/install/ros2esp/lib/ros2esp/nr26_tuner
[0.380s] -- Up-to-date: /home/ubuntu/rrst-ros2-ws/install/ros2esp/lib/ros2esp/cr25_fes
[0.382s] -- Up-to-date: /home/ubuntu/rrst-ros2-ws/install/ros2esp/lib/ros2esp/pid_wip
[0.382s] -- Up-to-date: /home/ubuntu/rrst-ros2-ws/install/ros2esp/lib/ros2esp/pid_tuner
[0.386s] -- Up-to-date: /home/ubuntu/rrst-ros2-ws/install/ros2esp/lib/ros2esp/dokusute_move
[0.386s] -- Up-to-date: /home/ubuntu/rrst-ros2-ws/install/ros2esp/lib/ros2esp/dokusute_tuner
[0.387s] -- Up-to-date: /home/ubuntu/rrst-ros2-ws/install/ros2esp/lib/ros2esp/sb_tester
[0.388s] -- Up-to-date: /home/ubuntu/rrst-ros2-ws/install/ros2esp/lib/ros2esp/nr26_r2_move
[0.388s] -- Up-to-date: /home/ubuntu/rrst-ros2-ws/install/ros2esp/lib/ros2esp/sb_host
[0.389s] -- Up-to-date: /home/ubuntu/rrst-ros2-ws/install/ros2esp/share/ament_index/resource_index/package_run_dependencies/ros2esp
[0.390s] -- Up-to-date: /home/ubuntu/rrst-ros2-ws/install/ros2esp/share/ament_index/resource_index/parent_prefix_path/ros2esp
[0.392s] -- Up-to-date: /home/ubuntu/rrst-ros2-ws/install/ros2esp/share/ros2esp/environment/ament_prefix_path.sh
[0.392s] -- Up-to-date: /home/ubuntu/rrst-ros2-ws/install/ros2esp/share/ros2esp/environment/ament_prefix_path.dsv
[0.393s] -- Up-to-date: /home/ubuntu/rrst-ros2-ws/install/ros2esp/share/ros2esp/environment/path.sh
[0.393s] -- Up-to-date: /home/ubuntu/rrst-ros2-ws/install/ros2esp/share/ros2esp/environment/path.dsv
[0.394s] -- Up-to-date: /home/ubuntu/rrst-ros2-ws/install/ros2esp/share/ros2esp/local_setup.bash
[0.394s] -- Up-to-date: /home/ubuntu/rrst-ros2-ws/install/ros2esp/share/ros2esp/local_setup.sh
[0.395s] -- Up-to-date: /home/ubuntu/rrst-ros2-ws/install/ros2esp/share/ros2esp/local_setup.zsh
[0.395s] -- Up-to-date: /home/ubuntu/rrst-ros2-ws/install/ros2esp/share/ros2esp/local_setup.dsv
[0.396s] -- Installing: /home/ubuntu/rrst-ros2-ws/install/ros2esp/share/ros2esp/package.dsv
[0.402s] -- Up-to-date: /home/ubuntu/rrst-ros2-ws/install/ros2esp/share/ament_index/resource_index/packages/ros2esp
[0.403s] -- Up-to-date: /home/ubuntu/rrst-ros2-ws/install/ros2esp/share/ros2esp/cmake/ros2espConfig.cmake
[0.403s] -- Up-to-date: /home/ubuntu/rrst-ros2-ws/install/ros2esp/share/ros2esp/cmake/ros2espConfig-version.cmake
[0.403s] -- Up-to-date: /home/ubuntu/rrst-ros2-ws/install/ros2esp/share/ros2esp/package.xml
[0.466s] Invoked command in '/home/ubuntu/rrst-ros2-ws/build/ros2esp' returned '0': CMAKE_PREFIX_PATH=${CMAKE_PREFIX_PATH}:/opt/ros/jazzy DEBUGINFOD_URLS=https://debuginfod.ubuntu.com /usr/bin/cmake --install /home/ubuntu/rrst-ros2-ws/build/ros2esp
