[0.048s] Invoking command in '/home/ubuntu/rrst-ros2-ws/build/ros2esp': CMAKE_PREFIX_PATH=${CMAKE_PREFIX_PATH}:/opt/ros/jazzy DEBUGINFOD_URLS=https://debuginfod.ubuntu.com /usr/bin/cmake --build /home/ubuntu/rrst-ros2-ws/build/ros2esp -- -j12 -l12
[0.249s] [  7%] Built target nr25_mr_sd
[0.294s] [ 14%] Built target nr26_omni_fb
[0.295s] [ 21%] Built target mros_wip
[0.298s] [ 28%] Built target nr26_r2_move
[0.320s] [ 35%] Built target nr26_tuner
[0.320s] [ 42%] Built target pid_tuner
[0.322s] [ 50%] Built target pid_wip
[0.328s] [ 57%] Built target mb_tester
[0.329s] [ 64%] Built target cr25_fes
[0.341s] [ 71%] Built target nr26_omni
[0.345s] [ 78%] Built target dokusute_tuner
[0.356s] [ 85%] Built target dokusute_move
[0.358s] [ 92%] Built target sb_tester
[0.386s] [100%] Built target sb_host
[0.508s] Invoked command in '/home/ubuntu/rrst-ros2-ws/build/ros2esp' returned '0': CMAKE_PREFIX_PATH=${CMAKE_PREFIX_PATH}:/opt/ros/jazzy DEBUGINFOD_URLS=https://debuginfod.ubuntu.com /usr/bin/cmake --build /home/ubuntu/rrst-ros2-ws/build/ros2esp -- -j12 -l12
[0.510s] Invoking command in '/home/ubuntu/rrst-ros2-ws/build/ros2esp': CMAKE_PREFIX_PATH=${CMAKE_PREFIX_PATH}:/opt/ros/jazzy DEBUGINFOD_URLS=https://debuginfod.ubuntu.com /usr/bin/cmake --install /home/ubuntu/rrst-ros2-ws/build/ros2esp
[0.523s] -- Install configuration: ""
[0.523s] -- Up-to-date: /home/ubuntu/rrst-ros2-ws/install/ros2esp/lib/ros2esp/mros_wip
[0.524s] -- Up-to-date: /home/ubuntu/rrst-ros2-ws/install/ros2esp/lib/ros2esp/mb_tester
[0.525s] -- Up-to-date: /home/ubuntu/rrst-ros2-ws/install/ros2esp/lib/ros2esp/nr25_mr_sd
[0.525s] -- Up-to-date: /home/ubuntu/rrst-ros2-ws/install/ros2esp/lib/ros2esp/nr26_omni
[0.525s] -- Up-to-date: /home/ubuntu/rrst-ros2-ws/install/ros2esp/lib/ros2esp/nr26_omni_fb
[0.525s] -- Up-to-date: /home/ubuntu/rrst-ros2-ws/install/ros2esp/lib/ros2esp/nr26_tuner
[0.526s] -- Up-to-date: /home/ubuntu/rrst-ros2-ws/install/ros2esp/lib/ros2esp/cr25_fes
[0.526s] -- Up-to-date: /home/ubuntu/rrst-ros2-ws/install/ros2esp/lib/ros2esp/pid_wip
[0.526s] -- Up-to-date: /home/ubuntu/rrst-ros2-ws/install/ros2esp/lib/ros2esp/pid_tuner
[0.527s] -- Up-to-date: /home/ubuntu/rrst-ros2-ws/install/ros2esp/lib/ros2esp/dokusute_move
[0.527s] -- Up-to-date: /home/ubuntu/rrst-ros2-ws/install/ros2esp/lib/ros2esp/dokusute_tuner
[0.527s] -- Up-to-date: /home/ubuntu/rrst-ros2-ws/install/ros2esp/lib/ros2esp/sb_tester
[0.527s] -- Up-to-date: /home/ubuntu/rrst-ros2-ws/install/ros2esp/lib/ros2esp/nr26_r2_move
[0.527s] -- Up-to-date: /home/ubuntu/rrst-ros2-ws/install/ros2esp/lib/ros2esp/sb_host
[0.527s] -- Up-to-date: /home/ubuntu/rrst-ros2-ws/install/ros2esp/share/ament_index/resource_index/package_run_dependencies/ros2esp
[0.527s] -- Up-to-date: /home/ubuntu/rrst-ros2-ws/install/ros2esp/share/ament_index/resource_index/parent_prefix_path/ros2esp
[0.528s] -- Up-to-date: /home/ubuntu/rrst-ros2-ws/install/ros2esp/share/ros2esp/environment/ament_prefix_path.sh
[0.528s] -- Up-to-date: /home/ubuntu/rrst-ros2-ws/install/ros2esp/share/ros2esp/environment/ament_prefix_path.dsv
[0.528s] -- Up-to-date: /home/ubuntu/rrst-ros2-ws/install/ros2esp/share/ros2esp/environment/path.sh
[0.528s] -- Up-to-date: /home/ubuntu/rrst-ros2-ws/install/ros2esp/share/ros2esp/environment/path.dsv
[0.528s] -- Up-to-date: /home/ubuntu/rrst-ros2-ws/install/ros2esp/share/ros2esp/local_setup.bash
[0.528s] -- Up-to-date: /home/ubuntu/rrst-ros2-ws/install/ros2esp/share/ros2esp/local_setup.sh
[0.528s] -- Up-to-date: /home/ubuntu/rrst-ros2-ws/install/ros2esp/share/ros2esp/local_setup.zsh
[0.529s] -- Up-to-date: /home/ubuntu/rrst-ros2-ws/install/ros2esp/share/ros2esp/local_setup.dsv
[0.529s] -- Installing: /home/ubuntu/rrst-ros2-ws/install/ros2esp/share/ros2esp/package.dsv
[0.529s] -- Up-to-date: /home/ubuntu/rrst-ros2-ws/install/ros2esp/share/ament_index/resource_index/packages/ros2esp
[0.529s] -- Up-to-date: /home/ubuntu/rrst-ros2-ws/install/ros2esp/share/ros2esp/cmake/ros2espConfig.cmake
[0.529s] -- Up-to-date: /home/ubuntu/rrst-ros2-ws/install/ros2esp/share/ros2esp/cmake/ros2espConfig-version.cmake
[0.529s] -- Up-to-date: /home/ubuntu/rrst-ros2-ws/install/ros2esp/share/ros2esp/package.xml
[0.531s] Invoked command in '/home/ubuntu/rrst-ros2-ws/build/ros2esp' returned '0': CMAKE_PREFIX_PATH=${CMAKE_PREFIX_PATH}:/opt/ros/jazzy DEBUGINFOD_URLS=https://debuginfod.ubuntu.com /usr/bin/cmake --install /home/ubuntu/rrst-ros2-ws/build/ros2esp
