[ 16%] [32mBuilding CXX object CMakeFiles/nr26_pick.dir/src/NR26_pick.cpp.o[0m
[ 50%] Built target nr26_r1_servo_cal
[ 83%] Built target nr26_sd
[100%] [32m[1mLinking CXX executable nr26_pick[0m
[100%] Built target nr26_pick
-- Install configuration: ""
-- Installing: /home/ubuntu/rrst-ros2-ws/install/nr26_r1_hw_ctrl/lib/nr26_r1_hw_ctrl/nr26_sd
-- Set non-toolchain portion of runtime path of "/home/ubuntu/rrst-ros2-ws/install/nr26_r1_hw_ctrl/lib/nr26_r1_hw_ctrl/nr26_sd" to ""
-- Installing: /home/ubuntu/rrst-ros2-ws/install/nr26_r1_hw_ctrl/lib/nr26_r1_hw_ctrl/nr26_pick
-- Set non-toolchain portion of runtime path of "/home/ubuntu/rrst-ros2-ws/install/nr26_r1_hw_ctrl/lib/nr26_r1_hw_ctrl/nr26_pick" to ""
-- Installing: /home/ubuntu/rrst-ros2-ws/install/nr26_r1_hw_ctrl/lib/nr26_r1_hw_ctrl/nr26_r1_servo_cal
-- Set non-toolchain portion of runtime path of "/home/ubuntu/rrst-ros2-ws/install/nr26_r1_hw_ctrl/lib/nr26_r1_hw_ctrl/nr26_r1_servo_cal" to ""
-- Installing: /home/ubuntu/rrst-ros2-ws/install/nr26_r1_hw_ctrl/share/ament_index/resource_index/package_run_dependencies/nr26_r1_hw_ctrl
-- Installing: /home/ubuntu/rrst-ros2-ws/install/nr26_r1_hw_ctrl/share/ament_index/resource_index/parent_prefix_path/nr26_r1_hw_ctrl
-- Installing: /home/ubuntu/rrst-ros2-ws/install/nr26_r1_hw_ctrl/share/nr26_r1_hw_ctrl/environment/ament_prefix_path.sh
-- Installing: /home/ubuntu/rrst-ros2-ws/install/nr26_r1_hw_ctrl/share/nr26_r1_hw_ctrl/environment/ament_prefix_path.dsv
-- Installing: /home/ubuntu/rrst-ros2-ws/install/nr26_r1_hw_ctrl/share/nr26_r1_hw_ctrl/environment/path.sh
-- Installing: /home/ubuntu/rrst-ros2-ws/install/nr26_r1_hw_ctrl/share/nr26_r1_hw_ctrl/environment/path.dsv
-- Installing: /home/ubuntu/rrst-ros2-ws/install/nr26_r1_hw_ctrl/share/nr26_r1_hw_ctrl/local_setup.bash
-- Installing: /home/ubuntu/rrst-ros2-ws/install/nr26_r1_hw_ctrl/share/nr26_r1_hw_ctrl/local_setup.sh
-- Installing: /home/ubuntu/rrst-ros2-ws/install/nr26_r1_hw_ctrl/share/nr26_r1_hw_ctrl/local_setup.zsh
-- Installing: /home/ubuntu/rrst-ros2-ws/install/nr26_r1_hw_ctrl/share/nr26_r1_hw_ctrl/local_setup.dsv
-- Installing: /home/ubuntu/rrst-ros2-ws/install/nr26_r1_hw_ctrl/share/nr26_r1_hw_ctrl/package.dsv
-- Installing: /home/ubuntu/rrst-ros2-ws/install/nr26_r1_hw_ctrl/share/ament_index/resource_index/packages/nr26_r1_hw_ctrl
-- Installing: /home/ubuntu/rrst-ros2-ws/install/nr26_r1_hw_ctrl/share/nr26_r1_hw_ctrl/cmake/nr26_r1_hw_ctrlConfig.cmake
-- Installing: /home/ubuntu/rrst-ros2-ws/install/nr26_r1_hw_ctrl/share/nr26_r1_hw_ctrl/cmake/nr26_r1_hw_ctrlConfig-version.cmake
-- Installing: /home/ubuntu/rrst-ros2-ws/install/nr26_r1_hw_ctrl/share/nr26_r1_hw_ctrl/package.xml
