[0.106s] DEBUG:colcon:Command line arguments: ['/usr/bin/colcon', 'build']
[0.106s] DEBUG:colcon:Parsed command line arguments: Namespace(log_base=None, log_level=None, verb_name='build', build_base='build', install_base='install', merge_install=False, symlink_install=False, test_result_base=None, continue_on_error=False, executor='parallel', parallel_workers=12, event_handlers=None, ignore_user_meta=False, metas=['./colcon.meta'], base_paths=['.'], packages_ignore=None, packages_ignore_regex=None, paths=None, packages_up_to=None, packages_up_to_regex=None, packages_above=None, packages_above_and_dependencies=None, packages_above_depth=None, packages_select_by_dep=None, packages_skip_by_dep=None, packages_skip_up_to=None, packages_select_build_failed=False, packages_skip_build_finished=False, packages_select_test_failures=False, packages_skip_test_passed=False, packages_select=None, packages_skip=None, packages_select_regex=None, packages_skip_regex=None, packages_start=None, packages_end=None, allow_overriding=[], cmake_args=None, cmake_target=None, cmake_target_skip_unavailable=False, cmake_clean_cache=False, cmake_clean_first=False, cmake_force_configure=False, ament_cmake_args=None, catkin_cmake_args=None, catkin_skip_building_tests=False, mixin_files=None, mixin=None, verb_parser=<colcon_mixin.mixin.mixin_argument.MixinArgumentDecorator object at 0x7ec9a4e98140>, verb_extension=<colcon_core.verb.build.BuildVerb object at 0x7ec9a4e73ce0>, main=<bound method BuildVerb.main of <colcon_core.verb.build.BuildVerb object at 0x7ec9a4e73ce0>>, mixin_verb=('build',))
[0.146s] Level 1:colcon.colcon_core.package_discovery:discover_packages(colcon_meta) check parameters
[0.146s] Level 1:colcon.colcon_core.package_discovery:discover_packages(recursive) check parameters
[0.146s] Level 1:colcon.colcon_core.package_discovery:discover_packages(ignore) check parameters
[0.146s] Level 1:colcon.colcon_core.package_discovery:discover_packages(path) check parameters
[0.146s] Level 1:colcon.colcon_core.package_discovery:discover_packages(colcon_meta) discover
[0.146s] Level 1:colcon.colcon_core.package_discovery:discover_packages(recursive) discover
[0.146s] INFO:colcon.colcon_core.package_discovery:Crawling recursively for packages in '/home/ubuntu/rrst-ros2-ws'
[0.147s] Level 1:colcon.colcon_core.package_identification:_identify(.) by extensions ['ignore', 'ignore_ament_install']
[0.147s] Level 1:colcon.colcon_core.package_identification:_identify(.) by extension 'ignore'
[0.147s] Level 1:colcon.colcon_core.package_identification:_identify(.) by extension 'ignore_ament_install'
[0.147s] Level 1:colcon.colcon_core.package_identification:_identify(.) by extensions ['colcon_pkg']
[0.147s] Level 1:colcon.colcon_core.package_identification:_identify(.) by extension 'colcon_pkg'
[0.147s] Level 1:colcon.colcon_core.package_identification:_identify(.) by extensions ['colcon_meta']
[0.147s] Level 1:colcon.colcon_core.package_identification:_identify(.) by extension 'colcon_meta'
[0.147s] Level 1:colcon.colcon_core.package_identification:_identify(.) by extensions ['ros']
[0.147s] Level 1:colcon.colcon_core.package_identification:_identify(.) by extension 'ros'
[0.174s] Level 1:colcon.colcon_core.package_identification:_identify(.) by extensions ['cmake', 'python']
[0.174s] Level 1:colcon.colcon_core.package_identification:_identify(.) by extension 'cmake'
[0.175s] Level 1:colcon.colcon_core.package_identification:_identify(.) by extension 'python'
[0.175s] Level 1:colcon.colcon_core.package_identification:_identify(.) by extensions ['python_setup_py']
[0.175s] Level 1:colcon.colcon_core.package_identification:_identify(.) by extension 'python_setup_py'
[0.175s] Level 1:colcon.colcon_core.package_identification:_identify(KFS_judgement_machines) by extensions ['ignore', 'ignore_ament_install']
[0.175s] Level 1:colcon.colcon_core.package_identification:_identify(KFS_judgement_machines) by extension 'ignore'
[0.175s] Level 1:colcon.colcon_core.package_identification:_identify(KFS_judgement_machines) by extension 'ignore_ament_install'
[0.175s] Level 1:colcon.colcon_core.package_identification:_identify(KFS_judgement_machines) by extensions ['colcon_pkg']
[0.175s] Level 1:colcon.colcon_core.package_identification:_identify(KFS_judgement_machines) by extension 'colcon_pkg'
[0.175s] Level 1:colcon.colcon_core.package_identification:_identify(KFS_judgement_machines) by extensions ['colcon_meta']
[0.175s] Level 1:colcon.colcon_core.package_identification:_identify(KFS_judgement_machines) by extension 'colcon_meta'
[0.175s] Level 1:colcon.colcon_core.package_identification:_identify(KFS_judgement_machines) by extensions ['ros']
[0.175s] Level 1:colcon.colcon_core.package_identification:_identify(KFS_judgement_machines) by extension 'ros'
[0.175s] Level 1:colcon.colcon_core.package_identification:_identify(KFS_judgement_machines) by extensions ['cmake', 'python']
[0.175s] Level 1:colcon.colcon_core.package_identification:_identify(KFS_judgement_machines) by extension 'cmake'
[0.175s] Level 1:colcon.colcon_core.package_identification:_identify(KFS_judgement_machines) by extension 'python'
[0.175s] Level 1:colcon.colcon_core.package_identification:_identify(KFS_judgement_machines) by extensions ['python_setup_py']
[0.175s] Level 1:colcon.colcon_core.package_identification:_identify(KFS_judgement_machines) by extension 'python_setup_py'
[0.175s] Level 1:colcon.colcon_core.package_identification:_identify(KFS_judgement_machines/KFS_judgement_machine(AKAZA)) by extensions ['ignore', 'ignore_ament_install']
[0.175s] Level 1:colcon.colcon_core.package_identification:_identify(KFS_judgement_machines/KFS_judgement_machine(AKAZA)) by extension 'ignore'
[0.176s] Level 1:colcon.colcon_core.package_identification:_identify(KFS_judgement_machines/KFS_judgement_machine(AKAZA)) by extension 'ignore_ament_install'
[0.176s] Level 1:colcon.colcon_core.package_identification:_identify(KFS_judgement_machines/KFS_judgement_machine(AKAZA)) by extensions ['colcon_pkg']
[0.176s] Level 1:colcon.colcon_core.package_identification:_identify(KFS_judgement_machines/KFS_judgement_machine(AKAZA)) by extension 'colcon_pkg'
[0.176s] Level 1:colcon.colcon_core.package_identification:_identify(KFS_judgement_machines/KFS_judgement_machine(AKAZA)) by extensions ['colcon_meta']
[0.176s] Level 1:colcon.colcon_core.package_identification:_identify(KFS_judgement_machines/KFS_judgement_machine(AKAZA)) by extension 'colcon_meta'
[0.176s] Level 1:colcon.colcon_core.package_identification:_identify(KFS_judgement_machines/KFS_judgement_machine(AKAZA)) by extensions ['ros']
[0.176s] Level 1:colcon.colcon_core.package_identification:_identify(KFS_judgement_machines/KFS_judgement_machine(AKAZA)) by extension 'ros'
[0.176s] Level 1:colcon.colcon_core.package_identification:_identify(KFS_judgement_machines/KFS_judgement_machine(AKAZA)) by extensions ['cmake', 'python']
[0.176s] Level 1:colcon.colcon_core.package_identification:_identify(KFS_judgement_machines/KFS_judgement_machine(AKAZA)) by extension 'cmake'
[0.176s] Level 1:colcon.colcon_core.package_identification:_identify(KFS_judgement_machines/KFS_judgement_machine(AKAZA)) by extension 'python'
[0.176s] Level 1:colcon.colcon_core.package_identification:_identify(KFS_judgement_machines/KFS_judgement_machine(AKAZA)) by extensions ['python_setup_py']
[0.176s] Level 1:colcon.colcon_core.package_identification:_identify(KFS_judgement_machines/KFS_judgement_machine(AKAZA)) by extension 'python_setup_py'
[0.176s] Level 1:colcon.colcon_core.package_identification:_identify(KFS_judgement_machines/KFS_judgement_machine(AKAZA)/KFS Image V1.0) by extensions ['ignore', 'ignore_ament_install']
[0.176s] Level 1:colcon.colcon_core.package_identification:_identify(KFS_judgement_machines/KFS_judgement_machine(AKAZA)/KFS Image V1.0) by extension 'ignore'
[0.176s] Level 1:colcon.colcon_core.package_identification:_identify(KFS_judgement_machines/KFS_judgement_machine(AKAZA)/KFS Image V1.0) by extension 'ignore_ament_install'
[0.176s] Level 1:colcon.colcon_core.package_identification:_identify(KFS_judgement_machines/KFS_judgement_machine(AKAZA)/KFS Image V1.0) by extensions ['colcon_pkg']
[0.176s] Level 1:colcon.colcon_core.package_identification:_identify(KFS_judgement_machines/KFS_judgement_machine(AKAZA)/KFS Image V1.0) by extension 'colcon_pkg'
[0.176s] Level 1:colcon.colcon_core.package_identification:_identify(KFS_judgement_machines/KFS_judgement_machine(AKAZA)/KFS Image V1.0) by extensions ['colcon_meta']
[0.176s] Level 1:colcon.colcon_core.package_identification:_identify(KFS_judgement_machines/KFS_judgement_machine(AKAZA)/KFS Image V1.0) by extension 'colcon_meta'
[0.176s] Level 1:colcon.colcon_core.package_identification:_identify(KFS_judgement_machines/KFS_judgement_machine(AKAZA)/KFS Image V1.0) by extensions ['ros']
[0.176s] Level 1:colcon.colcon_core.package_identification:_identify(KFS_judgement_machines/KFS_judgement_machine(AKAZA)/KFS Image V1.0) by extension 'ros'
[0.176s] Level 1:colcon.colcon_core.package_identification:_identify(KFS_judgement_machines/KFS_judgement_machine(AKAZA)/KFS Image V1.0) by extensions ['cmake', 'python']
[0.176s] Level 1:colcon.colcon_core.package_identification:_identify(KFS_judgement_machines/KFS_judgement_machine(AKAZA)/KFS Image V1.0) by extension 'cmake'
[0.176s] Level 1:colcon.colcon_core.package_identification:_identify(KFS_judgement_machines/KFS_judgement_machine(AKAZA)/KFS Image V1.0) by extension 'python'
[0.176s] Level 1:colcon.colcon_core.package_identification:_identify(KFS_judgement_machines/KFS_judgement_machine(AKAZA)/KFS Image V1.0) by extensions ['python_setup_py']
[0.176s] Level 1:colcon.colcon_core.package_identification:_identify(KFS_judgement_machines/KFS_judgement_machine(AKAZA)/KFS Image V1.0) by extension 'python_setup_py'
[0.177s] Level 1:colcon.colcon_core.package_identification:_identify(aruco_tracker) by extensions ['ignore', 'ignore_ament_install']
[0.177s] Level 1:colcon.colcon_core.package_identification:_identify(aruco_tracker) by extension 'ignore'
[0.177s] Level 1:colcon.colcon_core.package_identification:_identify(aruco_tracker) by extension 'ignore_ament_install'
[0.177s] Level 1:colcon.colcon_core.package_identification:_identify(aruco_tracker) by extensions ['colcon_pkg']
[0.177s] Level 1:colcon.colcon_core.package_identification:_identify(aruco_tracker) by extension 'colcon_pkg'
[0.177s] Level 1:colcon.colcon_core.package_identification:_identify(aruco_tracker) by extensions ['colcon_meta']
[0.177s] Level 1:colcon.colcon_core.package_identification:_identify(aruco_tracker) by extension 'colcon_meta'
[0.177s] Level 1:colcon.colcon_core.package_identification:_identify(aruco_tracker) by extensions ['ros']
[0.177s] Level 1:colcon.colcon_core.package_identification:_identify(aruco_tracker) by extension 'ros'
[0.177s] Level 1:colcon.colcon_core.package_identification:_identify(aruco_tracker) by extensions ['cmake', 'python']
[0.177s] Level 1:colcon.colcon_core.package_identification:_identify(aruco_tracker) by extension 'cmake'
[0.177s] Level 1:colcon.colcon_core.package_identification:_identify(aruco_tracker) by extension 'python'
[0.177s] Level 1:colcon.colcon_core.package_identification:_identify(aruco_tracker) by extensions ['python_setup_py']
[0.177s] Level 1:colcon.colcon_core.package_identification:_identify(aruco_tracker) by extension 'python_setup_py'
[0.177s] Level 1:colcon.colcon_core.package_identification:_identify(build) by extensions ['ignore', 'ignore_ament_install']
[0.177s] Level 1:colcon.colcon_core.package_identification:_identify(build) by extension 'ignore'
[0.177s] Level 1:colcon.colcon_core.package_identification:_identify(build) ignored
[0.177s] Level 1:colcon.colcon_core.package_identification:_identify(example) by extensions ['ignore', 'ignore_ament_install']
[0.177s] Level 1:colcon.colcon_core.package_identification:_identify(example) by extension 'ignore'
[0.177s] Level 1:colcon.colcon_core.package_identification:_identify(example) by extension 'ignore_ament_install'
[0.177s] Level 1:colcon.colcon_core.package_identification:_identify(example) by extensions ['colcon_pkg']
[0.177s] Level 1:colcon.colcon_core.package_identification:_identify(example) by extension 'colcon_pkg'
[0.178s] Level 1:colcon.colcon_core.package_identification:_identify(example) by extensions ['colcon_meta']
[0.178s] Level 1:colcon.colcon_core.package_identification:_identify(example) by extension 'colcon_meta'
[0.178s] Level 1:colcon.colcon_core.package_identification:_identify(example) by extensions ['ros']
[0.178s] Level 1:colcon.colcon_core.package_identification:_identify(example) by extension 'ros'
[0.180s] DEBUG:colcon.colcon_core.package_identification:Package 'example' with type 'ros.ament_cmake' and name 'example'
[0.181s] Level 1:colcon.colcon_core.package_identification:_identify(install) by extensions ['ignore', 'ignore_ament_install']
[0.181s] Level 1:colcon.colcon_core.package_identification:_identify(install) by extension 'ignore'
[0.181s] Level 1:colcon.colcon_core.package_identification:_identify(install) ignored
[0.181s] Level 1:colcon.colcon_core.package_identification:_identify(log) by extensions ['ignore', 'ignore_ament_install']
[0.181s] Level 1:colcon.colcon_core.package_identification:_identify(log) by extension 'ignore'
[0.181s] Level 1:colcon.colcon_core.package_identification:_identify(log) ignored
[0.181s] Level 1:colcon.colcon_core.package_identification:_identify(microcontroller-ws) by extensions ['ignore', 'ignore_ament_install']
[0.181s] Level 1:colcon.colcon_core.package_identification:_identify(microcontroller-ws) by extension 'ignore'
[0.181s] Level 1:colcon.colcon_core.package_identification:_identify(microcontroller-ws) by extension 'ignore_ament_install'
[0.181s] Level 1:colcon.colcon_core.package_identification:_identify(microcontroller-ws) by extensions ['colcon_pkg']
[0.181s] Level 1:colcon.colcon_core.package_identification:_identify(microcontroller-ws) by extension 'colcon_pkg'
[0.181s] Level 1:colcon.colcon_core.package_identification:_identify(microcontroller-ws) by extensions ['colcon_meta']
[0.181s] Level 1:colcon.colcon_core.package_identification:_identify(microcontroller-ws) by extension 'colcon_meta'
[0.181s] Level 1:colcon.colcon_core.package_identification:_identify(microcontroller-ws) by extensions ['ros']
[0.181s] Level 1:colcon.colcon_core.package_identification:_identify(microcontroller-ws) by extension 'ros'
[0.181s] Level 1:colcon.colcon_core.package_identification:_identify(microcontroller-ws) by extensions ['cmake', 'python']
[0.181s] Level 1:colcon.colcon_core.package_identification:_identify(microcontroller-ws) by extension 'cmake'
[0.182s] Level 1:colcon.colcon_core.package_identification:_identify(microcontroller-ws) by extension 'python'
[0.182s] Level 1:colcon.colcon_core.package_identification:_identify(microcontroller-ws) by extensions ['python_setup_py']
[0.182s] Level 1:colcon.colcon_core.package_identification:_identify(microcontroller-ws) by extension 'python_setup_py'
[0.182s] Level 1:colcon.colcon_core.package_identification:_identify(nr26_behavior_tree) by extensions ['ignore', 'ignore_ament_install']
[0.182s] Level 1:colcon.colcon_core.package_identification:_identify(nr26_behavior_tree) by extension 'ignore'
[0.182s] Level 1:colcon.colcon_core.package_identification:_identify(nr26_behavior_tree) by extension 'ignore_ament_install'
[0.182s] Level 1:colcon.colcon_core.package_identification:_identify(nr26_behavior_tree) by extensions ['colcon_pkg']
[0.182s] Level 1:colcon.colcon_core.package_identification:_identify(nr26_behavior_tree) by extension 'colcon_pkg'
[0.182s] Level 1:colcon.colcon_core.package_identification:_identify(nr26_behavior_tree) by extensions ['colcon_meta']
[0.182s] Level 1:colcon.colcon_core.package_identification:_identify(nr26_behavior_tree) by extension 'colcon_meta'
[0.182s] Level 1:colcon.colcon_core.package_identification:_identify(nr26_behavior_tree) by extensions ['ros']
[0.182s] Level 1:colcon.colcon_core.package_identification:_identify(nr26_behavior_tree) by extension 'ros'
[0.183s] DEBUG:colcon.colcon_core.package_identification:Package 'nr26_behavior_tree' with type 'ros.ament_cmake' and name 'nr26_behavior_tree'
[0.183s] Level 1:colcon.colcon_core.package_identification:_identify(nr26_r1_hw_ctrl) by extensions ['ignore', 'ignore_ament_install']
[0.183s] Level 1:colcon.colcon_core.package_identification:_identify(nr26_r1_hw_ctrl) by extension 'ignore'
[0.183s] Level 1:colcon.colcon_core.package_identification:_identify(nr26_r1_hw_ctrl) by extension 'ignore_ament_install'
[0.183s] Level 1:colcon.colcon_core.package_identification:_identify(nr26_r1_hw_ctrl) by extensions ['colcon_pkg']
[0.183s] Level 1:colcon.colcon_core.package_identification:_identify(nr26_r1_hw_ctrl) by extension 'colcon_pkg'
[0.183s] Level 1:colcon.colcon_core.package_identification:_identify(nr26_r1_hw_ctrl) by extensions ['colcon_meta']
[0.183s] Level 1:colcon.colcon_core.package_identification:_identify(nr26_r1_hw_ctrl) by extension 'colcon_meta'
[0.183s] Level 1:colcon.colcon_core.package_identification:_identify(nr26_r1_hw_ctrl) by extensions ['ros']
[0.183s] Level 1:colcon.colcon_core.package_identification:_identify(nr26_r1_hw_ctrl) by extension 'ros'
[0.184s] DEBUG:colcon.colcon_core.package_identification:Package 'nr26_r1_hw_ctrl' with type 'ros.ament_cmake' and name 'nr26_r1_hw_ctrl'
[0.184s] Level 1:colcon.colcon_core.package_identification:_identify(nr26_r2_hw_ctrl) by extensions ['ignore', 'ignore_ament_install']
[0.184s] Level 1:colcon.colcon_core.package_identification:_identify(nr26_r2_hw_ctrl) by extension 'ignore'
[0.184s] Level 1:colcon.colcon_core.package_identification:_identify(nr26_r2_hw_ctrl) by extension 'ignore_ament_install'
[0.184s] Level 1:colcon.colcon_core.package_identification:_identify(nr26_r2_hw_ctrl) by extensions ['colcon_pkg']
[0.184s] Level 1:colcon.colcon_core.package_identification:_identify(nr26_r2_hw_ctrl) by extension 'colcon_pkg'
[0.184s] Level 1:colcon.colcon_core.package_identification:_identify(nr26_r2_hw_ctrl) by extensions ['colcon_meta']
[0.184s] Level 1:colcon.colcon_core.package_identification:_identify(nr26_r2_hw_ctrl) by extension 'colcon_meta'
[0.184s] Level 1:colcon.colcon_core.package_identification:_identify(nr26_r2_hw_ctrl) by extensions ['ros']
[0.184s] Level 1:colcon.colcon_core.package_identification:_identify(nr26_r2_hw_ctrl) by extension 'ros'
[0.185s] DEBUG:colcon.colcon_core.package_identification:Package 'nr26_r2_hw_ctrl' with type 'ros.ament_cmake' and name 'nr26_r2_hw_ctrl'
[0.185s] Level 1:colcon.colcon_core.package_identification:_identify(path_finding) by extensions ['ignore', 'ignore_ament_install']
[0.185s] Level 1:colcon.colcon_core.package_identification:_identify(path_finding) by extension 'ignore'
[0.185s] Level 1:colcon.colcon_core.package_identification:_identify(path_finding) by extension 'ignore_ament_install'
[0.185s] Level 1:colcon.colcon_core.package_identification:_identify(path_finding) by extensions ['colcon_pkg']
[0.185s] Level 1:colcon.colcon_core.package_identification:_identify(path_finding) by extension 'colcon_pkg'
[0.185s] Level 1:colcon.colcon_core.package_identification:_identify(path_finding) by extensions ['colcon_meta']
[0.185s] Level 1:colcon.colcon_core.package_identification:_identify(path_finding) by extension 'colcon_meta'
[0.185s] Level 1:colcon.colcon_core.package_identification:_identify(path_finding) by extensions ['ros']
[0.185s] Level 1:colcon.colcon_core.package_identification:_identify(path_finding) by extension 'ros'
[0.185s] Level 1:colcon.colcon_core.package_identification:_identify(path_finding) by extensions ['cmake', 'python']
[0.185s] Level 1:colcon.colcon_core.package_identification:_identify(path_finding) by extension 'cmake'
[0.185s] Level 1:colcon.colcon_core.package_identification:_identify(path_finding) by extension 'python'
[0.185s] Level 1:colcon.colcon_core.package_identification:_identify(path_finding) by extensions ['python_setup_py']
[0.185s] Level 1:colcon.colcon_core.package_identification:_identify(path_finding) by extension 'python_setup_py'
[0.185s] Level 1:colcon.colcon_core.package_identification:_identify(path_finding/cpp_path_finding) by extensions ['ignore', 'ignore_ament_install']
[0.186s] Level 1:colcon.colcon_core.package_identification:_identify(path_finding/cpp_path_finding) by extension 'ignore'
[0.186s] Level 1:colcon.colcon_core.package_identification:_identify(path_finding/cpp_path_finding) by extension 'ignore_ament_install'
[0.186s] Level 1:colcon.colcon_core.package_identification:_identify(path_finding/cpp_path_finding) by extensions ['colcon_pkg']
[0.186s] Level 1:colcon.colcon_core.package_identification:_identify(path_finding/cpp_path_finding) by extension 'colcon_pkg'
[0.186s] Level 1:colcon.colcon_core.package_identification:_identify(path_finding/cpp_path_finding) by extensions ['colcon_meta']
[0.186s] Level 1:colcon.colcon_core.package_identification:_identify(path_finding/cpp_path_finding) by extension 'colcon_meta'
[0.186s] Level 1:colcon.colcon_core.package_identification:_identify(path_finding/cpp_path_finding) by extensions ['ros']
[0.186s] Level 1:colcon.colcon_core.package_identification:_identify(path_finding/cpp_path_finding) by extension 'ros'
[0.186s] Level 1:colcon.colcon_core.package_identification:_identify(path_finding/cpp_path_finding) by extensions ['cmake', 'python']
[0.186s] Level 1:colcon.colcon_core.package_identification:_identify(path_finding/cpp_path_finding) by extension 'cmake'
[0.186s] Level 1:colcon.colcon_core.package_identification:_identify(path_finding/cpp_path_finding) by extension 'python'
[0.186s] Level 1:colcon.colcon_core.package_identification:_identify(path_finding/cpp_path_finding) by extensions ['python_setup_py']
[0.186s] Level 1:colcon.colcon_core.package_identification:_identify(path_finding/cpp_path_finding) by extension 'python_setup_py'
[0.186s] Level 1:colcon.colcon_core.package_identification:_identify(ros2esp) by extensions ['ignore', 'ignore_ament_install']
[0.186s] Level 1:colcon.colcon_core.package_identification:_identify(ros2esp) by extension 'ignore'
[0.186s] Level 1:colcon.colcon_core.package_identification:_identify(ros2esp) by extension 'ignore_ament_install'
[0.186s] Level 1:colcon.colcon_core.package_identification:_identify(ros2esp) by extensions ['colcon_pkg']
[0.186s] Level 1:colcon.colcon_core.package_identification:_identify(ros2esp) by extension 'colcon_pkg'
[0.186s] Level 1:colcon.colcon_core.package_identification:_identify(ros2esp) by extensions ['colcon_meta']
[0.186s] Level 1:colcon.colcon_core.package_identification:_identify(ros2esp) by extension 'colcon_meta'
[0.186s] Level 1:colcon.colcon_core.package_identification:_identify(ros2esp) by extensions ['ros']
[0.186s] Level 1:colcon.colcon_core.package_identification:_identify(ros2esp) by extension 'ros'
[0.188s] DEBUG:colcon.colcon_core.package_identification:Package 'ros2esp' with type 'ros.ament_cmake' and name 'ros2esp'
[0.188s] Level 1:colcon.colcon_core.package_identification:_identify(ros2stm) by extensions ['ignore', 'ignore_ament_install']
[0.188s] Level 1:colcon.colcon_core.package_identification:_identify(ros2stm) by extension 'ignore'
[0.188s] Level 1:colcon.colcon_core.package_identification:_identify(ros2stm) by extension 'ignore_ament_install'
[0.188s] Level 1:colcon.colcon_core.package_identification:_identify(ros2stm) by extensions ['colcon_pkg']
[0.188s] Level 1:colcon.colcon_core.package_identification:_identify(ros2stm) by extension 'colcon_pkg'
[0.188s] Level 1:colcon.colcon_core.package_identification:_identify(ros2stm) by extensions ['colcon_meta']
[0.188s] Level 1:colcon.colcon_core.package_identification:_identify(ros2stm) by extension 'colcon_meta'
[0.188s] Level 1:colcon.colcon_core.package_identification:_identify(ros2stm) by extensions ['ros']
[0.188s] Level 1:colcon.colcon_core.package_identification:_identify(ros2stm) by extension 'ros'
[0.189s] DEBUG:colcon.colcon_core.package_identification:Package 'ros2stm' with type 'ros.ament_cmake' and name 'ros2stm'
[0.189s] Level 1:colcon.colcon_core.package_identification:_identify(ros2udp) by extensions ['ignore', 'ignore_ament_install']
[0.189s] Level 1:colcon.colcon_core.package_identification:_identify(ros2udp) by extension 'ignore'
[0.189s] Level 1:colcon.colcon_core.package_identification:_identify(ros2udp) by extension 'ignore_ament_install'
[0.189s] Level 1:colcon.colcon_core.package_identification:_identify(ros2udp) by extensions ['colcon_pkg']
[0.189s] Level 1:colcon.colcon_core.package_identification:_identify(ros2udp) by extension 'colcon_pkg'
[0.189s] Level 1:colcon.colcon_core.package_identification:_identify(ros2udp) by extensions ['colcon_meta']
[0.189s] Level 1:colcon.colcon_core.package_identification:_identify(ros2udp) by extension 'colcon_meta'
[0.189s] Level 1:colcon.colcon_core.package_identification:_identify(ros2udp) by extensions ['ros']
[0.189s] Level 1:colcon.colcon_core.package_identification:_identify(ros2udp) by extension 'ros'
[0.190s] DEBUG:colcon.colcon_core.package_identification:Package 'ros2udp' with type 'ros.ament_cmake' and name 'ros2udp'
[0.190s] Level 1:colcon.colcon_core.package_identification:_identify(serial_bridge) by extensions ['ignore', 'ignore_ament_install']
[0.190s] Level 1:colcon.colcon_core.package_identification:_identify(serial_bridge) by extension 'ignore'
[0.190s] Level 1:colcon.colcon_core.package_identification:_identify(serial_bridge) by extension 'ignore_ament_install'
[0.190s] Level 1:colcon.colcon_core.package_identification:_identify(serial_bridge) by extensions ['colcon_pkg']
[0.190s] Level 1:colcon.colcon_core.package_identification:_identify(serial_bridge) by extension 'colcon_pkg'
[0.190s] Level 1:colcon.colcon_core.package_identification:_identify(serial_bridge) by extensions ['colcon_meta']
[0.190s] Level 1:colcon.colcon_core.package_identification:_identify(serial_bridge) by extension 'colcon_meta'
[0.190s] Level 1:colcon.colcon_core.package_identification:_identify(serial_bridge) by extensions ['ros']
[0.190s] Level 1:colcon.colcon_core.package_identification:_identify(serial_bridge) by extension 'ros'
[0.191s] DEBUG:colcon.colcon_core.package_identification:Package 'serial_bridge' with type 'ros.ament_cmake' and name 'serial_bridge'
[0.191s] Level 1:colcon.colcon_core.package_discovery:discover_packages(recursive) using defaults
[0.191s] Level 1:colcon.colcon_core.package_discovery:discover_packages(ignore) discover
[0.191s] Level 1:colcon.colcon_core.package_discovery:discover_packages(ignore) using defaults
[0.191s] Level 1:colcon.colcon_core.package_discovery:discover_packages(path) discover
[0.191s] Level 1:colcon.colcon_core.package_discovery:discover_packages(path) using defaults
[0.213s] Level 1:colcon.colcon_core.package_discovery:discover_packages(prefix_path) check parameters
[0.213s] Level 1:colcon.colcon_core.package_discovery:discover_packages(prefix_path) discover
[0.215s] DEBUG:colcon.colcon_installed_package_information.package_discovery:Found 10 installed packages in /home/ubuntu/ros2_ws/install
[0.216s] DEBUG:colcon.colcon_installed_package_information.package_discovery:Found 294 installed packages in /opt/ros/jazzy
[0.218s] Level 1:colcon.colcon_core.package_discovery:discover_packages(prefix_path) using defaults
[0.254s] Level 5:colcon.colcon_core.verb:set package 'example' build argument 'cmake_args' from command line to 'None'
[0.254s] Level 5:colcon.colcon_core.verb:set package 'example' build argument 'cmake_target' from command line to 'None'
[0.254s] Level 5:colcon.colcon_core.verb:set package 'example' build argument 'cmake_target_skip_unavailable' from command line to 'False'
[0.254s] Level 5:colcon.colcon_core.verb:set package 'example' build argument 'cmake_clean_cache' from command line to 'False'
[0.254s] Level 5:colcon.colcon_core.verb:set package 'example' build argument 'cmake_clean_first' from command line to 'False'
[0.254s] Level 5:colcon.colcon_core.verb:set package 'example' build argument 'cmake_force_configure' from command line to 'False'
[0.254s] Level 5:colcon.colcon_core.verb:set package 'example' build argument 'ament_cmake_args' from command line to 'None'
[0.254s] Level 5:colcon.colcon_core.verb:set package 'example' build argument 'catkin_cmake_args' from command line to 'None'
[0.254s] Level 5:colcon.colcon_core.verb:set package 'example' build argument 'catkin_skip_building_tests' from command line to 'False'
[0.254s] DEBUG:colcon.colcon_core.verb:Building package 'example' with the following arguments: {'ament_cmake_args': None, 'build_base': '/home/ubuntu/rrst-ros2-ws/build/example', 'catkin_cmake_args': None, 'catkin_skip_building_tests': False, 'cmake_args': None, 'cmake_clean_cache': False, 'cmake_clean_first': False, 'cmake_force_configure': False, 'cmake_target': None, 'cmake_target_skip_unavailable': False, 'install_base': '/home/ubuntu/rrst-ros2-ws/install/example', 'merge_install': False, 'path': '/home/ubuntu/rrst-ros2-ws/example', 'symlink_install': False, 'test_result_base': None}
[0.255s] Level 5:colcon.colcon_core.verb:set package 'nr26_behavior_tree' build argument 'cmake_args' from command line to 'None'
[0.255s] Level 5:colcon.colcon_core.verb:set package 'nr26_behavior_tree' build argument 'cmake_target' from command line to 'None'
[0.255s] Level 5:colcon.colcon_core.verb:set package 'nr26_behavior_tree' build argument 'cmake_target_skip_unavailable' from command line to 'False'
[0.255s] Level 5:colcon.colcon_core.verb:set package 'nr26_behavior_tree' build argument 'cmake_clean_cache' from command line to 'False'
[0.255s] Level 5:colcon.colcon_core.verb:set package 'nr26_behavior_tree' build argument 'cmake_clean_first' from command line to 'False'
[0.255s] Level 5:colcon.colcon_core.verb:set package 'nr26_behavior_tree' build argument 'cmake_force_configure' from command line to 'False'
[0.255s] Level 5:colcon.colcon_core.verb:set package 'nr26_behavior_tree' build argument 'ament_cmake_args' from command line to 'None'
[0.255s] Level 5:colcon.colcon_core.verb:set package 'nr26_behavior_tree' build argument 'catkin_cmake_args' from command line to 'None'
[0.255s] Level 5:colcon.colcon_core.verb:set package 'nr26_behavior_tree' build argument 'catkin_skip_building_tests' from command line to 'False'
[0.255s] DEBUG:colcon.colcon_core.verb:Building package 'nr26_behavior_tree' with the following arguments: {'ament_cmake_args': None, 'build_base': '/home/ubuntu/rrst-ros2-ws/build/nr26_behavior_tree', 'catkin_cmake_args': None, 'catkin_skip_building_tests': False, 'cmake_args': None, 'cmake_clean_cache': False, 'cmake_clean_first': False, 'cmake_force_configure': False, 'cmake_target': None, 'cmake_target_skip_unavailable': False, 'install_base': '/home/ubuntu/rrst-ros2-ws/install/nr26_behavior_tree', 'merge_install': False, 'path': '/home/ubuntu/rrst-ros2-ws/nr26_behavior_tree', 'symlink_install': False, 'test_result_base': None}
[0.255s] Level 5:colcon.colcon_core.verb:set package 'nr26_r1_hw_ctrl' build argument 'cmake_args' from command line to 'None'
[0.255s] Level 5:colcon.colcon_core.verb:set package 'nr26_r1_hw_ctrl' build argument 'cmake_target' from command line to 'None'
[0.255s] Level 5:colcon.colcon_core.verb:set package 'nr26_r1_hw_ctrl' build argument 'cmake_target_skip_unavailable' from command line to 'False'
[0.255s] Level 5:colcon.colcon_core.verb:set package 'nr26_r1_hw_ctrl' build argument 'cmake_clean_cache' from command line to 'False'
[0.255s] Level 5:colcon.colcon_core.verb:set package 'nr26_r1_hw_ctrl' build argument 'cmake_clean_first' from command line to 'False'
[0.255s] Level 5:colcon.colcon_core.verb:set package 'nr26_r1_hw_ctrl' build argument 'cmake_force_configure' from command line to 'False'
[0.255s] Level 5:colcon.colcon_core.verb:set package 'nr26_r1_hw_ctrl' build argument 'ament_cmake_args' from command line to 'None'
[0.255s] Level 5:colcon.colcon_core.verb:set package 'nr26_r1_hw_ctrl' build argument 'catkin_cmake_args' from command line to 'None'
[0.255s] Level 5:colcon.colcon_core.verb:set package 'nr26_r1_hw_ctrl' build argument 'catkin_skip_building_tests' from command line to 'False'
[0.255s] DEBUG:colcon.colcon_core.verb:Building package 'nr26_r1_hw_ctrl' with the following arguments: {'ament_cmake_args': None, 'build_base': '/home/ubuntu/rrst-ros2-ws/build/nr26_r1_hw_ctrl', 'catkin_cmake_args': None, 'catkin_skip_building_tests': False, 'cmake_args': None, 'cmake_clean_cache': False, 'cmake_clean_first': False, 'cmake_force_configure': False, 'cmake_target': None, 'cmake_target_skip_unavailable': False, 'install_base': '/home/ubuntu/rrst-ros2-ws/install/nr26_r1_hw_ctrl', 'merge_install': False, 'path': '/home/ubuntu/rrst-ros2-ws/nr26_r1_hw_ctrl', 'symlink_install': False, 'test_result_base': None}
[0.255s] Level 5:colcon.colcon_core.verb:set package 'nr26_r2_hw_ctrl' build argument 'cmake_args' from command line to 'None'
[0.255s] Level 5:colcon.colcon_core.verb:set package 'nr26_r2_hw_ctrl' build argument 'cmake_target' from command line to 'None'
[0.256s] Level 5:colcon.colcon_core.verb:set package 'nr26_r2_hw_ctrl' build argument 'cmake_target_skip_unavailable' from command line to 'False'
[0.256s] Level 5:colcon.colcon_core.verb:set package 'nr26_r2_hw_ctrl' build argument 'cmake_clean_cache' from command line to 'False'
[0.256s] Level 5:colcon.colcon_core.verb:set package 'nr26_r2_hw_ctrl' build argument 'cmake_clean_first' from command line to 'False'
[0.256s] Level 5:colcon.colcon_core.verb:set package 'nr26_r2_hw_ctrl' build argument 'cmake_force_configure' from command line to 'False'
[0.256s] Level 5:colcon.colcon_core.verb:set package 'nr26_r2_hw_ctrl' build argument 'ament_cmake_args' from command line to 'None'
[0.256s] Level 5:colcon.colcon_core.verb:set package 'nr26_r2_hw_ctrl' build argument 'catkin_cmake_args' from command line to 'None'
[0.256s] Level 5:colcon.colcon_core.verb:set package 'nr26_r2_hw_ctrl' build argument 'catkin_skip_building_tests' from command line to 'False'
[0.256s] DEBUG:colcon.colcon_core.verb:Building package 'nr26_r2_hw_ctrl' with the following arguments: {'ament_cmake_args': None, 'build_base': '/home/ubuntu/rrst-ros2-ws/build/nr26_r2_hw_ctrl', 'catkin_cmake_args': None, 'catkin_skip_building_tests': False, 'cmake_args': None, 'cmake_clean_cache': False, 'cmake_clean_first': False, 'cmake_force_configure': False, 'cmake_target': None, 'cmake_target_skip_unavailable': False, 'install_base': '/home/ubuntu/rrst-ros2-ws/install/nr26_r2_hw_ctrl', 'merge_install': False, 'path': '/home/ubuntu/rrst-ros2-ws/nr26_r2_hw_ctrl', 'symlink_install': False, 'test_result_base': None}
[0.256s] Level 5:colcon.colcon_core.verb:set package 'ros2esp' build argument 'cmake_args' from command line to 'None'
[0.256s] Level 5:colcon.colcon_core.verb:set package 'ros2esp' build argument 'cmake_target' from command line to 'None'
[0.256s] Level 5:colcon.colcon_core.verb:set package 'ros2esp' build argument 'cmake_target_skip_unavailable' from command line to 'False'
[0.256s] Level 5:colcon.colcon_core.verb:set package 'ros2esp' build argument 'cmake_clean_cache' from command line to 'False'
[0.256s] Level 5:colcon.colcon_core.verb:set package 'ros2esp' build argument 'cmake_clean_first' from command line to 'False'
[0.256s] Level 5:colcon.colcon_core.verb:set package 'ros2esp' build argument 'cmake_force_configure' from command line to 'False'
[0.256s] Level 5:colcon.colcon_core.verb:set package 'ros2esp' build argument 'ament_cmake_args' from command line to 'None'
[0.256s] Level 5:colcon.colcon_core.verb:set package 'ros2esp' build argument 'catkin_cmake_args' from command line to 'None'
[0.256s] Level 5:colcon.colcon_core.verb:set package 'ros2esp' build argument 'catkin_skip_building_tests' from command line to 'False'
[0.256s] DEBUG:colcon.colcon_core.verb:Building package 'ros2esp' with the following arguments: {'ament_cmake_args': None, 'build_base': '/home/ubuntu/rrst-ros2-ws/build/ros2esp', 'catkin_cmake_args': None, 'catkin_skip_building_tests': False, 'cmake_args': None, 'cmake_clean_cache': False, 'cmake_clean_first': False, 'cmake_force_configure': False, 'cmake_target': None, 'cmake_target_skip_unavailable': False, 'install_base': '/home/ubuntu/rrst-ros2-ws/install/ros2esp', 'merge_install': False, 'path': '/home/ubuntu/rrst-ros2-ws/ros2esp', 'symlink_install': False, 'test_result_base': None}
[0.256s] Level 5:colcon.colcon_core.verb:set package 'ros2stm' build argument 'cmake_args' from command line to 'None'
[0.256s] Level 5:colcon.colcon_core.verb:set package 'ros2stm' build argument 'cmake_target' from command line to 'None'
[0.256s] Level 5:colcon.colcon_core.verb:set package 'ros2stm' build argument 'cmake_target_skip_unavailable' from command line to 'False'
[0.256s] Level 5:colcon.colcon_core.verb:set package 'ros2stm' build argument 'cmake_clean_cache' from command line to 'False'
[0.256s] Level 5:colcon.colcon_core.verb:set package 'ros2stm' build argument 'cmake_clean_first' from command line to 'False'
[0.256s] Level 5:colcon.colcon_core.verb:set package 'ros2stm' build argument 'cmake_force_configure' from command line to 'False'
[0.256s] Level 5:colcon.colcon_core.verb:set package 'ros2stm' build argument 'ament_cmake_args' from command line to 'None'
[0.256s] Level 5:colcon.colcon_core.verb:set package 'ros2stm' build argument 'catkin_cmake_args' from command line to 'None'
[0.256s] Level 5:colcon.colcon_core.verb:set package 'ros2stm' build argument 'catkin_skip_building_tests' from command line to 'False'
[0.256s] DEBUG:colcon.colcon_core.verb:Building package 'ros2stm' with the following arguments: {'ament_cmake_args': None, 'build_base': '/home/ubuntu/rrst-ros2-ws/build/ros2stm', 'catkin_cmake_args': None, 'catkin_skip_building_tests': False, 'cmake_args': None, 'cmake_clean_cache': False, 'cmake_clean_first': False, 'cmake_force_configure': False, 'cmake_target': None, 'cmake_target_skip_unavailable': False, 'install_base': '/home/ubuntu/rrst-ros2-ws/install/ros2stm', 'merge_install': False, 'path': '/home/ubuntu/rrst-ros2-ws/ros2stm', 'symlink_install': False, 'test_result_base': None}
[0.257s] Level 5:colcon.colcon_core.verb:set package 'ros2udp' build argument 'cmake_args' from command line to 'None'
[0.257s] Level 5:colcon.colcon_core.verb:set package 'ros2udp' build argument 'cmake_target' from command line to 'None'
[0.257s] Level 5:colcon.colcon_core.verb:set package 'ros2udp' build argument 'cmake_target_skip_unavailable' from command line to 'False'
[0.257s] Level 5:colcon.colcon_core.verb:set package 'ros2udp' build argument 'cmake_clean_cache' from command line to 'False'
[0.257s] Level 5:colcon.colcon_core.verb:set package 'ros2udp' build argument 'cmake_clean_first' from command line to 'False'
[0.257s] Level 5:colcon.colcon_core.verb:set package 'ros2udp' build argument 'cmake_force_configure' from command line to 'False'
[0.257s] Level 5:colcon.colcon_core.verb:set package 'ros2udp' build argument 'ament_cmake_args' from command line to 'None'
[0.257s] Level 5:colcon.colcon_core.verb:set package 'ros2udp' build argument 'catkin_cmake_args' from command line to 'None'
[0.257s] Level 5:colcon.colcon_core.verb:set package 'ros2udp' build argument 'catkin_skip_building_tests' from command line to 'False'
[0.257s] DEBUG:colcon.colcon_core.verb:Building package 'ros2udp' with the following arguments: {'ament_cmake_args': None, 'build_base': '/home/ubuntu/rrst-ros2-ws/build/ros2udp', 'catkin_cmake_args': None, 'catkin_skip_building_tests': False, 'cmake_args': None, 'cmake_clean_cache': False, 'cmake_clean_first': False, 'cmake_force_configure': False, 'cmake_target': None, 'cmake_target_skip_unavailable': False, 'install_base': '/home/ubuntu/rrst-ros2-ws/install/ros2udp', 'merge_install': False, 'path': '/home/ubuntu/rrst-ros2-ws/ros2udp', 'symlink_install': False, 'test_result_base': None}
[0.257s] Level 5:colcon.colcon_core.verb:set package 'serial_bridge' build argument 'cmake_args' from command line to 'None'
[0.257s] Level 5:colcon.colcon_core.verb:set package 'serial_bridge' build argument 'cmake_target' from command line to 'None'
[0.257s] Level 5:colcon.colcon_core.verb:set package 'serial_bridge' build argument 'cmake_target_skip_unavailable' from command line to 'False'
[0.257s] Level 5:colcon.colcon_core.verb:set package 'serial_bridge' build argument 'cmake_clean_cache' from command line to 'False'
[0.257s] Level 5:colcon.colcon_core.verb:set package 'serial_bridge' build argument 'cmake_clean_first' from command line to 'False'
[0.257s] Level 5:colcon.colcon_core.verb:set package 'serial_bridge' build argument 'cmake_force_configure' from command line to 'False'
[0.257s] Level 5:colcon.colcon_core.verb:set package 'serial_bridge' build argument 'ament_cmake_args' from command line to 'None'
[0.257s] Level 5:colcon.colcon_core.verb:set package 'serial_bridge' build argument 'catkin_cmake_args' from command line to 'None'
[0.257s] Level 5:colcon.colcon_core.verb:set package 'serial_bridge' build argument 'catkin_skip_building_tests' from command line to 'False'
[0.257s] DEBUG:colcon.colcon_core.verb:Building package 'serial_bridge' with the following arguments: {'ament_cmake_args': None, 'build_base': '/home/ubuntu/rrst-ros2-ws/build/serial_bridge', 'catkin_cmake_args': None, 'catkin_skip_building_tests': False, 'cmake_args': None, 'cmake_clean_cache': False, 'cmake_clean_first': False, 'cmake_force_configure': False, 'cmake_target': None, 'cmake_target_skip_unavailable': False, 'install_base': '/home/ubuntu/rrst-ros2-ws/install/serial_bridge', 'merge_install': False, 'path': '/home/ubuntu/rrst-ros2-ws/serial_bridge', 'symlink_install': False, 'test_result_base': None}
[0.257s] INFO:colcon.colcon_core.executor:Executing jobs using 'parallel' executor
[0.258s] DEBUG:colcon.colcon_parallel_executor.executor.parallel:run_until_complete
[0.259s] INFO:colcon.colcon_ros.task.ament_cmake.build:Building ROS package in '/home/ubuntu/rrst-ros2-ws/example' with build type 'ament_cmake'
[0.259s] INFO:colcon.colcon_cmake.task.cmake.build:Building CMake package in '/home/ubuntu/rrst-ros2-ws/example'
[0.261s] INFO:colcon.colcon_core.plugin_system:Skipping extension 'colcon_core.shell.bat': Not used on non-Windows systems
[0.261s] INFO:colcon.colcon_core.shell:Skip shell extension 'powershell' for command environment: Not usable outside of PowerShell
[0.261s] DEBUG:colcon.colcon_core.shell:Skip shell extension 'dsv' for command environment
[0.266s] INFO:colcon.colcon_ros.task.ament_cmake.build:Building ROS package in '/home/ubuntu/rrst-ros2-ws/nr26_behavior_tree' with build type 'ament_cmake'
[0.266s] INFO:colcon.colcon_cmake.task.cmake.build:Building CMake package in '/home/ubuntu/rrst-ros2-ws/nr26_behavior_tree'
[0.266s] INFO:colcon.colcon_core.shell:Skip shell extension 'powershell' for command environment: Not usable outside of PowerShell
[0.266s] DEBUG:colcon.colcon_core.shell:Skip shell extension 'dsv' for command environment
[0.270s] INFO:colcon.colcon_ros.task.ament_cmake.build:Building ROS package in '/home/ubuntu/rrst-ros2-ws/nr26_r1_hw_ctrl' with build type 'ament_cmake'
[0.271s] INFO:colcon.colcon_cmake.task.cmake.build:Building CMake package in '/home/ubuntu/rrst-ros2-ws/nr26_r1_hw_ctrl'
[0.271s] INFO:colcon.colcon_core.shell:Skip shell extension 'powershell' for command environment: Not usable outside of PowerShell
[0.271s] DEBUG:colcon.colcon_core.shell:Skip shell extension 'dsv' for command environment
[0.275s] INFO:colcon.colcon_ros.task.ament_cmake.build:Building ROS package in '/home/ubuntu/rrst-ros2-ws/nr26_r2_hw_ctrl' with build type 'ament_cmake'
[0.275s] INFO:colcon.colcon_cmake.task.cmake.build:Building CMake package in '/home/ubuntu/rrst-ros2-ws/nr26_r2_hw_ctrl'
[0.275s] INFO:colcon.colcon_core.shell:Skip shell extension 'powershell' for command environment: Not usable outside of PowerShell
[0.276s] DEBUG:colcon.colcon_core.shell:Skip shell extension 'dsv' for command environment
[0.279s] INFO:colcon.colcon_ros.task.ament_cmake.build:Building ROS package in '/home/ubuntu/rrst-ros2-ws/ros2esp' with build type 'ament_cmake'
[0.279s] INFO:colcon.colcon_cmake.task.cmake.build:Building CMake package in '/home/ubuntu/rrst-ros2-ws/ros2esp'
[0.280s] INFO:colcon.colcon_core.shell:Skip shell extension 'powershell' for command environment: Not usable outside of PowerShell
[0.280s] DEBUG:colcon.colcon_core.shell:Skip shell extension 'dsv' for command environment
[0.283s] INFO:colcon.colcon_ros.task.ament_cmake.build:Building ROS package in '/home/ubuntu/rrst-ros2-ws/ros2stm' with build type 'ament_cmake'
[0.283s] INFO:colcon.colcon_cmake.task.cmake.build:Building CMake package in '/home/ubuntu/rrst-ros2-ws/ros2stm'
[0.283s] INFO:colcon.colcon_core.shell:Skip shell extension 'powershell' for command environment: Not usable outside of PowerShell
[0.283s] DEBUG:colcon.colcon_core.shell:Skip shell extension 'dsv' for command environment
[0.287s] INFO:colcon.colcon_ros.task.ament_cmake.build:Building ROS package in '/home/ubuntu/rrst-ros2-ws/ros2udp' with build type 'ament_cmake'
[0.287s] INFO:colcon.colcon_cmake.task.cmake.build:Building CMake package in '/home/ubuntu/rrst-ros2-ws/ros2udp'
[0.287s] INFO:colcon.colcon_core.shell:Skip shell extension 'powershell' for command environment: Not usable outside of PowerShell
[0.287s] DEBUG:colcon.colcon_core.shell:Skip shell extension 'dsv' for command environment
[0.291s] INFO:colcon.colcon_ros.task.ament_cmake.build:Building ROS package in '/home/ubuntu/rrst-ros2-ws/serial_bridge' with build type 'ament_cmake'
[0.291s] INFO:colcon.colcon_cmake.task.cmake.build:Building CMake package in '/home/ubuntu/rrst-ros2-ws/serial_bridge'
[0.291s] INFO:colcon.colcon_core.shell:Skip shell extension 'powershell' for command environment: Not usable outside of PowerShell
[0.291s] DEBUG:colcon.colcon_core.shell:Skip shell extension 'dsv' for command environment
[0.300s] DEBUG:colcon.colcon_core.event_handler.log_command:Invoking command in '/home/ubuntu/rrst-ros2-ws/build/example': CMAKE_PREFIX_PATH=${CMAKE_PREFIX_PATH}:/opt/ros/jazzy DEBUGINFOD_URLS=https://debuginfod.ubuntu.com /usr/bin/cmake --build /home/ubuntu/rrst-ros2-ws/build/example -- -j12 -l12
[0.304s] DEBUG:colcon.colcon_core.event_handler.log_command:Invoking command in '/home/ubuntu/rrst-ros2-ws/build/nr26_behavior_tree': CMAKE_PREFIX_PATH=${CMAKE_PREFIX_PATH}:/opt/ros/jazzy DEBUGINFOD_URLS=https://debuginfod.ubuntu.com /usr/bin/cmake --build /home/ubuntu/rrst-ros2-ws/build/nr26_behavior_tree -- -j12 -l12
[0.306s] DEBUG:colcon.colcon_core.event_handler.log_command:Invoking command in '/home/ubuntu/rrst-ros2-ws/build/nr26_r1_hw_ctrl': CMAKE_PREFIX_PATH=${CMAKE_PREFIX_PATH}:/opt/ros/jazzy DEBUGINFOD_URLS=https://debuginfod.ubuntu.com /usr/bin/cmake --build /home/ubuntu/rrst-ros2-ws/build/nr26_r1_hw_ctrl -- -j12 -l12
[0.309s] DEBUG:colcon.colcon_core.event_handler.log_command:Invoking command in '/home/ubuntu/rrst-ros2-ws/build/nr26_r2_hw_ctrl': CMAKE_PREFIX_PATH=${CMAKE_PREFIX_PATH}:/opt/ros/jazzy DEBUGINFOD_URLS=https://debuginfod.ubuntu.com /usr/bin/cmake --build /home/ubuntu/rrst-ros2-ws/build/nr26_r2_hw_ctrl -- -j12 -l12
[0.312s] DEBUG:colcon.colcon_core.event_handler.log_command:Invoking command in '/home/ubuntu/rrst-ros2-ws/build/ros2esp': CMAKE_PREFIX_PATH=${CMAKE_PREFIX_PATH}:/opt/ros/jazzy DEBUGINFOD_URLS=https://debuginfod.ubuntu.com /usr/bin/cmake --build /home/ubuntu/rrst-ros2-ws/build/ros2esp -- -j12 -l12
[0.316s] DEBUG:colcon.colcon_core.event_handler.log_command:Invoking command in '/home/ubuntu/rrst-ros2-ws/build/ros2stm': CMAKE_PREFIX_PATH=${CMAKE_PREFIX_PATH}:/opt/ros/jazzy DEBUGINFOD_URLS=https://debuginfod.ubuntu.com /usr/bin/cmake --build /home/ubuntu/rrst-ros2-ws/build/ros2stm -- -j12 -l12
[0.321s] DEBUG:colcon.colcon_core.event_handler.log_command:Invoking command in '/home/ubuntu/rrst-ros2-ws/build/ros2udp': CMAKE_PREFIX_PATH=${CMAKE_PREFIX_PATH}:/opt/ros/jazzy DEBUGINFOD_URLS=https://debuginfod.ubuntu.com /usr/bin/cmake --build /home/ubuntu/rrst-ros2-ws/build/ros2udp -- -j12 -l12
[0.340s] DEBUG:colcon.colcon_core.event_handler.log_command:Invoking command in '/home/ubuntu/rrst-ros2-ws/build/serial_bridge': CMAKE_PREFIX_PATH=${CMAKE_PREFIX_PATH}:/opt/ros/jazzy DEBUGINFOD_URLS=https://debuginfod.ubuntu.com /usr/bin/cmake --build /home/ubuntu/rrst-ros2-ws/build/serial_bridge -- -j12 -l12
[0.408s] DEBUG:colcon.colcon_core.event_handler.log_command:Invoked command in '/home/ubuntu/rrst-ros2-ws/build/nr26_behavior_tree' returned '0': CMAKE_PREFIX_PATH=${CMAKE_PREFIX_PATH}:/opt/ros/jazzy DEBUGINFOD_URLS=https://debuginfod.ubuntu.com /usr/bin/cmake --build /home/ubuntu/rrst-ros2-ws/build/nr26_behavior_tree -- -j12 -l12
[0.466s] DEBUG:colcon.colcon_core.event_handler.log_command:Invoking command in '/home/ubuntu/rrst-ros2-ws/build/nr26_behavior_tree': CMAKE_PREFIX_PATH=${CMAKE_PREFIX_PATH}:/opt/ros/jazzy DEBUGINFOD_URLS=https://debuginfod.ubuntu.com /usr/bin/cmake --install /home/ubuntu/rrst-ros2-ws/build/nr26_behavior_tree
[0.526s] Level 1:colcon.colcon_core.environment:create_environment_scripts_only(nr26_behavior_tree)
[0.533s] DEBUG:colcon.colcon_core.event_handler.log_command:Invoked command in '/home/ubuntu/rrst-ros2-ws/build/nr26_behavior_tree' returned '0': CMAKE_PREFIX_PATH=${CMAKE_PREFIX_PATH}:/opt/ros/jazzy DEBUGINFOD_URLS=https://debuginfod.ubuntu.com /usr/bin/cmake --install /home/ubuntu/rrst-ros2-ws/build/nr26_behavior_tree
[0.539s] Level 1:colcon.colcon_core.environment:checking '/home/ubuntu/rrst-ros2-ws/install/nr26_behavior_tree' for CMake module files
[0.540s] Level 1:colcon.colcon_core.environment:checking '/home/ubuntu/rrst-ros2-ws/install/nr26_behavior_tree' for CMake config files
[0.541s] Level 1:colcon.colcon_core.shell:create_environment_hook('nr26_behavior_tree', 'cmake_prefix_path')
[0.541s] INFO:colcon.colcon_core.shell:Creating environment hook '/home/ubuntu/rrst-ros2-ws/install/nr26_behavior_tree/share/nr26_behavior_tree/hook/cmake_prefix_path.ps1'
[0.542s] INFO:colcon.colcon_core.shell:Creating environment descriptor '/home/ubuntu/rrst-ros2-ws/install/nr26_behavior_tree/share/nr26_behavior_tree/hook/cmake_prefix_path.dsv'
[0.543s] INFO:colcon.colcon_core.shell:Creating environment hook '/home/ubuntu/rrst-ros2-ws/install/nr26_behavior_tree/share/nr26_behavior_tree/hook/cmake_prefix_path.sh'
[0.545s] Level 1:colcon.colcon_core.environment:checking '/home/ubuntu/rrst-ros2-ws/install/nr26_behavior_tree/bin'
[0.545s] Level 1:colcon.colcon_core.environment:checking '/home/ubuntu/rrst-ros2-ws/install/nr26_behavior_tree/lib/pkgconfig/nr26_behavior_tree.pc'
[0.545s] Level 1:colcon.colcon_core.environment:checking '/home/ubuntu/rrst-ros2-ws/install/nr26_behavior_tree/lib/python3.12/site-packages'
[0.546s] Level 1:colcon.colcon_core.environment:checking '/home/ubuntu/rrst-ros2-ws/install/nr26_behavior_tree/bin'
[0.546s] INFO:colcon.colcon_core.shell:Creating package script '/home/ubuntu/rrst-ros2-ws/install/nr26_behavior_tree/share/nr26_behavior_tree/package.ps1'
[0.548s] INFO:colcon.colcon_core.shell:Creating package descriptor '/home/ubuntu/rrst-ros2-ws/install/nr26_behavior_tree/share/nr26_behavior_tree/package.dsv'
[0.551s] INFO:colcon.colcon_core.shell:Creating package script '/home/ubuntu/rrst-ros2-ws/install/nr26_behavior_tree/share/nr26_behavior_tree/package.sh'
[0.553s] INFO:colcon.colcon_core.shell:Creating package script '/home/ubuntu/rrst-ros2-ws/install/nr26_behavior_tree/share/nr26_behavior_tree/package.bash'
[0.554s] INFO:colcon.colcon_core.shell:Creating package script '/home/ubuntu/rrst-ros2-ws/install/nr26_behavior_tree/share/nr26_behavior_tree/package.zsh'
[0.555s] Level 1:colcon.colcon_core.environment:create_file_with_runtime_dependencies(/home/ubuntu/rrst-ros2-ws/install/nr26_behavior_tree/share/colcon-core/packages/nr26_behavior_tree)
[0.558s] Level 1:colcon.colcon_core.environment:create_environment_scripts_only(nr26_behavior_tree)
[0.558s] Level 1:colcon.colcon_core.environment:checking '/home/ubuntu/rrst-ros2-ws/install/nr26_behavior_tree' for CMake module files
[0.559s] Level 1:colcon.colcon_core.environment:checking '/home/ubuntu/rrst-ros2-ws/install/nr26_behavior_tree' for CMake config files
[0.562s] Level 1:colcon.colcon_core.shell:create_environment_hook('nr26_behavior_tree', 'cmake_prefix_path')
[0.562s] INFO:colcon.colcon_core.shell:Creating environment hook '/home/ubuntu/rrst-ros2-ws/install/nr26_behavior_tree/share/nr26_behavior_tree/hook/cmake_prefix_path.ps1'
[0.565s] INFO:colcon.colcon_core.shell:Creating environment descriptor '/home/ubuntu/rrst-ros2-ws/install/nr26_behavior_tree/share/nr26_behavior_tree/hook/cmake_prefix_path.dsv'
[0.573s] INFO:colcon.colcon_core.shell:Creating environment hook '/home/ubuntu/rrst-ros2-ws/install/nr26_behavior_tree/share/nr26_behavior_tree/hook/cmake_prefix_path.sh'
[0.579s] Level 1:colcon.colcon_core.environment:checking '/home/ubuntu/rrst-ros2-ws/install/nr26_behavior_tree/bin'
[0.579s] Level 1:colcon.colcon_core.environment:checking '/home/ubuntu/rrst-ros2-ws/install/nr26_behavior_tree/lib/pkgconfig/nr26_behavior_tree.pc'
[0.580s] Level 1:colcon.colcon_core.environment:checking '/home/ubuntu/rrst-ros2-ws/install/nr26_behavior_tree/lib/python3.12/site-packages'
[0.581s] Level 1:colcon.colcon_core.environment:checking '/home/ubuntu/rrst-ros2-ws/install/nr26_behavior_tree/bin'
[0.581s] INFO:colcon.colcon_core.shell:Creating package script '/home/ubuntu/rrst-ros2-ws/install/nr26_behavior_tree/share/nr26_behavior_tree/package.ps1'
[0.583s] INFO:colcon.colcon_core.shell:Creating package descriptor '/home/ubuntu/rrst-ros2-ws/install/nr26_behavior_tree/share/nr26_behavior_tree/package.dsv'
[0.585s] INFO:colcon.colcon_core.shell:Creating package script '/home/ubuntu/rrst-ros2-ws/install/nr26_behavior_tree/share/nr26_behavior_tree/package.sh'
[0.587s] INFO:colcon.colcon_core.shell:Creating package script '/home/ubuntu/rrst-ros2-ws/install/nr26_behavior_tree/share/nr26_behavior_tree/package.bash'
[0.590s] INFO:colcon.colcon_core.shell:Creating package script '/home/ubuntu/rrst-ros2-ws/install/nr26_behavior_tree/share/nr26_behavior_tree/package.zsh'
[0.592s] Level 1:colcon.colcon_core.environment:create_file_with_runtime_dependencies(/home/ubuntu/rrst-ros2-ws/install/nr26_behavior_tree/share/colcon-core/packages/nr26_behavior_tree)
[0.604s] DEBUG:colcon.colcon_core.event_handler.log_command:Invoked command in '/home/ubuntu/rrst-ros2-ws/build/ros2stm' returned '0': CMAKE_PREFIX_PATH=${CMAKE_PREFIX_PATH}:/opt/ros/jazzy DEBUGINFOD_URLS=https://debuginfod.ubuntu.com /usr/bin/cmake --build /home/ubuntu/rrst-ros2-ws/build/ros2stm -- -j12 -l12
[0.607s] DEBUG:colcon.colcon_core.event_handler.log_command:Invoking command in '/home/ubuntu/rrst-ros2-ws/build/ros2stm': CMAKE_PREFIX_PATH=${CMAKE_PREFIX_PATH}:/opt/ros/jazzy DEBUGINFOD_URLS=https://debuginfod.ubuntu.com /usr/bin/cmake --install /home/ubuntu/rrst-ros2-ws/build/ros2stm
[0.608s] DEBUG:colcon.colcon_core.event_handler.log_command:Invoked command in '/home/ubuntu/rrst-ros2-ws/build/serial_bridge' returned '0': CMAKE_PREFIX_PATH=${CMAKE_PREFIX_PATH}:/opt/ros/jazzy DEBUGINFOD_URLS=https://debuginfod.ubuntu.com /usr/bin/cmake --build /home/ubuntu/rrst-ros2-ws/build/serial_bridge -- -j12 -l12
[0.612s] DEBUG:colcon.colcon_core.event_handler.log_command:Invoking command in '/home/ubuntu/rrst-ros2-ws/build/serial_bridge': CMAKE_PREFIX_PATH=${CMAKE_PREFIX_PATH}:/opt/ros/jazzy DEBUGINFOD_URLS=https://debuginfod.ubuntu.com /usr/bin/cmake --install /home/ubuntu/rrst-ros2-ws/build/serial_bridge
[0.622s] DEBUG:colcon.colcon_core.event_handler.log_command:Invoked command in '/home/ubuntu/rrst-ros2-ws/build/example' returned '0': CMAKE_PREFIX_PATH=${CMAKE_PREFIX_PATH}:/opt/ros/jazzy DEBUGINFOD_URLS=https://debuginfod.ubuntu.com /usr/bin/cmake --build /home/ubuntu/rrst-ros2-ws/build/example -- -j12 -l12
[0.622s] DEBUG:colcon.colcon_core.event_handler.log_command:Invoking command in '/home/ubuntu/rrst-ros2-ws/build/example': CMAKE_PREFIX_PATH=${CMAKE_PREFIX_PATH}:/opt/ros/jazzy DEBUGINFOD_URLS=https://debuginfod.ubuntu.com /usr/bin/cmake --install /home/ubuntu/rrst-ros2-ws/build/example
[0.632s] DEBUG:colcon.colcon_core.event_handler.log_command:Invoked command in '/home/ubuntu/rrst-ros2-ws/build/ros2esp' returned '0': CMAKE_PREFIX_PATH=${CMAKE_PREFIX_PATH}:/opt/ros/jazzy DEBUGINFOD_URLS=https://debuginfod.ubuntu.com /usr/bin/cmake --build /home/ubuntu/rrst-ros2-ws/build/ros2esp -- -j12 -l12
[0.633s] DEBUG:colcon.colcon_core.event_handler.log_command:Invoking command in '/home/ubuntu/rrst-ros2-ws/build/ros2esp': CMAKE_PREFIX_PATH=${CMAKE_PREFIX_PATH}:/opt/ros/jazzy DEBUGINFOD_URLS=https://debuginfod.ubuntu.com /usr/bin/cmake --install /home/ubuntu/rrst-ros2-ws/build/ros2esp
[0.642s] DEBUG:colcon.colcon_core.event_handler.log_command:Invoked command in '/home/ubuntu/rrst-ros2-ws/build/nr26_r2_hw_ctrl' returned '0': CMAKE_PREFIX_PATH=${CMAKE_PREFIX_PATH}:/opt/ros/jazzy DEBUGINFOD_URLS=https://debuginfod.ubuntu.com /usr/bin/cmake --build /home/ubuntu/rrst-ros2-ws/build/nr26_r2_hw_ctrl -- -j12 -l12
[0.643s] DEBUG:colcon.colcon_core.event_handler.log_command:Invoking command in '/home/ubuntu/rrst-ros2-ws/build/nr26_r2_hw_ctrl': CMAKE_PREFIX_PATH=${CMAKE_PREFIX_PATH}:/opt/ros/jazzy DEBUGINFOD_URLS=https://debuginfod.ubuntu.com /usr/bin/cmake --install /home/ubuntu/rrst-ros2-ws/build/nr26_r2_hw_ctrl
[0.650s] Level 1:colcon.colcon_core.environment:create_environment_scripts_only(serial_bridge)
[0.654s] Level 1:colcon.colcon_core.environment:checking '/home/ubuntu/rrst-ros2-ws/install/serial_bridge' for CMake module files
[0.655s] DEBUG:colcon.colcon_core.event_handler.log_command:Invoked command in '/home/ubuntu/rrst-ros2-ws/build/serial_bridge' returned '0': CMAKE_PREFIX_PATH=${CMAKE_PREFIX_PATH}:/opt/ros/jazzy DEBUGINFOD_URLS=https://debuginfod.ubuntu.com /usr/bin/cmake --install /home/ubuntu/rrst-ros2-ws/build/serial_bridge
[0.659s] Level 1:colcon.colcon_core.environment:checking '/home/ubuntu/rrst-ros2-ws/install/serial_bridge' for CMake config files
[0.661s] Level 1:colcon.colcon_core.shell:create_environment_hook('serial_bridge', 'cmake_prefix_path')
[0.661s] INFO:colcon.colcon_core.shell:Creating environment hook '/home/ubuntu/rrst-ros2-ws/install/serial_bridge/share/serial_bridge/hook/cmake_prefix_path.ps1'
[0.665s] INFO:colcon.colcon_core.shell:Creating environment descriptor '/home/ubuntu/rrst-ros2-ws/install/serial_bridge/share/serial_bridge/hook/cmake_prefix_path.dsv'
[0.666s] INFO:colcon.colcon_core.shell:Creating environment hook '/home/ubuntu/rrst-ros2-ws/install/serial_bridge/share/serial_bridge/hook/cmake_prefix_path.sh'
[0.668s] Level 1:colcon.colcon_core.environment:checking '/home/ubuntu/rrst-ros2-ws/install/serial_bridge/lib'
[0.669s] Level 1:colcon.colcon_core.environment:checking '/home/ubuntu/rrst-ros2-ws/install/serial_bridge/bin'
[0.669s] Level 1:colcon.colcon_core.environment:checking '/home/ubuntu/rrst-ros2-ws/install/serial_bridge/lib/pkgconfig/serial_bridge.pc'
[0.670s] Level 1:colcon.colcon_core.environment:checking '/home/ubuntu/rrst-ros2-ws/install/serial_bridge/lib/python3.12/site-packages'
[0.671s] Level 1:colcon.colcon_core.environment:checking '/home/ubuntu/rrst-ros2-ws/install/serial_bridge/bin'
[0.672s] INFO:colcon.colcon_core.shell:Creating package script '/home/ubuntu/rrst-ros2-ws/install/serial_bridge/share/serial_bridge/package.ps1'
[0.674s] INFO:colcon.colcon_core.shell:Creating package descriptor '/home/ubuntu/rrst-ros2-ws/install/serial_bridge/share/serial_bridge/package.dsv'
[0.676s] INFO:colcon.colcon_core.shell:Creating package script '/home/ubuntu/rrst-ros2-ws/install/serial_bridge/share/serial_bridge/package.sh'
[0.677s] INFO:colcon.colcon_core.shell:Creating package script '/home/ubuntu/rrst-ros2-ws/install/serial_bridge/share/serial_bridge/package.bash'
[0.679s] INFO:colcon.colcon_core.shell:Creating package script '/home/ubuntu/rrst-ros2-ws/install/serial_bridge/share/serial_bridge/package.zsh'
[0.680s] Level 1:colcon.colcon_core.environment:create_file_with_runtime_dependencies(/home/ubuntu/rrst-ros2-ws/install/serial_bridge/share/colcon-core/packages/serial_bridge)
[0.682s] Level 1:colcon.colcon_core.environment:create_environment_scripts_only(serial_bridge)
[0.682s] Level 1:colcon.colcon_core.environment:checking '/home/ubuntu/rrst-ros2-ws/install/serial_bridge' for CMake module files
[0.683s] Level 1:colcon.colcon_core.environment:checking '/home/ubuntu/rrst-ros2-ws/install/serial_bridge' for CMake config files
[0.684s] Level 1:colcon.colcon_core.shell:create_environment_hook('serial_bridge', 'cmake_prefix_path')
[0.684s] INFO:colcon.colcon_core.shell:Creating environment hook '/home/ubuntu/rrst-ros2-ws/install/serial_bridge/share/serial_bridge/hook/cmake_prefix_path.ps1'
[0.685s] INFO:colcon.colcon_core.shell:Creating environment descriptor '/home/ubuntu/rrst-ros2-ws/install/serial_bridge/share/serial_bridge/hook/cmake_prefix_path.dsv'
[0.685s] INFO:colcon.colcon_core.shell:Creating environment hook '/home/ubuntu/rrst-ros2-ws/install/serial_bridge/share/serial_bridge/hook/cmake_prefix_path.sh'
[0.686s] Level 1:colcon.colcon_core.environment:checking '/home/ubuntu/rrst-ros2-ws/install/serial_bridge/lib'
[0.686s] Level 1:colcon.colcon_core.environment:checking '/home/ubuntu/rrst-ros2-ws/install/serial_bridge/bin'
[0.686s] Level 1:colcon.colcon_core.environment:checking '/home/ubuntu/rrst-ros2-ws/install/serial_bridge/lib/pkgconfig/serial_bridge.pc'
[0.686s] Level 1:colcon.colcon_core.environment:checking '/home/ubuntu/rrst-ros2-ws/install/serial_bridge/lib/python3.12/site-packages'
[0.686s] Level 1:colcon.colcon_core.environment:checking '/home/ubuntu/rrst-ros2-ws/install/serial_bridge/bin'
[0.686s] INFO:colcon.colcon_core.shell:Creating package script '/home/ubuntu/rrst-ros2-ws/install/serial_bridge/share/serial_bridge/package.ps1'
[0.687s] INFO:colcon.colcon_core.shell:Creating package descriptor '/home/ubuntu/rrst-ros2-ws/install/serial_bridge/share/serial_bridge/package.dsv'
[0.687s] INFO:colcon.colcon_core.shell:Creating package script '/home/ubuntu/rrst-ros2-ws/install/serial_bridge/share/serial_bridge/package.sh'
[0.688s] INFO:colcon.colcon_core.shell:Creating package script '/home/ubuntu/rrst-ros2-ws/install/serial_bridge/share/serial_bridge/package.bash'
[0.688s] INFO:colcon.colcon_core.shell:Creating package script '/home/ubuntu/rrst-ros2-ws/install/serial_bridge/share/serial_bridge/package.zsh'
[0.689s] Level 1:colcon.colcon_core.environment:create_file_with_runtime_dependencies(/home/ubuntu/rrst-ros2-ws/install/serial_bridge/share/colcon-core/packages/serial_bridge)
[0.691s] Level 1:colcon.colcon_core.environment:create_environment_scripts_only(ros2stm)
[0.692s] Level 1:colcon.colcon_core.environment:checking '/home/ubuntu/rrst-ros2-ws/install/ros2stm' for CMake module files
[0.693s] DEBUG:colcon.colcon_core.event_handler.log_command:Invoked command in '/home/ubuntu/rrst-ros2-ws/build/ros2stm' returned '0': CMAKE_PREFIX_PATH=${CMAKE_PREFIX_PATH}:/opt/ros/jazzy DEBUGINFOD_URLS=https://debuginfod.ubuntu.com /usr/bin/cmake --install /home/ubuntu/rrst-ros2-ws/build/ros2stm
[0.694s] Level 1:colcon.colcon_core.environment:checking '/home/ubuntu/rrst-ros2-ws/install/ros2stm' for CMake config files
[0.694s] Level 1:colcon.colcon_core.shell:create_environment_hook('ros2stm', 'cmake_prefix_path')
[0.695s] INFO:colcon.colcon_core.shell:Creating environment hook '/home/ubuntu/rrst-ros2-ws/install/ros2stm/share/ros2stm/hook/cmake_prefix_path.ps1'
[0.696s] INFO:colcon.colcon_core.shell:Creating environment descriptor '/home/ubuntu/rrst-ros2-ws/install/ros2stm/share/ros2stm/hook/cmake_prefix_path.dsv'
[0.696s] INFO:colcon.colcon_core.shell:Creating environment hook '/home/ubuntu/rrst-ros2-ws/install/ros2stm/share/ros2stm/hook/cmake_prefix_path.sh'
[0.698s] Level 1:colcon.colcon_core.environment:checking '/home/ubuntu/rrst-ros2-ws/install/ros2stm/lib'
[0.698s] Level 1:colcon.colcon_core.environment:checking '/home/ubuntu/rrst-ros2-ws/install/ros2stm/bin'
[0.698s] Level 1:colcon.colcon_core.environment:checking '/home/ubuntu/rrst-ros2-ws/install/ros2stm/lib/pkgconfig/ros2stm.pc'
[0.698s] Level 1:colcon.colcon_core.environment:checking '/home/ubuntu/rrst-ros2-ws/install/ros2stm/lib/python3.12/site-packages'
[0.699s] Level 1:colcon.colcon_core.environment:checking '/home/ubuntu/rrst-ros2-ws/install/ros2stm/bin'
[0.699s] INFO:colcon.colcon_core.shell:Creating package script '/home/ubuntu/rrst-ros2-ws/install/ros2stm/share/ros2stm/package.ps1'
[0.700s] INFO:colcon.colcon_core.shell:Creating package descriptor '/home/ubuntu/rrst-ros2-ws/install/ros2stm/share/ros2stm/package.dsv'
[0.701s] INFO:colcon.colcon_core.shell:Creating package script '/home/ubuntu/rrst-ros2-ws/install/ros2stm/share/ros2stm/package.sh'
[0.701s] INFO:colcon.colcon_core.shell:Creating package script '/home/ubuntu/rrst-ros2-ws/install/ros2stm/share/ros2stm/package.bash'
[0.702s] INFO:colcon.colcon_core.shell:Creating package script '/home/ubuntu/rrst-ros2-ws/install/ros2stm/share/ros2stm/package.zsh'
[0.702s] Level 1:colcon.colcon_core.environment:create_file_with_runtime_dependencies(/home/ubuntu/rrst-ros2-ws/install/ros2stm/share/colcon-core/packages/ros2stm)
[0.702s] Level 1:colcon.colcon_core.environment:create_environment_scripts_only(ros2stm)
[0.703s] Level 1:colcon.colcon_core.environment:checking '/home/ubuntu/rrst-ros2-ws/install/ros2stm' for CMake module files
[0.703s] Level 1:colcon.colcon_core.environment:checking '/home/ubuntu/rrst-ros2-ws/install/ros2stm' for CMake config files
[0.703s] Level 1:colcon.colcon_core.shell:create_environment_hook('ros2stm', 'cmake_prefix_path')
[0.703s] INFO:colcon.colcon_core.shell:Creating environment hook '/home/ubuntu/rrst-ros2-ws/install/ros2stm/share/ros2stm/hook/cmake_prefix_path.ps1'
[0.704s] INFO:colcon.colcon_core.shell:Creating environment descriptor '/home/ubuntu/rrst-ros2-ws/install/ros2stm/share/ros2stm/hook/cmake_prefix_path.dsv'
[0.704s] INFO:colcon.colcon_core.shell:Creating environment hook '/home/ubuntu/rrst-ros2-ws/install/ros2stm/share/ros2stm/hook/cmake_prefix_path.sh'
[0.705s] Level 1:colcon.colcon_core.environment:checking '/home/ubuntu/rrst-ros2-ws/install/ros2stm/lib'
[0.705s] Level 1:colcon.colcon_core.environment:checking '/home/ubuntu/rrst-ros2-ws/install/ros2stm/bin'
[0.705s] Level 1:colcon.colcon_core.environment:checking '/home/ubuntu/rrst-ros2-ws/install/ros2stm/lib/pkgconfig/ros2stm.pc'
[0.705s] Level 1:colcon.colcon_core.environment:checking '/home/ubuntu/rrst-ros2-ws/install/ros2stm/lib/python3.12/site-packages'
[0.706s] Level 1:colcon.colcon_core.environment:checking '/home/ubuntu/rrst-ros2-ws/install/ros2stm/bin'
[0.706s] INFO:colcon.colcon_core.shell:Creating package script '/home/ubuntu/rrst-ros2-ws/install/ros2stm/share/ros2stm/package.ps1'
[0.706s] INFO:colcon.colcon_core.shell:Creating package descriptor '/home/ubuntu/rrst-ros2-ws/install/ros2stm/share/ros2stm/package.dsv'
[0.707s] INFO:colcon.colcon_core.shell:Creating package script '/home/ubuntu/rrst-ros2-ws/install/ros2stm/share/ros2stm/package.sh'
[0.708s] INFO:colcon.colcon_core.shell:Creating package script '/home/ubuntu/rrst-ros2-ws/install/ros2stm/share/ros2stm/package.bash'
[0.709s] INFO:colcon.colcon_core.shell:Creating package script '/home/ubuntu/rrst-ros2-ws/install/ros2stm/share/ros2stm/package.zsh'
[0.709s] Level 1:colcon.colcon_core.environment:create_file_with_runtime_dependencies(/home/ubuntu/rrst-ros2-ws/install/ros2stm/share/colcon-core/packages/ros2stm)
[0.710s] Level 1:colcon.colcon_core.environment:create_environment_scripts_only(example)
[0.710s] Level 1:colcon.colcon_core.environment:checking '/home/ubuntu/rrst-ros2-ws/install/example' for CMake module files
[0.713s] Level 1:colcon.colcon_core.environment:checking '/home/ubuntu/rrst-ros2-ws/install/example' for CMake config files
[0.713s] DEBUG:colcon.colcon_core.event_handler.log_command:Invoked command in '/home/ubuntu/rrst-ros2-ws/build/example' returned '0': CMAKE_PREFIX_PATH=${CMAKE_PREFIX_PATH}:/opt/ros/jazzy DEBUGINFOD_URLS=https://debuginfod.ubuntu.com /usr/bin/cmake --install /home/ubuntu/rrst-ros2-ws/build/example
[0.714s] Level 1:colcon.colcon_core.shell:create_environment_hook('example', 'cmake_prefix_path')
[0.715s] INFO:colcon.colcon_core.shell:Creating environment hook '/home/ubuntu/rrst-ros2-ws/install/example/share/example/hook/cmake_prefix_path.ps1'
[0.716s] INFO:colcon.colcon_core.shell:Creating environment descriptor '/home/ubuntu/rrst-ros2-ws/install/example/share/example/hook/cmake_prefix_path.dsv'
[0.716s] INFO:colcon.colcon_core.shell:Creating environment hook '/home/ubuntu/rrst-ros2-ws/install/example/share/example/hook/cmake_prefix_path.sh'
[0.718s] Level 1:colcon.colcon_core.environment:checking '/home/ubuntu/rrst-ros2-ws/install/example/lib'
[0.718s] Level 1:colcon.colcon_core.environment:checking '/home/ubuntu/rrst-ros2-ws/install/example/bin'
[0.718s] Level 1:colcon.colcon_core.environment:checking '/home/ubuntu/rrst-ros2-ws/install/example/lib/pkgconfig/example.pc'
[0.719s] Level 1:colcon.colcon_core.environment:checking '/home/ubuntu/rrst-ros2-ws/install/example/lib/python3.12/site-packages'
[0.719s] Level 1:colcon.colcon_core.environment:checking '/home/ubuntu/rrst-ros2-ws/install/example/bin'
[0.720s] INFO:colcon.colcon_core.shell:Creating package script '/home/ubuntu/rrst-ros2-ws/install/example/share/example/package.ps1'
[0.721s] INFO:colcon.colcon_core.shell:Creating package descriptor '/home/ubuntu/rrst-ros2-ws/install/example/share/example/package.dsv'
[0.722s] INFO:colcon.colcon_core.shell:Creating package script '/home/ubuntu/rrst-ros2-ws/install/example/share/example/package.sh'
[0.722s] INFO:colcon.colcon_core.shell:Creating package script '/home/ubuntu/rrst-ros2-ws/install/example/share/example/package.bash'
[0.723s] INFO:colcon.colcon_core.shell:Creating package script '/home/ubuntu/rrst-ros2-ws/install/example/share/example/package.zsh'
[0.724s] Level 1:colcon.colcon_core.environment:create_file_with_runtime_dependencies(/home/ubuntu/rrst-ros2-ws/install/example/share/colcon-core/packages/example)
[0.725s] Level 1:colcon.colcon_core.environment:create_environment_scripts_only(example)
[0.725s] Level 1:colcon.colcon_core.environment:checking '/home/ubuntu/rrst-ros2-ws/install/example' for CMake module files
[0.726s] Level 1:colcon.colcon_core.environment:checking '/home/ubuntu/rrst-ros2-ws/install/example' for CMake config files
[0.726s] Level 1:colcon.colcon_core.shell:create_environment_hook('example', 'cmake_prefix_path')
[0.726s] INFO:colcon.colcon_core.shell:Creating environment hook '/home/ubuntu/rrst-ros2-ws/install/example/share/example/hook/cmake_prefix_path.ps1'
[0.727s] INFO:colcon.colcon_core.shell:Creating environment descriptor '/home/ubuntu/rrst-ros2-ws/install/example/share/example/hook/cmake_prefix_path.dsv'
[0.727s] INFO:colcon.colcon_core.shell:Creating environment hook '/home/ubuntu/rrst-ros2-ws/install/example/share/example/hook/cmake_prefix_path.sh'
[0.728s] Level 1:colcon.colcon_core.environment:checking '/home/ubuntu/rrst-ros2-ws/install/example/lib'
[0.728s] Level 1:colcon.colcon_core.environment:checking '/home/ubuntu/rrst-ros2-ws/install/example/bin'
[0.728s] Level 1:colcon.colcon_core.environment:checking '/home/ubuntu/rrst-ros2-ws/install/example/lib/pkgconfig/example.pc'
[0.728s] Level 1:colcon.colcon_core.environment:checking '/home/ubuntu/rrst-ros2-ws/install/example/lib/python3.12/site-packages'
[0.728s] Level 1:colcon.colcon_core.environment:checking '/home/ubuntu/rrst-ros2-ws/install/example/bin'
[0.729s] INFO:colcon.colcon_core.shell:Creating package script '/home/ubuntu/rrst-ros2-ws/install/example/share/example/package.ps1'
[0.729s] INFO:colcon.colcon_core.shell:Creating package descriptor '/home/ubuntu/rrst-ros2-ws/install/example/share/example/package.dsv'
[0.730s] INFO:colcon.colcon_core.shell:Creating package script '/home/ubuntu/rrst-ros2-ws/install/example/share/example/package.sh'
[0.730s] INFO:colcon.colcon_core.shell:Creating package script '/home/ubuntu/rrst-ros2-ws/install/example/share/example/package.bash'
[0.730s] INFO:colcon.colcon_core.shell:Creating package script '/home/ubuntu/rrst-ros2-ws/install/example/share/example/package.zsh'
[0.731s] Level 1:colcon.colcon_core.environment:create_file_with_runtime_dependencies(/home/ubuntu/rrst-ros2-ws/install/example/share/colcon-core/packages/example)
[0.731s] Level 1:colcon.colcon_core.environment:create_environment_scripts_only(nr26_r2_hw_ctrl)
[0.731s] Level 1:colcon.colcon_core.environment:checking '/home/ubuntu/rrst-ros2-ws/install/nr26_r2_hw_ctrl' for CMake module files
[0.732s] Level 1:colcon.colcon_core.environment:checking '/home/ubuntu/rrst-ros2-ws/install/nr26_r2_hw_ctrl' for CMake config files
[0.733s] DEBUG:colcon.colcon_core.event_handler.log_command:Invoked command in '/home/ubuntu/rrst-ros2-ws/build/nr26_r2_hw_ctrl' returned '0': CMAKE_PREFIX_PATH=${CMAKE_PREFIX_PATH}:/opt/ros/jazzy DEBUGINFOD_URLS=https://debuginfod.ubuntu.com /usr/bin/cmake --install /home/ubuntu/rrst-ros2-ws/build/nr26_r2_hw_ctrl
[0.733s] Level 1:colcon.colcon_core.shell:create_environment_hook('nr26_r2_hw_ctrl', 'cmake_prefix_path')
[0.733s] INFO:colcon.colcon_core.shell:Creating environment hook '/home/ubuntu/rrst-ros2-ws/install/nr26_r2_hw_ctrl/share/nr26_r2_hw_ctrl/hook/cmake_prefix_path.ps1'
[0.734s] INFO:colcon.colcon_core.shell:Creating environment descriptor '/home/ubuntu/rrst-ros2-ws/install/nr26_r2_hw_ctrl/share/nr26_r2_hw_ctrl/hook/cmake_prefix_path.dsv'
[0.734s] INFO:colcon.colcon_core.shell:Creating environment hook '/home/ubuntu/rrst-ros2-ws/install/nr26_r2_hw_ctrl/share/nr26_r2_hw_ctrl/hook/cmake_prefix_path.sh'
[0.735s] Level 1:colcon.colcon_core.environment:checking '/home/ubuntu/rrst-ros2-ws/install/nr26_r2_hw_ctrl/lib'
[0.735s] Level 1:colcon.colcon_core.environment:checking '/home/ubuntu/rrst-ros2-ws/install/nr26_r2_hw_ctrl/bin'
[0.735s] Level 1:colcon.colcon_core.environment:checking '/home/ubuntu/rrst-ros2-ws/install/nr26_r2_hw_ctrl/lib/pkgconfig/nr26_r2_hw_ctrl.pc'
[0.735s] Level 1:colcon.colcon_core.environment:checking '/home/ubuntu/rrst-ros2-ws/install/nr26_r2_hw_ctrl/lib/python3.12/site-packages'
[0.736s] Level 1:colcon.colcon_core.environment:checking '/home/ubuntu/rrst-ros2-ws/install/nr26_r2_hw_ctrl/bin'
[0.736s] INFO:colcon.colcon_core.shell:Creating package script '/home/ubuntu/rrst-ros2-ws/install/nr26_r2_hw_ctrl/share/nr26_r2_hw_ctrl/package.ps1'
[0.736s] INFO:colcon.colcon_core.shell:Creating package descriptor '/home/ubuntu/rrst-ros2-ws/install/nr26_r2_hw_ctrl/share/nr26_r2_hw_ctrl/package.dsv'
[0.737s] INFO:colcon.colcon_core.shell:Creating package script '/home/ubuntu/rrst-ros2-ws/install/nr26_r2_hw_ctrl/share/nr26_r2_hw_ctrl/package.sh'
[0.737s] INFO:colcon.colcon_core.shell:Creating package script '/home/ubuntu/rrst-ros2-ws/install/nr26_r2_hw_ctrl/share/nr26_r2_hw_ctrl/package.bash'
[0.737s] INFO:colcon.colcon_core.shell:Creating package script '/home/ubuntu/rrst-ros2-ws/install/nr26_r2_hw_ctrl/share/nr26_r2_hw_ctrl/package.zsh'
[0.738s] Level 1:colcon.colcon_core.environment:create_file_with_runtime_dependencies(/home/ubuntu/rrst-ros2-ws/install/nr26_r2_hw_ctrl/share/colcon-core/packages/nr26_r2_hw_ctrl)
[0.738s] Level 1:colcon.colcon_core.environment:create_environment_scripts_only(nr26_r2_hw_ctrl)
[0.738s] Level 1:colcon.colcon_core.environment:checking '/home/ubuntu/rrst-ros2-ws/install/nr26_r2_hw_ctrl' for CMake module files
[0.739s] Level 1:colcon.colcon_core.environment:checking '/home/ubuntu/rrst-ros2-ws/install/nr26_r2_hw_ctrl' for CMake config files
[0.739s] Level 1:colcon.colcon_core.shell:create_environment_hook('nr26_r2_hw_ctrl', 'cmake_prefix_path')
[0.739s] INFO:colcon.colcon_core.shell:Creating environment hook '/home/ubuntu/rrst-ros2-ws/install/nr26_r2_hw_ctrl/share/nr26_r2_hw_ctrl/hook/cmake_prefix_path.ps1'
[0.740s] INFO:colcon.colcon_core.shell:Creating environment descriptor '/home/ubuntu/rrst-ros2-ws/install/nr26_r2_hw_ctrl/share/nr26_r2_hw_ctrl/hook/cmake_prefix_path.dsv'
[0.740s] INFO:colcon.colcon_core.shell:Creating environment hook '/home/ubuntu/rrst-ros2-ws/install/nr26_r2_hw_ctrl/share/nr26_r2_hw_ctrl/hook/cmake_prefix_path.sh'
[0.741s] Level 1:colcon.colcon_core.environment:checking '/home/ubuntu/rrst-ros2-ws/install/nr26_r2_hw_ctrl/lib'
[0.741s] Level 1:colcon.colcon_core.environment:checking '/home/ubuntu/rrst-ros2-ws/install/nr26_r2_hw_ctrl/bin'
[0.741s] Level 1:colcon.colcon_core.environment:checking '/home/ubuntu/rrst-ros2-ws/install/nr26_r2_hw_ctrl/lib/pkgconfig/nr26_r2_hw_ctrl.pc'
[0.741s] Level 1:colcon.colcon_core.environment:checking '/home/ubuntu/rrst-ros2-ws/install/nr26_r2_hw_ctrl/lib/python3.12/site-packages'
[0.741s] Level 1:colcon.colcon_core.environment:checking '/home/ubuntu/rrst-ros2-ws/install/nr26_r2_hw_ctrl/bin'
[0.742s] INFO:colcon.colcon_core.shell:Creating package script '/home/ubuntu/rrst-ros2-ws/install/nr26_r2_hw_ctrl/share/nr26_r2_hw_ctrl/package.ps1'
[0.742s] INFO:colcon.colcon_core.shell:Creating package descriptor '/home/ubuntu/rrst-ros2-ws/install/nr26_r2_hw_ctrl/share/nr26_r2_hw_ctrl/package.dsv'
[0.743s] INFO:colcon.colcon_core.shell:Creating package script '/home/ubuntu/rrst-ros2-ws/install/nr26_r2_hw_ctrl/share/nr26_r2_hw_ctrl/package.sh'
[0.743s] INFO:colcon.colcon_core.shell:Creating package script '/home/ubuntu/rrst-ros2-ws/install/nr26_r2_hw_ctrl/share/nr26_r2_hw_ctrl/package.bash'
[0.743s] INFO:colcon.colcon_core.shell:Creating package script '/home/ubuntu/rrst-ros2-ws/install/nr26_r2_hw_ctrl/share/nr26_r2_hw_ctrl/package.zsh'
[0.744s] Level 1:colcon.colcon_core.environment:create_file_with_runtime_dependencies(/home/ubuntu/rrst-ros2-ws/install/nr26_r2_hw_ctrl/share/colcon-core/packages/nr26_r2_hw_ctrl)
[0.744s] Level 1:colcon.colcon_core.environment:create_environment_scripts_only(ros2esp)
[0.744s] Level 1:colcon.colcon_core.environment:checking '/home/ubuntu/rrst-ros2-ws/install/ros2esp' for CMake module files
[0.746s] DEBUG:colcon.colcon_core.event_handler.log_command:Invoked command in '/home/ubuntu/rrst-ros2-ws/build/ros2esp' returned '0': CMAKE_PREFIX_PATH=${CMAKE_PREFIX_PATH}:/opt/ros/jazzy DEBUGINFOD_URLS=https://debuginfod.ubuntu.com /usr/bin/cmake --install /home/ubuntu/rrst-ros2-ws/build/ros2esp
[0.747s] Level 1:colcon.colcon_core.environment:checking '/home/ubuntu/rrst-ros2-ws/install/ros2esp' for CMake config files
[0.747s] Level 1:colcon.colcon_core.shell:create_environment_hook('ros2esp', 'cmake_prefix_path')
[0.748s] INFO:colcon.colcon_core.shell:Creating environment hook '/home/ubuntu/rrst-ros2-ws/install/ros2esp/share/ros2esp/hook/cmake_prefix_path.ps1'
[0.748s] INFO:colcon.colcon_core.shell:Creating environment descriptor '/home/ubuntu/rrst-ros2-ws/install/ros2esp/share/ros2esp/hook/cmake_prefix_path.dsv'
[0.749s] INFO:colcon.colcon_core.shell:Creating environment hook '/home/ubuntu/rrst-ros2-ws/install/ros2esp/share/ros2esp/hook/cmake_prefix_path.sh'
[0.750s] Level 1:colcon.colcon_core.environment:checking '/home/ubuntu/rrst-ros2-ws/install/ros2esp/lib'
[0.751s] Level 1:colcon.colcon_core.environment:checking '/home/ubuntu/rrst-ros2-ws/install/ros2esp/bin'
[0.751s] Level 1:colcon.colcon_core.environment:checking '/home/ubuntu/rrst-ros2-ws/install/ros2esp/lib/pkgconfig/ros2esp.pc'
[0.751s] Level 1:colcon.colcon_core.environment:checking '/home/ubuntu/rrst-ros2-ws/install/ros2esp/lib/python3.12/site-packages'
[0.752s] Level 1:colcon.colcon_core.environment:checking '/home/ubuntu/rrst-ros2-ws/install/ros2esp/bin'
[0.752s] INFO:colcon.colcon_core.shell:Creating package script '/home/ubuntu/rrst-ros2-ws/install/ros2esp/share/ros2esp/package.ps1'
[0.753s] INFO:colcon.colcon_core.shell:Creating package descriptor '/home/ubuntu/rrst-ros2-ws/install/ros2esp/share/ros2esp/package.dsv'
[0.754s] INFO:colcon.colcon_core.shell:Creating package script '/home/ubuntu/rrst-ros2-ws/install/ros2esp/share/ros2esp/package.sh'
[0.755s] INFO:colcon.colcon_core.shell:Creating package script '/home/ubuntu/rrst-ros2-ws/install/ros2esp/share/ros2esp/package.bash'
[0.755s] INFO:colcon.colcon_core.shell:Creating package script '/home/ubuntu/rrst-ros2-ws/install/ros2esp/share/ros2esp/package.zsh'
[0.756s] Level 1:colcon.colcon_core.environment:create_file_with_runtime_dependencies(/home/ubuntu/rrst-ros2-ws/install/ros2esp/share/colcon-core/packages/ros2esp)
[0.757s] Level 1:colcon.colcon_core.environment:create_environment_scripts_only(ros2esp)
[0.757s] Level 1:colcon.colcon_core.environment:checking '/home/ubuntu/rrst-ros2-ws/install/ros2esp' for CMake module files
[0.758s] Level 1:colcon.colcon_core.environment:checking '/home/ubuntu/rrst-ros2-ws/install/ros2esp' for CMake config files
[0.759s] Level 1:colcon.colcon_core.shell:create_environment_hook('ros2esp', 'cmake_prefix_path')
[0.759s] INFO:colcon.colcon_core.shell:Creating environment hook '/home/ubuntu/rrst-ros2-ws/install/ros2esp/share/ros2esp/hook/cmake_prefix_path.ps1'
[0.759s] INFO:colcon.colcon_core.shell:Creating environment descriptor '/home/ubuntu/rrst-ros2-ws/install/ros2esp/share/ros2esp/hook/cmake_prefix_path.dsv'
[0.760s] INFO:colcon.colcon_core.shell:Creating environment hook '/home/ubuntu/rrst-ros2-ws/install/ros2esp/share/ros2esp/hook/cmake_prefix_path.sh'
[0.760s] Level 1:colcon.colcon_core.environment:checking '/home/ubuntu/rrst-ros2-ws/install/ros2esp/lib'
[0.761s] Level 1:colcon.colcon_core.environment:checking '/home/ubuntu/rrst-ros2-ws/install/ros2esp/bin'
[0.761s] Level 1:colcon.colcon_core.environment:checking '/home/ubuntu/rrst-ros2-ws/install/ros2esp/lib/pkgconfig/ros2esp.pc'
[0.761s] Level 1:colcon.colcon_core.environment:checking '/home/ubuntu/rrst-ros2-ws/install/ros2esp/lib/python3.12/site-packages'
[0.761s] Level 1:colcon.colcon_core.environment:checking '/home/ubuntu/rrst-ros2-ws/install/ros2esp/bin'
[0.761s] INFO:colcon.colcon_core.shell:Creating package script '/home/ubuntu/rrst-ros2-ws/install/ros2esp/share/ros2esp/package.ps1'
[0.762s] INFO:colcon.colcon_core.shell:Creating package descriptor '/home/ubuntu/rrst-ros2-ws/install/ros2esp/share/ros2esp/package.dsv'
[0.762s] INFO:colcon.colcon_core.shell:Creating package script '/home/ubuntu/rrst-ros2-ws/install/ros2esp/share/ros2esp/package.sh'
[0.763s] INFO:colcon.colcon_core.shell:Creating package script '/home/ubuntu/rrst-ros2-ws/install/ros2esp/share/ros2esp/package.bash'
[0.763s] INFO:colcon.colcon_core.shell:Creating package script '/home/ubuntu/rrst-ros2-ws/install/ros2esp/share/ros2esp/package.zsh'
[0.764s] Level 1:colcon.colcon_core.environment:create_file_with_runtime_dependencies(/home/ubuntu/rrst-ros2-ws/install/ros2esp/share/colcon-core/packages/ros2esp)
[0.767s] DEBUG:colcon.colcon_core.event_handler.log_command:Invoked command in '/home/ubuntu/rrst-ros2-ws/build/ros2udp' returned '0': CMAKE_PREFIX_PATH=${CMAKE_PREFIX_PATH}:/opt/ros/jazzy DEBUGINFOD_URLS=https://debuginfod.ubuntu.com /usr/bin/cmake --build /home/ubuntu/rrst-ros2-ws/build/ros2udp -- -j12 -l12
[0.768s] DEBUG:colcon.colcon_core.event_handler.log_command:Invoking command in '/home/ubuntu/rrst-ros2-ws/build/ros2udp': CMAKE_PREFIX_PATH=${CMAKE_PREFIX_PATH}:/opt/ros/jazzy DEBUGINFOD_URLS=https://debuginfod.ubuntu.com /usr/bin/cmake --install /home/ubuntu/rrst-ros2-ws/build/ros2udp
[0.803s] Level 1:colcon.colcon_core.environment:create_environment_scripts_only(ros2udp)
[0.804s] Level 1:colcon.colcon_core.environment:checking '/home/ubuntu/rrst-ros2-ws/install/ros2udp' for CMake module files
[0.804s] DEBUG:colcon.colcon_core.event_handler.log_command:Invoked command in '/home/ubuntu/rrst-ros2-ws/build/ros2udp' returned '0': CMAKE_PREFIX_PATH=${CMAKE_PREFIX_PATH}:/opt/ros/jazzy DEBUGINFOD_URLS=https://debuginfod.ubuntu.com /usr/bin/cmake --install /home/ubuntu/rrst-ros2-ws/build/ros2udp
[0.805s] Level 1:colcon.colcon_core.environment:checking '/home/ubuntu/rrst-ros2-ws/install/ros2udp' for CMake config files
[0.806s] Level 1:colcon.colcon_core.shell:create_environment_hook('ros2udp', 'cmake_prefix_path')
[0.806s] INFO:colcon.colcon_core.shell:Creating environment hook '/home/ubuntu/rrst-ros2-ws/install/ros2udp/share/ros2udp/hook/cmake_prefix_path.ps1'
[0.806s] INFO:colcon.colcon_core.shell:Creating environment descriptor '/home/ubuntu/rrst-ros2-ws/install/ros2udp/share/ros2udp/hook/cmake_prefix_path.dsv'
[0.807s] INFO:colcon.colcon_core.shell:Creating environment hook '/home/ubuntu/rrst-ros2-ws/install/ros2udp/share/ros2udp/hook/cmake_prefix_path.sh'
[0.808s] Level 1:colcon.colcon_core.environment:checking '/home/ubuntu/rrst-ros2-ws/install/ros2udp/lib'
[0.808s] Level 1:colcon.colcon_core.environment:checking '/home/ubuntu/rrst-ros2-ws/install/ros2udp/bin'
[0.808s] Level 1:colcon.colcon_core.environment:checking '/home/ubuntu/rrst-ros2-ws/install/ros2udp/lib/pkgconfig/ros2udp.pc'
[0.808s] Level 1:colcon.colcon_core.environment:checking '/home/ubuntu/rrst-ros2-ws/install/ros2udp/lib/python3.12/site-packages'
[0.808s] Level 1:colcon.colcon_core.environment:checking '/home/ubuntu/rrst-ros2-ws/install/ros2udp/bin'
[0.808s] INFO:colcon.colcon_core.shell:Creating package script '/home/ubuntu/rrst-ros2-ws/install/ros2udp/share/ros2udp/package.ps1'
[0.809s] INFO:colcon.colcon_core.shell:Creating package descriptor '/home/ubuntu/rrst-ros2-ws/install/ros2udp/share/ros2udp/package.dsv'
[0.809s] INFO:colcon.colcon_core.shell:Creating package script '/home/ubuntu/rrst-ros2-ws/install/ros2udp/share/ros2udp/package.sh'
[0.810s] INFO:colcon.colcon_core.shell:Creating package script '/home/ubuntu/rrst-ros2-ws/install/ros2udp/share/ros2udp/package.bash'
[0.810s] INFO:colcon.colcon_core.shell:Creating package script '/home/ubuntu/rrst-ros2-ws/install/ros2udp/share/ros2udp/package.zsh'
[0.810s] Level 1:colcon.colcon_core.environment:create_file_with_runtime_dependencies(/home/ubuntu/rrst-ros2-ws/install/ros2udp/share/colcon-core/packages/ros2udp)
[0.811s] Level 1:colcon.colcon_core.environment:create_environment_scripts_only(ros2udp)
[0.811s] Level 1:colcon.colcon_core.environment:checking '/home/ubuntu/rrst-ros2-ws/install/ros2udp' for CMake module files
[0.812s] Level 1:colcon.colcon_core.environment:checking '/home/ubuntu/rrst-ros2-ws/install/ros2udp' for CMake config files
[0.812s] Level 1:colcon.colcon_core.shell:create_environment_hook('ros2udp', 'cmake_prefix_path')
[0.812s] INFO:colcon.colcon_core.shell:Creating environment hook '/home/ubuntu/rrst-ros2-ws/install/ros2udp/share/ros2udp/hook/cmake_prefix_path.ps1'
[0.812s] INFO:colcon.colcon_core.shell:Creating environment descriptor '/home/ubuntu/rrst-ros2-ws/install/ros2udp/share/ros2udp/hook/cmake_prefix_path.dsv'
[0.813s] INFO:colcon.colcon_core.shell:Creating environment hook '/home/ubuntu/rrst-ros2-ws/install/ros2udp/share/ros2udp/hook/cmake_prefix_path.sh'
[0.813s] Level 1:colcon.colcon_core.environment:checking '/home/ubuntu/rrst-ros2-ws/install/ros2udp/lib'
[0.813s] Level 1:colcon.colcon_core.environment:checking '/home/ubuntu/rrst-ros2-ws/install/ros2udp/bin'
[0.813s] Level 1:colcon.colcon_core.environment:checking '/home/ubuntu/rrst-ros2-ws/install/ros2udp/lib/pkgconfig/ros2udp.pc'
[0.814s] Level 1:colcon.colcon_core.environment:checking '/home/ubuntu/rrst-ros2-ws/install/ros2udp/lib/python3.12/site-packages'
[0.814s] Level 1:colcon.colcon_core.environment:checking '/home/ubuntu/rrst-ros2-ws/install/ros2udp/bin'
[0.814s] INFO:colcon.colcon_core.shell:Creating package script '/home/ubuntu/rrst-ros2-ws/install/ros2udp/share/ros2udp/package.ps1'
[0.815s] INFO:colcon.colcon_core.shell:Creating package descriptor '/home/ubuntu/rrst-ros2-ws/install/ros2udp/share/ros2udp/package.dsv'
[0.815s] INFO:colcon.colcon_core.shell:Creating package script '/home/ubuntu/rrst-ros2-ws/install/ros2udp/share/ros2udp/package.sh'
[0.815s] INFO:colcon.colcon_core.shell:Creating package script '/home/ubuntu/rrst-ros2-ws/install/ros2udp/share/ros2udp/package.bash'
[0.816s] INFO:colcon.colcon_core.shell:Creating package script '/home/ubuntu/rrst-ros2-ws/install/ros2udp/share/ros2udp/package.zsh'
[0.816s] Level 1:colcon.colcon_core.environment:create_file_with_runtime_dependencies(/home/ubuntu/rrst-ros2-ws/install/ros2udp/share/colcon-core/packages/ros2udp)
[6.966s] Level 1:colcon.colcon_core.environment:create_environment_scripts_only(nr26_r1_hw_ctrl)
[6.967s] Level 1:colcon.colcon_core.environment:checking '/home/ubuntu/rrst-ros2-ws/install/nr26_r1_hw_ctrl' for CMake module files
[6.967s] DEBUG:colcon.colcon_core.event_handler.log_command:Invoked command in '/home/ubuntu/rrst-ros2-ws/build/nr26_r1_hw_ctrl' returned '2': CMAKE_PREFIX_PATH=${CMAKE_PREFIX_PATH}:/opt/ros/jazzy DEBUGINFOD_URLS=https://debuginfod.ubuntu.com /usr/bin/cmake --build /home/ubuntu/rrst-ros2-ws/build/nr26_r1_hw_ctrl -- -j12 -l12
[6.968s] Level 1:colcon.colcon_core.environment:checking '/home/ubuntu/rrst-ros2-ws/install/nr26_r1_hw_ctrl' for CMake config files
[6.968s] Level 1:colcon.colcon_core.shell:create_environment_hook('nr26_r1_hw_ctrl', 'cmake_prefix_path')
[6.969s] INFO:colcon.colcon_core.shell:Creating environment hook '/home/ubuntu/rrst-ros2-ws/install/nr26_r1_hw_ctrl/share/nr26_r1_hw_ctrl/hook/cmake_prefix_path.ps1'
[6.970s] INFO:colcon.colcon_core.shell:Creating environment descriptor '/home/ubuntu/rrst-ros2-ws/install/nr26_r1_hw_ctrl/share/nr26_r1_hw_ctrl/hook/cmake_prefix_path.dsv'
[6.970s] INFO:colcon.colcon_core.shell:Creating environment hook '/home/ubuntu/rrst-ros2-ws/install/nr26_r1_hw_ctrl/share/nr26_r1_hw_ctrl/hook/cmake_prefix_path.sh'
[6.972s] Level 1:colcon.colcon_core.environment:checking '/home/ubuntu/rrst-ros2-ws/install/nr26_r1_hw_ctrl/lib'
[6.972s] Level 1:colcon.colcon_core.environment:checking '/home/ubuntu/rrst-ros2-ws/install/nr26_r1_hw_ctrl/bin'
[6.972s] Level 1:colcon.colcon_core.environment:checking '/home/ubuntu/rrst-ros2-ws/install/nr26_r1_hw_ctrl/lib/pkgconfig/nr26_r1_hw_ctrl.pc'
[6.972s] Level 1:colcon.colcon_core.environment:checking '/home/ubuntu/rrst-ros2-ws/install/nr26_r1_hw_ctrl/lib/python3.12/site-packages'
[6.973s] Level 1:colcon.colcon_core.environment:checking '/home/ubuntu/rrst-ros2-ws/install/nr26_r1_hw_ctrl/bin'
[6.973s] INFO:colcon.colcon_core.shell:Creating package script '/home/ubuntu/rrst-ros2-ws/install/nr26_r1_hw_ctrl/share/nr26_r1_hw_ctrl/package.ps1'
[6.974s] INFO:colcon.colcon_core.shell:Creating package descriptor '/home/ubuntu/rrst-ros2-ws/install/nr26_r1_hw_ctrl/share/nr26_r1_hw_ctrl/package.dsv'
[6.975s] INFO:colcon.colcon_core.shell:Creating package script '/home/ubuntu/rrst-ros2-ws/install/nr26_r1_hw_ctrl/share/nr26_r1_hw_ctrl/package.sh'
[6.975s] INFO:colcon.colcon_core.shell:Creating package script '/home/ubuntu/rrst-ros2-ws/install/nr26_r1_hw_ctrl/share/nr26_r1_hw_ctrl/package.bash'
[6.976s] INFO:colcon.colcon_core.shell:Creating package script '/home/ubuntu/rrst-ros2-ws/install/nr26_r1_hw_ctrl/share/nr26_r1_hw_ctrl/package.zsh'
[6.976s] Level 1:colcon.colcon_core.environment:create_file_with_runtime_dependencies(/home/ubuntu/rrst-ros2-ws/install/nr26_r1_hw_ctrl/share/colcon-core/packages/nr26_r1_hw_ctrl)
[6.987s] DEBUG:colcon.colcon_parallel_executor.executor.parallel:closing loop
[6.987s] DEBUG:colcon.colcon_parallel_executor.executor.parallel:loop closed
[6.987s] DEBUG:colcon.colcon_parallel_executor.executor.parallel:run_until_complete finished with '2'
[6.987s] DEBUG:colcon.colcon_core.event_reactor:joining thread
[7.000s] INFO:colcon.colcon_core.plugin_system:Skipping extension 'colcon_notification.desktop_notification.terminal_notifier': Not used on non-Darwin systems
[7.000s] INFO:colcon.colcon_core.plugin_system:Skipping extension 'colcon_notification.desktop_notification.win32': Not used on non-Windows systems
[7.001s] INFO:colcon.colcon_notification.desktop_notification:Sending desktop notification using 'notify2'
[7.037s] DEBUG:colcon.colcon_core.event_reactor:joined thread
[7.037s] INFO:colcon.colcon_core.shell:Creating prefix script '/home/ubuntu/rrst-ros2-ws/install/local_setup.ps1'
[7.039s] INFO:colcon.colcon_core.shell:Creating prefix util module '/home/ubuntu/rrst-ros2-ws/install/_local_setup_util_ps1.py'
[7.041s] INFO:colcon.colcon_core.shell:Creating prefix chain script '/home/ubuntu/rrst-ros2-ws/install/setup.ps1'
[7.044s] INFO:colcon.colcon_core.shell:Creating prefix script '/home/ubuntu/rrst-ros2-ws/install/local_setup.sh'
[7.046s] INFO:colcon.colcon_core.shell:Creating prefix util module '/home/ubuntu/rrst-ros2-ws/install/_local_setup_util_sh.py'
[7.047s] INFO:colcon.colcon_core.shell:Creating prefix chain script '/home/ubuntu/rrst-ros2-ws/install/setup.sh'
[7.049s] INFO:colcon.colcon_core.shell:Creating prefix script '/home/ubuntu/rrst-ros2-ws/install/local_setup.bash'
[7.050s] INFO:colcon.colcon_core.shell:Creating prefix chain script '/home/ubuntu/rrst-ros2-ws/install/setup.bash'
[7.052s] INFO:colcon.colcon_core.shell:Creating prefix script '/home/ubuntu/rrst-ros2-ws/install/local_setup.zsh'
[7.053s] INFO:colcon.colcon_core.shell:Creating prefix chain script '/home/ubuntu/rrst-ros2-ws/install/setup.zsh'
