[0.035s] Invoking command in '/home/ubuntu/rrst-ros2-ws/build/nr26_r1_hw_ctrl': CMAKE_PREFIX_PATH=${CMAKE_PREFIX_PATH}:/opt/ros/jazzy DEBUGINFOD_URLS=https://debuginfod.ubuntu.com /usr/bin/cmake /home/ubuntu/rrst-ros2-ws/nr26_r1_hw_ctrl -DCMAKE_INSTALL_PREFIX=/home/ubuntu/rrst-ros2-ws/install/nr26_r1_hw_ctrl
[0.271s] -- The C compiler identification is GNU 13.3.0
[0.420s] -- The CXX compiler identification is GNU 13.3.0
[0.459s] -- Detecting C compiler ABI info
[0.625s] -- Detecting C compiler ABI info - done
[0.649s] -- Check for working C compiler: /usr/bin/cc - skipped
[0.649s] -- Detecting C compile features
[0.650s] -- Detecting C compile features - done
[0.668s] -- Detecting CXX compiler ABI info
[0.826s] -- Detecting CXX compiler ABI info - done
[0.839s] -- Check for working CXX compiler: /usr/bin/c++ - skipped
[0.840s] -- Detecting CXX compile features
[0.840s] -- Detecting CXX compile features - done
[0.846s] /usr/bin/figlet
[51.842s] -- Using the multi-header code from /home/ubuntu/rrst-ros2-ws/build/nr26_r1_hw_ctrl/_deps/nlohmann_json-src/include/
[51.853s] -- Found ament_cmake: 2.5.3 (/opt/ros/jazzy/share/ament_cmake/cmake)
[52.198s] -- Found Python3: /usr/bin/python3 (found version "3.12.3") found components: Interpreter 
[52.445s] -- Found rclcpp: 28.1.8 (/opt/ros/jazzy/share/rclcpp/cmake)
[52.522s] -- Found rosidl_generator_c: 4.6.5 (/opt/ros/jazzy/share/rosidl_generator_c/cmake)
[52.549s] -- Found rosidl_generator_cpp: 4.6.5 (/opt/ros/jazzy/share/rosidl_generator_cpp/cmake)
[52.577s] -- Using all available rosidl_typesupport_c: rosidl_typesupport_fastrtps_c;rosidl_typesupport_introspection_c
[52.609s] -- Using all available rosidl_typesupport_cpp: rosidl_typesupport_fastrtps_cpp;rosidl_typesupport_introspection_cpp
[52.761s] -- Found rmw_implementation_cmake: 7.3.2 (/opt/ros/jazzy/share/rmw_implementation_cmake/cmake)
[52.767s] -- Found rmw_fastrtps_cpp: 8.4.2 (/opt/ros/jazzy/share/rmw_fastrtps_cpp/cmake)
[52.928s] -- Found OpenSSL: /usr/lib/x86_64-linux-gnu/libcrypto.so (found version "3.0.13")  
[52.972s] -- Found FastRTPS: /opt/ros/jazzy/include (Required is at least version "2.13") 
[53.028s] -- Using RMW implementation 'rmw_fastrtps_cpp' as default
[53.169s] -- Found std_msgs: 5.3.6 (/opt/ros/jazzy/share/std_msgs/cmake)
[53.194s] -- Found sensor_msgs: 5.3.6 (/opt/ros/jazzy/share/sensor_msgs/cmake)
[53.263s] -- Found tf2: 0.36.9 (/opt/ros/jazzy/share/tf2/cmake)
[53.272s] -- Found tf2_ros: 0.36.9 (/opt/ros/jazzy/share/tf2_ros/cmake)
[53.487s] -- Found tf2_geometry_msgs: 0.36.9 (/opt/ros/jazzy/share/tf2_geometry_msgs/cmake)
[53.510s] -- Found eigen3_cmake_module: 0.3.0 (/opt/ros/jazzy/share/eigen3_cmake_module/cmake)
[53.512s] -- Found Eigen3: TRUE (found version "3.4.0") 
[53.513s] -- Ensuring Eigen3 include directory is part of orocos-kdl CMake target
[53.518s] -- Found visualization_msgs: 5.3.6 (/opt/ros/jazzy/share/visualization_msgs/cmake)
[53.586s] -- Found ament_lint_auto: 0.17.2 (/opt/ros/jazzy/share/ament_lint_auto/cmake)
[53.781s] -- Added test 'cppcheck' to perform static code analysis on C / C++ code
[53.782s] -- Configured cppcheck include dirs: 
[53.782s] -- Configured cppcheck exclude dirs and/or files: 
[53.783s] -- Added test 'flake8' to check Python code syntax and style conventions
[53.783s] -- Configured 'flake8' exclude dirs and/or files: 
[53.784s] -- Added test 'lint_cmake' to check CMake code style
[53.785s] -- Added test 'pep257' to check Python code against some of the docstring style conventions in PEP 257
[53.788s] -- Added test 'uncrustify' to check C / C++ code style
[53.788s] -- Configured uncrustify additional arguments: 
[53.789s] -- Added test 'xmllint' to check XML markup files
[53.791s] -- Configuring done (53.7s)
[53.835s] -- Generating done (0.0s)
[53.848s] -- Build files have been written to: /home/ubuntu/rrst-ros2-ws/build/nr26_r1_hw_ctrl
[53.868s] Invoked command in '/home/ubuntu/rrst-ros2-ws/build/nr26_r1_hw_ctrl' returned '0': CMAKE_PREFIX_PATH=${CMAKE_PREFIX_PATH}:/opt/ros/jazzy DEBUGINFOD_URLS=https://debuginfod.ubuntu.com /usr/bin/cmake /home/ubuntu/rrst-ros2-ws/nr26_r1_hw_ctrl -DCMAKE_INSTALL_PREFIX=/home/ubuntu/rrst-ros2-ws/install/nr26_r1_hw_ctrl
[53.871s] Invoking command in '/home/ubuntu/rrst-ros2-ws/build/nr26_r1_hw_ctrl': CMAKE_PREFIX_PATH=${CMAKE_PREFIX_PATH}:/opt/ros/jazzy DEBUGINFOD_URLS=https://debuginfod.ubuntu.com /usr/bin/cmake --build /home/ubuntu/rrst-ros2-ws/build/nr26_r1_hw_ctrl -- -j12 -l12
[53.970s] [ 16%] [32mBuilding CXX object CMakeFiles/nr26_sd.dir/src/NR26_SwerveDrive.cpp.o[0m
[53.971s] [ 33%] [32mBuilding CXX object CMakeFiles/nr26_pick.dir/src/NR26_pick.cpp.o[0m
[53.976s] [ 50%] [32mBuilding CXX object CMakeFiles/nr26_r1_servo_cal.dir/src/NR26_MR_Servo_Calibrator.cpp.o[0m
[60.273s] [01m[K/home/ubuntu/rrst-ros2-ws/nr26_r1_hw_ctrl/src/NR26_pick.cpp:[m[K In member function ‘[01m[Kvoid HardWareControl::[01;32m[Kps4_listener_callback[m[K(sensor_msgs::msg::Joy_<std::allocator<void> >::SharedPtr)[m[K’:
[60.274s] [01m[K/home/ubuntu/rrst-ros2-ws/nr26_r1_hw_ctrl/src/NR26_pick.cpp:149:13:[m[K [01;31m[Kerror: [m[K‘[01m[Kdeta_[m[K’ was not declared in this scope; did you mean ‘[01m[Kdata_[m[K’?
[60.274s]   149 |             [01;31m[Kdeta_[m[K[9] = 20;
[60.274s]       |             [01;31m[K^~~~~[m[K
[60.275s]       |             [32m[Kdata_[m[K
[60.300s] [01m[K/home/ubuntu/rrst-ros2-ws/nr26_r1_hw_ctrl/src/NR26_pick.cpp:153:13:[m[K [01;31m[Kerror: [m[K‘[01m[Kdeta_[m[K’ was not declared in this scope; did you mean ‘[01m[Kdata_[m[K’?
[60.300s]   153 |             [01;31m[Kdeta_[m[K[9] = 0;
[60.300s]       |             [01;31m[K^~~~~[m[K
[60.301s]       |             [32m[Kdata_[m[K
[72.128s] gmake[2]: *** [CMakeFiles/nr26_pick.dir/build.make:76: CMakeFiles/nr26_pick.dir/src/NR26_pick.cpp.o] エラー 1
[72.129s] gmake[1]: *** [CMakeFiles/Makefile2:184: CMakeFiles/nr26_pick.dir/all] エラー 2
[72.129s] gmake[1]: *** 未完了のジョブを待っています....
[84.869s] [ 66%] [32m[1mLinking CXX executable nr26_r1_servo_cal[0m
[85.907s] [ 66%] Built target nr26_r1_servo_cal
[175.266s] [ 83%] [32m[1mLinking CXX executable nr26_sd[0m
[176.754s] [ 83%] Built target nr26_sd
[176.772s] gmake: *** [Makefile:146: all] エラー 2
[176.836s] Invoked command in '/home/ubuntu/rrst-ros2-ws/build/nr26_r1_hw_ctrl' returned '2': CMAKE_PREFIX_PATH=${CMAKE_PREFIX_PATH}:/opt/ros/jazzy DEBUGINFOD_URLS=https://debuginfod.ubuntu.com /usr/bin/cmake --build /home/ubuntu/rrst-ros2-ws/build/nr26_r1_hw_ctrl -- -j12 -l12
