[0.110s] DEBUG:colcon:Command line arguments: ['/usr/bin/colcon', 'build']
[0.110s] DEBUG:colcon:Parsed command line arguments: Namespace(log_base=None, log_level=None, verb_name='build', build_base='build', install_base='install', merge_install=False, symlink_install=False, test_result_base=None, continue_on_error=False, executor='parallel', parallel_workers=12, event_handlers=None, ignore_user_meta=False, metas=['./colcon.meta'], base_paths=['.'], packages_ignore=None, packages_ignore_regex=None, paths=None, packages_up_to=None, packages_up_to_regex=None, packages_above=None, packages_above_and_dependencies=None, packages_above_depth=None, packages_select_by_dep=None, packages_skip_by_dep=None, packages_skip_up_to=None, packages_select_build_failed=False, packages_skip_build_finished=False, packages_select_test_failures=False, packages_skip_test_passed=False, packages_select=None, packages_skip=None, packages_select_regex=None, packages_skip_regex=None, packages_start=None, packages_end=None, allow_overriding=[], cmake_args=None, cmake_target=None, cmake_target_skip_unavailable=False, cmake_clean_cache=False, cmake_clean_first=False, cmake_force_configure=False, ament_cmake_args=None, catkin_cmake_args=None, catkin_skip_building_tests=False, mixin_files=None, mixin=None, verb_parser=<colcon_mixin.mixin.mixin_argument.MixinArgumentDecorator object at 0x71c74fc90290>, verb_extension=<colcon_core.verb.build.BuildVerb object at 0x71c74fc900b0>, main=<bound method BuildVerb.main of <colcon_core.verb.build.BuildVerb object at 0x71c74fc900b0>>, mixin_verb=('build',))
[0.151s] Level 1:colcon.colcon_core.package_discovery:discover_packages(colcon_meta) check parameters
[0.151s] Level 1:colcon.colcon_core.package_discovery:discover_packages(recursive) check parameters
[0.151s] Level 1:colcon.colcon_core.package_discovery:discover_packages(ignore) check parameters
[0.151s] Level 1:colcon.colcon_core.package_discovery:discover_packages(path) check parameters
[0.151s] Level 1:colcon.colcon_core.package_discovery:discover_packages(colcon_meta) discover
[0.151s] Level 1:colcon.colcon_core.package_discovery:discover_packages(recursive) discover
[0.151s] INFO:colcon.colcon_core.package_discovery:Crawling recursively for packages in '/home/ubuntu/rrst-ros2-ws'
[0.152s] Level 1:colcon.colcon_core.package_identification:_identify(.) by extensions ['ignore', 'ignore_ament_install']
[0.152s] Level 1:colcon.colcon_core.package_identification:_identify(.) by extension 'ignore'
[0.152s] Level 1:colcon.colcon_core.package_identification:_identify(.) by extension 'ignore_ament_install'
[0.152s] Level 1:colcon.colcon_core.package_identification:_identify(.) by extensions ['colcon_pkg']
[0.152s] Level 1:colcon.colcon_core.package_identification:_identify(.) by extension 'colcon_pkg'
[0.152s] Level 1:colcon.colcon_core.package_identification:_identify(.) by extensions ['colcon_meta']
[0.152s] Level 1:colcon.colcon_core.package_identification:_identify(.) by extension 'colcon_meta'
[0.152s] Level 1:colcon.colcon_core.package_identification:_identify(.) by extensions ['ros']
[0.152s] Level 1:colcon.colcon_core.package_identification:_identify(.) by extension 'ros'
[0.181s] Level 1:colcon.colcon_core.package_identification:_identify(.) by extensions ['cmake', 'python']
[0.181s] Level 1:colcon.colcon_core.package_identification:_identify(.) by extension 'cmake'
[0.181s] Level 1:colcon.colcon_core.package_identification:_identify(.) by extension 'python'
[0.181s] Level 1:colcon.colcon_core.package_identification:_identify(.) by extensions ['python_setup_py']
[0.181s] Level 1:colcon.colcon_core.package_identification:_identify(.) by extension 'python_setup_py'
[0.181s] Level 1:colcon.colcon_core.package_identification:_identify(KFS_judgement_machines) by extensions ['ignore', 'ignore_ament_install']
[0.181s] Level 1:colcon.colcon_core.package_identification:_identify(KFS_judgement_machines) by extension 'ignore'
[0.181s] Level 1:colcon.colcon_core.package_identification:_identify(KFS_judgement_machines) by extension 'ignore_ament_install'
[0.181s] Level 1:colcon.colcon_core.package_identification:_identify(KFS_judgement_machines) by extensions ['colcon_pkg']
[0.181s] Level 1:colcon.colcon_core.package_identification:_identify(KFS_judgement_machines) by extension 'colcon_pkg'
[0.181s] Level 1:colcon.colcon_core.package_identification:_identify(KFS_judgement_machines) by extensions ['colcon_meta']
[0.181s] Level 1:colcon.colcon_core.package_identification:_identify(KFS_judgement_machines) by extension 'colcon_meta'
[0.182s] Level 1:colcon.colcon_core.package_identification:_identify(KFS_judgement_machines) by extensions ['ros']
[0.182s] Level 1:colcon.colcon_core.package_identification:_identify(KFS_judgement_machines) by extension 'ros'
[0.182s] Level 1:colcon.colcon_core.package_identification:_identify(KFS_judgement_machines) by extensions ['cmake', 'python']
[0.182s] Level 1:colcon.colcon_core.package_identification:_identify(KFS_judgement_machines) by extension 'cmake'
[0.182s] Level 1:colcon.colcon_core.package_identification:_identify(KFS_judgement_machines) by extension 'python'
[0.182s] Level 1:colcon.colcon_core.package_identification:_identify(KFS_judgement_machines) by extensions ['python_setup_py']
[0.182s] Level 1:colcon.colcon_core.package_identification:_identify(KFS_judgement_machines) by extension 'python_setup_py'
[0.182s] Level 1:colcon.colcon_core.package_identification:_identify(KFS_judgement_machines/KFS_judgement_machine(AKAZA)) by extensions ['ignore', 'ignore_ament_install']
[0.182s] Level 1:colcon.colcon_core.package_identification:_identify(KFS_judgement_machines/KFS_judgement_machine(AKAZA)) by extension 'ignore'
[0.182s] Level 1:colcon.colcon_core.package_identification:_identify(KFS_judgement_machines/KFS_judgement_machine(AKAZA)) by extension 'ignore_ament_install'
[0.182s] Level 1:colcon.colcon_core.package_identification:_identify(KFS_judgement_machines/KFS_judgement_machine(AKAZA)) by extensions ['colcon_pkg']
[0.182s] Level 1:colcon.colcon_core.package_identification:_identify(KFS_judgement_machines/KFS_judgement_machine(AKAZA)) by extension 'colcon_pkg'
[0.182s] Level 1:colcon.colcon_core.package_identification:_identify(KFS_judgement_machines/KFS_judgement_machine(AKAZA)) by extensions ['colcon_meta']
[0.182s] Level 1:colcon.colcon_core.package_identification:_identify(KFS_judgement_machines/KFS_judgement_machine(AKAZA)) by extension 'colcon_meta'
[0.182s] Level 1:colcon.colcon_core.package_identification:_identify(KFS_judgement_machines/KFS_judgement_machine(AKAZA)) by extensions ['ros']
[0.182s] Level 1:colcon.colcon_core.package_identification:_identify(KFS_judgement_machines/KFS_judgement_machine(AKAZA)) by extension 'ros'
[0.182s] Level 1:colcon.colcon_core.package_identification:_identify(KFS_judgement_machines/KFS_judgement_machine(AKAZA)) by extensions ['cmake', 'python']
[0.182s] Level 1:colcon.colcon_core.package_identification:_identify(KFS_judgement_machines/KFS_judgement_machine(AKAZA)) by extension 'cmake'
[0.182s] Level 1:colcon.colcon_core.package_identification:_identify(KFS_judgement_machines/KFS_judgement_machine(AKAZA)) by extension 'python'
[0.182s] Level 1:colcon.colcon_core.package_identification:_identify(KFS_judgement_machines/KFS_judgement_machine(AKAZA)) by extensions ['python_setup_py']
[0.182s] Level 1:colcon.colcon_core.package_identification:_identify(KFS_judgement_machines/KFS_judgement_machine(AKAZA)) by extension 'python_setup_py'
[0.182s] Level 1:colcon.colcon_core.package_identification:_identify(KFS_judgement_machines/KFS_judgement_machine(AKAZA)/KFS Image V1.0) by extensions ['ignore', 'ignore_ament_install']
[0.182s] Level 1:colcon.colcon_core.package_identification:_identify(KFS_judgement_machines/KFS_judgement_machine(AKAZA)/KFS Image V1.0) by extension 'ignore'
[0.183s] Level 1:colcon.colcon_core.package_identification:_identify(KFS_judgement_machines/KFS_judgement_machine(AKAZA)/KFS Image V1.0) by extension 'ignore_ament_install'
[0.183s] Level 1:colcon.colcon_core.package_identification:_identify(KFS_judgement_machines/KFS_judgement_machine(AKAZA)/KFS Image V1.0) by extensions ['colcon_pkg']
[0.183s] Level 1:colcon.colcon_core.package_identification:_identify(KFS_judgement_machines/KFS_judgement_machine(AKAZA)/KFS Image V1.0) by extension 'colcon_pkg'
[0.183s] Level 1:colcon.colcon_core.package_identification:_identify(KFS_judgement_machines/KFS_judgement_machine(AKAZA)/KFS Image V1.0) by extensions ['colcon_meta']
[0.183s] Level 1:colcon.colcon_core.package_identification:_identify(KFS_judgement_machines/KFS_judgement_machine(AKAZA)/KFS Image V1.0) by extension 'colcon_meta'
[0.183s] Level 1:colcon.colcon_core.package_identification:_identify(KFS_judgement_machines/KFS_judgement_machine(AKAZA)/KFS Image V1.0) by extensions ['ros']
[0.183s] Level 1:colcon.colcon_core.package_identification:_identify(KFS_judgement_machines/KFS_judgement_machine(AKAZA)/KFS Image V1.0) by extension 'ros'
[0.183s] Level 1:colcon.colcon_core.package_identification:_identify(KFS_judgement_machines/KFS_judgement_machine(AKAZA)/KFS Image V1.0) by extensions ['cmake', 'python']
[0.183s] Level 1:colcon.colcon_core.package_identification:_identify(KFS_judgement_machines/KFS_judgement_machine(AKAZA)/KFS Image V1.0) by extension 'cmake'
[0.183s] Level 1:colcon.colcon_core.package_identification:_identify(KFS_judgement_machines/KFS_judgement_machine(AKAZA)/KFS Image V1.0) by extension 'python'
[0.183s] Level 1:colcon.colcon_core.package_identification:_identify(KFS_judgement_machines/KFS_judgement_machine(AKAZA)/KFS Image V1.0) by extensions ['python_setup_py']
[0.183s] Level 1:colcon.colcon_core.package_identification:_identify(KFS_judgement_machines/KFS_judgement_machine(AKAZA)/KFS Image V1.0) by extension 'python_setup_py'
[0.183s] Level 1:colcon.colcon_core.package_identification:_identify(aruco_tracker) by extensions ['ignore', 'ignore_ament_install']
[0.183s] Level 1:colcon.colcon_core.package_identification:_identify(aruco_tracker) by extension 'ignore'
[0.183s] Level 1:colcon.colcon_core.package_identification:_identify(aruco_tracker) by extension 'ignore_ament_install'
[0.183s] Level 1:colcon.colcon_core.package_identification:_identify(aruco_tracker) by extensions ['colcon_pkg']
[0.183s] Level 1:colcon.colcon_core.package_identification:_identify(aruco_tracker) by extension 'colcon_pkg'
[0.183s] Level 1:colcon.colcon_core.package_identification:_identify(aruco_tracker) by extensions ['colcon_meta']
[0.183s] Level 1:colcon.colcon_core.package_identification:_identify(aruco_tracker) by extension 'colcon_meta'
[0.183s] Level 1:colcon.colcon_core.package_identification:_identify(aruco_tracker) by extensions ['ros']
[0.183s] Level 1:colcon.colcon_core.package_identification:_identify(aruco_tracker) by extension 'ros'
[0.183s] Level 1:colcon.colcon_core.package_identification:_identify(aruco_tracker) by extensions ['cmake', 'python']
[0.183s] Level 1:colcon.colcon_core.package_identification:_identify(aruco_tracker) by extension 'cmake'
[0.183s] Level 1:colcon.colcon_core.package_identification:_identify(aruco_tracker) by extension 'python'
[0.183s] Level 1:colcon.colcon_core.package_identification:_identify(aruco_tracker) by extensions ['python_setup_py']
[0.183s] Level 1:colcon.colcon_core.package_identification:_identify(aruco_tracker) by extension 'python_setup_py'
[0.184s] Level 1:colcon.colcon_core.package_identification:_identify(build) by extensions ['ignore', 'ignore_ament_install']
[0.184s] Level 1:colcon.colcon_core.package_identification:_identify(build) by extension 'ignore'
[0.184s] Level 1:colcon.colcon_core.package_identification:_identify(build) ignored
[0.184s] Level 1:colcon.colcon_core.package_identification:_identify(example) by extensions ['ignore', 'ignore_ament_install']
[0.184s] Level 1:colcon.colcon_core.package_identification:_identify(example) by extension 'ignore'
[0.184s] Level 1:colcon.colcon_core.package_identification:_identify(example) by extension 'ignore_ament_install'
[0.184s] Level 1:colcon.colcon_core.package_identification:_identify(example) by extensions ['colcon_pkg']
[0.184s] Level 1:colcon.colcon_core.package_identification:_identify(example) by extension 'colcon_pkg'
[0.184s] Level 1:colcon.colcon_core.package_identification:_identify(example) by extensions ['colcon_meta']
[0.184s] Level 1:colcon.colcon_core.package_identification:_identify(example) by extension 'colcon_meta'
[0.184s] Level 1:colcon.colcon_core.package_identification:_identify(example) by extensions ['ros']
[0.184s] Level 1:colcon.colcon_core.package_identification:_identify(example) by extension 'ros'
[0.187s] DEBUG:colcon.colcon_core.package_identification:Package 'example' with type 'ros.ament_cmake' and name 'example'
[0.187s] Level 1:colcon.colcon_core.package_identification:_identify(install) by extensions ['ignore', 'ignore_ament_install']
[0.187s] Level 1:colcon.colcon_core.package_identification:_identify(install) by extension 'ignore'
[0.187s] Level 1:colcon.colcon_core.package_identification:_identify(install) ignored
[0.188s] Level 1:colcon.colcon_core.package_identification:_identify(log) by extensions ['ignore', 'ignore_ament_install']
[0.188s] Level 1:colcon.colcon_core.package_identification:_identify(log) by extension 'ignore'
[0.188s] Level 1:colcon.colcon_core.package_identification:_identify(log) ignored
[0.188s] Level 1:colcon.colcon_core.package_identification:_identify(microcontroller-ws) by extensions ['ignore', 'ignore_ament_install']
[0.188s] Level 1:colcon.colcon_core.package_identification:_identify(microcontroller-ws) by extension 'ignore'
[0.188s] Level 1:colcon.colcon_core.package_identification:_identify(microcontroller-ws) by extension 'ignore_ament_install'
[0.188s] Level 1:colcon.colcon_core.package_identification:_identify(microcontroller-ws) by extensions ['colcon_pkg']
[0.188s] Level 1:colcon.colcon_core.package_identification:_identify(microcontroller-ws) by extension 'colcon_pkg'
[0.188s] Level 1:colcon.colcon_core.package_identification:_identify(microcontroller-ws) by extensions ['colcon_meta']
[0.188s] Level 1:colcon.colcon_core.package_identification:_identify(microcontroller-ws) by extension 'colcon_meta'
[0.188s] Level 1:colcon.colcon_core.package_identification:_identify(microcontroller-ws) by extensions ['ros']
[0.188s] Level 1:colcon.colcon_core.package_identification:_identify(microcontroller-ws) by extension 'ros'
[0.188s] Level 1:colcon.colcon_core.package_identification:_identify(microcontroller-ws) by extensions ['cmake', 'python']
[0.188s] Level 1:colcon.colcon_core.package_identification:_identify(microcontroller-ws) by extension 'cmake'
[0.188s] Level 1:colcon.colcon_core.package_identification:_identify(microcontroller-ws) by extension 'python'
[0.188s] Level 1:colcon.colcon_core.package_identification:_identify(microcontroller-ws) by extensions ['python_setup_py']
[0.188s] Level 1:colcon.colcon_core.package_identification:_identify(microcontroller-ws) by extension 'python_setup_py'
[0.188s] Level 1:colcon.colcon_core.package_identification:_identify(nr26_behavior_tree) by extensions ['ignore', 'ignore_ament_install']
[0.189s] Level 1:colcon.colcon_core.package_identification:_identify(nr26_behavior_tree) by extension 'ignore'
[0.189s] Level 1:colcon.colcon_core.package_identification:_identify(nr26_behavior_tree) by extension 'ignore_ament_install'
[0.189s] Level 1:colcon.colcon_core.package_identification:_identify(nr26_behavior_tree) by extensions ['colcon_pkg']
[0.189s] Level 1:colcon.colcon_core.package_identification:_identify(nr26_behavior_tree) by extension 'colcon_pkg'
[0.189s] Level 1:colcon.colcon_core.package_identification:_identify(nr26_behavior_tree) by extensions ['colcon_meta']
[0.189s] Level 1:colcon.colcon_core.package_identification:_identify(nr26_behavior_tree) by extension 'colcon_meta'
[0.189s] Level 1:colcon.colcon_core.package_identification:_identify(nr26_behavior_tree) by extensions ['ros']
[0.189s] Level 1:colcon.colcon_core.package_identification:_identify(nr26_behavior_tree) by extension 'ros'
[0.189s] DEBUG:colcon.colcon_core.package_identification:Package 'nr26_behavior_tree' with type 'ros.ament_cmake' and name 'nr26_behavior_tree'
[0.189s] Level 1:colcon.colcon_core.package_identification:_identify(nr26_r1_hw_ctrl) by extensions ['ignore', 'ignore_ament_install']
[0.190s] Level 1:colcon.colcon_core.package_identification:_identify(nr26_r1_hw_ctrl) by extension 'ignore'
[0.190s] Level 1:colcon.colcon_core.package_identification:_identify(nr26_r1_hw_ctrl) by extension 'ignore_ament_install'
[0.190s] Level 1:colcon.colcon_core.package_identification:_identify(nr26_r1_hw_ctrl) by extensions ['colcon_pkg']
[0.190s] Level 1:colcon.colcon_core.package_identification:_identify(nr26_r1_hw_ctrl) by extension 'colcon_pkg'
[0.190s] Level 1:colcon.colcon_core.package_identification:_identify(nr26_r1_hw_ctrl) by extensions ['colcon_meta']
[0.190s] Level 1:colcon.colcon_core.package_identification:_identify(nr26_r1_hw_ctrl) by extension 'colcon_meta'
[0.190s] Level 1:colcon.colcon_core.package_identification:_identify(nr26_r1_hw_ctrl) by extensions ['ros']
[0.190s] Level 1:colcon.colcon_core.package_identification:_identify(nr26_r1_hw_ctrl) by extension 'ros'
[0.190s] DEBUG:colcon.colcon_core.package_identification:Package 'nr26_r1_hw_ctrl' with type 'ros.ament_cmake' and name 'nr26_r1_hw_ctrl'
[0.191s] Level 1:colcon.colcon_core.package_identification:_identify(nr26_r2_hw_ctrl) by extensions ['ignore', 'ignore_ament_install']
[0.191s] Level 1:colcon.colcon_core.package_identification:_identify(nr26_r2_hw_ctrl) by extension 'ignore'
[0.191s] Level 1:colcon.colcon_core.package_identification:_identify(nr26_r2_hw_ctrl) by extension 'ignore_ament_install'
[0.191s] Level 1:colcon.colcon_core.package_identification:_identify(nr26_r2_hw_ctrl) by extensions ['colcon_pkg']
[0.191s] Level 1:colcon.colcon_core.package_identification:_identify(nr26_r2_hw_ctrl) by extension 'colcon_pkg'
[0.191s] Level 1:colcon.colcon_core.package_identification:_identify(nr26_r2_hw_ctrl) by extensions ['colcon_meta']
[0.191s] Level 1:colcon.colcon_core.package_identification:_identify(nr26_r2_hw_ctrl) by extension 'colcon_meta'
[0.191s] Level 1:colcon.colcon_core.package_identification:_identify(nr26_r2_hw_ctrl) by extensions ['ros']
[0.191s] Level 1:colcon.colcon_core.package_identification:_identify(nr26_r2_hw_ctrl) by extension 'ros'
[0.191s] DEBUG:colcon.colcon_core.package_identification:Package 'nr26_r2_hw_ctrl' with type 'ros.ament_cmake' and name 'nr26_r2_hw_ctrl'
[0.192s] Level 1:colcon.colcon_core.package_identification:_identify(path_finding) by extensions ['ignore', 'ignore_ament_install']
[0.192s] Level 1:colcon.colcon_core.package_identification:_identify(path_finding) by extension 'ignore'
[0.192s] Level 1:colcon.colcon_core.package_identification:_identify(path_finding) by extension 'ignore_ament_install'
[0.192s] Level 1:colcon.colcon_core.package_identification:_identify(path_finding) by extensions ['colcon_pkg']
[0.192s] Level 1:colcon.colcon_core.package_identification:_identify(path_finding) by extension 'colcon_pkg'
[0.192s] Level 1:colcon.colcon_core.package_identification:_identify(path_finding) by extensions ['colcon_meta']
[0.192s] Level 1:colcon.colcon_core.package_identification:_identify(path_finding) by extension 'colcon_meta'
[0.192s] Level 1:colcon.colcon_core.package_identification:_identify(path_finding) by extensions ['ros']
[0.192s] Level 1:colcon.colcon_core.package_identification:_identify(path_finding) by extension 'ros'
[0.192s] Level 1:colcon.colcon_core.package_identification:_identify(path_finding) by extensions ['cmake', 'python']
[0.192s] Level 1:colcon.colcon_core.package_identification:_identify(path_finding) by extension 'cmake'
[0.192s] Level 1:colcon.colcon_core.package_identification:_identify(path_finding) by extension 'python'
[0.192s] Level 1:colcon.colcon_core.package_identification:_identify(path_finding) by extensions ['python_setup_py']
[0.192s] Level 1:colcon.colcon_core.package_identification:_identify(path_finding) by extension 'python_setup_py'
[0.192s] Level 1:colcon.colcon_core.package_identification:_identify(path_finding/cpp_path_finding) by extensions ['ignore', 'ignore_ament_install']
[0.192s] Level 1:colcon.colcon_core.package_identification:_identify(path_finding/cpp_path_finding) by extension 'ignore'
[0.192s] Level 1:colcon.colcon_core.package_identification:_identify(path_finding/cpp_path_finding) by extension 'ignore_ament_install'
[0.192s] Level 1:colcon.colcon_core.package_identification:_identify(path_finding/cpp_path_finding) by extensions ['colcon_pkg']
[0.192s] Level 1:colcon.colcon_core.package_identification:_identify(path_finding/cpp_path_finding) by extension 'colcon_pkg'
[0.192s] Level 1:colcon.colcon_core.package_identification:_identify(path_finding/cpp_path_finding) by extensions ['colcon_meta']
[0.193s] Level 1:colcon.colcon_core.package_identification:_identify(path_finding/cpp_path_finding) by extension 'colcon_meta'
[0.193s] Level 1:colcon.colcon_core.package_identification:_identify(path_finding/cpp_path_finding) by extensions ['ros']
[0.193s] Level 1:colcon.colcon_core.package_identification:_identify(path_finding/cpp_path_finding) by extension 'ros'
[0.193s] Level 1:colcon.colcon_core.package_identification:_identify(path_finding/cpp_path_finding) by extensions ['cmake', 'python']
[0.193s] Level 1:colcon.colcon_core.package_identification:_identify(path_finding/cpp_path_finding) by extension 'cmake'
[0.193s] Level 1:colcon.colcon_core.package_identification:_identify(path_finding/cpp_path_finding) by extension 'python'
[0.193s] Level 1:colcon.colcon_core.package_identification:_identify(path_finding/cpp_path_finding) by extensions ['python_setup_py']
[0.193s] Level 1:colcon.colcon_core.package_identification:_identify(path_finding/cpp_path_finding) by extension 'python_setup_py'
[0.193s] Level 1:colcon.colcon_core.package_identification:_identify(ros2esp) by extensions ['ignore', 'ignore_ament_install']
[0.193s] Level 1:colcon.colcon_core.package_identification:_identify(ros2esp) by extension 'ignore'
[0.193s] Level 1:colcon.colcon_core.package_identification:_identify(ros2esp) by extension 'ignore_ament_install'
[0.193s] Level 1:colcon.colcon_core.package_identification:_identify(ros2esp) by extensions ['colcon_pkg']
[0.193s] Level 1:colcon.colcon_core.package_identification:_identify(ros2esp) by extension 'colcon_pkg'
[0.193s] Level 1:colcon.colcon_core.package_identification:_identify(ros2esp) by extensions ['colcon_meta']
[0.193s] Level 1:colcon.colcon_core.package_identification:_identify(ros2esp) by extension 'colcon_meta'
[0.193s] Level 1:colcon.colcon_core.package_identification:_identify(ros2esp) by extensions ['ros']
[0.193s] Level 1:colcon.colcon_core.package_identification:_identify(ros2esp) by extension 'ros'
[0.194s] DEBUG:colcon.colcon_core.package_identification:Package 'ros2esp' with type 'ros.ament_cmake' and name 'ros2esp'
[0.194s] Level 1:colcon.colcon_core.package_identification:_identify(ros2stm) by extensions ['ignore', 'ignore_ament_install']
[0.194s] Level 1:colcon.colcon_core.package_identification:_identify(ros2stm) by extension 'ignore'
[0.195s] Level 1:colcon.colcon_core.package_identification:_identify(ros2stm) by extension 'ignore_ament_install'
[0.195s] Level 1:colcon.colcon_core.package_identification:_identify(ros2stm) by extensions ['colcon_pkg']
[0.195s] Level 1:colcon.colcon_core.package_identification:_identify(ros2stm) by extension 'colcon_pkg'
[0.195s] Level 1:colcon.colcon_core.package_identification:_identify(ros2stm) by extensions ['colcon_meta']
[0.195s] Level 1:colcon.colcon_core.package_identification:_identify(ros2stm) by extension 'colcon_meta'
[0.195s] Level 1:colcon.colcon_core.package_identification:_identify(ros2stm) by extensions ['ros']
[0.195s] Level 1:colcon.colcon_core.package_identification:_identify(ros2stm) by extension 'ros'
[0.195s] DEBUG:colcon.colcon_core.package_identification:Package 'ros2stm' with type 'ros.ament_cmake' and name 'ros2stm'
[0.195s] Level 1:colcon.colcon_core.package_identification:_identify(ros2udp) by extensions ['ignore', 'ignore_ament_install']
[0.196s] Level 1:colcon.colcon_core.package_identification:_identify(ros2udp) by extension 'ignore'
[0.196s] Level 1:colcon.colcon_core.package_identification:_identify(ros2udp) by extension 'ignore_ament_install'
[0.196s] Level 1:colcon.colcon_core.package_identification:_identify(ros2udp) by extensions ['colcon_pkg']
[0.196s] Level 1:colcon.colcon_core.package_identification:_identify(ros2udp) by extension 'colcon_pkg'
[0.196s] Level 1:colcon.colcon_core.package_identification:_identify(ros2udp) by extensions ['colcon_meta']
[0.196s] Level 1:colcon.colcon_core.package_identification:_identify(ros2udp) by extension 'colcon_meta'
[0.196s] Level 1:colcon.colcon_core.package_identification:_identify(ros2udp) by extensions ['ros']
[0.196s] Level 1:colcon.colcon_core.package_identification:_identify(ros2udp) by extension 'ros'
[0.197s] DEBUG:colcon.colcon_core.package_identification:Package 'ros2udp' with type 'ros.ament_cmake' and name 'ros2udp'
[0.197s] Level 1:colcon.colcon_core.package_identification:_identify(serial_bridge) by extensions ['ignore', 'ignore_ament_install']
[0.197s] Level 1:colcon.colcon_core.package_identification:_identify(serial_bridge) by extension 'ignore'
[0.197s] Level 1:colcon.colcon_core.package_identification:_identify(serial_bridge) by extension 'ignore_ament_install'
[0.197s] Level 1:colcon.colcon_core.package_identification:_identify(serial_bridge) by extensions ['colcon_pkg']
[0.197s] Level 1:colcon.colcon_core.package_identification:_identify(serial_bridge) by extension 'colcon_pkg'
[0.197s] Level 1:colcon.colcon_core.package_identification:_identify(serial_bridge) by extensions ['colcon_meta']
[0.197s] Level 1:colcon.colcon_core.package_identification:_identify(serial_bridge) by extension 'colcon_meta'
[0.197s] Level 1:colcon.colcon_core.package_identification:_identify(serial_bridge) by extensions ['ros']
[0.197s] Level 1:colcon.colcon_core.package_identification:_identify(serial_bridge) by extension 'ros'
[0.198s] DEBUG:colcon.colcon_core.package_identification:Package 'serial_bridge' with type 'ros.ament_cmake' and name 'serial_bridge'
[0.198s] Level 1:colcon.colcon_core.package_discovery:discover_packages(recursive) using defaults
[0.198s] Level 1:colcon.colcon_core.package_discovery:discover_packages(ignore) discover
[0.198s] Level 1:colcon.colcon_core.package_discovery:discover_packages(ignore) using defaults
[0.198s] Level 1:colcon.colcon_core.package_discovery:discover_packages(path) discover
[0.198s] Level 1:colcon.colcon_core.package_discovery:discover_packages(path) using defaults
[0.220s] Level 1:colcon.colcon_core.package_discovery:discover_packages(prefix_path) check parameters
[0.220s] Level 1:colcon.colcon_core.package_discovery:discover_packages(prefix_path) discover
[0.256s] DEBUG:colcon.colcon_installed_package_information.package_discovery:Found 10 installed packages in /home/ubuntu/ros2_ws/install
[0.259s] DEBUG:colcon.colcon_installed_package_information.package_discovery:Found 294 installed packages in /opt/ros/jazzy
[0.261s] Level 1:colcon.colcon_core.package_discovery:discover_packages(prefix_path) using defaults
[0.303s] Level 5:colcon.colcon_core.verb:set package 'example' build argument 'cmake_args' from command line to 'None'
[0.303s] Level 5:colcon.colcon_core.verb:set package 'example' build argument 'cmake_target' from command line to 'None'
[0.303s] Level 5:colcon.colcon_core.verb:set package 'example' build argument 'cmake_target_skip_unavailable' from command line to 'False'
[0.303s] Level 5:colcon.colcon_core.verb:set package 'example' build argument 'cmake_clean_cache' from command line to 'False'
[0.303s] Level 5:colcon.colcon_core.verb:set package 'example' build argument 'cmake_clean_first' from command line to 'False'
[0.303s] Level 5:colcon.colcon_core.verb:set package 'example' build argument 'cmake_force_configure' from command line to 'False'
[0.303s] Level 5:colcon.colcon_core.verb:set package 'example' build argument 'ament_cmake_args' from command line to 'None'
[0.303s] Level 5:colcon.colcon_core.verb:set package 'example' build argument 'catkin_cmake_args' from command line to 'None'
[0.303s] Level 5:colcon.colcon_core.verb:set package 'example' build argument 'catkin_skip_building_tests' from command line to 'False'
[0.303s] DEBUG:colcon.colcon_core.verb:Building package 'example' with the following arguments: {'ament_cmake_args': None, 'build_base': '/home/ubuntu/rrst-ros2-ws/build/example', 'catkin_cmake_args': None, 'catkin_skip_building_tests': False, 'cmake_args': None, 'cmake_clean_cache': False, 'cmake_clean_first': False, 'cmake_force_configure': False, 'cmake_target': None, 'cmake_target_skip_unavailable': False, 'install_base': '/home/ubuntu/rrst-ros2-ws/install/example', 'merge_install': False, 'path': '/home/ubuntu/rrst-ros2-ws/example', 'symlink_install': False, 'test_result_base': None}
[0.303s] Level 5:colcon.colcon_core.verb:set package 'nr26_behavior_tree' build argument 'cmake_args' from command line to 'None'
[0.303s] Level 5:colcon.colcon_core.verb:set package 'nr26_behavior_tree' build argument 'cmake_target' from command line to 'None'
[0.303s] Level 5:colcon.colcon_core.verb:set package 'nr26_behavior_tree' build argument 'cmake_target_skip_unavailable' from command line to 'False'
[0.303s] Level 5:colcon.colcon_core.verb:set package 'nr26_behavior_tree' build argument 'cmake_clean_cache' from command line to 'False'
[0.303s] Level 5:colcon.colcon_core.verb:set package 'nr26_behavior_tree' build argument 'cmake_clean_first' from command line to 'False'
[0.303s] Level 5:colcon.colcon_core.verb:set package 'nr26_behavior_tree' build argument 'cmake_force_configure' from command line to 'False'
[0.304s] Level 5:colcon.colcon_core.verb:set package 'nr26_behavior_tree' build argument 'ament_cmake_args' from command line to 'None'
[0.304s] Level 5:colcon.colcon_core.verb:set package 'nr26_behavior_tree' build argument 'catkin_cmake_args' from command line to 'None'
[0.304s] Level 5:colcon.colcon_core.verb:set package 'nr26_behavior_tree' build argument 'catkin_skip_building_tests' from command line to 'False'
[0.304s] DEBUG:colcon.colcon_core.verb:Building package 'nr26_behavior_tree' with the following arguments: {'ament_cmake_args': None, 'build_base': '/home/ubuntu/rrst-ros2-ws/build/nr26_behavior_tree', 'catkin_cmake_args': None, 'catkin_skip_building_tests': False, 'cmake_args': None, 'cmake_clean_cache': False, 'cmake_clean_first': False, 'cmake_force_configure': False, 'cmake_target': None, 'cmake_target_skip_unavailable': False, 'install_base': '/home/ubuntu/rrst-ros2-ws/install/nr26_behavior_tree', 'merge_install': False, 'path': '/home/ubuntu/rrst-ros2-ws/nr26_behavior_tree', 'symlink_install': False, 'test_result_base': None}
[0.304s] Level 5:colcon.colcon_core.verb:set package 'nr26_r1_hw_ctrl' build argument 'cmake_args' from command line to 'None'
[0.304s] Level 5:colcon.colcon_core.verb:set package 'nr26_r1_hw_ctrl' build argument 'cmake_target' from command line to 'None'
[0.304s] Level 5:colcon.colcon_core.verb:set package 'nr26_r1_hw_ctrl' build argument 'cmake_target_skip_unavailable' from command line to 'False'
[0.304s] Level 5:colcon.colcon_core.verb:set package 'nr26_r1_hw_ctrl' build argument 'cmake_clean_cache' from command line to 'False'
[0.304s] Level 5:colcon.colcon_core.verb:set package 'nr26_r1_hw_ctrl' build argument 'cmake_clean_first' from command line to 'False'
[0.304s] Level 5:colcon.colcon_core.verb:set package 'nr26_r1_hw_ctrl' build argument 'cmake_force_configure' from command line to 'False'
[0.304s] Level 5:colcon.colcon_core.verb:set package 'nr26_r1_hw_ctrl' build argument 'ament_cmake_args' from command line to 'None'
[0.304s] Level 5:colcon.colcon_core.verb:set package 'nr26_r1_hw_ctrl' build argument 'catkin_cmake_args' from command line to 'None'
[0.304s] Level 5:colcon.colcon_core.verb:set package 'nr26_r1_hw_ctrl' build argument 'catkin_skip_building_tests' from command line to 'False'
[0.304s] DEBUG:colcon.colcon_core.verb:Building package 'nr26_r1_hw_ctrl' with the following arguments: {'ament_cmake_args': None, 'build_base': '/home/ubuntu/rrst-ros2-ws/build/nr26_r1_hw_ctrl', 'catkin_cmake_args': None, 'catkin_skip_building_tests': False, 'cmake_args': None, 'cmake_clean_cache': False, 'cmake_clean_first': False, 'cmake_force_configure': False, 'cmake_target': None, 'cmake_target_skip_unavailable': False, 'install_base': '/home/ubuntu/rrst-ros2-ws/install/nr26_r1_hw_ctrl', 'merge_install': False, 'path': '/home/ubuntu/rrst-ros2-ws/nr26_r1_hw_ctrl', 'symlink_install': False, 'test_result_base': None}
[0.304s] Level 5:colcon.colcon_core.verb:set package 'nr26_r2_hw_ctrl' build argument 'cmake_args' from command line to 'None'
[0.304s] Level 5:colcon.colcon_core.verb:set package 'nr26_r2_hw_ctrl' build argument 'cmake_target' from command line to 'None'
[0.304s] Level 5:colcon.colcon_core.verb:set package 'nr26_r2_hw_ctrl' build argument 'cmake_target_skip_unavailable' from command line to 'False'
[0.304s] Level 5:colcon.colcon_core.verb:set package 'nr26_r2_hw_ctrl' build argument 'cmake_clean_cache' from command line to 'False'
[0.304s] Level 5:colcon.colcon_core.verb:set package 'nr26_r2_hw_ctrl' build argument 'cmake_clean_first' from command line to 'False'
[0.304s] Level 5:colcon.colcon_core.verb:set package 'nr26_r2_hw_ctrl' build argument 'cmake_force_configure' from command line to 'False'
[0.304s] Level 5:colcon.colcon_core.verb:set package 'nr26_r2_hw_ctrl' build argument 'ament_cmake_args' from command line to 'None'
[0.304s] Level 5:colcon.colcon_core.verb:set package 'nr26_r2_hw_ctrl' build argument 'catkin_cmake_args' from command line to 'None'
[0.304s] Level 5:colcon.colcon_core.verb:set package 'nr26_r2_hw_ctrl' build argument 'catkin_skip_building_tests' from command line to 'False'
[0.304s] DEBUG:colcon.colcon_core.verb:Building package 'nr26_r2_hw_ctrl' with the following arguments: {'ament_cmake_args': None, 'build_base': '/home/ubuntu/rrst-ros2-ws/build/nr26_r2_hw_ctrl', 'catkin_cmake_args': None, 'catkin_skip_building_tests': False, 'cmake_args': None, 'cmake_clean_cache': False, 'cmake_clean_first': False, 'cmake_force_configure': False, 'cmake_target': None, 'cmake_target_skip_unavailable': False, 'install_base': '/home/ubuntu/rrst-ros2-ws/install/nr26_r2_hw_ctrl', 'merge_install': False, 'path': '/home/ubuntu/rrst-ros2-ws/nr26_r2_hw_ctrl', 'symlink_install': False, 'test_result_base': None}
[0.305s] Level 5:colcon.colcon_core.verb:set package 'ros2esp' build argument 'cmake_args' from command line to 'None'
[0.305s] Level 5:colcon.colcon_core.verb:set package 'ros2esp' build argument 'cmake_target' from command line to 'None'
[0.305s] Level 5:colcon.colcon_core.verb:set package 'ros2esp' build argument 'cmake_target_skip_unavailable' from command line to 'False'
[0.305s] Level 5:colcon.colcon_core.verb:set package 'ros2esp' build argument 'cmake_clean_cache' from command line to 'False'
[0.305s] Level 5:colcon.colcon_core.verb:set package 'ros2esp' build argument 'cmake_clean_first' from command line to 'False'
[0.305s] Level 5:colcon.colcon_core.verb:set package 'ros2esp' build argument 'cmake_force_configure' from command line to 'False'
[0.305s] Level 5:colcon.colcon_core.verb:set package 'ros2esp' build argument 'ament_cmake_args' from command line to 'None'
[0.305s] Level 5:colcon.colcon_core.verb:set package 'ros2esp' build argument 'catkin_cmake_args' from command line to 'None'
[0.305s] Level 5:colcon.colcon_core.verb:set package 'ros2esp' build argument 'catkin_skip_building_tests' from command line to 'False'
[0.305s] DEBUG:colcon.colcon_core.verb:Building package 'ros2esp' with the following arguments: {'ament_cmake_args': None, 'build_base': '/home/ubuntu/rrst-ros2-ws/build/ros2esp', 'catkin_cmake_args': None, 'catkin_skip_building_tests': False, 'cmake_args': None, 'cmake_clean_cache': False, 'cmake_clean_first': False, 'cmake_force_configure': False, 'cmake_target': None, 'cmake_target_skip_unavailable': False, 'install_base': '/home/ubuntu/rrst-ros2-ws/install/ros2esp', 'merge_install': False, 'path': '/home/ubuntu/rrst-ros2-ws/ros2esp', 'symlink_install': False, 'test_result_base': None}
[0.305s] Level 5:colcon.colcon_core.verb:set package 'ros2stm' build argument 'cmake_args' from command line to 'None'
[0.305s] Level 5:colcon.colcon_core.verb:set package 'ros2stm' build argument 'cmake_target' from command line to 'None'
[0.305s] Level 5:colcon.colcon_core.verb:set package 'ros2stm' build argument 'cmake_target_skip_unavailable' from command line to 'False'
[0.305s] Level 5:colcon.colcon_core.verb:set package 'ros2stm' build argument 'cmake_clean_cache' from command line to 'False'
[0.305s] Level 5:colcon.colcon_core.verb:set package 'ros2stm' build argument 'cmake_clean_first' from command line to 'False'
[0.305s] Level 5:colcon.colcon_core.verb:set package 'ros2stm' build argument 'cmake_force_configure' from command line to 'False'
[0.305s] Level 5:colcon.colcon_core.verb:set package 'ros2stm' build argument 'ament_cmake_args' from command line to 'None'
[0.305s] Level 5:colcon.colcon_core.verb:set package 'ros2stm' build argument 'catkin_cmake_args' from command line to 'None'
[0.305s] Level 5:colcon.colcon_core.verb:set package 'ros2stm' build argument 'catkin_skip_building_tests' from command line to 'False'
[0.305s] DEBUG:colcon.colcon_core.verb:Building package 'ros2stm' with the following arguments: {'ament_cmake_args': None, 'build_base': '/home/ubuntu/rrst-ros2-ws/build/ros2stm', 'catkin_cmake_args': None, 'catkin_skip_building_tests': False, 'cmake_args': None, 'cmake_clean_cache': False, 'cmake_clean_first': False, 'cmake_force_configure': False, 'cmake_target': None, 'cmake_target_skip_unavailable': False, 'install_base': '/home/ubuntu/rrst-ros2-ws/install/ros2stm', 'merge_install': False, 'path': '/home/ubuntu/rrst-ros2-ws/ros2stm', 'symlink_install': False, 'test_result_base': None}
[0.305s] Level 5:colcon.colcon_core.verb:set package 'ros2udp' build argument 'cmake_args' from command line to 'None'
[0.305s] Level 5:colcon.colcon_core.verb:set package 'ros2udp' build argument 'cmake_target' from command line to 'None'
[0.305s] Level 5:colcon.colcon_core.verb:set package 'ros2udp' build argument 'cmake_target_skip_unavailable' from command line to 'False'
[0.305s] Level 5:colcon.colcon_core.verb:set package 'ros2udp' build argument 'cmake_clean_cache' from command line to 'False'
[0.305s] Level 5:colcon.colcon_core.verb:set package 'ros2udp' build argument 'cmake_clean_first' from command line to 'False'
[0.305s] Level 5:colcon.colcon_core.verb:set package 'ros2udp' build argument 'cmake_force_configure' from command line to 'False'
[0.305s] Level 5:colcon.colcon_core.verb:set package 'ros2udp' build argument 'ament_cmake_args' from command line to 'None'
[0.305s] Level 5:colcon.colcon_core.verb:set package 'ros2udp' build argument 'catkin_cmake_args' from command line to 'None'
[0.305s] Level 5:colcon.colcon_core.verb:set package 'ros2udp' build argument 'catkin_skip_building_tests' from command line to 'False'
[0.306s] DEBUG:colcon.colcon_core.verb:Building package 'ros2udp' with the following arguments: {'ament_cmake_args': None, 'build_base': '/home/ubuntu/rrst-ros2-ws/build/ros2udp', 'catkin_cmake_args': None, 'catkin_skip_building_tests': False, 'cmake_args': None, 'cmake_clean_cache': False, 'cmake_clean_first': False, 'cmake_force_configure': False, 'cmake_target': None, 'cmake_target_skip_unavailable': False, 'install_base': '/home/ubuntu/rrst-ros2-ws/install/ros2udp', 'merge_install': False, 'path': '/home/ubuntu/rrst-ros2-ws/ros2udp', 'symlink_install': False, 'test_result_base': None}
[0.306s] Level 5:colcon.colcon_core.verb:set package 'serial_bridge' build argument 'cmake_args' from command line to 'None'
[0.306s] Level 5:colcon.colcon_core.verb:set package 'serial_bridge' build argument 'cmake_target' from command line to 'None'
[0.306s] Level 5:colcon.colcon_core.verb:set package 'serial_bridge' build argument 'cmake_target_skip_unavailable' from command line to 'False'
[0.306s] Level 5:colcon.colcon_core.verb:set package 'serial_bridge' build argument 'cmake_clean_cache' from command line to 'False'
[0.306s] Level 5:colcon.colcon_core.verb:set package 'serial_bridge' build argument 'cmake_clean_first' from command line to 'False'
[0.306s] Level 5:colcon.colcon_core.verb:set package 'serial_bridge' build argument 'cmake_force_configure' from command line to 'False'
[0.306s] Level 5:colcon.colcon_core.verb:set package 'serial_bridge' build argument 'ament_cmake_args' from command line to 'None'
[0.306s] Level 5:colcon.colcon_core.verb:set package 'serial_bridge' build argument 'catkin_cmake_args' from command line to 'None'
[0.306s] Level 5:colcon.colcon_core.verb:set package 'serial_bridge' build argument 'catkin_skip_building_tests' from command line to 'False'
[0.306s] DEBUG:colcon.colcon_core.verb:Building package 'serial_bridge' with the following arguments: {'ament_cmake_args': None, 'build_base': '/home/ubuntu/rrst-ros2-ws/build/serial_bridge', 'catkin_cmake_args': None, 'catkin_skip_building_tests': False, 'cmake_args': None, 'cmake_clean_cache': False, 'cmake_clean_first': False, 'cmake_force_configure': False, 'cmake_target': None, 'cmake_target_skip_unavailable': False, 'install_base': '/home/ubuntu/rrst-ros2-ws/install/serial_bridge', 'merge_install': False, 'path': '/home/ubuntu/rrst-ros2-ws/serial_bridge', 'symlink_install': False, 'test_result_base': None}
[0.306s] INFO:colcon.colcon_core.executor:Executing jobs using 'parallel' executor
[0.307s] DEBUG:colcon.colcon_parallel_executor.executor.parallel:run_until_complete
[0.308s] INFO:colcon.colcon_ros.task.ament_cmake.build:Building ROS package in '/home/ubuntu/rrst-ros2-ws/example' with build type 'ament_cmake'
[0.308s] INFO:colcon.colcon_cmake.task.cmake.build:Building CMake package in '/home/ubuntu/rrst-ros2-ws/example'
[0.310s] INFO:colcon.colcon_core.plugin_system:Skipping extension 'colcon_core.shell.bat': Not used on non-Windows systems
[0.310s] INFO:colcon.colcon_core.shell:Skip shell extension 'powershell' for command environment: Not usable outside of PowerShell
[0.310s] DEBUG:colcon.colcon_core.shell:Skip shell extension 'dsv' for command environment
[0.315s] INFO:colcon.colcon_ros.task.ament_cmake.build:Building ROS package in '/home/ubuntu/rrst-ros2-ws/nr26_behavior_tree' with build type 'ament_cmake'
[0.315s] INFO:colcon.colcon_cmake.task.cmake.build:Building CMake package in '/home/ubuntu/rrst-ros2-ws/nr26_behavior_tree'
[0.315s] INFO:colcon.colcon_core.shell:Skip shell extension 'powershell' for command environment: Not usable outside of PowerShell
[0.315s] DEBUG:colcon.colcon_core.shell:Skip shell extension 'dsv' for command environment
[0.319s] INFO:colcon.colcon_ros.task.ament_cmake.build:Building ROS package in '/home/ubuntu/rrst-ros2-ws/nr26_r1_hw_ctrl' with build type 'ament_cmake'
[0.320s] INFO:colcon.colcon_cmake.task.cmake.build:Building CMake package in '/home/ubuntu/rrst-ros2-ws/nr26_r1_hw_ctrl'
[0.320s] INFO:colcon.colcon_core.shell:Skip shell extension 'powershell' for command environment: Not usable outside of PowerShell
[0.320s] DEBUG:colcon.colcon_core.shell:Skip shell extension 'dsv' for command environment
[0.324s] INFO:colcon.colcon_ros.task.ament_cmake.build:Building ROS package in '/home/ubuntu/rrst-ros2-ws/nr26_r2_hw_ctrl' with build type 'ament_cmake'
[0.324s] INFO:colcon.colcon_cmake.task.cmake.build:Building CMake package in '/home/ubuntu/rrst-ros2-ws/nr26_r2_hw_ctrl'
[0.324s] INFO:colcon.colcon_core.shell:Skip shell extension 'powershell' for command environment: Not usable outside of PowerShell
[0.325s] DEBUG:colcon.colcon_core.shell:Skip shell extension 'dsv' for command environment
[0.328s] INFO:colcon.colcon_ros.task.ament_cmake.build:Building ROS package in '/home/ubuntu/rrst-ros2-ws/ros2esp' with build type 'ament_cmake'
[0.329s] INFO:colcon.colcon_cmake.task.cmake.build:Building CMake package in '/home/ubuntu/rrst-ros2-ws/ros2esp'
[0.329s] INFO:colcon.colcon_core.shell:Skip shell extension 'powershell' for command environment: Not usable outside of PowerShell
[0.329s] DEBUG:colcon.colcon_core.shell:Skip shell extension 'dsv' for command environment
[0.332s] INFO:colcon.colcon_ros.task.ament_cmake.build:Building ROS package in '/home/ubuntu/rrst-ros2-ws/ros2stm' with build type 'ament_cmake'
[0.332s] INFO:colcon.colcon_cmake.task.cmake.build:Building CMake package in '/home/ubuntu/rrst-ros2-ws/ros2stm'
[0.333s] INFO:colcon.colcon_core.shell:Skip shell extension 'powershell' for command environment: Not usable outside of PowerShell
[0.333s] DEBUG:colcon.colcon_core.shell:Skip shell extension 'dsv' for command environment
[0.336s] INFO:colcon.colcon_ros.task.ament_cmake.build:Building ROS package in '/home/ubuntu/rrst-ros2-ws/ros2udp' with build type 'ament_cmake'
[0.336s] INFO:colcon.colcon_cmake.task.cmake.build:Building CMake package in '/home/ubuntu/rrst-ros2-ws/ros2udp'
[0.336s] INFO:colcon.colcon_core.shell:Skip shell extension 'powershell' for command environment: Not usable outside of PowerShell
[0.336s] DEBUG:colcon.colcon_core.shell:Skip shell extension 'dsv' for command environment
[0.340s] INFO:colcon.colcon_ros.task.ament_cmake.build:Building ROS package in '/home/ubuntu/rrst-ros2-ws/serial_bridge' with build type 'ament_cmake'
[0.340s] INFO:colcon.colcon_cmake.task.cmake.build:Building CMake package in '/home/ubuntu/rrst-ros2-ws/serial_bridge'
[0.340s] INFO:colcon.colcon_core.shell:Skip shell extension 'powershell' for command environment: Not usable outside of PowerShell
[0.340s] DEBUG:colcon.colcon_core.shell:Skip shell extension 'dsv' for command environment
[0.350s] DEBUG:colcon.colcon_core.event_handler.log_command:Invoking command in '/home/ubuntu/rrst-ros2-ws/build/example': CMAKE_PREFIX_PATH=${CMAKE_PREFIX_PATH}:/opt/ros/jazzy DEBUGINFOD_URLS=https://debuginfod.ubuntu.com /usr/bin/cmake --build /home/ubuntu/rrst-ros2-ws/build/example -- -j12 -l12
[0.352s] DEBUG:colcon.colcon_core.event_handler.log_command:Invoking command in '/home/ubuntu/rrst-ros2-ws/build/nr26_behavior_tree': CMAKE_PREFIX_PATH=${CMAKE_PREFIX_PATH}:/opt/ros/jazzy DEBUGINFOD_URLS=https://debuginfod.ubuntu.com /usr/bin/cmake --build /home/ubuntu/rrst-ros2-ws/build/nr26_behavior_tree -- -j12 -l12
[0.354s] DEBUG:colcon.colcon_core.event_handler.log_command:Invoking command in '/home/ubuntu/rrst-ros2-ws/build/nr26_r1_hw_ctrl': CMAKE_PREFIX_PATH=${CMAKE_PREFIX_PATH}:/opt/ros/jazzy DEBUGINFOD_URLS=https://debuginfod.ubuntu.com /usr/bin/cmake --build /home/ubuntu/rrst-ros2-ws/build/nr26_r1_hw_ctrl -- -j12 -l12
[0.357s] DEBUG:colcon.colcon_core.event_handler.log_command:Invoking command in '/home/ubuntu/rrst-ros2-ws/build/nr26_r2_hw_ctrl': CMAKE_PREFIX_PATH=${CMAKE_PREFIX_PATH}:/opt/ros/jazzy DEBUGINFOD_URLS=https://debuginfod.ubuntu.com /usr/bin/cmake --build /home/ubuntu/rrst-ros2-ws/build/nr26_r2_hw_ctrl -- -j12 -l12
[0.361s] DEBUG:colcon.colcon_core.event_handler.log_command:Invoking command in '/home/ubuntu/rrst-ros2-ws/build/ros2esp': CMAKE_PREFIX_PATH=${CMAKE_PREFIX_PATH}:/opt/ros/jazzy DEBUGINFOD_URLS=https://debuginfod.ubuntu.com /usr/bin/cmake --build /home/ubuntu/rrst-ros2-ws/build/ros2esp -- -j12 -l12
[0.371s] DEBUG:colcon.colcon_core.event_handler.log_command:Invoking command in '/home/ubuntu/rrst-ros2-ws/build/ros2stm': CMAKE_PREFIX_PATH=${CMAKE_PREFIX_PATH}:/opt/ros/jazzy DEBUGINFOD_URLS=https://debuginfod.ubuntu.com /usr/bin/cmake --build /home/ubuntu/rrst-ros2-ws/build/ros2stm -- -j12 -l12
[0.380s] DEBUG:colcon.colcon_core.event_handler.log_command:Invoking command in '/home/ubuntu/rrst-ros2-ws/build/ros2udp': CMAKE_PREFIX_PATH=${CMAKE_PREFIX_PATH}:/opt/ros/jazzy DEBUGINFOD_URLS=https://debuginfod.ubuntu.com /usr/bin/cmake --build /home/ubuntu/rrst-ros2-ws/build/ros2udp -- -j12 -l12
[0.397s] DEBUG:colcon.colcon_core.event_handler.log_command:Invoking command in '/home/ubuntu/rrst-ros2-ws/build/serial_bridge': CMAKE_PREFIX_PATH=${CMAKE_PREFIX_PATH}:/opt/ros/jazzy DEBUGINFOD_URLS=https://debuginfod.ubuntu.com /usr/bin/cmake --build /home/ubuntu/rrst-ros2-ws/build/serial_bridge -- -j12 -l12
[0.458s] DEBUG:colcon.colcon_core.event_handler.log_command:Invoked command in '/home/ubuntu/rrst-ros2-ws/build/nr26_behavior_tree' returned '0': CMAKE_PREFIX_PATH=${CMAKE_PREFIX_PATH}:/opt/ros/jazzy DEBUGINFOD_URLS=https://debuginfod.ubuntu.com /usr/bin/cmake --build /home/ubuntu/rrst-ros2-ws/build/nr26_behavior_tree -- -j12 -l12
[0.498s] DEBUG:colcon.colcon_core.event_handler.log_command:Invoking command in '/home/ubuntu/rrst-ros2-ws/build/nr26_behavior_tree': CMAKE_PREFIX_PATH=${CMAKE_PREFIX_PATH}:/opt/ros/jazzy DEBUGINFOD_URLS=https://debuginfod.ubuntu.com /usr/bin/cmake --install /home/ubuntu/rrst-ros2-ws/build/nr26_behavior_tree
[0.584s] Level 1:colcon.colcon_core.environment:create_environment_scripts_only(nr26_behavior_tree)
[0.589s] DEBUG:colcon.colcon_core.event_handler.log_command:Invoked command in '/home/ubuntu/rrst-ros2-ws/build/nr26_behavior_tree' returned '0': CMAKE_PREFIX_PATH=${CMAKE_PREFIX_PATH}:/opt/ros/jazzy DEBUGINFOD_URLS=https://debuginfod.ubuntu.com /usr/bin/cmake --install /home/ubuntu/rrst-ros2-ws/build/nr26_behavior_tree
[0.596s] Level 1:colcon.colcon_core.environment:checking '/home/ubuntu/rrst-ros2-ws/install/nr26_behavior_tree' for CMake module files
[0.605s] Level 1:colcon.colcon_core.environment:checking '/home/ubuntu/rrst-ros2-ws/install/nr26_behavior_tree' for CMake config files
[0.610s] Level 1:colcon.colcon_core.shell:create_environment_hook('nr26_behavior_tree', 'cmake_prefix_path')
[0.610s] INFO:colcon.colcon_core.shell:Creating environment hook '/home/ubuntu/rrst-ros2-ws/install/nr26_behavior_tree/share/nr26_behavior_tree/hook/cmake_prefix_path.ps1'
[0.612s] INFO:colcon.colcon_core.shell:Creating environment descriptor '/home/ubuntu/rrst-ros2-ws/install/nr26_behavior_tree/share/nr26_behavior_tree/hook/cmake_prefix_path.dsv'
[0.618s] INFO:colcon.colcon_core.shell:Creating environment hook '/home/ubuntu/rrst-ros2-ws/install/nr26_behavior_tree/share/nr26_behavior_tree/hook/cmake_prefix_path.sh'
[0.622s] Level 1:colcon.colcon_core.environment:checking '/home/ubuntu/rrst-ros2-ws/install/nr26_behavior_tree/bin'
[0.622s] Level 1:colcon.colcon_core.environment:checking '/home/ubuntu/rrst-ros2-ws/install/nr26_behavior_tree/lib/pkgconfig/nr26_behavior_tree.pc'
[0.623s] Level 1:colcon.colcon_core.environment:checking '/home/ubuntu/rrst-ros2-ws/install/nr26_behavior_tree/lib/python3.12/site-packages'
[0.624s] Level 1:colcon.colcon_core.environment:checking '/home/ubuntu/rrst-ros2-ws/install/nr26_behavior_tree/bin'
[0.624s] INFO:colcon.colcon_core.shell:Creating package script '/home/ubuntu/rrst-ros2-ws/install/nr26_behavior_tree/share/nr26_behavior_tree/package.ps1'
[0.627s] INFO:colcon.colcon_core.shell:Creating package descriptor '/home/ubuntu/rrst-ros2-ws/install/nr26_behavior_tree/share/nr26_behavior_tree/package.dsv'
[0.629s] INFO:colcon.colcon_core.shell:Creating package script '/home/ubuntu/rrst-ros2-ws/install/nr26_behavior_tree/share/nr26_behavior_tree/package.sh'
[0.630s] INFO:colcon.colcon_core.shell:Creating package script '/home/ubuntu/rrst-ros2-ws/install/nr26_behavior_tree/share/nr26_behavior_tree/package.bash'
[0.632s] INFO:colcon.colcon_core.shell:Creating package script '/home/ubuntu/rrst-ros2-ws/install/nr26_behavior_tree/share/nr26_behavior_tree/package.zsh'
[0.634s] Level 1:colcon.colcon_core.environment:create_file_with_runtime_dependencies(/home/ubuntu/rrst-ros2-ws/install/nr26_behavior_tree/share/colcon-core/packages/nr26_behavior_tree)
[0.636s] Level 1:colcon.colcon_core.environment:create_environment_scripts_only(nr26_behavior_tree)
[0.636s] Level 1:colcon.colcon_core.environment:checking '/home/ubuntu/rrst-ros2-ws/install/nr26_behavior_tree' for CMake module files
[0.638s] Level 1:colcon.colcon_core.environment:checking '/home/ubuntu/rrst-ros2-ws/install/nr26_behavior_tree' for CMake config files
[0.639s] Level 1:colcon.colcon_core.shell:create_environment_hook('nr26_behavior_tree', 'cmake_prefix_path')
[0.642s] INFO:colcon.colcon_core.shell:Creating environment hook '/home/ubuntu/rrst-ros2-ws/install/nr26_behavior_tree/share/nr26_behavior_tree/hook/cmake_prefix_path.ps1'
[0.644s] INFO:colcon.colcon_core.shell:Creating environment descriptor '/home/ubuntu/rrst-ros2-ws/install/nr26_behavior_tree/share/nr26_behavior_tree/hook/cmake_prefix_path.dsv'
[0.647s] INFO:colcon.colcon_core.shell:Creating environment hook '/home/ubuntu/rrst-ros2-ws/install/nr26_behavior_tree/share/nr26_behavior_tree/hook/cmake_prefix_path.sh'
[0.649s] Level 1:colcon.colcon_core.environment:checking '/home/ubuntu/rrst-ros2-ws/install/nr26_behavior_tree/bin'
[0.650s] Level 1:colcon.colcon_core.environment:checking '/home/ubuntu/rrst-ros2-ws/install/nr26_behavior_tree/lib/pkgconfig/nr26_behavior_tree.pc'
[0.650s] Level 1:colcon.colcon_core.environment:checking '/home/ubuntu/rrst-ros2-ws/install/nr26_behavior_tree/lib/python3.12/site-packages'
[0.650s] Level 1:colcon.colcon_core.environment:checking '/home/ubuntu/rrst-ros2-ws/install/nr26_behavior_tree/bin'
[0.651s] INFO:colcon.colcon_core.shell:Creating package script '/home/ubuntu/rrst-ros2-ws/install/nr26_behavior_tree/share/nr26_behavior_tree/package.ps1'
[0.653s] INFO:colcon.colcon_core.shell:Creating package descriptor '/home/ubuntu/rrst-ros2-ws/install/nr26_behavior_tree/share/nr26_behavior_tree/package.dsv'
[0.653s] INFO:colcon.colcon_core.shell:Creating package script '/home/ubuntu/rrst-ros2-ws/install/nr26_behavior_tree/share/nr26_behavior_tree/package.sh'
[0.654s] INFO:colcon.colcon_core.shell:Creating package script '/home/ubuntu/rrst-ros2-ws/install/nr26_behavior_tree/share/nr26_behavior_tree/package.bash'
[0.655s] INFO:colcon.colcon_core.shell:Creating package script '/home/ubuntu/rrst-ros2-ws/install/nr26_behavior_tree/share/nr26_behavior_tree/package.zsh'
[0.656s] Level 1:colcon.colcon_core.environment:create_file_with_runtime_dependencies(/home/ubuntu/rrst-ros2-ws/install/nr26_behavior_tree/share/colcon-core/packages/nr26_behavior_tree)
[0.667s] DEBUG:colcon.colcon_core.event_handler.log_command:Invoked command in '/home/ubuntu/rrst-ros2-ws/build/ros2stm' returned '0': CMAKE_PREFIX_PATH=${CMAKE_PREFIX_PATH}:/opt/ros/jazzy DEBUGINFOD_URLS=https://debuginfod.ubuntu.com /usr/bin/cmake --build /home/ubuntu/rrst-ros2-ws/build/ros2stm -- -j12 -l12
[0.672s] DEBUG:colcon.colcon_core.event_handler.log_command:Invoking command in '/home/ubuntu/rrst-ros2-ws/build/ros2stm': CMAKE_PREFIX_PATH=${CMAKE_PREFIX_PATH}:/opt/ros/jazzy DEBUGINFOD_URLS=https://debuginfod.ubuntu.com /usr/bin/cmake --install /home/ubuntu/rrst-ros2-ws/build/ros2stm
[0.674s] DEBUG:colcon.colcon_core.event_handler.log_command:Invoked command in '/home/ubuntu/rrst-ros2-ws/build/example' returned '0': CMAKE_PREFIX_PATH=${CMAKE_PREFIX_PATH}:/opt/ros/jazzy DEBUGINFOD_URLS=https://debuginfod.ubuntu.com /usr/bin/cmake --build /home/ubuntu/rrst-ros2-ws/build/example -- -j12 -l12
[0.684s] DEBUG:colcon.colcon_core.event_handler.log_command:Invoking command in '/home/ubuntu/rrst-ros2-ws/build/example': CMAKE_PREFIX_PATH=${CMAKE_PREFIX_PATH}:/opt/ros/jazzy DEBUGINFOD_URLS=https://debuginfod.ubuntu.com /usr/bin/cmake --install /home/ubuntu/rrst-ros2-ws/build/example
[0.685s] DEBUG:colcon.colcon_core.event_handler.log_command:Invoked command in '/home/ubuntu/rrst-ros2-ws/build/nr26_r2_hw_ctrl' returned '0': CMAKE_PREFIX_PATH=${CMAKE_PREFIX_PATH}:/opt/ros/jazzy DEBUGINFOD_URLS=https://debuginfod.ubuntu.com /usr/bin/cmake --build /home/ubuntu/rrst-ros2-ws/build/nr26_r2_hw_ctrl -- -j12 -l12
[0.699s] Level 1:colcon.colcon_core.environment:create_environment_scripts_only(ros2stm)
[0.701s] Level 1:colcon.colcon_core.environment:checking '/home/ubuntu/rrst-ros2-ws/install/ros2stm' for CMake module files
[0.706s] Level 1:colcon.colcon_core.environment:checking '/home/ubuntu/rrst-ros2-ws/install/ros2stm' for CMake config files
[0.707s] Level 1:colcon.colcon_core.shell:create_environment_hook('ros2stm', 'cmake_prefix_path')
[0.708s] INFO:colcon.colcon_core.shell:Creating environment hook '/home/ubuntu/rrst-ros2-ws/install/ros2stm/share/ros2stm/hook/cmake_prefix_path.ps1'
[0.709s] DEBUG:colcon.colcon_core.event_handler.log_command:Invoking command in '/home/ubuntu/rrst-ros2-ws/build/nr26_r2_hw_ctrl': CMAKE_PREFIX_PATH=${CMAKE_PREFIX_PATH}:/opt/ros/jazzy DEBUGINFOD_URLS=https://debuginfod.ubuntu.com /usr/bin/cmake --install /home/ubuntu/rrst-ros2-ws/build/nr26_r2_hw_ctrl
[0.710s] INFO:colcon.colcon_core.shell:Creating environment descriptor '/home/ubuntu/rrst-ros2-ws/install/ros2stm/share/ros2stm/hook/cmake_prefix_path.dsv'
[0.711s] DEBUG:colcon.colcon_core.event_handler.log_command:Invoked command in '/home/ubuntu/rrst-ros2-ws/build/ros2stm' returned '0': CMAKE_PREFIX_PATH=${CMAKE_PREFIX_PATH}:/opt/ros/jazzy DEBUGINFOD_URLS=https://debuginfod.ubuntu.com /usr/bin/cmake --install /home/ubuntu/rrst-ros2-ws/build/ros2stm
[0.713s] INFO:colcon.colcon_core.shell:Creating environment hook '/home/ubuntu/rrst-ros2-ws/install/ros2stm/share/ros2stm/hook/cmake_prefix_path.sh'
[0.718s] Level 1:colcon.colcon_core.environment:checking '/home/ubuntu/rrst-ros2-ws/install/ros2stm/lib'
[0.718s] Level 1:colcon.colcon_core.environment:checking '/home/ubuntu/rrst-ros2-ws/install/ros2stm/bin'
[0.718s] Level 1:colcon.colcon_core.environment:checking '/home/ubuntu/rrst-ros2-ws/install/ros2stm/lib/pkgconfig/ros2stm.pc'
[0.719s] Level 1:colcon.colcon_core.environment:checking '/home/ubuntu/rrst-ros2-ws/install/ros2stm/lib/python3.12/site-packages'
[0.719s] Level 1:colcon.colcon_core.environment:checking '/home/ubuntu/rrst-ros2-ws/install/ros2stm/bin'
[0.719s] INFO:colcon.colcon_core.shell:Creating package script '/home/ubuntu/rrst-ros2-ws/install/ros2stm/share/ros2stm/package.ps1'
[0.720s] INFO:colcon.colcon_core.shell:Creating package descriptor '/home/ubuntu/rrst-ros2-ws/install/ros2stm/share/ros2stm/package.dsv'
[0.720s] INFO:colcon.colcon_core.shell:Creating package script '/home/ubuntu/rrst-ros2-ws/install/ros2stm/share/ros2stm/package.sh'
[0.721s] INFO:colcon.colcon_core.shell:Creating package script '/home/ubuntu/rrst-ros2-ws/install/ros2stm/share/ros2stm/package.bash'
[0.721s] INFO:colcon.colcon_core.shell:Creating package script '/home/ubuntu/rrst-ros2-ws/install/ros2stm/share/ros2stm/package.zsh'
[0.722s] Level 1:colcon.colcon_core.environment:create_file_with_runtime_dependencies(/home/ubuntu/rrst-ros2-ws/install/ros2stm/share/colcon-core/packages/ros2stm)
[0.722s] Level 1:colcon.colcon_core.environment:create_environment_scripts_only(ros2stm)
[0.722s] Level 1:colcon.colcon_core.environment:checking '/home/ubuntu/rrst-ros2-ws/install/ros2stm' for CMake module files
[0.723s] Level 1:colcon.colcon_core.environment:checking '/home/ubuntu/rrst-ros2-ws/install/ros2stm' for CMake config files
[0.723s] Level 1:colcon.colcon_core.shell:create_environment_hook('ros2stm', 'cmake_prefix_path')
[0.723s] INFO:colcon.colcon_core.shell:Creating environment hook '/home/ubuntu/rrst-ros2-ws/install/ros2stm/share/ros2stm/hook/cmake_prefix_path.ps1'
[0.724s] INFO:colcon.colcon_core.shell:Creating environment descriptor '/home/ubuntu/rrst-ros2-ws/install/ros2stm/share/ros2stm/hook/cmake_prefix_path.dsv'
[0.724s] INFO:colcon.colcon_core.shell:Creating environment hook '/home/ubuntu/rrst-ros2-ws/install/ros2stm/share/ros2stm/hook/cmake_prefix_path.sh'
[0.725s] Level 1:colcon.colcon_core.environment:checking '/home/ubuntu/rrst-ros2-ws/install/ros2stm/lib'
[0.725s] Level 1:colcon.colcon_core.environment:checking '/home/ubuntu/rrst-ros2-ws/install/ros2stm/bin'
[0.725s] Level 1:colcon.colcon_core.environment:checking '/home/ubuntu/rrst-ros2-ws/install/ros2stm/lib/pkgconfig/ros2stm.pc'
[0.725s] Level 1:colcon.colcon_core.environment:checking '/home/ubuntu/rrst-ros2-ws/install/ros2stm/lib/python3.12/site-packages'
[0.725s] Level 1:colcon.colcon_core.environment:checking '/home/ubuntu/rrst-ros2-ws/install/ros2stm/bin'
[0.725s] INFO:colcon.colcon_core.shell:Creating package script '/home/ubuntu/rrst-ros2-ws/install/ros2stm/share/ros2stm/package.ps1'
[0.726s] INFO:colcon.colcon_core.shell:Creating package descriptor '/home/ubuntu/rrst-ros2-ws/install/ros2stm/share/ros2stm/package.dsv'
[0.726s] INFO:colcon.colcon_core.shell:Creating package script '/home/ubuntu/rrst-ros2-ws/install/ros2stm/share/ros2stm/package.sh'
[0.727s] INFO:colcon.colcon_core.shell:Creating package script '/home/ubuntu/rrst-ros2-ws/install/ros2stm/share/ros2stm/package.bash'
[0.727s] INFO:colcon.colcon_core.shell:Creating package script '/home/ubuntu/rrst-ros2-ws/install/ros2stm/share/ros2stm/package.zsh'
[0.728s] Level 1:colcon.colcon_core.environment:create_file_with_runtime_dependencies(/home/ubuntu/rrst-ros2-ws/install/ros2stm/share/colcon-core/packages/ros2stm)
[0.730s] DEBUG:colcon.colcon_core.event_handler.log_command:Invoked command in '/home/ubuntu/rrst-ros2-ws/build/serial_bridge' returned '0': CMAKE_PREFIX_PATH=${CMAKE_PREFIX_PATH}:/opt/ros/jazzy DEBUGINFOD_URLS=https://debuginfod.ubuntu.com /usr/bin/cmake --build /home/ubuntu/rrst-ros2-ws/build/serial_bridge -- -j12 -l12
[0.732s] Level 1:colcon.colcon_core.environment:create_environment_scripts_only(example)
[0.732s] DEBUG:colcon.colcon_core.event_handler.log_command:Invoking command in '/home/ubuntu/rrst-ros2-ws/build/serial_bridge': CMAKE_PREFIX_PATH=${CMAKE_PREFIX_PATH}:/opt/ros/jazzy DEBUGINFOD_URLS=https://debuginfod.ubuntu.com /usr/bin/cmake --install /home/ubuntu/rrst-ros2-ws/build/serial_bridge
[0.733s] Level 1:colcon.colcon_core.environment:checking '/home/ubuntu/rrst-ros2-ws/install/example' for CMake module files
[0.734s] DEBUG:colcon.colcon_core.event_handler.log_command:Invoked command in '/home/ubuntu/rrst-ros2-ws/build/example' returned '0': CMAKE_PREFIX_PATH=${CMAKE_PREFIX_PATH}:/opt/ros/jazzy DEBUGINFOD_URLS=https://debuginfod.ubuntu.com /usr/bin/cmake --install /home/ubuntu/rrst-ros2-ws/build/example
[0.735s] Level 1:colcon.colcon_core.environment:checking '/home/ubuntu/rrst-ros2-ws/install/example' for CMake config files
[0.736s] Level 1:colcon.colcon_core.shell:create_environment_hook('example', 'cmake_prefix_path')
[0.736s] INFO:colcon.colcon_core.shell:Creating environment hook '/home/ubuntu/rrst-ros2-ws/install/example/share/example/hook/cmake_prefix_path.ps1'
[0.738s] INFO:colcon.colcon_core.shell:Creating environment descriptor '/home/ubuntu/rrst-ros2-ws/install/example/share/example/hook/cmake_prefix_path.dsv'
[0.738s] INFO:colcon.colcon_core.shell:Creating environment hook '/home/ubuntu/rrst-ros2-ws/install/example/share/example/hook/cmake_prefix_path.sh'
[0.740s] Level 1:colcon.colcon_core.environment:checking '/home/ubuntu/rrst-ros2-ws/install/example/lib'
[0.740s] Level 1:colcon.colcon_core.environment:checking '/home/ubuntu/rrst-ros2-ws/install/example/bin'
[0.740s] Level 1:colcon.colcon_core.environment:checking '/home/ubuntu/rrst-ros2-ws/install/example/lib/pkgconfig/example.pc'
[0.741s] Level 1:colcon.colcon_core.environment:checking '/home/ubuntu/rrst-ros2-ws/install/example/lib/python3.12/site-packages'
[0.741s] Level 1:colcon.colcon_core.environment:checking '/home/ubuntu/rrst-ros2-ws/install/example/bin'
[0.742s] INFO:colcon.colcon_core.shell:Creating package script '/home/ubuntu/rrst-ros2-ws/install/example/share/example/package.ps1'
[0.743s] INFO:colcon.colcon_core.shell:Creating package descriptor '/home/ubuntu/rrst-ros2-ws/install/example/share/example/package.dsv'
[0.744s] INFO:colcon.colcon_core.shell:Creating package script '/home/ubuntu/rrst-ros2-ws/install/example/share/example/package.sh'
[0.744s] INFO:colcon.colcon_core.shell:Creating package script '/home/ubuntu/rrst-ros2-ws/install/example/share/example/package.bash'
[0.745s] INFO:colcon.colcon_core.shell:Creating package script '/home/ubuntu/rrst-ros2-ws/install/example/share/example/package.zsh'
[0.746s] Level 1:colcon.colcon_core.environment:create_file_with_runtime_dependencies(/home/ubuntu/rrst-ros2-ws/install/example/share/colcon-core/packages/example)
[0.746s] Level 1:colcon.colcon_core.environment:create_environment_scripts_only(example)
[0.746s] Level 1:colcon.colcon_core.environment:checking '/home/ubuntu/rrst-ros2-ws/install/example' for CMake module files
[0.747s] Level 1:colcon.colcon_core.environment:checking '/home/ubuntu/rrst-ros2-ws/install/example' for CMake config files
[0.750s] Level 1:colcon.colcon_core.shell:create_environment_hook('example', 'cmake_prefix_path')
[0.750s] INFO:colcon.colcon_core.shell:Creating environment hook '/home/ubuntu/rrst-ros2-ws/install/example/share/example/hook/cmake_prefix_path.ps1'
[0.751s] INFO:colcon.colcon_core.shell:Creating environment descriptor '/home/ubuntu/rrst-ros2-ws/install/example/share/example/hook/cmake_prefix_path.dsv'
[0.752s] INFO:colcon.colcon_core.shell:Creating environment hook '/home/ubuntu/rrst-ros2-ws/install/example/share/example/hook/cmake_prefix_path.sh'
[0.753s] Level 1:colcon.colcon_core.environment:checking '/home/ubuntu/rrst-ros2-ws/install/example/lib'
[0.753s] Level 1:colcon.colcon_core.environment:checking '/home/ubuntu/rrst-ros2-ws/install/example/bin'
[0.754s] Level 1:colcon.colcon_core.environment:checking '/home/ubuntu/rrst-ros2-ws/install/example/lib/pkgconfig/example.pc'
[0.754s] Level 1:colcon.colcon_core.environment:checking '/home/ubuntu/rrst-ros2-ws/install/example/lib/python3.12/site-packages'
[0.755s] Level 1:colcon.colcon_core.environment:checking '/home/ubuntu/rrst-ros2-ws/install/example/bin'
[0.755s] INFO:colcon.colcon_core.shell:Creating package script '/home/ubuntu/rrst-ros2-ws/install/example/share/example/package.ps1'
[0.756s] INFO:colcon.colcon_core.shell:Creating package descriptor '/home/ubuntu/rrst-ros2-ws/install/example/share/example/package.dsv'
[0.757s] INFO:colcon.colcon_core.shell:Creating package script '/home/ubuntu/rrst-ros2-ws/install/example/share/example/package.sh'
[0.758s] INFO:colcon.colcon_core.shell:Creating package script '/home/ubuntu/rrst-ros2-ws/install/example/share/example/package.bash'
[0.759s] INFO:colcon.colcon_core.shell:Creating package script '/home/ubuntu/rrst-ros2-ws/install/example/share/example/package.zsh'
[0.760s] Level 1:colcon.colcon_core.environment:create_file_with_runtime_dependencies(/home/ubuntu/rrst-ros2-ws/install/example/share/colcon-core/packages/example)
[0.760s] Level 1:colcon.colcon_core.environment:create_environment_scripts_only(nr26_r2_hw_ctrl)
[0.761s] Level 1:colcon.colcon_core.environment:checking '/home/ubuntu/rrst-ros2-ws/install/nr26_r2_hw_ctrl' for CMake module files
[0.762s] DEBUG:colcon.colcon_core.event_handler.log_command:Invoked command in '/home/ubuntu/rrst-ros2-ws/build/nr26_r2_hw_ctrl' returned '0': CMAKE_PREFIX_PATH=${CMAKE_PREFIX_PATH}:/opt/ros/jazzy DEBUGINFOD_URLS=https://debuginfod.ubuntu.com /usr/bin/cmake --install /home/ubuntu/rrst-ros2-ws/build/nr26_r2_hw_ctrl
[0.763s] Level 1:colcon.colcon_core.environment:checking '/home/ubuntu/rrst-ros2-ws/install/nr26_r2_hw_ctrl' for CMake config files
[0.764s] Level 1:colcon.colcon_core.shell:create_environment_hook('nr26_r2_hw_ctrl', 'cmake_prefix_path')
[0.764s] INFO:colcon.colcon_core.shell:Creating environment hook '/home/ubuntu/rrst-ros2-ws/install/nr26_r2_hw_ctrl/share/nr26_r2_hw_ctrl/hook/cmake_prefix_path.ps1'
[0.765s] INFO:colcon.colcon_core.shell:Creating environment descriptor '/home/ubuntu/rrst-ros2-ws/install/nr26_r2_hw_ctrl/share/nr26_r2_hw_ctrl/hook/cmake_prefix_path.dsv'
[0.766s] INFO:colcon.colcon_core.shell:Creating environment hook '/home/ubuntu/rrst-ros2-ws/install/nr26_r2_hw_ctrl/share/nr26_r2_hw_ctrl/hook/cmake_prefix_path.sh'
[0.767s] Level 1:colcon.colcon_core.environment:checking '/home/ubuntu/rrst-ros2-ws/install/nr26_r2_hw_ctrl/lib'
[0.767s] Level 1:colcon.colcon_core.environment:checking '/home/ubuntu/rrst-ros2-ws/install/nr26_r2_hw_ctrl/bin'
[0.767s] Level 1:colcon.colcon_core.environment:checking '/home/ubuntu/rrst-ros2-ws/install/nr26_r2_hw_ctrl/lib/pkgconfig/nr26_r2_hw_ctrl.pc'
[0.768s] Level 1:colcon.colcon_core.environment:checking '/home/ubuntu/rrst-ros2-ws/install/nr26_r2_hw_ctrl/lib/python3.12/site-packages'
[0.768s] Level 1:colcon.colcon_core.environment:checking '/home/ubuntu/rrst-ros2-ws/install/nr26_r2_hw_ctrl/bin'
[0.768s] INFO:colcon.colcon_core.shell:Creating package script '/home/ubuntu/rrst-ros2-ws/install/nr26_r2_hw_ctrl/share/nr26_r2_hw_ctrl/package.ps1'
[0.769s] INFO:colcon.colcon_core.shell:Creating package descriptor '/home/ubuntu/rrst-ros2-ws/install/nr26_r2_hw_ctrl/share/nr26_r2_hw_ctrl/package.dsv'
[0.769s] INFO:colcon.colcon_core.shell:Creating package script '/home/ubuntu/rrst-ros2-ws/install/nr26_r2_hw_ctrl/share/nr26_r2_hw_ctrl/package.sh'
[0.770s] INFO:colcon.colcon_core.shell:Creating package script '/home/ubuntu/rrst-ros2-ws/install/nr26_r2_hw_ctrl/share/nr26_r2_hw_ctrl/package.bash'
[0.770s] INFO:colcon.colcon_core.shell:Creating package script '/home/ubuntu/rrst-ros2-ws/install/nr26_r2_hw_ctrl/share/nr26_r2_hw_ctrl/package.zsh'
[0.770s] Level 1:colcon.colcon_core.environment:create_file_with_runtime_dependencies(/home/ubuntu/rrst-ros2-ws/install/nr26_r2_hw_ctrl/share/colcon-core/packages/nr26_r2_hw_ctrl)
[0.771s] Level 1:colcon.colcon_core.environment:create_environment_scripts_only(nr26_r2_hw_ctrl)
[0.771s] Level 1:colcon.colcon_core.environment:checking '/home/ubuntu/rrst-ros2-ws/install/nr26_r2_hw_ctrl' for CMake module files
[0.772s] Level 1:colcon.colcon_core.environment:checking '/home/ubuntu/rrst-ros2-ws/install/nr26_r2_hw_ctrl' for CMake config files
[0.772s] Level 1:colcon.colcon_core.shell:create_environment_hook('nr26_r2_hw_ctrl', 'cmake_prefix_path')
[0.772s] INFO:colcon.colcon_core.shell:Creating environment hook '/home/ubuntu/rrst-ros2-ws/install/nr26_r2_hw_ctrl/share/nr26_r2_hw_ctrl/hook/cmake_prefix_path.ps1'
[0.773s] INFO:colcon.colcon_core.shell:Creating environment descriptor '/home/ubuntu/rrst-ros2-ws/install/nr26_r2_hw_ctrl/share/nr26_r2_hw_ctrl/hook/cmake_prefix_path.dsv'
[0.773s] INFO:colcon.colcon_core.shell:Creating environment hook '/home/ubuntu/rrst-ros2-ws/install/nr26_r2_hw_ctrl/share/nr26_r2_hw_ctrl/hook/cmake_prefix_path.sh'
[0.774s] Level 1:colcon.colcon_core.environment:checking '/home/ubuntu/rrst-ros2-ws/install/nr26_r2_hw_ctrl/lib'
[0.774s] Level 1:colcon.colcon_core.environment:checking '/home/ubuntu/rrst-ros2-ws/install/nr26_r2_hw_ctrl/bin'
[0.774s] Level 1:colcon.colcon_core.environment:checking '/home/ubuntu/rrst-ros2-ws/install/nr26_r2_hw_ctrl/lib/pkgconfig/nr26_r2_hw_ctrl.pc'
[0.775s] Level 1:colcon.colcon_core.environment:checking '/home/ubuntu/rrst-ros2-ws/install/nr26_r2_hw_ctrl/lib/python3.12/site-packages'
[0.775s] Level 1:colcon.colcon_core.environment:checking '/home/ubuntu/rrst-ros2-ws/install/nr26_r2_hw_ctrl/bin'
[0.776s] INFO:colcon.colcon_core.shell:Creating package script '/home/ubuntu/rrst-ros2-ws/install/nr26_r2_hw_ctrl/share/nr26_r2_hw_ctrl/package.ps1'
[0.777s] INFO:colcon.colcon_core.shell:Creating package descriptor '/home/ubuntu/rrst-ros2-ws/install/nr26_r2_hw_ctrl/share/nr26_r2_hw_ctrl/package.dsv'
[0.778s] INFO:colcon.colcon_core.shell:Creating package script '/home/ubuntu/rrst-ros2-ws/install/nr26_r2_hw_ctrl/share/nr26_r2_hw_ctrl/package.sh'
[0.778s] INFO:colcon.colcon_core.shell:Creating package script '/home/ubuntu/rrst-ros2-ws/install/nr26_r2_hw_ctrl/share/nr26_r2_hw_ctrl/package.bash'
[0.779s] INFO:colcon.colcon_core.shell:Creating package script '/home/ubuntu/rrst-ros2-ws/install/nr26_r2_hw_ctrl/share/nr26_r2_hw_ctrl/package.zsh'
[0.780s] Level 1:colcon.colcon_core.environment:create_file_with_runtime_dependencies(/home/ubuntu/rrst-ros2-ws/install/nr26_r2_hw_ctrl/share/colcon-core/packages/nr26_r2_hw_ctrl)
[0.783s] DEBUG:colcon.colcon_core.event_handler.log_command:Invoked command in '/home/ubuntu/rrst-ros2-ws/build/ros2esp' returned '0': CMAKE_PREFIX_PATH=${CMAKE_PREFIX_PATH}:/opt/ros/jazzy DEBUGINFOD_URLS=https://debuginfod.ubuntu.com /usr/bin/cmake --build /home/ubuntu/rrst-ros2-ws/build/ros2esp -- -j12 -l12
[0.785s] DEBUG:colcon.colcon_core.event_handler.log_command:Invoking command in '/home/ubuntu/rrst-ros2-ws/build/ros2esp': CMAKE_PREFIX_PATH=${CMAKE_PREFIX_PATH}:/opt/ros/jazzy DEBUGINFOD_URLS=https://debuginfod.ubuntu.com /usr/bin/cmake --install /home/ubuntu/rrst-ros2-ws/build/ros2esp
[0.787s] DEBUG:colcon.colcon_core.event_handler.log_command:Invoked command in '/home/ubuntu/rrst-ros2-ws/build/ros2udp' returned '0': CMAKE_PREFIX_PATH=${CMAKE_PREFIX_PATH}:/opt/ros/jazzy DEBUGINFOD_URLS=https://debuginfod.ubuntu.com /usr/bin/cmake --build /home/ubuntu/rrst-ros2-ws/build/ros2udp -- -j12 -l12
[0.789s] DEBUG:colcon.colcon_core.event_handler.log_command:Invoking command in '/home/ubuntu/rrst-ros2-ws/build/ros2udp': CMAKE_PREFIX_PATH=${CMAKE_PREFIX_PATH}:/opt/ros/jazzy DEBUGINFOD_URLS=https://debuginfod.ubuntu.com /usr/bin/cmake --install /home/ubuntu/rrst-ros2-ws/build/ros2udp
[0.789s] Level 1:colcon.colcon_core.environment:create_environment_scripts_only(serial_bridge)
[0.789s] Level 1:colcon.colcon_core.environment:checking '/home/ubuntu/rrst-ros2-ws/install/serial_bridge' for CMake module files
[0.790s] DEBUG:colcon.colcon_core.event_handler.log_command:Invoked command in '/home/ubuntu/rrst-ros2-ws/build/serial_bridge' returned '0': CMAKE_PREFIX_PATH=${CMAKE_PREFIX_PATH}:/opt/ros/jazzy DEBUGINFOD_URLS=https://debuginfod.ubuntu.com /usr/bin/cmake --install /home/ubuntu/rrst-ros2-ws/build/serial_bridge
[0.791s] Level 1:colcon.colcon_core.environment:checking '/home/ubuntu/rrst-ros2-ws/install/serial_bridge' for CMake config files
[0.792s] Level 1:colcon.colcon_core.shell:create_environment_hook('serial_bridge', 'cmake_prefix_path')
[0.792s] INFO:colcon.colcon_core.shell:Creating environment hook '/home/ubuntu/rrst-ros2-ws/install/serial_bridge/share/serial_bridge/hook/cmake_prefix_path.ps1'
[0.793s] INFO:colcon.colcon_core.shell:Creating environment descriptor '/home/ubuntu/rrst-ros2-ws/install/serial_bridge/share/serial_bridge/hook/cmake_prefix_path.dsv'
[0.794s] INFO:colcon.colcon_core.shell:Creating environment hook '/home/ubuntu/rrst-ros2-ws/install/serial_bridge/share/serial_bridge/hook/cmake_prefix_path.sh'
[0.795s] Level 1:colcon.colcon_core.environment:checking '/home/ubuntu/rrst-ros2-ws/install/serial_bridge/lib'
[0.795s] Level 1:colcon.colcon_core.environment:checking '/home/ubuntu/rrst-ros2-ws/install/serial_bridge/bin'
[0.796s] Level 1:colcon.colcon_core.environment:checking '/home/ubuntu/rrst-ros2-ws/install/serial_bridge/lib/pkgconfig/serial_bridge.pc'
[0.797s] Level 1:colcon.colcon_core.environment:checking '/home/ubuntu/rrst-ros2-ws/install/serial_bridge/lib/python3.12/site-packages'
[0.798s] Level 1:colcon.colcon_core.environment:checking '/home/ubuntu/rrst-ros2-ws/install/serial_bridge/bin'
[0.799s] INFO:colcon.colcon_core.shell:Creating package script '/home/ubuntu/rrst-ros2-ws/install/serial_bridge/share/serial_bridge/package.ps1'
[0.801s] INFO:colcon.colcon_core.shell:Creating package descriptor '/home/ubuntu/rrst-ros2-ws/install/serial_bridge/share/serial_bridge/package.dsv'
[0.805s] INFO:colcon.colcon_core.shell:Creating package script '/home/ubuntu/rrst-ros2-ws/install/serial_bridge/share/serial_bridge/package.sh'
[0.807s] INFO:colcon.colcon_core.shell:Creating package script '/home/ubuntu/rrst-ros2-ws/install/serial_bridge/share/serial_bridge/package.bash'
[0.807s] INFO:colcon.colcon_core.shell:Creating package script '/home/ubuntu/rrst-ros2-ws/install/serial_bridge/share/serial_bridge/package.zsh'
[0.808s] Level 1:colcon.colcon_core.environment:create_file_with_runtime_dependencies(/home/ubuntu/rrst-ros2-ws/install/serial_bridge/share/colcon-core/packages/serial_bridge)
[0.809s] Level 1:colcon.colcon_core.environment:create_environment_scripts_only(serial_bridge)
[0.810s] Level 1:colcon.colcon_core.environment:checking '/home/ubuntu/rrst-ros2-ws/install/serial_bridge' for CMake module files
[0.811s] Level 1:colcon.colcon_core.environment:checking '/home/ubuntu/rrst-ros2-ws/install/serial_bridge' for CMake config files
[0.811s] Level 1:colcon.colcon_core.shell:create_environment_hook('serial_bridge', 'cmake_prefix_path')
[0.812s] INFO:colcon.colcon_core.shell:Creating environment hook '/home/ubuntu/rrst-ros2-ws/install/serial_bridge/share/serial_bridge/hook/cmake_prefix_path.ps1'
[0.813s] INFO:colcon.colcon_core.shell:Creating environment descriptor '/home/ubuntu/rrst-ros2-ws/install/serial_bridge/share/serial_bridge/hook/cmake_prefix_path.dsv'
[0.813s] INFO:colcon.colcon_core.shell:Creating environment hook '/home/ubuntu/rrst-ros2-ws/install/serial_bridge/share/serial_bridge/hook/cmake_prefix_path.sh'
[0.814s] Level 1:colcon.colcon_core.environment:checking '/home/ubuntu/rrst-ros2-ws/install/serial_bridge/lib'
[0.814s] Level 1:colcon.colcon_core.environment:checking '/home/ubuntu/rrst-ros2-ws/install/serial_bridge/bin'
[0.815s] Level 1:colcon.colcon_core.environment:checking '/home/ubuntu/rrst-ros2-ws/install/serial_bridge/lib/pkgconfig/serial_bridge.pc'
[0.815s] Level 1:colcon.colcon_core.environment:checking '/home/ubuntu/rrst-ros2-ws/install/serial_bridge/lib/python3.12/site-packages'
[0.816s] Level 1:colcon.colcon_core.environment:checking '/home/ubuntu/rrst-ros2-ws/install/serial_bridge/bin'
[0.816s] INFO:colcon.colcon_core.shell:Creating package script '/home/ubuntu/rrst-ros2-ws/install/serial_bridge/share/serial_bridge/package.ps1'
[0.817s] INFO:colcon.colcon_core.shell:Creating package descriptor '/home/ubuntu/rrst-ros2-ws/install/serial_bridge/share/serial_bridge/package.dsv'
[0.818s] INFO:colcon.colcon_core.shell:Creating package script '/home/ubuntu/rrst-ros2-ws/install/serial_bridge/share/serial_bridge/package.sh'
[0.819s] INFO:colcon.colcon_core.shell:Creating package script '/home/ubuntu/rrst-ros2-ws/install/serial_bridge/share/serial_bridge/package.bash'
[0.820s] INFO:colcon.colcon_core.shell:Creating package script '/home/ubuntu/rrst-ros2-ws/install/serial_bridge/share/serial_bridge/package.zsh'
[0.820s] Level 1:colcon.colcon_core.environment:create_file_with_runtime_dependencies(/home/ubuntu/rrst-ros2-ws/install/serial_bridge/share/colcon-core/packages/serial_bridge)
[0.824s] Level 1:colcon.colcon_core.environment:create_environment_scripts_only(ros2esp)
[0.825s] Level 1:colcon.colcon_core.environment:checking '/home/ubuntu/rrst-ros2-ws/install/ros2esp' for CMake module files
[0.827s] Level 1:colcon.colcon_core.environment:checking '/home/ubuntu/rrst-ros2-ws/install/ros2esp' for CMake config files
[0.829s] Level 1:colcon.colcon_core.shell:create_environment_hook('ros2esp', 'cmake_prefix_path')
[0.830s] INFO:colcon.colcon_core.shell:Creating environment hook '/home/ubuntu/rrst-ros2-ws/install/ros2esp/share/ros2esp/hook/cmake_prefix_path.ps1'
[0.831s] INFO:colcon.colcon_core.shell:Creating environment descriptor '/home/ubuntu/rrst-ros2-ws/install/ros2esp/share/ros2esp/hook/cmake_prefix_path.dsv'
[0.833s] INFO:colcon.colcon_core.shell:Creating environment hook '/home/ubuntu/rrst-ros2-ws/install/ros2esp/share/ros2esp/hook/cmake_prefix_path.sh'
[0.835s] Level 1:colcon.colcon_core.environment:checking '/home/ubuntu/rrst-ros2-ws/install/ros2esp/lib'
[0.835s] Level 1:colcon.colcon_core.environment:checking '/home/ubuntu/rrst-ros2-ws/install/ros2esp/bin'
[0.835s] Level 1:colcon.colcon_core.environment:checking '/home/ubuntu/rrst-ros2-ws/install/ros2esp/lib/pkgconfig/ros2esp.pc'
[0.835s] Level 1:colcon.colcon_core.environment:checking '/home/ubuntu/rrst-ros2-ws/install/ros2esp/lib/python3.12/site-packages'
[0.836s] Level 1:colcon.colcon_core.environment:checking '/home/ubuntu/rrst-ros2-ws/install/ros2esp/bin'
[0.836s] INFO:colcon.colcon_core.shell:Creating package script '/home/ubuntu/rrst-ros2-ws/install/ros2esp/share/ros2esp/package.ps1'
[0.837s] INFO:colcon.colcon_core.shell:Creating package descriptor '/home/ubuntu/rrst-ros2-ws/install/ros2esp/share/ros2esp/package.dsv'
[0.837s] INFO:colcon.colcon_core.shell:Creating package script '/home/ubuntu/rrst-ros2-ws/install/ros2esp/share/ros2esp/package.sh'
[0.838s] INFO:colcon.colcon_core.shell:Creating package script '/home/ubuntu/rrst-ros2-ws/install/ros2esp/share/ros2esp/package.bash'
[0.839s] INFO:colcon.colcon_core.shell:Creating package script '/home/ubuntu/rrst-ros2-ws/install/ros2esp/share/ros2esp/package.zsh'
[0.840s] Level 1:colcon.colcon_core.environment:create_file_with_runtime_dependencies(/home/ubuntu/rrst-ros2-ws/install/ros2esp/share/colcon-core/packages/ros2esp)
[0.840s] Level 1:colcon.colcon_core.environment:create_environment_scripts_only(ros2esp)
[0.841s] Level 1:colcon.colcon_core.environment:checking '/home/ubuntu/rrst-ros2-ws/install/ros2esp' for CMake module files
[0.842s] Level 1:colcon.colcon_core.environment:checking '/home/ubuntu/rrst-ros2-ws/install/ros2esp' for CMake config files
[0.843s] DEBUG:colcon.colcon_core.event_handler.log_command:Invoked command in '/home/ubuntu/rrst-ros2-ws/build/ros2esp' returned '0': CMAKE_PREFIX_PATH=${CMAKE_PREFIX_PATH}:/opt/ros/jazzy DEBUGINFOD_URLS=https://debuginfod.ubuntu.com /usr/bin/cmake --install /home/ubuntu/rrst-ros2-ws/build/ros2esp
[0.844s] Level 1:colcon.colcon_core.shell:create_environment_hook('ros2esp', 'cmake_prefix_path')
[0.844s] INFO:colcon.colcon_core.shell:Creating environment hook '/home/ubuntu/rrst-ros2-ws/install/ros2esp/share/ros2esp/hook/cmake_prefix_path.ps1'
[0.844s] INFO:colcon.colcon_core.shell:Creating environment descriptor '/home/ubuntu/rrst-ros2-ws/install/ros2esp/share/ros2esp/hook/cmake_prefix_path.dsv'
[0.844s] INFO:colcon.colcon_core.shell:Creating environment hook '/home/ubuntu/rrst-ros2-ws/install/ros2esp/share/ros2esp/hook/cmake_prefix_path.sh'
[0.845s] Level 1:colcon.colcon_core.environment:checking '/home/ubuntu/rrst-ros2-ws/install/ros2esp/lib'
[0.845s] Level 1:colcon.colcon_core.environment:checking '/home/ubuntu/rrst-ros2-ws/install/ros2esp/bin'
[0.845s] Level 1:colcon.colcon_core.environment:checking '/home/ubuntu/rrst-ros2-ws/install/ros2esp/lib/pkgconfig/ros2esp.pc'
[0.846s] Level 1:colcon.colcon_core.environment:checking '/home/ubuntu/rrst-ros2-ws/install/ros2esp/lib/python3.12/site-packages'
[0.846s] Level 1:colcon.colcon_core.environment:checking '/home/ubuntu/rrst-ros2-ws/install/ros2esp/bin'
[0.846s] INFO:colcon.colcon_core.shell:Creating package script '/home/ubuntu/rrst-ros2-ws/install/ros2esp/share/ros2esp/package.ps1'
[0.846s] INFO:colcon.colcon_core.shell:Creating package descriptor '/home/ubuntu/rrst-ros2-ws/install/ros2esp/share/ros2esp/package.dsv'
[0.847s] INFO:colcon.colcon_core.shell:Creating package script '/home/ubuntu/rrst-ros2-ws/install/ros2esp/share/ros2esp/package.sh'
[0.848s] INFO:colcon.colcon_core.shell:Creating package script '/home/ubuntu/rrst-ros2-ws/install/ros2esp/share/ros2esp/package.bash'
[0.848s] INFO:colcon.colcon_core.shell:Creating package script '/home/ubuntu/rrst-ros2-ws/install/ros2esp/share/ros2esp/package.zsh'
[0.848s] Level 1:colcon.colcon_core.environment:create_file_with_runtime_dependencies(/home/ubuntu/rrst-ros2-ws/install/ros2esp/share/colcon-core/packages/ros2esp)
[0.849s] Level 1:colcon.colcon_core.environment:create_environment_scripts_only(ros2udp)
[0.849s] Level 1:colcon.colcon_core.environment:checking '/home/ubuntu/rrst-ros2-ws/install/ros2udp' for CMake module files
[0.851s] DEBUG:colcon.colcon_core.event_handler.log_command:Invoked command in '/home/ubuntu/rrst-ros2-ws/build/ros2udp' returned '0': CMAKE_PREFIX_PATH=${CMAKE_PREFIX_PATH}:/opt/ros/jazzy DEBUGINFOD_URLS=https://debuginfod.ubuntu.com /usr/bin/cmake --install /home/ubuntu/rrst-ros2-ws/build/ros2udp
[0.851s] Level 1:colcon.colcon_core.environment:checking '/home/ubuntu/rrst-ros2-ws/install/ros2udp' for CMake config files
[0.851s] Level 1:colcon.colcon_core.shell:create_environment_hook('ros2udp', 'cmake_prefix_path')
[0.851s] INFO:colcon.colcon_core.shell:Creating environment hook '/home/ubuntu/rrst-ros2-ws/install/ros2udp/share/ros2udp/hook/cmake_prefix_path.ps1'
[0.852s] INFO:colcon.colcon_core.shell:Creating environment descriptor '/home/ubuntu/rrst-ros2-ws/install/ros2udp/share/ros2udp/hook/cmake_prefix_path.dsv'
[0.852s] INFO:colcon.colcon_core.shell:Creating environment hook '/home/ubuntu/rrst-ros2-ws/install/ros2udp/share/ros2udp/hook/cmake_prefix_path.sh'
[0.853s] Level 1:colcon.colcon_core.environment:checking '/home/ubuntu/rrst-ros2-ws/install/ros2udp/lib'
[0.853s] Level 1:colcon.colcon_core.environment:checking '/home/ubuntu/rrst-ros2-ws/install/ros2udp/bin'
[0.853s] Level 1:colcon.colcon_core.environment:checking '/home/ubuntu/rrst-ros2-ws/install/ros2udp/lib/pkgconfig/ros2udp.pc'
[0.853s] Level 1:colcon.colcon_core.environment:checking '/home/ubuntu/rrst-ros2-ws/install/ros2udp/lib/python3.12/site-packages'
[0.853s] Level 1:colcon.colcon_core.environment:checking '/home/ubuntu/rrst-ros2-ws/install/ros2udp/bin'
[0.853s] INFO:colcon.colcon_core.shell:Creating package script '/home/ubuntu/rrst-ros2-ws/install/ros2udp/share/ros2udp/package.ps1'
[0.854s] INFO:colcon.colcon_core.shell:Creating package descriptor '/home/ubuntu/rrst-ros2-ws/install/ros2udp/share/ros2udp/package.dsv'
[0.854s] INFO:colcon.colcon_core.shell:Creating package script '/home/ubuntu/rrst-ros2-ws/install/ros2udp/share/ros2udp/package.sh'
[0.855s] INFO:colcon.colcon_core.shell:Creating package script '/home/ubuntu/rrst-ros2-ws/install/ros2udp/share/ros2udp/package.bash'
[0.855s] INFO:colcon.colcon_core.shell:Creating package script '/home/ubuntu/rrst-ros2-ws/install/ros2udp/share/ros2udp/package.zsh'
[0.855s] Level 1:colcon.colcon_core.environment:create_file_with_runtime_dependencies(/home/ubuntu/rrst-ros2-ws/install/ros2udp/share/colcon-core/packages/ros2udp)
[0.856s] Level 1:colcon.colcon_core.environment:create_environment_scripts_only(ros2udp)
[0.856s] Level 1:colcon.colcon_core.environment:checking '/home/ubuntu/rrst-ros2-ws/install/ros2udp' for CMake module files
[0.857s] Level 1:colcon.colcon_core.environment:checking '/home/ubuntu/rrst-ros2-ws/install/ros2udp' for CMake config files
[0.857s] Level 1:colcon.colcon_core.shell:create_environment_hook('ros2udp', 'cmake_prefix_path')
[0.857s] INFO:colcon.colcon_core.shell:Creating environment hook '/home/ubuntu/rrst-ros2-ws/install/ros2udp/share/ros2udp/hook/cmake_prefix_path.ps1'
[0.858s] INFO:colcon.colcon_core.shell:Creating environment descriptor '/home/ubuntu/rrst-ros2-ws/install/ros2udp/share/ros2udp/hook/cmake_prefix_path.dsv'
[0.858s] INFO:colcon.colcon_core.shell:Creating environment hook '/home/ubuntu/rrst-ros2-ws/install/ros2udp/share/ros2udp/hook/cmake_prefix_path.sh'
[0.859s] Level 1:colcon.colcon_core.environment:checking '/home/ubuntu/rrst-ros2-ws/install/ros2udp/lib'
[0.859s] Level 1:colcon.colcon_core.environment:checking '/home/ubuntu/rrst-ros2-ws/install/ros2udp/bin'
[0.859s] Level 1:colcon.colcon_core.environment:checking '/home/ubuntu/rrst-ros2-ws/install/ros2udp/lib/pkgconfig/ros2udp.pc'
[0.859s] Level 1:colcon.colcon_core.environment:checking '/home/ubuntu/rrst-ros2-ws/install/ros2udp/lib/python3.12/site-packages'
[0.859s] Level 1:colcon.colcon_core.environment:checking '/home/ubuntu/rrst-ros2-ws/install/ros2udp/bin'
[0.859s] INFO:colcon.colcon_core.shell:Creating package script '/home/ubuntu/rrst-ros2-ws/install/ros2udp/share/ros2udp/package.ps1'
[0.860s] INFO:colcon.colcon_core.shell:Creating package descriptor '/home/ubuntu/rrst-ros2-ws/install/ros2udp/share/ros2udp/package.dsv'
[0.860s] INFO:colcon.colcon_core.shell:Creating package script '/home/ubuntu/rrst-ros2-ws/install/ros2udp/share/ros2udp/package.sh'
[0.861s] INFO:colcon.colcon_core.shell:Creating package script '/home/ubuntu/rrst-ros2-ws/install/ros2udp/share/ros2udp/package.bash'
[0.861s] INFO:colcon.colcon_core.shell:Creating package script '/home/ubuntu/rrst-ros2-ws/install/ros2udp/share/ros2udp/package.zsh'
[0.861s] Level 1:colcon.colcon_core.environment:create_file_with_runtime_dependencies(/home/ubuntu/rrst-ros2-ws/install/ros2udp/share/colcon-core/packages/ros2udp)
[13.317s] DEBUG:colcon.colcon_core.event_handler.log_command:Invoked command in '/home/ubuntu/rrst-ros2-ws/build/nr26_r1_hw_ctrl' returned '0': CMAKE_PREFIX_PATH=${CMAKE_PREFIX_PATH}:/opt/ros/jazzy DEBUGINFOD_URLS=https://debuginfod.ubuntu.com /usr/bin/cmake --build /home/ubuntu/rrst-ros2-ws/build/nr26_r1_hw_ctrl -- -j12 -l12
[13.319s] DEBUG:colcon.colcon_core.event_handler.log_command:Invoking command in '/home/ubuntu/rrst-ros2-ws/build/nr26_r1_hw_ctrl': CMAKE_PREFIX_PATH=${CMAKE_PREFIX_PATH}:/opt/ros/jazzy DEBUGINFOD_URLS=https://debuginfod.ubuntu.com /usr/bin/cmake --install /home/ubuntu/rrst-ros2-ws/build/nr26_r1_hw_ctrl
[13.350s] Level 1:colcon.colcon_core.environment:create_environment_scripts_only(nr26_r1_hw_ctrl)
[13.350s] Level 1:colcon.colcon_core.environment:checking '/home/ubuntu/rrst-ros2-ws/install/nr26_r1_hw_ctrl' for CMake module files
[13.351s] DEBUG:colcon.colcon_core.event_handler.log_command:Invoked command in '/home/ubuntu/rrst-ros2-ws/build/nr26_r1_hw_ctrl' returned '0': CMAKE_PREFIX_PATH=${CMAKE_PREFIX_PATH}:/opt/ros/jazzy DEBUGINFOD_URLS=https://debuginfod.ubuntu.com /usr/bin/cmake --install /home/ubuntu/rrst-ros2-ws/build/nr26_r1_hw_ctrl
[13.352s] Level 1:colcon.colcon_core.environment:checking '/home/ubuntu/rrst-ros2-ws/install/nr26_r1_hw_ctrl' for CMake config files
[13.352s] Level 1:colcon.colcon_core.shell:create_environment_hook('nr26_r1_hw_ctrl', 'cmake_prefix_path')
[13.352s] INFO:colcon.colcon_core.shell:Creating environment hook '/home/ubuntu/rrst-ros2-ws/install/nr26_r1_hw_ctrl/share/nr26_r1_hw_ctrl/hook/cmake_prefix_path.ps1'
[13.353s] INFO:colcon.colcon_core.shell:Creating environment descriptor '/home/ubuntu/rrst-ros2-ws/install/nr26_r1_hw_ctrl/share/nr26_r1_hw_ctrl/hook/cmake_prefix_path.dsv'
[13.353s] INFO:colcon.colcon_core.shell:Creating environment hook '/home/ubuntu/rrst-ros2-ws/install/nr26_r1_hw_ctrl/share/nr26_r1_hw_ctrl/hook/cmake_prefix_path.sh'
[13.354s] Level 1:colcon.colcon_core.environment:checking '/home/ubuntu/rrst-ros2-ws/install/nr26_r1_hw_ctrl/lib'
[13.355s] Level 1:colcon.colcon_core.environment:checking '/home/ubuntu/rrst-ros2-ws/install/nr26_r1_hw_ctrl/bin'
[13.355s] Level 1:colcon.colcon_core.environment:checking '/home/ubuntu/rrst-ros2-ws/install/nr26_r1_hw_ctrl/lib/pkgconfig/nr26_r1_hw_ctrl.pc'
[13.355s] Level 1:colcon.colcon_core.environment:checking '/home/ubuntu/rrst-ros2-ws/install/nr26_r1_hw_ctrl/lib/python3.12/site-packages'
[13.355s] Level 1:colcon.colcon_core.environment:checking '/home/ubuntu/rrst-ros2-ws/install/nr26_r1_hw_ctrl/bin'
[13.356s] INFO:colcon.colcon_core.shell:Creating package script '/home/ubuntu/rrst-ros2-ws/install/nr26_r1_hw_ctrl/share/nr26_r1_hw_ctrl/package.ps1'
[13.356s] INFO:colcon.colcon_core.shell:Creating package descriptor '/home/ubuntu/rrst-ros2-ws/install/nr26_r1_hw_ctrl/share/nr26_r1_hw_ctrl/package.dsv'
[13.357s] INFO:colcon.colcon_core.shell:Creating package script '/home/ubuntu/rrst-ros2-ws/install/nr26_r1_hw_ctrl/share/nr26_r1_hw_ctrl/package.sh'
[13.357s] INFO:colcon.colcon_core.shell:Creating package script '/home/ubuntu/rrst-ros2-ws/install/nr26_r1_hw_ctrl/share/nr26_r1_hw_ctrl/package.bash'
[13.358s] INFO:colcon.colcon_core.shell:Creating package script '/home/ubuntu/rrst-ros2-ws/install/nr26_r1_hw_ctrl/share/nr26_r1_hw_ctrl/package.zsh'
[13.358s] Level 1:colcon.colcon_core.environment:create_file_with_runtime_dependencies(/home/ubuntu/rrst-ros2-ws/install/nr26_r1_hw_ctrl/share/colcon-core/packages/nr26_r1_hw_ctrl)
[13.359s] Level 1:colcon.colcon_core.environment:create_environment_scripts_only(nr26_r1_hw_ctrl)
[13.359s] Level 1:colcon.colcon_core.environment:checking '/home/ubuntu/rrst-ros2-ws/install/nr26_r1_hw_ctrl' for CMake module files
[13.360s] Level 1:colcon.colcon_core.environment:checking '/home/ubuntu/rrst-ros2-ws/install/nr26_r1_hw_ctrl' for CMake config files
[13.360s] Level 1:colcon.colcon_core.shell:create_environment_hook('nr26_r1_hw_ctrl', 'cmake_prefix_path')
[13.360s] INFO:colcon.colcon_core.shell:Creating environment hook '/home/ubuntu/rrst-ros2-ws/install/nr26_r1_hw_ctrl/share/nr26_r1_hw_ctrl/hook/cmake_prefix_path.ps1'
[13.361s] INFO:colcon.colcon_core.shell:Creating environment descriptor '/home/ubuntu/rrst-ros2-ws/install/nr26_r1_hw_ctrl/share/nr26_r1_hw_ctrl/hook/cmake_prefix_path.dsv'
[13.361s] INFO:colcon.colcon_core.shell:Creating environment hook '/home/ubuntu/rrst-ros2-ws/install/nr26_r1_hw_ctrl/share/nr26_r1_hw_ctrl/hook/cmake_prefix_path.sh'
[13.362s] Level 1:colcon.colcon_core.environment:checking '/home/ubuntu/rrst-ros2-ws/install/nr26_r1_hw_ctrl/lib'
[13.362s] Level 1:colcon.colcon_core.environment:checking '/home/ubuntu/rrst-ros2-ws/install/nr26_r1_hw_ctrl/bin'
[13.362s] Level 1:colcon.colcon_core.environment:checking '/home/ubuntu/rrst-ros2-ws/install/nr26_r1_hw_ctrl/lib/pkgconfig/nr26_r1_hw_ctrl.pc'
[13.362s] Level 1:colcon.colcon_core.environment:checking '/home/ubuntu/rrst-ros2-ws/install/nr26_r1_hw_ctrl/lib/python3.12/site-packages'
[13.363s] Level 1:colcon.colcon_core.environment:checking '/home/ubuntu/rrst-ros2-ws/install/nr26_r1_hw_ctrl/bin'
[13.363s] INFO:colcon.colcon_core.shell:Creating package script '/home/ubuntu/rrst-ros2-ws/install/nr26_r1_hw_ctrl/share/nr26_r1_hw_ctrl/package.ps1'
[13.364s] INFO:colcon.colcon_core.shell:Creating package descriptor '/home/ubuntu/rrst-ros2-ws/install/nr26_r1_hw_ctrl/share/nr26_r1_hw_ctrl/package.dsv'
[13.364s] INFO:colcon.colcon_core.shell:Creating package script '/home/ubuntu/rrst-ros2-ws/install/nr26_r1_hw_ctrl/share/nr26_r1_hw_ctrl/package.sh'
[13.365s] INFO:colcon.colcon_core.shell:Creating package script '/home/ubuntu/rrst-ros2-ws/install/nr26_r1_hw_ctrl/share/nr26_r1_hw_ctrl/package.bash'
[13.365s] INFO:colcon.colcon_core.shell:Creating package script '/home/ubuntu/rrst-ros2-ws/install/nr26_r1_hw_ctrl/share/nr26_r1_hw_ctrl/package.zsh'
[13.366s] Level 1:colcon.colcon_core.environment:create_file_with_runtime_dependencies(/home/ubuntu/rrst-ros2-ws/install/nr26_r1_hw_ctrl/share/colcon-core/packages/nr26_r1_hw_ctrl)
[13.366s] DEBUG:colcon.colcon_parallel_executor.executor.parallel:closing loop
[13.367s] DEBUG:colcon.colcon_parallel_executor.executor.parallel:loop closed
[13.367s] DEBUG:colcon.colcon_parallel_executor.executor.parallel:run_until_complete finished with '0'
[13.367s] DEBUG:colcon.colcon_core.event_reactor:joining thread
[13.379s] INFO:colcon.colcon_core.plugin_system:Skipping extension 'colcon_notification.desktop_notification.terminal_notifier': Not used on non-Darwin systems
[13.379s] INFO:colcon.colcon_core.plugin_system:Skipping extension 'colcon_notification.desktop_notification.win32': Not used on non-Windows systems
[13.379s] INFO:colcon.colcon_notification.desktop_notification:Sending desktop notification using 'notify2'
[13.413s] DEBUG:colcon.colcon_core.event_reactor:joined thread
[13.414s] INFO:colcon.colcon_core.shell:Creating prefix script '/home/ubuntu/rrst-ros2-ws/install/local_setup.ps1'
[13.415s] INFO:colcon.colcon_core.shell:Creating prefix util module '/home/ubuntu/rrst-ros2-ws/install/_local_setup_util_ps1.py'
[13.419s] INFO:colcon.colcon_core.shell:Creating prefix chain script '/home/ubuntu/rrst-ros2-ws/install/setup.ps1'
[13.421s] INFO:colcon.colcon_core.shell:Creating prefix script '/home/ubuntu/rrst-ros2-ws/install/local_setup.sh'
[13.422s] INFO:colcon.colcon_core.shell:Creating prefix util module '/home/ubuntu/rrst-ros2-ws/install/_local_setup_util_sh.py'
[13.423s] INFO:colcon.colcon_core.shell:Creating prefix chain script '/home/ubuntu/rrst-ros2-ws/install/setup.sh'
[13.425s] INFO:colcon.colcon_core.shell:Creating prefix script '/home/ubuntu/rrst-ros2-ws/install/local_setup.bash'
[13.425s] INFO:colcon.colcon_core.shell:Creating prefix chain script '/home/ubuntu/rrst-ros2-ws/install/setup.bash'
[13.427s] INFO:colcon.colcon_core.shell:Creating prefix script '/home/ubuntu/rrst-ros2-ws/install/local_setup.zsh'
[13.427s] INFO:colcon.colcon_core.shell:Creating prefix chain script '/home/ubuntu/rrst-ros2-ws/install/setup.zsh'
