[0.042s] Invoking command in '/home/ubuntu/rrst-ros2-ws/build/ros2udp': CMAKE_PREFIX_PATH=${CMAKE_PREFIX_PATH}:/opt/ros/jazzy DEBUGINFOD_URLS=https://debuginfod.ubuntu.com /usr/bin/cmake --build /home/ubuntu/rrst-ros2-ws/build/ros2udp -- -j12 -l12
[0.243s] [  6%] Built target nr25_mr_sd
[0.280s] [ 12%] Built target nr25_dr_sd
[0.284s] [ 17%] Built target nr25_mr_omni
[0.285s] [ 23%] Built target nr25_dr
[0.290s] [ 26%] Built target nr25_enc
[0.290s] [ 29%] Built target nr25_vel2js
[0.297s] [ 32%] Built target nr25_pr
[0.301s] [ 39%] Built target nr25_mr
[0.307s] [ 43%] Built target nr25_dr_omni
[0.308s] [ 46%] Built target nr25_enc_pid
[0.329s] [ 53%] Built target nr25_dr_c610
[0.348s] [ 57%] Built target nr25_pid
[0.348s] [ 60%] Built target nr25_dr_servo_cal
[0.374s] [ 64%] Built target nr25_dr_pr
[0.374s] [ 67%] Built target nr25_mr_servo_cal
[0.375s] [ 70%] Built target ld19_fs
[0.379s] [ 82%] Built target nr25_led
[0.379s] [ 81%] Built target pid_wip
[0.379s] [ 85%] Built target pid_tuner
[0.379s] [ 90%] Built target mb_tester
[0.379s] [ 96%] Built target temp
[0.398s] [100%] Built target nr25_dr_hcsr04
[0.450s] Invoked command in '/home/ubuntu/rrst-ros2-ws/build/ros2udp' returned '0': CMAKE_PREFIX_PATH=${CMAKE_PREFIX_PATH}:/opt/ros/jazzy DEBUGINFOD_URLS=https://debuginfod.ubuntu.com /usr/bin/cmake --build /home/ubuntu/rrst-ros2-ws/build/ros2udp -- -j12 -l12
[0.452s] Invoking command in '/home/ubuntu/rrst-ros2-ws/build/ros2udp': CMAKE_PREFIX_PATH=${CMAKE_PREFIX_PATH}:/opt/ros/jazzy DEBUGINFOD_URLS=https://debuginfod.ubuntu.com /usr/bin/cmake --install /home/ubuntu/rrst-ros2-ws/build/ros2udp
[0.487s] -- Install configuration: ""
[0.489s] -- Up-to-date: /home/ubuntu/rrst-ros2-ws/install/ros2udp/lib/ros2udp/nr25_mr
[0.489s] -- Up-to-date: /home/ubuntu/rrst-ros2-ws/install/ros2udp/lib/ros2udp/nr25_mr_omni
[0.490s] -- Up-to-date: /home/ubuntu/rrst-ros2-ws/install/ros2udp/lib/ros2udp/nr25_mr_sd
[0.490s] -- Up-to-date: /home/ubuntu/rrst-ros2-ws/install/ros2udp/lib/ros2udp/nr25_dr
[0.491s] -- Up-to-date: /home/ubuntu/rrst-ros2-ws/install/ros2udp/lib/ros2udp/nr25_dr_omni
[0.491s] -- Up-to-date: /home/ubuntu/rrst-ros2-ws/install/ros2udp/lib/ros2udp/nr25_dr_sd
[0.492s] -- Up-to-date: /home/ubuntu/rrst-ros2-ws/install/ros2udp/lib/ros2udp/nr25_enc
[0.492s] -- Up-to-date: /home/ubuntu/rrst-ros2-ws/install/ros2udp/lib/ros2udp/nr25_pr
[0.492s] -- Up-to-date: /home/ubuntu/rrst-ros2-ws/install/ros2udp/lib/ros2udp/nr25_vel2js
[0.493s] -- Up-to-date: /home/ubuntu/rrst-ros2-ws/install/ros2udp/lib/ros2udp/nr25_enc_pid
[0.493s] -- Up-to-date: /home/ubuntu/rrst-ros2-ws/install/ros2udp/lib/ros2udp/nr25_pid
[0.494s] -- Up-to-date: /home/ubuntu/rrst-ros2-ws/install/ros2udp/lib/ros2udp/nr25_dr_c610
[0.494s] -- Up-to-date: /home/ubuntu/rrst-ros2-ws/install/ros2udp/lib/ros2udp/nr25_mr_servo_cal
[0.495s] -- Up-to-date: /home/ubuntu/rrst-ros2-ws/install/ros2udp/lib/ros2udp/nr25_dr_servo_cal
[0.495s] -- Up-to-date: /home/ubuntu/rrst-ros2-ws/install/ros2udp/lib/ros2udp/nr25_dr_pr
[0.496s] -- Up-to-date: /home/ubuntu/rrst-ros2-ws/install/ros2udp/lib/ros2udp/nr25_dr_hcsr04
[0.496s] -- Up-to-date: /home/ubuntu/rrst-ros2-ws/install/ros2udp/lib/ros2udp/mb_tester
[0.496s] -- Up-to-date: /home/ubuntu/rrst-ros2-ws/install/ros2udp/lib/ros2udp/ld19_fs
[0.497s] -- Up-to-date: /home/ubuntu/rrst-ros2-ws/install/ros2udp/lib/ros2udp/pid_wip
[0.497s] -- Up-to-date: /home/ubuntu/rrst-ros2-ws/install/ros2udp/lib/ros2udp/pid_tuner
[0.498s] -- Up-to-date: /home/ubuntu/rrst-ros2-ws/install/ros2udp/lib/ros2udp/nr25_led
[0.500s] -- Up-to-date: /home/ubuntu/rrst-ros2-ws/install/ros2udp/lib/ros2udp/temp
[0.500s] -- Up-to-date: /home/ubuntu/rrst-ros2-ws/install/ros2udp/share/ros2udp/launch
[0.501s] -- Up-to-date: /home/ubuntu/rrst-ros2-ws/install/ros2udp/share/ros2udp/launch/nr25_mr.py
[0.501s] -- Up-to-date: /home/ubuntu/rrst-ros2-ws/install/ros2udp/share/ros2udp/launch/nr25_dr.py
[0.502s] -- Up-to-date: /home/ubuntu/rrst-ros2-ws/install/ros2udp/share/ament_index/resource_index/package_run_dependencies/ros2udp
[0.502s] -- Up-to-date: /home/ubuntu/rrst-ros2-ws/install/ros2udp/share/ament_index/resource_index/parent_prefix_path/ros2udp
[0.503s] -- Up-to-date: /home/ubuntu/rrst-ros2-ws/install/ros2udp/share/ros2udp/environment/ament_prefix_path.sh
[0.503s] -- Up-to-date: /home/ubuntu/rrst-ros2-ws/install/ros2udp/share/ros2udp/environment/ament_prefix_path.dsv
[0.503s] -- Up-to-date: /home/ubuntu/rrst-ros2-ws/install/ros2udp/share/ros2udp/environment/path.sh
[0.503s] -- Up-to-date: /home/ubuntu/rrst-ros2-ws/install/ros2udp/share/ros2udp/environment/path.dsv
[0.504s] -- Up-to-date: /home/ubuntu/rrst-ros2-ws/install/ros2udp/share/ros2udp/local_setup.bash
[0.505s] -- Up-to-date: /home/ubuntu/rrst-ros2-ws/install/ros2udp/share/ros2udp/local_setup.sh
[0.505s] -- Up-to-date: /home/ubuntu/rrst-ros2-ws/install/ros2udp/share/ros2udp/local_setup.zsh
[0.505s] -- Up-to-date: /home/ubuntu/rrst-ros2-ws/install/ros2udp/share/ros2udp/local_setup.dsv
[0.506s] -- Installing: /home/ubuntu/rrst-ros2-ws/install/ros2udp/share/ros2udp/package.dsv
[0.506s] -- Up-to-date: /home/ubuntu/rrst-ros2-ws/install/ros2udp/share/ament_index/resource_index/packages/ros2udp
[0.506s] -- Up-to-date: /home/ubuntu/rrst-ros2-ws/install/ros2udp/share/ros2udp/cmake/ros2udpConfig.cmake
[0.506s] -- Up-to-date: /home/ubuntu/rrst-ros2-ws/install/ros2udp/share/ros2udp/cmake/ros2udpConfig-version.cmake
[0.506s] -- Up-to-date: /home/ubuntu/rrst-ros2-ws/install/ros2udp/share/ros2udp/package.xml
[0.514s] Invoked command in '/home/ubuntu/rrst-ros2-ws/build/ros2udp' returned '0': CMAKE_PREFIX_PATH=${CMAKE_PREFIX_PATH}:/opt/ros/jazzy DEBUGINFOD_URLS=https://debuginfod.ubuntu.com /usr/bin/cmake --install /home/ubuntu/rrst-ros2-ws/build/ros2udp
