[01m[K/home/ubuntu/rrst-ros2-ws/nr26_r1_hw_ctrl/src/R1_SwerveDrive.cpp:[m[K In member function ‘[01m[Kvoid HardWareControl::[01;32m[Kps4_listener_callback[m[K(sensor_msgs::msg::Joy_<std::allocator<void> >::SharedPtr)[m[K’:
[01m[K/home/ubuntu/rrst-ros2-ws/nr26_r1_hw_ctrl/src/R1_SwerveDrive.cpp:176:13:[m[K [01;31m[Kerror: [m[K‘[01m[Kleft[m[K’ was not declared in this scope; did you mean ‘[01m[Kstd::left[m[K’?
  176 |         if ([01;31m[Kleft[m[K == true && last_left == false){
      |             [01;31m[K^~~~[m[K
      |             [32m[Kstd::left[m[K
In file included from [01m[K/usr/include/c++/13/ios:44[m[K,
                 from [01m[K/usr/include/c++/13/ostream:40[m[K,
                 from [01m[K/usr/include/c++/13/iostream:41[m[K,
                 from [01m[K/home/ubuntu/rrst-ros2-ws/nr26_r1_hw_ctrl/src/R1_SwerveDrive.cpp:8[m[K:
[01m[K/usr/include/c++/13/bits/ios_base.h:1042:3:[m[K [01;36m[Knote: [m[K‘[01m[Kstd::left[m[K’ declared here
 1042 |   [01;36m[Kleft[m[K(ios_base& __base)
      |   [01;36m[K^~~~[m[K
[01m[K/home/ubuntu/rrst-ros2-ws/nr26_r1_hw_ctrl/src/R1_SwerveDrive.cpp:183:13:[m[K [01;31m[Kerror: [m[K‘[01m[Kup[m[K’ was not declared in this scope; did you mean ‘[01m[Kdup[m[K’?
  183 |         if ([01;31m[Kup[m[K == true && last_up ==false){
      |             [01;31m[K^~[m[K
      |             [32m[Kdup[m[K
[01m[K/home/ubuntu/rrst-ros2-ws/nr26_r1_hw_ctrl/src/R1_SwerveDrive.cpp:187:17:[m[K [01;31m[Kerror: [m[K‘[01m[Klatereal_lock[m[K’ was not declared in this scope; did you mean ‘[01m[Klateral_lock[m[K’?
  187 |                 [01;31m[Klatereal_lock[m[K = false;
      |                 [01;31m[K^~~~~~~~~~~~~[m[K
      |                 [32m[Klateral_lock[m[K
[01m[K/home/ubuntu/rrst-ros2-ws/nr26_r1_hw_ctrl/src/R1_SwerveDrive.cpp:190:13:[m[K [01;31m[Kerror: [m[K‘[01m[Kdown[m[K’ was not declared in this scope
  190 |         if ([01;31m[Kdown[m[K == true && last_down == false){
      |             [01;31m[K^~~~[m[K
[01m[K/home/ubuntu/rrst-ros2-ws/nr26_r1_hw_ctrl/src/R1_SwerveDrive.cpp:193:17:[m[K [01;31m[Kerror: [m[K‘[01m[Klateral_loc[m[K’ was not declared in this scope; did you mean ‘[01m[Klateral_lock[m[K’?
  193 |                 [01;31m[Klateral_loc[m[K = false;
      |                 [01;31m[K^~~~~~~~~~~[m[K
      |                 [32m[Klateral_lock[m[K
[01m[K/home/ubuntu/rrst-ros2-ws/nr26_r1_hw_ctrl/src/R1_SwerveDrive.cpp:197:21:[m[K [01;31m[Kerror: [m[K‘[01m[Kleft[m[K’ was not declared in this scope; did you mean ‘[01m[Kstd::left[m[K’?
  197 |         last_left = [01;31m[Kleft[m[K;
      |                     [01;31m[K^~~~[m[K
      |                     [32m[Kstd::left[m[K
[01m[K/usr/include/c++/13/bits/ios_base.h:1042:3:[m[K [01;36m[Knote: [m[K‘[01m[Kstd::left[m[K’ declared here
 1042 |   [01;36m[Kleft[m[K(ios_base& __base)
      |   [01;36m[K^~~~[m[K
[01m[K/home/ubuntu/rrst-ros2-ws/nr26_r1_hw_ctrl/src/R1_SwerveDrive.cpp:198:22:[m[K [01;31m[Kerror: [m[K‘[01m[Kright[m[K’ was not declared in this scope; did you mean ‘[01m[Kstd::right[m[K’?
  198 |         last_right = [01;31m[Kright[m[K;
      |                      [01;31m[K^~~~~[m[K
      |                      [32m[Kstd::right[m[K
[01m[K/usr/include/c++/13/bits/ios_base.h:1050:3:[m[K [01;36m[Knote: [m[K‘[01m[Kstd::right[m[K’ declared here
 1050 |   [01;36m[Kright[m[K(ios_base& __base)
      |   [01;36m[K^~~~~[m[K
[01m[K/home/ubuntu/rrst-ros2-ws/nr26_r1_hw_ctrl/src/R1_SwerveDrive.cpp:199:19:[m[K [01;31m[Kerror: [m[K‘[01m[Kup[m[K’ was not declared in this scope; did you mean ‘[01m[Kdup[m[K’?
  199 |         last_up = [01;31m[Kup[m[K;
      |                   [01;31m[K^~[m[K
      |                   [32m[Kdup[m[K
[01m[K/home/ubuntu/rrst-ros2-ws/nr26_r1_hw_ctrl/src/R1_SwerveDrive.cpp:200:21:[m[K [01;31m[Kerror: [m[K‘[01m[Kdown[m[K’ was not declared in this scope
  200 |         last_down = [01;31m[Kdown[m[K;
      |                     [01;31m[K^~~~[m[K
gmake[2]: *** [CMakeFiles/r1_sd.dir/build.make:76: CMakeFiles/r1_sd.dir/src/R1_SwerveDrive.cpp.o] エラー 1
gmake[1]: *** [CMakeFiles/Makefile2:158: CMakeFiles/r1_sd.dir/all] エラー 2
gmake[1]: *** 未完了のジョブを待っています....
gmake: *** [Makefile:146: all] エラー 2
