/usr/bin/figlet
-- Using the multi-header code from /home/ubuntu/rrst-ros2-ws/build/nr26_r1_hw_ctrl/_deps/nlohmann_json-src/include/
-- Found ament_cmake: 2.5.3 (/opt/ros/jazzy/share/ament_cmake/cmake)
-- Found rclcpp: 28.1.8 (/opt/ros/jazzy/share/rclcpp/cmake)
-- Found rosidl_generator_c: 4.6.5 (/opt/ros/jazzy/share/rosidl_generator_c/cmake)
-- Found rosidl_generator_cpp: 4.6.5 (/opt/ros/jazzy/share/rosidl_generator_cpp/cmake)
-- Using all available rosidl_typesupport_c: rosidl_typesupport_fastrtps_c;rosidl_typesupport_introspection_c
-- Using all available rosidl_typesupport_cpp: rosidl_typesupport_fastrtps_cpp;rosidl_typesupport_introspection_cpp
-- Found rmw_implementation_cmake: 7.3.2 (/opt/ros/jazzy/share/rmw_implementation_cmake/cmake)
-- Found rmw_fastrtps_cpp: 8.4.2 (/opt/ros/jazzy/share/rmw_fastrtps_cpp/cmake)
-- Using RMW implementation 'rmw_fastrtps_cpp' as default
-- Found std_msgs: 5.3.6 (/opt/ros/jazzy/share/std_msgs/cmake)
-- Found sensor_msgs: 5.3.6 (/opt/ros/jazzy/share/sensor_msgs/cmake)
-- Found tf2: 0.36.9 (/opt/ros/jazzy/share/tf2/cmake)
-- Found tf2_ros: 0.36.9 (/opt/ros/jazzy/share/tf2_ros/cmake)
-- Found tf2_geometry_msgs: 0.36.9 (/opt/ros/jazzy/share/tf2_geometry_msgs/cmake)
-- Found eigen3_cmake_module: 0.3.0 (/opt/ros/jazzy/share/eigen3_cmake_module/cmake)
-- Ensuring Eigen3 include directory is part of orocos-kdl CMake target
-- Found visualization_msgs: 5.3.6 (/opt/ros/jazzy/share/visualization_msgs/cmake)
-- Found ament_lint_auto: 0.17.2 (/opt/ros/jazzy/share/ament_lint_auto/cmake)
-- Added test 'cppcheck' to perform static code analysis on C / C++ code
-- Configured cppcheck include dirs: 
-- Configured cppcheck exclude dirs and/or files: 
-- Added test 'flake8' to check Python code syntax and style conventions
-- Configured 'flake8' exclude dirs and/or files: 
-- Added test 'lint_cmake' to check CMake code style
-- Added test 'pep257' to check Python code against some of the docstring style conventions in PEP 257
-- Added test 'uncrustify' to check C / C++ code style
-- Configured uncrustify additional arguments: 
-- Added test 'xmllint' to check XML markup files
-- Configuring done (2.0s)
-- Generating done (0.0s)
-- Build files have been written to: /home/ubuntu/rrst-ros2-ws/build/nr26_r1_hw_ctrl
[ 16%] [32mBuilding CXX object CMakeFiles/r1_mc.dir/src/R1_MotionCtrl.cpp.o[0m
[ 50%] [32mBuilding CXX object CMakeFiles/r1_sd.dir/src/R1_SwerveDrive.cpp.o[0m
[ 50%] [32mBuilding CXX object CMakeFiles/r1_servo_cal.dir/src/R1_Servo_Calibrator.cpp.o[0m
[01m[K/home/ubuntu/rrst-ros2-ws/nr26_r1_hw_ctrl/src/R1_SwerveDrive.cpp:[m[K In member function ‘[01m[Kvoid HardWareControl::[01;32m[Kps4_listener_callback[m[K(sensor_msgs::msg::Joy_<std::allocator<void> >::SharedPtr)[m[K’:
[01m[K/home/ubuntu/rrst-ros2-ws/nr26_r1_hw_ctrl/src/R1_SwerveDrive.cpp:176:13:[m[K [01;31m[Kerror: [m[K‘[01m[Kleft[m[K’ was not declared in this scope; did you mean ‘[01m[Kstd::left[m[K’?
  176 |         if ([01;31m[Kleft[m[K == true && last_left == false){
      |             [01;31m[K^~~~[m[K
      |             [32m[Kstd::left[m[K
In file included from [01m[K/usr/include/c++/13/ios:44[m[K,
                 from [01m[K/usr/include/c++/13/ostream:40[m[K,
                 from [01m[K/usr/include/c++/13/iostream:41[m[K,
                 from [01m[K/home/ubuntu/rrst-ros2-ws/nr26_r1_hw_ctrl/src/R1_SwerveDrive.cpp:8[m[K:
[01m[K/usr/include/c++/13/bits/ios_base.h:1042:3:[m[K [01;36m[Knote: [m[K‘[01m[Kstd::left[m[K’ declared here
 1042 |   [01;36m[Kleft[m[K(ios_base& __base)
      |   [01;36m[K^~~~[m[K
[01m[K/home/ubuntu/rrst-ros2-ws/nr26_r1_hw_ctrl/src/R1_SwerveDrive.cpp:183:13:[m[K [01;31m[Kerror: [m[K‘[01m[Kup[m[K’ was not declared in this scope; did you mean ‘[01m[Kdup[m[K’?
  183 |         if ([01;31m[Kup[m[K == true && last_up ==false){
      |             [01;31m[K^~[m[K
      |             [32m[Kdup[m[K
[01m[K/home/ubuntu/rrst-ros2-ws/nr26_r1_hw_ctrl/src/R1_SwerveDrive.cpp:187:17:[m[K [01;31m[Kerror: [m[K‘[01m[Klatereal_lock[m[K’ was not declared in this scope; did you mean ‘[01m[Klateral_lock[m[K’?
  187 |                 [01;31m[Klatereal_lock[m[K = false;
      |                 [01;31m[K^~~~~~~~~~~~~[m[K
      |                 [32m[Klateral_lock[m[K
[01m[K/home/ubuntu/rrst-ros2-ws/nr26_r1_hw_ctrl/src/R1_SwerveDrive.cpp:190:13:[m[K [01;31m[Kerror: [m[K‘[01m[Kdown[m[K’ was not declared in this scope
  190 |         if ([01;31m[Kdown[m[K == true && last_down == false){
      |             [01;31m[K^~~~[m[K
[01m[K/home/ubuntu/rrst-ros2-ws/nr26_r1_hw_ctrl/src/R1_SwerveDrive.cpp:193:17:[m[K [01;31m[Kerror: [m[K‘[01m[Klateral_loc[m[K’ was not declared in this scope; did you mean ‘[01m[Klateral_lock[m[K’?
  193 |                 [01;31m[Klateral_loc[m[K = false;
      |                 [01;31m[K^~~~~~~~~~~[m[K
      |                 [32m[Klateral_lock[m[K
[01m[K/home/ubuntu/rrst-ros2-ws/nr26_r1_hw_ctrl/src/R1_SwerveDrive.cpp:197:21:[m[K [01;31m[Kerror: [m[K‘[01m[Kleft[m[K’ was not declared in this scope; did you mean ‘[01m[Kstd::left[m[K’?
  197 |         last_left = [01;31m[Kleft[m[K;
      |                     [01;31m[K^~~~[m[K
      |                     [32m[Kstd::left[m[K
[01m[K/usr/include/c++/13/bits/ios_base.h:1042:3:[m[K [01;36m[Knote: [m[K‘[01m[Kstd::left[m[K’ declared here
 1042 |   [01;36m[Kleft[m[K(ios_base& __base)
      |   [01;36m[K^~~~[m[K
[01m[K/home/ubuntu/rrst-ros2-ws/nr26_r1_hw_ctrl/src/R1_SwerveDrive.cpp:198:22:[m[K [01;31m[Kerror: [m[K‘[01m[Kright[m[K’ was not declared in this scope; did you mean ‘[01m[Kstd::right[m[K’?
  198 |         last_right = [01;31m[Kright[m[K;
      |                      [01;31m[K^~~~~[m[K
      |                      [32m[Kstd::right[m[K
[01m[K/usr/include/c++/13/bits/ios_base.h:1050:3:[m[K [01;36m[Knote: [m[K‘[01m[Kstd::right[m[K’ declared here
 1050 |   [01;36m[Kright[m[K(ios_base& __base)
      |   [01;36m[K^~~~~[m[K
[01m[K/home/ubuntu/rrst-ros2-ws/nr26_r1_hw_ctrl/src/R1_SwerveDrive.cpp:199:19:[m[K [01;31m[Kerror: [m[K‘[01m[Kup[m[K’ was not declared in this scope; did you mean ‘[01m[Kdup[m[K’?
  199 |         last_up = [01;31m[Kup[m[K;
      |                   [01;31m[K^~[m[K
      |                   [32m[Kdup[m[K
[01m[K/home/ubuntu/rrst-ros2-ws/nr26_r1_hw_ctrl/src/R1_SwerveDrive.cpp:200:21:[m[K [01;31m[Kerror: [m[K‘[01m[Kdown[m[K’ was not declared in this scope
  200 |         last_down = [01;31m[Kdown[m[K;
      |                     [01;31m[K^~~~[m[K
gmake[2]: *** [CMakeFiles/r1_sd.dir/build.make:76: CMakeFiles/r1_sd.dir/src/R1_SwerveDrive.cpp.o] エラー 1
gmake[1]: *** [CMakeFiles/Makefile2:158: CMakeFiles/r1_sd.dir/all] エラー 2
gmake[1]: *** 未完了のジョブを待っています....
[ 66%] [32m[1mLinking CXX executable r1_servo_cal[0m
[ 66%] Built target r1_servo_cal
[ 83%] [32m[1mLinking CXX executable r1_mc[0m
[ 83%] Built target r1_mc
gmake: *** [Makefile:146: all] エラー 2
