[0.039s] Invoking command in '/home/ubuntu/rrst-ros2-ws/build/nr26_r1_hw_ctrl': CMAKE_PREFIX_PATH=${CMAKE_PREFIX_PATH}:/opt/ros/jazzy DEBUGINFOD_URLS=https://debuginfod.ubuntu.com /usr/bin/cmake --build /home/ubuntu/rrst-ros2-ws/build/nr26_r1_hw_ctrl -- -j12 -l12
[0.129s] /usr/bin/figlet
[0.700s] -- Using the multi-header code from /home/ubuntu/rrst-ros2-ws/build/nr26_r1_hw_ctrl/_deps/nlohmann_json-src/include/
[0.705s] -- Found ament_cmake: 2.5.3 (/opt/ros/jazzy/share/ament_cmake/cmake)
[1.112s] -- Found rclcpp: 28.1.8 (/opt/ros/jazzy/share/rclcpp/cmake)
[1.156s] -- Found rosidl_generator_c: 4.6.5 (/opt/ros/jazzy/share/rosidl_generator_c/cmake)
[1.169s] -- Found rosidl_generator_cpp: 4.6.5 (/opt/ros/jazzy/share/rosidl_generator_cpp/cmake)
[1.192s] -- Using all available rosidl_typesupport_c: rosidl_typesupport_fastrtps_c;rosidl_typesupport_introspection_c
[1.214s] -- Using all available rosidl_typesupport_cpp: rosidl_typesupport_fastrtps_cpp;rosidl_typesupport_introspection_cpp
[1.309s] -- Found rmw_implementation_cmake: 7.3.2 (/opt/ros/jazzy/share/rmw_implementation_cmake/cmake)
[1.312s] -- Found rmw_fastrtps_cpp: 8.4.2 (/opt/ros/jazzy/share/rmw_fastrtps_cpp/cmake)
[1.443s] -- Using RMW implementation 'rmw_fastrtps_cpp' as default
[1.542s] -- Found std_msgs: 5.3.6 (/opt/ros/jazzy/share/std_msgs/cmake)
[1.564s] -- Found sensor_msgs: 5.3.6 (/opt/ros/jazzy/share/sensor_msgs/cmake)
[1.630s] -- Found tf2: 0.36.9 (/opt/ros/jazzy/share/tf2/cmake)
[1.635s] -- Found tf2_ros: 0.36.9 (/opt/ros/jazzy/share/tf2_ros/cmake)
[1.823s] -- Found tf2_geometry_msgs: 0.36.9 (/opt/ros/jazzy/share/tf2_geometry_msgs/cmake)
[1.829s] -- Found eigen3_cmake_module: 0.3.0 (/opt/ros/jazzy/share/eigen3_cmake_module/cmake)
[1.833s] -- Ensuring Eigen3 include directory is part of orocos-kdl CMake target
[1.837s] -- Found visualization_msgs: 5.3.6 (/opt/ros/jazzy/share/visualization_msgs/cmake)
[1.888s] -- Found ament_lint_auto: 0.17.2 (/opt/ros/jazzy/share/ament_lint_auto/cmake)
[2.107s] -- Added test 'cppcheck' to perform static code analysis on C / C++ code
[2.107s] -- Configured cppcheck include dirs: 
[2.107s] -- Configured cppcheck exclude dirs and/or files: 
[2.108s] -- Added test 'flake8' to check Python code syntax and style conventions
[2.108s] -- Configured 'flake8' exclude dirs and/or files: 
[2.109s] -- Added test 'lint_cmake' to check CMake code style
[2.110s] -- Added test 'pep257' to check Python code against some of the docstring style conventions in PEP 257
[2.113s] -- Added test 'uncrustify' to check C / C++ code style
[2.113s] -- Configured uncrustify additional arguments: 
[2.114s] -- Added test 'xmllint' to check XML markup files
[2.116s] -- Configuring done (2.0s)
[2.173s] -- Generating done (0.0s)
[2.183s] -- Build files have been written to: /home/ubuntu/rrst-ros2-ws/build/nr26_r1_hw_ctrl
[2.249s] [ 16%] [32mBuilding CXX object CMakeFiles/r1_mc.dir/src/R1_MotionCtrl.cpp.o[0m
[2.255s] [ 50%] [32mBuilding CXX object CMakeFiles/r1_sd.dir/src/R1_SwerveDrive.cpp.o[0m
[2.255s] [ 50%] [32mBuilding CXX object CMakeFiles/r1_servo_cal.dir/src/R1_Servo_Calibrator.cpp.o[0m
[7.149s] [01m[K/home/ubuntu/rrst-ros2-ws/nr26_r1_hw_ctrl/src/R1_SwerveDrive.cpp:[m[K In member function ‘[01m[Kvoid HardWareControl::[01;32m[Kps4_listener_callback[m[K(sensor_msgs::msg::Joy_<std::allocator<void> >::SharedPtr)[m[K’:
[7.149s] [01m[K/home/ubuntu/rrst-ros2-ws/nr26_r1_hw_ctrl/src/R1_SwerveDrive.cpp:176:13:[m[K [01;31m[Kerror: [m[K‘[01m[Kleft[m[K’ was not declared in this scope; did you mean ‘[01m[Kstd::left[m[K’?
[7.149s]   176 |         if ([01;31m[Kleft[m[K == true && last_left == false){
[7.149s]       |             [01;31m[K^~~~[m[K
[7.149s]       |             [32m[Kstd::left[m[K
[7.150s] In file included from [01m[K/usr/include/c++/13/ios:44[m[K,
[7.150s]                  from [01m[K/usr/include/c++/13/ostream:40[m[K,
[7.150s]                  from [01m[K/usr/include/c++/13/iostream:41[m[K,
[7.150s]                  from [01m[K/home/ubuntu/rrst-ros2-ws/nr26_r1_hw_ctrl/src/R1_SwerveDrive.cpp:8[m[K:
[7.150s] [01m[K/usr/include/c++/13/bits/ios_base.h:1042:3:[m[K [01;36m[Knote: [m[K‘[01m[Kstd::left[m[K’ declared here
[7.150s]  1042 |   [01;36m[Kleft[m[K(ios_base& __base)
[7.150s]       |   [01;36m[K^~~~[m[K
[7.163s] [01m[K/home/ubuntu/rrst-ros2-ws/nr26_r1_hw_ctrl/src/R1_SwerveDrive.cpp:183:13:[m[K [01;31m[Kerror: [m[K‘[01m[Kup[m[K’ was not declared in this scope; did you mean ‘[01m[Kdup[m[K’?
[7.164s]   183 |         if ([01;31m[Kup[m[K == true && last_up ==false){
[7.164s]       |             [01;31m[K^~[m[K
[7.164s]       |             [32m[Kdup[m[K
[7.179s] [01m[K/home/ubuntu/rrst-ros2-ws/nr26_r1_hw_ctrl/src/R1_SwerveDrive.cpp:187:17:[m[K [01;31m[Kerror: [m[K‘[01m[Klatereal_lock[m[K’ was not declared in this scope; did you mean ‘[01m[Klateral_lock[m[K’?
[7.179s]   187 |                 [01;31m[Klatereal_lock[m[K = false;
[7.180s]       |                 [01;31m[K^~~~~~~~~~~~~[m[K
[7.180s]       |                 [32m[Klateral_lock[m[K
[7.192s] [01m[K/home/ubuntu/rrst-ros2-ws/nr26_r1_hw_ctrl/src/R1_SwerveDrive.cpp:190:13:[m[K [01;31m[Kerror: [m[K‘[01m[Kdown[m[K’ was not declared in this scope
[7.192s]   190 |         if ([01;31m[Kdown[m[K == true && last_down == false){
[7.193s]       |             [01;31m[K^~~~[m[K
[7.207s] [01m[K/home/ubuntu/rrst-ros2-ws/nr26_r1_hw_ctrl/src/R1_SwerveDrive.cpp:193:17:[m[K [01;31m[Kerror: [m[K‘[01m[Klateral_loc[m[K’ was not declared in this scope; did you mean ‘[01m[Klateral_lock[m[K’?
[7.207s]   193 |                 [01;31m[Klateral_loc[m[K = false;
[7.207s]       |                 [01;31m[K^~~~~~~~~~~[m[K
[7.207s]       |                 [32m[Klateral_lock[m[K
[7.210s] [01m[K/home/ubuntu/rrst-ros2-ws/nr26_r1_hw_ctrl/src/R1_SwerveDrive.cpp:197:21:[m[K [01;31m[Kerror: [m[K‘[01m[Kleft[m[K’ was not declared in this scope; did you mean ‘[01m[Kstd::left[m[K’?
[7.210s]   197 |         last_left = [01;31m[Kleft[m[K;
[7.210s]       |                     [01;31m[K^~~~[m[K
[7.211s]       |                     [32m[Kstd::left[m[K
[7.211s] [01m[K/usr/include/c++/13/bits/ios_base.h:1042:3:[m[K [01;36m[Knote: [m[K‘[01m[Kstd::left[m[K’ declared here
[7.211s]  1042 |   [01;36m[Kleft[m[K(ios_base& __base)
[7.211s]       |   [01;36m[K^~~~[m[K
[7.211s] [01m[K/home/ubuntu/rrst-ros2-ws/nr26_r1_hw_ctrl/src/R1_SwerveDrive.cpp:198:22:[m[K [01;31m[Kerror: [m[K‘[01m[Kright[m[K’ was not declared in this scope; did you mean ‘[01m[Kstd::right[m[K’?
[7.211s]   198 |         last_right = [01;31m[Kright[m[K;
[7.211s]       |                      [01;31m[K^~~~~[m[K
[7.211s]       |                      [32m[Kstd::right[m[K
[7.211s] [01m[K/usr/include/c++/13/bits/ios_base.h:1050:3:[m[K [01;36m[Knote: [m[K‘[01m[Kstd::right[m[K’ declared here
[7.212s]  1050 |   [01;36m[Kright[m[K(ios_base& __base)
[7.212s]       |   [01;36m[K^~~~~[m[K
[7.223s] [01m[K/home/ubuntu/rrst-ros2-ws/nr26_r1_hw_ctrl/src/R1_SwerveDrive.cpp:199:19:[m[K [01;31m[Kerror: [m[K‘[01m[Kup[m[K’ was not declared in this scope; did you mean ‘[01m[Kdup[m[K’?
[7.223s]   199 |         last_up = [01;31m[Kup[m[K;
[7.223s]       |                   [01;31m[K^~[m[K
[7.223s]       |                   [32m[Kdup[m[K
[7.242s] [01m[K/home/ubuntu/rrst-ros2-ws/nr26_r1_hw_ctrl/src/R1_SwerveDrive.cpp:200:21:[m[K [01;31m[Kerror: [m[K‘[01m[Kdown[m[K’ was not declared in this scope
[7.242s]   200 |         last_down = [01;31m[Kdown[m[K;
[7.242s]       |                     [01;31m[K^~~~[m[K
[16.760s] gmake[2]: *** [CMakeFiles/r1_sd.dir/build.make:76: CMakeFiles/r1_sd.dir/src/R1_SwerveDrive.cpp.o] エラー 1
[16.761s] gmake[1]: *** [CMakeFiles/Makefile2:158: CMakeFiles/r1_sd.dir/all] エラー 2
[16.761s] gmake[1]: *** 未完了のジョブを待っています....
[18.176s] [ 66%] [32m[1mLinking CXX executable r1_servo_cal[0m
[18.471s] [ 66%] Built target r1_servo_cal
[26.245s] [ 83%] [32m[1mLinking CXX executable r1_mc[0m
[27.257s] [ 83%] Built target r1_mc
[27.261s] gmake: *** [Makefile:146: all] エラー 2
[27.266s] Invoked command in '/home/ubuntu/rrst-ros2-ws/build/nr26_r1_hw_ctrl' returned '2': CMAKE_PREFIX_PATH=${CMAKE_PREFIX_PATH}:/opt/ros/jazzy DEBUGINFOD_URLS=https://debuginfod.ubuntu.com /usr/bin/cmake --build /home/ubuntu/rrst-ros2-ws/build/nr26_r1_hw_ctrl -- -j12 -l12
