-- The C compiler identification is GNU 13.3.0
-- The CXX compiler identification is GNU 13.3.0
-- Detecting C compiler ABI info
-- Detecting C compiler ABI info - done
-- Check for working C compiler: /usr/bin/cc - skipped
-- Detecting C compile features
-- Detecting C compile features - done
-- Detecting CXX compiler ABI info
-- Detecting CXX compiler ABI info - done
-- Check for working CXX compiler: /usr/bin/c++ - skipped
-- Detecting CXX compile features
-- Detecting CXX compile features - done
-- Found rclcpp: 28.1.8 (/opt/ros/jazzy/share/rclcpp/cmake)
-- Found Python3: /usr/bin/python3 (found version "3.12.3") found components: Interpreter 
-- Found rosidl_generator_c: 4.6.5 (/opt/ros/jazzy/share/rosidl_generator_c/cmake)
-- Found rosidl_generator_cpp: 4.6.5 (/opt/ros/jazzy/share/rosidl_generator_cpp/cmake)
-- Using all available rosidl_typesupport_c: rosidl_typesupport_fastrtps_c;rosidl_typesupport_introspection_c
-- Using all available rosidl_typesupport_cpp: rosidl_typesupport_fastrtps_cpp;rosidl_typesupport_introspection_cpp
-- Found rmw_implementation_cmake: 7.3.2 (/opt/ros/jazzy/share/rmw_implementation_cmake/cmake)
-- Found rmw_fastrtps_cpp: 8.4.2 (/opt/ros/jazzy/share/rmw_fastrtps_cpp/cmake)
-- Found OpenSSL: /usr/lib/x86_64-linux-gnu/libcrypto.so (found version "3.0.13")  
-- Found FastRTPS: /opt/ros/jazzy/include (Required is at least version "2.13") 
-- Using RMW implementation 'rmw_fastrtps_cpp' as default
-- Found std_msgs: 5.3.6 (/opt/ros/jazzy/share/std_msgs/cmake)
-- Configuring done (2.3s)
-- Generating done (0.0s)
-- Build files have been written to: /home/ubuntu/rrst-ros2-ws/build/serial_bridge
[ 25%] [32mBuilding CXX object CMakeFiles/serial_bridge_node.dir/src/bridge_node.cpp.o[0m
[ 75%] [32mBuilding CXX object CMakeFiles/serial_bridge_node.dir/src/main.cpp.o[0m
[ 75%] [32mBuilding CXX object CMakeFiles/serial_bridge_node.dir/src/port_scanner.cpp.o[0m
[100%] [32m[1mLinking CXX executable serial_bridge_node[0m
[100%] Built target serial_bridge_node
-- Install configuration: ""
-- Installing: /home/ubuntu/rrst-ros2-ws/install/serial_bridge/lib/serial_bridge/serial_bridge_node
-- Set non-toolchain portion of runtime path of "/home/ubuntu/rrst-ros2-ws/install/serial_bridge/lib/serial_bridge/serial_bridge_node" to ""
-- Installing: /home/ubuntu/rrst-ros2-ws/install/serial_bridge/share/ament_index/resource_index/package_run_dependencies/serial_bridge
-- Installing: /home/ubuntu/rrst-ros2-ws/install/serial_bridge/share/ament_index/resource_index/parent_prefix_path/serial_bridge
-- Installing: /home/ubuntu/rrst-ros2-ws/install/serial_bridge/share/serial_bridge/environment/ament_prefix_path.sh
-- Installing: /home/ubuntu/rrst-ros2-ws/install/serial_bridge/share/serial_bridge/environment/ament_prefix_path.dsv
-- Installing: /home/ubuntu/rrst-ros2-ws/install/serial_bridge/share/serial_bridge/environment/path.sh
-- Installing: /home/ubuntu/rrst-ros2-ws/install/serial_bridge/share/serial_bridge/environment/path.dsv
-- Installing: /home/ubuntu/rrst-ros2-ws/install/serial_bridge/share/serial_bridge/local_setup.bash
-- Installing: /home/ubuntu/rrst-ros2-ws/install/serial_bridge/share/serial_bridge/local_setup.sh
-- Installing: /home/ubuntu/rrst-ros2-ws/install/serial_bridge/share/serial_bridge/local_setup.zsh
-- Installing: /home/ubuntu/rrst-ros2-ws/install/serial_bridge/share/serial_bridge/local_setup.dsv
-- Installing: /home/ubuntu/rrst-ros2-ws/install/serial_bridge/share/serial_bridge/package.dsv
-- Installing: /home/ubuntu/rrst-ros2-ws/install/serial_bridge/share/ament_index/resource_index/packages/serial_bridge
-- Installing: /home/ubuntu/rrst-ros2-ws/install/serial_bridge/share/serial_bridge/cmake/serial_bridgeConfig.cmake
-- Installing: /home/ubuntu/rrst-ros2-ws/install/serial_bridge/share/serial_bridge/cmake/serial_bridgeConfig-version.cmake
-- Installing: /home/ubuntu/rrst-ros2-ws/install/serial_bridge/share/serial_bridge/package.xml
