[  7%] Built target nr26_omni_fb
[ 14%] Built target nr26_omni
[ 21%] Built target nr26_tuner
[ 28%] Built target pid_wip
[ 35%] Built target mb_tester
[ 42%] Built target dokusute_tuner
[ 50%] Built target nr26_r2_move
[ 57%] Built target nr25_mr_sd
[ 64%] Built target dokusute_move
[ 71%] Built target mros_wip
[ 78%] Built target cr25_fes
[ 85%] Built target pid_tuner
[100%] Built target sb_tester
[100%] Built target sb_host
-- Install configuration: ""
-- Up-to-date: /home/ubuntu/rrst-ros2-ws/install/ros2esp/lib/ros2esp/mros_wip
-- Up-to-date: /home/ubuntu/rrst-ros2-ws/install/ros2esp/lib/ros2esp/mb_tester
-- Up-to-date: /home/ubuntu/rrst-ros2-ws/install/ros2esp/lib/ros2esp/nr25_mr_sd
-- Up-to-date: /home/ubuntu/rrst-ros2-ws/install/ros2esp/lib/ros2esp/nr26_omni
-- Up-to-date: /home/ubuntu/rrst-ros2-ws/install/ros2esp/lib/ros2esp/nr26_omni_fb
-- Up-to-date: /home/ubuntu/rrst-ros2-ws/install/ros2esp/lib/ros2esp/nr26_tuner
-- Up-to-date: /home/ubuntu/rrst-ros2-ws/install/ros2esp/lib/ros2esp/cr25_fes
-- Up-to-date: /home/ubuntu/rrst-ros2-ws/install/ros2esp/lib/ros2esp/pid_wip
-- Up-to-date: /home/ubuntu/rrst-ros2-ws/install/ros2esp/lib/ros2esp/pid_tuner
-- Up-to-date: /home/ubuntu/rrst-ros2-ws/install/ros2esp/lib/ros2esp/dokusute_move
-- Up-to-date: /home/ubuntu/rrst-ros2-ws/install/ros2esp/lib/ros2esp/dokusute_tuner
-- Up-to-date: /home/ubuntu/rrst-ros2-ws/install/ros2esp/lib/ros2esp/sb_tester
-- Up-to-date: /home/ubuntu/rrst-ros2-ws/install/ros2esp/lib/ros2esp/nr26_r2_move
-- Up-to-date: /home/ubuntu/rrst-ros2-ws/install/ros2esp/lib/ros2esp/sb_host
-- Up-to-date: /home/ubuntu/rrst-ros2-ws/install/ros2esp/share/ament_index/resource_index/package_run_dependencies/ros2esp
-- Up-to-date: /home/ubuntu/rrst-ros2-ws/install/ros2esp/share/ament_index/resource_index/parent_prefix_path/ros2esp
-- Up-to-date: /home/ubuntu/rrst-ros2-ws/install/ros2esp/share/ros2esp/environment/ament_prefix_path.sh
-- Up-to-date: /home/ubuntu/rrst-ros2-ws/install/ros2esp/share/ros2esp/environment/ament_prefix_path.dsv
-- Up-to-date: /home/ubuntu/rrst-ros2-ws/install/ros2esp/share/ros2esp/environment/path.sh
-- Up-to-date: /home/ubuntu/rrst-ros2-ws/install/ros2esp/share/ros2esp/environment/path.dsv
-- Up-to-date: /home/ubuntu/rrst-ros2-ws/install/ros2esp/share/ros2esp/local_setup.bash
-- Up-to-date: /home/ubuntu/rrst-ros2-ws/install/ros2esp/share/ros2esp/local_setup.sh
-- Up-to-date: /home/ubuntu/rrst-ros2-ws/install/ros2esp/share/ros2esp/local_setup.zsh
-- Up-to-date: /home/ubuntu/rrst-ros2-ws/install/ros2esp/share/ros2esp/local_setup.dsv
-- Installing: /home/ubuntu/rrst-ros2-ws/install/ros2esp/share/ros2esp/package.dsv
-- Up-to-date: /home/ubuntu/rrst-ros2-ws/install/ros2esp/share/ament_index/resource_index/packages/ros2esp
-- Up-to-date: /home/ubuntu/rrst-ros2-ws/install/ros2esp/share/ros2esp/cmake/ros2espConfig.cmake
-- Up-to-date: /home/ubuntu/rrst-ros2-ws/install/ros2esp/share/ros2esp/cmake/ros2espConfig-version.cmake
-- Up-to-date: /home/ubuntu/rrst-ros2-ws/install/ros2esp/share/ros2esp/package.xml
