[0.032s] Invoking command in '/home/ubuntu/rrst-ros2-ws/build/ros2esp': CMAKE_PREFIX_PATH=${CMAKE_PREFIX_PATH}:/opt/ros/jazzy DEBUGINFOD_URLS=https://debuginfod.ubuntu.com /usr/bin/cmake --build /home/ubuntu/rrst-ros2-ws/build/ros2esp -- -j12 -l12
[0.297s] [  7%] Built target nr26_omni_fb
[0.320s] [ 14%] Built target nr26_omni
[0.321s] [ 21%] Built target nr26_tuner
[0.321s] [ 28%] Built target pid_wip
[0.342s] [ 35%] Built target mb_tester
[0.343s] [ 42%] Built target dokusute_tuner
[0.343s] [ 50%] Built target nr26_r2_move
[0.344s] [ 57%] Built target nr25_mr_sd
[0.348s] [ 64%] Built target dokusute_move
[0.350s] [ 71%] Built target mros_wip
[0.362s] [ 78%] Built target cr25_fes
[0.362s] [ 85%] Built target pid_tuner
[0.386s] [100%] Built target sb_tester
[0.386s] [100%] Built target sb_host
[0.429s] Invoked command in '/home/ubuntu/rrst-ros2-ws/build/ros2esp' returned '0': CMAKE_PREFIX_PATH=${CMAKE_PREFIX_PATH}:/opt/ros/jazzy DEBUGINFOD_URLS=https://debuginfod.ubuntu.com /usr/bin/cmake --build /home/ubuntu/rrst-ros2-ws/build/ros2esp -- -j12 -l12
[0.439s] Invoking command in '/home/ubuntu/rrst-ros2-ws/build/ros2esp': CMAKE_PREFIX_PATH=${CMAKE_PREFIX_PATH}:/opt/ros/jazzy DEBUGINFOD_URLS=https://debuginfod.ubuntu.com /usr/bin/cmake --install /home/ubuntu/rrst-ros2-ws/build/ros2esp
[0.450s] -- Install configuration: ""
[0.450s] -- Up-to-date: /home/ubuntu/rrst-ros2-ws/install/ros2esp/lib/ros2esp/mros_wip
[0.450s] -- Up-to-date: /home/ubuntu/rrst-ros2-ws/install/ros2esp/lib/ros2esp/mb_tester
[0.450s] -- Up-to-date: /home/ubuntu/rrst-ros2-ws/install/ros2esp/lib/ros2esp/nr25_mr_sd
[0.451s] -- Up-to-date: /home/ubuntu/rrst-ros2-ws/install/ros2esp/lib/ros2esp/nr26_omni
[0.452s] -- Up-to-date: /home/ubuntu/rrst-ros2-ws/install/ros2esp/lib/ros2esp/nr26_omni_fb
[0.453s] -- Up-to-date: /home/ubuntu/rrst-ros2-ws/install/ros2esp/lib/ros2esp/nr26_tuner
[0.453s] -- Up-to-date: /home/ubuntu/rrst-ros2-ws/install/ros2esp/lib/ros2esp/cr25_fes
[0.454s] -- Up-to-date: /home/ubuntu/rrst-ros2-ws/install/ros2esp/lib/ros2esp/pid_wip
[0.455s] -- Up-to-date: /home/ubuntu/rrst-ros2-ws/install/ros2esp/lib/ros2esp/pid_tuner
[0.455s] -- Up-to-date: /home/ubuntu/rrst-ros2-ws/install/ros2esp/lib/ros2esp/dokusute_move
[0.456s] -- Up-to-date: /home/ubuntu/rrst-ros2-ws/install/ros2esp/lib/ros2esp/dokusute_tuner
[0.457s] -- Up-to-date: /home/ubuntu/rrst-ros2-ws/install/ros2esp/lib/ros2esp/sb_tester
[0.458s] -- Up-to-date: /home/ubuntu/rrst-ros2-ws/install/ros2esp/lib/ros2esp/nr26_r2_move
[0.458s] -- Up-to-date: /home/ubuntu/rrst-ros2-ws/install/ros2esp/lib/ros2esp/sb_host
[0.459s] -- Up-to-date: /home/ubuntu/rrst-ros2-ws/install/ros2esp/share/ament_index/resource_index/package_run_dependencies/ros2esp
[0.459s] -- Up-to-date: /home/ubuntu/rrst-ros2-ws/install/ros2esp/share/ament_index/resource_index/parent_prefix_path/ros2esp
[0.460s] -- Up-to-date: /home/ubuntu/rrst-ros2-ws/install/ros2esp/share/ros2esp/environment/ament_prefix_path.sh
[0.460s] -- Up-to-date: /home/ubuntu/rrst-ros2-ws/install/ros2esp/share/ros2esp/environment/ament_prefix_path.dsv
[0.460s] -- Up-to-date: /home/ubuntu/rrst-ros2-ws/install/ros2esp/share/ros2esp/environment/path.sh
[0.461s] -- Up-to-date: /home/ubuntu/rrst-ros2-ws/install/ros2esp/share/ros2esp/environment/path.dsv
[0.461s] -- Up-to-date: /home/ubuntu/rrst-ros2-ws/install/ros2esp/share/ros2esp/local_setup.bash
[0.461s] -- Up-to-date: /home/ubuntu/rrst-ros2-ws/install/ros2esp/share/ros2esp/local_setup.sh
[0.461s] -- Up-to-date: /home/ubuntu/rrst-ros2-ws/install/ros2esp/share/ros2esp/local_setup.zsh
[0.461s] -- Up-to-date: /home/ubuntu/rrst-ros2-ws/install/ros2esp/share/ros2esp/local_setup.dsv
[0.461s] -- Installing: /home/ubuntu/rrst-ros2-ws/install/ros2esp/share/ros2esp/package.dsv
[0.461s] -- Up-to-date: /home/ubuntu/rrst-ros2-ws/install/ros2esp/share/ament_index/resource_index/packages/ros2esp
[0.461s] -- Up-to-date: /home/ubuntu/rrst-ros2-ws/install/ros2esp/share/ros2esp/cmake/ros2espConfig.cmake
[0.461s] -- Up-to-date: /home/ubuntu/rrst-ros2-ws/install/ros2esp/share/ros2esp/cmake/ros2espConfig-version.cmake
[0.462s] -- Up-to-date: /home/ubuntu/rrst-ros2-ws/install/ros2esp/share/ros2esp/package.xml
[0.519s] Invoked command in '/home/ubuntu/rrst-ros2-ws/build/ros2esp' returned '0': CMAKE_PREFIX_PATH=${CMAKE_PREFIX_PATH}:/opt/ros/jazzy DEBUGINFOD_URLS=https://debuginfod.ubuntu.com /usr/bin/cmake --install /home/ubuntu/rrst-ros2-ws/build/ros2esp
