[0.041s] Invoking command in '/home/ubuntu/rrst-ros2-ws/build/ros2udp': CMAKE_PREFIX_PATH=${CMAKE_PREFIX_PATH}:/opt/ros/jazzy DEBUGINFOD_URLS=https://debuginfod.ubuntu.com /usr/bin/cmake --build /home/ubuntu/rrst-ros2-ws/build/ros2udp -- -j12 -l12
[0.315s] [  7%] Built target nr25_mr_omni
[0.318s] [  7%] Built target nr25_pr
[0.318s] [ 14%] Built target nr25_dr_sd
[0.318s] [ 20%] Built target nr25_dr
[0.324s] [ 23%] Built target nr25_enc_pid
[0.329s] [ 29%] Built target nr25_dr_c610
[0.336s] [ 32%] Built target nr25_enc
[0.336s] [ 39%] Built target nr25_mr
[0.340s] [ 43%] Built target nr25_dr_omni
[0.343s] [ 50%] Built target nr25_mr_sd
[0.347s] [ 53%] Built target nr25_vel2js
[0.362s] [ 57%] Built target nr25_pid
[0.368s] [ 60%] Built target nr25_dr_servo_cal
[0.372s] [ 64%] Built target nr25_dr_pr
[0.382s] [ 67%] Built target nr25_mr_servo_cal
[0.394s] [ 70%] Built target ld19_fs
[0.394s] [ 79%] Built target pid_wip
[0.394s] [ 79%] Built target nr25_dr_hcsr04
[0.396s] [ 85%] Built target nr25_led
[0.399s] [ 90%] Built target mb_tester
[0.399s] [ 93%] Built target pid_tuner
[0.410s] [100%] Built target temp
[0.493s] Invoked command in '/home/ubuntu/rrst-ros2-ws/build/ros2udp' returned '0': CMAKE_PREFIX_PATH=${CMAKE_PREFIX_PATH}:/opt/ros/jazzy DEBUGINFOD_URLS=https://debuginfod.ubuntu.com /usr/bin/cmake --build /home/ubuntu/rrst-ros2-ws/build/ros2udp -- -j12 -l12
[0.494s] Invoking command in '/home/ubuntu/rrst-ros2-ws/build/ros2udp': CMAKE_PREFIX_PATH=${CMAKE_PREFIX_PATH}:/opt/ros/jazzy DEBUGINFOD_URLS=https://debuginfod.ubuntu.com /usr/bin/cmake --install /home/ubuntu/rrst-ros2-ws/build/ros2udp
[0.542s] -- Install configuration: ""
[0.542s] -- Up-to-date: /home/ubuntu/rrst-ros2-ws/install/ros2udp/lib/ros2udp/nr25_mr
[0.542s] -- Up-to-date: /home/ubuntu/rrst-ros2-ws/install/ros2udp/lib/ros2udp/nr25_mr_omni
[0.542s] -- Up-to-date: /home/ubuntu/rrst-ros2-ws/install/ros2udp/lib/ros2udp/nr25_mr_sd
[0.542s] -- Up-to-date: /home/ubuntu/rrst-ros2-ws/install/ros2udp/lib/ros2udp/nr25_dr
[0.543s] -- Up-to-date: /home/ubuntu/rrst-ros2-ws/install/ros2udp/lib/ros2udp/nr25_dr_omni
[0.543s] -- Up-to-date: /home/ubuntu/rrst-ros2-ws/install/ros2udp/lib/ros2udp/nr25_dr_sd
[0.543s] -- Up-to-date: /home/ubuntu/rrst-ros2-ws/install/ros2udp/lib/ros2udp/nr25_enc
[0.543s] -- Up-to-date: /home/ubuntu/rrst-ros2-ws/install/ros2udp/lib/ros2udp/nr25_pr
[0.543s] -- Up-to-date: /home/ubuntu/rrst-ros2-ws/install/ros2udp/lib/ros2udp/nr25_vel2js
[0.543s] -- Up-to-date: /home/ubuntu/rrst-ros2-ws/install/ros2udp/lib/ros2udp/nr25_enc_pid
[0.543s] -- Up-to-date: /home/ubuntu/rrst-ros2-ws/install/ros2udp/lib/ros2udp/nr25_pid
[0.543s] -- Up-to-date: /home/ubuntu/rrst-ros2-ws/install/ros2udp/lib/ros2udp/nr25_dr_c610
[0.543s] -- Up-to-date: /home/ubuntu/rrst-ros2-ws/install/ros2udp/lib/ros2udp/nr25_mr_servo_cal
[0.543s] -- Up-to-date: /home/ubuntu/rrst-ros2-ws/install/ros2udp/lib/ros2udp/nr25_dr_servo_cal
[0.544s] -- Up-to-date: /home/ubuntu/rrst-ros2-ws/install/ros2udp/lib/ros2udp/nr25_dr_pr
[0.544s] -- Up-to-date: /home/ubuntu/rrst-ros2-ws/install/ros2udp/lib/ros2udp/nr25_dr_hcsr04
[0.544s] -- Up-to-date: /home/ubuntu/rrst-ros2-ws/install/ros2udp/lib/ros2udp/mb_tester
[0.544s] -- Up-to-date: /home/ubuntu/rrst-ros2-ws/install/ros2udp/lib/ros2udp/ld19_fs
[0.544s] -- Up-to-date: /home/ubuntu/rrst-ros2-ws/install/ros2udp/lib/ros2udp/pid_wip
[0.544s] -- Up-to-date: /home/ubuntu/rrst-ros2-ws/install/ros2udp/lib/ros2udp/pid_tuner
[0.544s] -- Up-to-date: /home/ubuntu/rrst-ros2-ws/install/ros2udp/lib/ros2udp/nr25_led
[0.544s] -- Up-to-date: /home/ubuntu/rrst-ros2-ws/install/ros2udp/lib/ros2udp/temp
[0.544s] -- Up-to-date: /home/ubuntu/rrst-ros2-ws/install/ros2udp/share/ros2udp/launch
[0.544s] -- Up-to-date: /home/ubuntu/rrst-ros2-ws/install/ros2udp/share/ros2udp/launch/nr25_mr.py
[0.544s] -- Up-to-date: /home/ubuntu/rrst-ros2-ws/install/ros2udp/share/ros2udp/launch/nr25_dr.py
[0.545s] -- Up-to-date: /home/ubuntu/rrst-ros2-ws/install/ros2udp/share/ament_index/resource_index/package_run_dependencies/ros2udp
[0.545s] -- Up-to-date: /home/ubuntu/rrst-ros2-ws/install/ros2udp/share/ament_index/resource_index/parent_prefix_path/ros2udp
[0.545s] -- Up-to-date: /home/ubuntu/rrst-ros2-ws/install/ros2udp/share/ros2udp/environment/ament_prefix_path.sh
[0.545s] -- Up-to-date: /home/ubuntu/rrst-ros2-ws/install/ros2udp/share/ros2udp/environment/ament_prefix_path.dsv
[0.545s] -- Up-to-date: /home/ubuntu/rrst-ros2-ws/install/ros2udp/share/ros2udp/environment/path.sh
[0.545s] -- Up-to-date: /home/ubuntu/rrst-ros2-ws/install/ros2udp/share/ros2udp/environment/path.dsv
[0.545s] -- Up-to-date: /home/ubuntu/rrst-ros2-ws/install/ros2udp/share/ros2udp/local_setup.bash
[0.545s] -- Up-to-date: /home/ubuntu/rrst-ros2-ws/install/ros2udp/share/ros2udp/local_setup.sh
[0.545s] -- Up-to-date: /home/ubuntu/rrst-ros2-ws/install/ros2udp/share/ros2udp/local_setup.zsh
[0.546s] -- Up-to-date: /home/ubuntu/rrst-ros2-ws/install/ros2udp/share/ros2udp/local_setup.dsv
[0.546s] -- Installing: /home/ubuntu/rrst-ros2-ws/install/ros2udp/share/ros2udp/package.dsv
[0.546s] -- Up-to-date: /home/ubuntu/rrst-ros2-ws/install/ros2udp/share/ament_index/resource_index/packages/ros2udp
[0.546s] -- Up-to-date: /home/ubuntu/rrst-ros2-ws/install/ros2udp/share/ros2udp/cmake/ros2udpConfig.cmake
[0.546s] -- Up-to-date: /home/ubuntu/rrst-ros2-ws/install/ros2udp/share/ros2udp/cmake/ros2udpConfig-version.cmake
[0.546s] -- Up-to-date: /home/ubuntu/rrst-ros2-ws/install/ros2udp/share/ros2udp/package.xml
[0.546s] Invoked command in '/home/ubuntu/rrst-ros2-ws/build/ros2udp' returned '0': CMAKE_PREFIX_PATH=${CMAKE_PREFIX_PATH}:/opt/ros/jazzy DEBUGINFOD_URLS=https://debuginfod.ubuntu.com /usr/bin/cmake --install /home/ubuntu/rrst-ros2-ws/build/ros2udp
