[0.029s] Invoking command in '/home/ubuntu/rrst-ros2-ws/build/ros2esp': CMAKE_PREFIX_PATH=${CMAKE_PREFIX_PATH}:/opt/ros/jazzy DEBUGINFOD_URLS=https://debuginfod.ubuntu.com /usr/bin/cmake --build /home/ubuntu/rrst-ros2-ws/build/ros2esp -- -j12 -l12
[0.255s] [  7%] Built target pid_wip
[0.260s] [ 14%] Built target nr26_omni_fb
[0.274s] [ 21%] Built target dokusute_tuner
[0.280s] [ 28%] Built target cr25_fes
[0.287s] [ 35%] Built target pid_tuner
[0.292s] [ 42%] Built target mros_wip
[0.299s] [ 50%] Built target nr26_omni
[0.303s] [ 60%] Built target mb_tester
[0.304s] [ 64%] Built target nr26_r2_move
[0.307s] [ 71%] Built target nr25_mr_sd
[0.312s] [ 85%] Built target dokusute_move
[0.312s] [ 85%] Built target nr26_tuner
[0.360s] [ 92%] Built target sb_host
[0.381s] [100%] Built target sb_tester
[0.440s] Invoked command in '/home/ubuntu/rrst-ros2-ws/build/ros2esp' returned '0': CMAKE_PREFIX_PATH=${CMAKE_PREFIX_PATH}:/opt/ros/jazzy DEBUGINFOD_URLS=https://debuginfod.ubuntu.com /usr/bin/cmake --build /home/ubuntu/rrst-ros2-ws/build/ros2esp -- -j12 -l12
[0.442s] Invoking command in '/home/ubuntu/rrst-ros2-ws/build/ros2esp': CMAKE_PREFIX_PATH=${CMAKE_PREFIX_PATH}:/opt/ros/jazzy DEBUGINFOD_URLS=https://debuginfod.ubuntu.com /usr/bin/cmake --install /home/ubuntu/rrst-ros2-ws/build/ros2esp
[0.458s] -- Install configuration: ""
[0.458s] -- Up-to-date: /home/ubuntu/rrst-ros2-ws/install/ros2esp/lib/ros2esp/mros_wip
[0.458s] -- Up-to-date: /home/ubuntu/rrst-ros2-ws/install/ros2esp/lib/ros2esp/mb_tester
[0.458s] -- Up-to-date: /home/ubuntu/rrst-ros2-ws/install/ros2esp/lib/ros2esp/nr25_mr_sd
[0.459s] -- Up-to-date: /home/ubuntu/rrst-ros2-ws/install/ros2esp/lib/ros2esp/nr26_omni
[0.460s] -- Up-to-date: /home/ubuntu/rrst-ros2-ws/install/ros2esp/lib/ros2esp/nr26_omni_fb
[0.460s] -- Up-to-date: /home/ubuntu/rrst-ros2-ws/install/ros2esp/lib/ros2esp/nr26_tuner
[0.461s] -- Up-to-date: /home/ubuntu/rrst-ros2-ws/install/ros2esp/lib/ros2esp/cr25_fes
[0.461s] -- Up-to-date: /home/ubuntu/rrst-ros2-ws/install/ros2esp/lib/ros2esp/pid_wip
[0.462s] -- Up-to-date: /home/ubuntu/rrst-ros2-ws/install/ros2esp/lib/ros2esp/pid_tuner
[0.462s] -- Up-to-date: /home/ubuntu/rrst-ros2-ws/install/ros2esp/lib/ros2esp/dokusute_move
[0.463s] -- Up-to-date: /home/ubuntu/rrst-ros2-ws/install/ros2esp/lib/ros2esp/dokusute_tuner
[0.463s] -- Up-to-date: /home/ubuntu/rrst-ros2-ws/install/ros2esp/lib/ros2esp/sb_tester
[0.464s] -- Up-to-date: /home/ubuntu/rrst-ros2-ws/install/ros2esp/lib/ros2esp/nr26_r2_move
[0.465s] -- Up-to-date: /home/ubuntu/rrst-ros2-ws/install/ros2esp/lib/ros2esp/sb_host
[0.465s] -- Up-to-date: /home/ubuntu/rrst-ros2-ws/install/ros2esp/share/ament_index/resource_index/package_run_dependencies/ros2esp
[0.465s] -- Up-to-date: /home/ubuntu/rrst-ros2-ws/install/ros2esp/share/ament_index/resource_index/parent_prefix_path/ros2esp
[0.465s] -- Up-to-date: /home/ubuntu/rrst-ros2-ws/install/ros2esp/share/ros2esp/environment/ament_prefix_path.sh
[0.465s] -- Up-to-date: /home/ubuntu/rrst-ros2-ws/install/ros2esp/share/ros2esp/environment/ament_prefix_path.dsv
[0.465s] -- Up-to-date: /home/ubuntu/rrst-ros2-ws/install/ros2esp/share/ros2esp/environment/path.sh
[0.465s] -- Up-to-date: /home/ubuntu/rrst-ros2-ws/install/ros2esp/share/ros2esp/environment/path.dsv
[0.465s] -- Up-to-date: /home/ubuntu/rrst-ros2-ws/install/ros2esp/share/ros2esp/local_setup.bash
[0.465s] -- Up-to-date: /home/ubuntu/rrst-ros2-ws/install/ros2esp/share/ros2esp/local_setup.sh
[0.465s] -- Up-to-date: /home/ubuntu/rrst-ros2-ws/install/ros2esp/share/ros2esp/local_setup.zsh
[0.465s] -- Up-to-date: /home/ubuntu/rrst-ros2-ws/install/ros2esp/share/ros2esp/local_setup.dsv
[0.465s] -- Installing: /home/ubuntu/rrst-ros2-ws/install/ros2esp/share/ros2esp/package.dsv
[0.466s] -- Up-to-date: /home/ubuntu/rrst-ros2-ws/install/ros2esp/share/ament_index/resource_index/packages/ros2esp
[0.466s] -- Up-to-date: /home/ubuntu/rrst-ros2-ws/install/ros2esp/share/ros2esp/cmake/ros2espConfig.cmake
[0.466s] -- Up-to-date: /home/ubuntu/rrst-ros2-ws/install/ros2esp/share/ros2esp/cmake/ros2espConfig-version.cmake
[0.466s] -- Up-to-date: /home/ubuntu/rrst-ros2-ws/install/ros2esp/share/ros2esp/package.xml
[0.514s] Invoked command in '/home/ubuntu/rrst-ros2-ws/build/ros2esp' returned '0': CMAKE_PREFIX_PATH=${CMAKE_PREFIX_PATH}:/opt/ros/jazzy DEBUGINFOD_URLS=https://debuginfod.ubuntu.com /usr/bin/cmake --install /home/ubuntu/rrst-ros2-ws/build/ros2esp
