[ 50%] Built target nr26_r2_move
[100%] Built target nr26_tuner
-- Install configuration: ""
-- Up-to-date: /home/ubuntu/rrst-ros2-ws/install/nr26_r2_hw_ctrl/lib/nr26_r2_hw_ctrl/nr26_r2_move
-- Up-to-date: /home/ubuntu/rrst-ros2-ws/install/nr26_r2_hw_ctrl/lib/nr26_r2_hw_ctrl/nr26_tuner
-- Up-to-date: /home/ubuntu/rrst-ros2-ws/install/nr26_r2_hw_ctrl/share/ament_index/resource_index/package_run_dependencies/nr26_r2_hw_ctrl
-- Up-to-date: /home/ubuntu/rrst-ros2-ws/install/nr26_r2_hw_ctrl/share/ament_index/resource_index/parent_prefix_path/nr26_r2_hw_ctrl
-- Up-to-date: /home/ubuntu/rrst-ros2-ws/install/nr26_r2_hw_ctrl/share/nr26_r2_hw_ctrl/environment/ament_prefix_path.sh
-- Up-to-date: /home/ubuntu/rrst-ros2-ws/install/nr26_r2_hw_ctrl/share/nr26_r2_hw_ctrl/environment/ament_prefix_path.dsv
-- Up-to-date: /home/ubuntu/rrst-ros2-ws/install/nr26_r2_hw_ctrl/share/nr26_r2_hw_ctrl/environment/path.sh
-- Up-to-date: /home/ubuntu/rrst-ros2-ws/install/nr26_r2_hw_ctrl/share/nr26_r2_hw_ctrl/environment/path.dsv
-- Up-to-date: /home/ubuntu/rrst-ros2-ws/install/nr26_r2_hw_ctrl/share/nr26_r2_hw_ctrl/local_setup.bash
-- Up-to-date: /home/ubuntu/rrst-ros2-ws/install/nr26_r2_hw_ctrl/share/nr26_r2_hw_ctrl/local_setup.sh
-- Up-to-date: /home/ubuntu/rrst-ros2-ws/install/nr26_r2_hw_ctrl/share/nr26_r2_hw_ctrl/local_setup.zsh
-- Up-to-date: /home/ubuntu/rrst-ros2-ws/install/nr26_r2_hw_ctrl/share/nr26_r2_hw_ctrl/local_setup.dsv
-- Installing: /home/ubuntu/rrst-ros2-ws/install/nr26_r2_hw_ctrl/share/nr26_r2_hw_ctrl/package.dsv
-- Up-to-date: /home/ubuntu/rrst-ros2-ws/install/nr26_r2_hw_ctrl/share/ament_index/resource_index/packages/nr26_r2_hw_ctrl
-- Up-to-date: /home/ubuntu/rrst-ros2-ws/install/nr26_r2_hw_ctrl/share/nr26_r2_hw_ctrl/cmake/nr26_r2_hw_ctrlConfig.cmake
-- Up-to-date: /home/ubuntu/rrst-ros2-ws/install/nr26_r2_hw_ctrl/share/nr26_r2_hw_ctrl/cmake/nr26_r2_hw_ctrlConfig-version.cmake
-- Up-to-date: /home/ubuntu/rrst-ros2-ws/install/nr26_r2_hw_ctrl/share/nr26_r2_hw_ctrl/package.xml
