[0.036s] Invoking command in '/home/ubuntu/rrst-ros2-ws/build/nr26_r2_hw_ctrl': CMAKE_PREFIX_PATH=${CMAKE_PREFIX_PATH}:/opt/ros/jazzy DEBUGINFOD_URLS=https://debuginfod.ubuntu.com /usr/bin/cmake --build /home/ubuntu/rrst-ros2-ws/build/nr26_r2_hw_ctrl -- -j12 -l12
[0.247s] [ 12%] Built target r2_md
[0.266s] [ 25%] Built target nr26_r2_action
[0.270s] [ 37%] Built target r2_auto
[0.302s] [ 50%] Built target r2_mc
[0.304s] [ 62%] Built target nr26_r2_move
[0.331s] [ 87%] Built target r2_hand_xy
[0.331s] [ 87%] Built target r2_tuner
[0.336s] [100%] Built target optical_flow_odom
[0.381s] Invoked command in '/home/ubuntu/rrst-ros2-ws/build/nr26_r2_hw_ctrl' returned '0': CMAKE_PREFIX_PATH=${CMAKE_PREFIX_PATH}:/opt/ros/jazzy DEBUGINFOD_URLS=https://debuginfod.ubuntu.com /usr/bin/cmake --build /home/ubuntu/rrst-ros2-ws/build/nr26_r2_hw_ctrl -- -j12 -l12
[0.382s] Invoking command in '/home/ubuntu/rrst-ros2-ws/build/nr26_r2_hw_ctrl': CMAKE_PREFIX_PATH=${CMAKE_PREFIX_PATH}:/opt/ros/jazzy DEBUGINFOD_URLS=https://debuginfod.ubuntu.com /usr/bin/cmake --install /home/ubuntu/rrst-ros2-ws/build/nr26_r2_hw_ctrl
[0.408s] -- Install configuration: ""
[0.410s] -- Installing: /home/ubuntu/rrst-ros2-ws/install/nr26_r2_hw_ctrl/lib/nr26_r2_hw_ctrl/nr26_r2_move
[0.420s] -- Set non-toolchain portion of runtime path of "/home/ubuntu/rrst-ros2-ws/install/nr26_r2_hw_ctrl/lib/nr26_r2_hw_ctrl/nr26_r2_move" to ""
[0.421s] -- Installing: /home/ubuntu/rrst-ros2-ws/install/nr26_r2_hw_ctrl/lib/nr26_r2_hw_ctrl/nr26_r2_action
[0.429s] -- Set non-toolchain portion of runtime path of "/home/ubuntu/rrst-ros2-ws/install/nr26_r2_hw_ctrl/lib/nr26_r2_hw_ctrl/nr26_r2_action" to ""
[0.430s] -- Installing: /home/ubuntu/rrst-ros2-ws/install/nr26_r2_hw_ctrl/lib/nr26_r2_hw_ctrl/r2_md
[0.440s] -- Set non-toolchain portion of runtime path of "/home/ubuntu/rrst-ros2-ws/install/nr26_r2_hw_ctrl/lib/nr26_r2_hw_ctrl/r2_md" to ""
[0.441s] -- Installing: /home/ubuntu/rrst-ros2-ws/install/nr26_r2_hw_ctrl/lib/nr26_r2_hw_ctrl/r2_mc
[0.448s] -- Set non-toolchain portion of runtime path of "/home/ubuntu/rrst-ros2-ws/install/nr26_r2_hw_ctrl/lib/nr26_r2_hw_ctrl/r2_mc" to ""
[0.449s] -- Installing: /home/ubuntu/rrst-ros2-ws/install/nr26_r2_hw_ctrl/lib/nr26_r2_hw_ctrl/r2_tuner
[0.451s] -- Set non-toolchain portion of runtime path of "/home/ubuntu/rrst-ros2-ws/install/nr26_r2_hw_ctrl/lib/nr26_r2_hw_ctrl/r2_tuner" to ""
[0.451s] -- Installing: /home/ubuntu/rrst-ros2-ws/install/nr26_r2_hw_ctrl/lib/nr26_r2_hw_ctrl/r2_auto
[0.457s] -- Set non-toolchain portion of runtime path of "/home/ubuntu/rrst-ros2-ws/install/nr26_r2_hw_ctrl/lib/nr26_r2_hw_ctrl/r2_auto" to ""
[0.458s] -- Installing: /home/ubuntu/rrst-ros2-ws/install/nr26_r2_hw_ctrl/lib/nr26_r2_hw_ctrl/r2_hand_xy
[0.460s] -- Set non-toolchain portion of runtime path of "/home/ubuntu/rrst-ros2-ws/install/nr26_r2_hw_ctrl/lib/nr26_r2_hw_ctrl/r2_hand_xy" to ""
[0.460s] -- Installing: /home/ubuntu/rrst-ros2-ws/install/nr26_r2_hw_ctrl/lib/nr26_r2_hw_ctrl/optical_flow_odom
[0.462s] -- Set non-toolchain portion of runtime path of "/home/ubuntu/rrst-ros2-ws/install/nr26_r2_hw_ctrl/lib/nr26_r2_hw_ctrl/optical_flow_odom" to ""
[0.463s] -- Installing: /home/ubuntu/rrst-ros2-ws/install/nr26_r2_hw_ctrl/share/ament_index/resource_index/package_run_dependencies/nr26_r2_hw_ctrl
[0.464s] -- Up-to-date: /home/ubuntu/rrst-ros2-ws/install/nr26_r2_hw_ctrl/share/ament_index/resource_index/parent_prefix_path/nr26_r2_hw_ctrl
[0.464s] -- Up-to-date: /home/ubuntu/rrst-ros2-ws/install/nr26_r2_hw_ctrl/share/nr26_r2_hw_ctrl/environment/ament_prefix_path.sh
[0.464s] -- Up-to-date: /home/ubuntu/rrst-ros2-ws/install/nr26_r2_hw_ctrl/share/nr26_r2_hw_ctrl/environment/ament_prefix_path.dsv
[0.464s] -- Up-to-date: /home/ubuntu/rrst-ros2-ws/install/nr26_r2_hw_ctrl/share/nr26_r2_hw_ctrl/environment/path.sh
[0.465s] -- Up-to-date: /home/ubuntu/rrst-ros2-ws/install/nr26_r2_hw_ctrl/share/nr26_r2_hw_ctrl/environment/path.dsv
[0.465s] -- Up-to-date: /home/ubuntu/rrst-ros2-ws/install/nr26_r2_hw_ctrl/share/nr26_r2_hw_ctrl/local_setup.bash
[0.465s] -- Up-to-date: /home/ubuntu/rrst-ros2-ws/install/nr26_r2_hw_ctrl/share/nr26_r2_hw_ctrl/local_setup.sh
[0.466s] -- Up-to-date: /home/ubuntu/rrst-ros2-ws/install/nr26_r2_hw_ctrl/share/nr26_r2_hw_ctrl/local_setup.zsh
[0.466s] -- Up-to-date: /home/ubuntu/rrst-ros2-ws/install/nr26_r2_hw_ctrl/share/nr26_r2_hw_ctrl/local_setup.dsv
[0.467s] -- Installing: /home/ubuntu/rrst-ros2-ws/install/nr26_r2_hw_ctrl/share/nr26_r2_hw_ctrl/package.dsv
[0.467s] -- Up-to-date: /home/ubuntu/rrst-ros2-ws/install/nr26_r2_hw_ctrl/share/ament_index/resource_index/packages/nr26_r2_hw_ctrl
[0.467s] -- Up-to-date: /home/ubuntu/rrst-ros2-ws/install/nr26_r2_hw_ctrl/share/nr26_r2_hw_ctrl/cmake/nr26_r2_hw_ctrlConfig.cmake
[0.467s] -- Up-to-date: /home/ubuntu/rrst-ros2-ws/install/nr26_r2_hw_ctrl/share/nr26_r2_hw_ctrl/cmake/nr26_r2_hw_ctrlConfig-version.cmake
[0.467s] -- Installing: /home/ubuntu/rrst-ros2-ws/install/nr26_r2_hw_ctrl/share/nr26_r2_hw_ctrl/package.xml
[0.485s] Invoked command in '/home/ubuntu/rrst-ros2-ws/build/nr26_r2_hw_ctrl' returned '0': CMAKE_PREFIX_PATH=${CMAKE_PREFIX_PATH}:/opt/ros/jazzy DEBUGINFOD_URLS=https://debuginfod.ubuntu.com /usr/bin/cmake --install /home/ubuntu/rrst-ros2-ws/build/nr26_r2_hw_ctrl
