[0.042s] Invoking command in '/home/ubuntu/rrst-ros2-ws/build/ros2stm': CMAKE_PREFIX_PATH=${CMAKE_PREFIX_PATH}:/opt/ros/jazzy DEBUGINFOD_URLS=https://debuginfod.ubuntu.com /usr/bin/cmake --build /home/ubuntu/rrst-ros2-ws/build/ros2stm -- -j12 -l12
[0.194s] [100%] Built target sb_tester
[0.218s] Invoked command in '/home/ubuntu/rrst-ros2-ws/build/ros2stm' returned '0': CMAKE_PREFIX_PATH=${CMAKE_PREFIX_PATH}:/opt/ros/jazzy DEBUGINFOD_URLS=https://debuginfod.ubuntu.com /usr/bin/cmake --build /home/ubuntu/rrst-ros2-ws/build/ros2stm -- -j12 -l12
[0.233s] Invoking command in '/home/ubuntu/rrst-ros2-ws/build/ros2stm': CMAKE_PREFIX_PATH=${CMAKE_PREFIX_PATH}:/opt/ros/jazzy DEBUGINFOD_URLS=https://debuginfod.ubuntu.com /usr/bin/cmake --install /home/ubuntu/rrst-ros2-ws/build/ros2stm
[0.242s] -- Install configuration: ""
[0.243s] -- Up-to-date: /home/ubuntu/rrst-ros2-ws/install/ros2stm/lib/ros2stm/sb_tester
[0.243s] -- Up-to-date: /home/ubuntu/rrst-ros2-ws/install/ros2stm/share/ament_index/resource_index/package_run_dependencies/ros2stm
[0.243s] -- Up-to-date: /home/ubuntu/rrst-ros2-ws/install/ros2stm/share/ament_index/resource_index/parent_prefix_path/ros2stm
[0.244s] -- Up-to-date: /home/ubuntu/rrst-ros2-ws/install/ros2stm/share/ros2stm/environment/ament_prefix_path.sh
[0.244s] -- Up-to-date: /home/ubuntu/rrst-ros2-ws/install/ros2stm/share/ros2stm/environment/ament_prefix_path.dsv
[0.244s] -- Up-to-date: /home/ubuntu/rrst-ros2-ws/install/ros2stm/share/ros2stm/environment/path.sh
[0.244s] -- Up-to-date: /home/ubuntu/rrst-ros2-ws/install/ros2stm/share/ros2stm/environment/path.dsv
[0.244s] -- Up-to-date: /home/ubuntu/rrst-ros2-ws/install/ros2stm/share/ros2stm/local_setup.bash
[0.245s] -- Up-to-date: /home/ubuntu/rrst-ros2-ws/install/ros2stm/share/ros2stm/local_setup.sh
[0.245s] -- Up-to-date: /home/ubuntu/rrst-ros2-ws/install/ros2stm/share/ros2stm/local_setup.zsh
[0.245s] -- Up-to-date: /home/ubuntu/rrst-ros2-ws/install/ros2stm/share/ros2stm/local_setup.dsv
[0.245s] -- Installing: /home/ubuntu/rrst-ros2-ws/install/ros2stm/share/ros2stm/package.dsv
[0.245s] -- Up-to-date: /home/ubuntu/rrst-ros2-ws/install/ros2stm/share/ament_index/resource_index/packages/ros2stm
[0.245s] -- Up-to-date: /home/ubuntu/rrst-ros2-ws/install/ros2stm/share/ros2stm/cmake/ros2stmConfig.cmake
[0.246s] -- Up-to-date: /home/ubuntu/rrst-ros2-ws/install/ros2stm/share/ros2stm/cmake/ros2stmConfig-version.cmake
[0.246s] -- Up-to-date: /home/ubuntu/rrst-ros2-ws/install/ros2stm/share/ros2stm/package.xml
[0.249s] Invoked command in '/home/ubuntu/rrst-ros2-ws/build/ros2stm' returned '0': CMAKE_PREFIX_PATH=${CMAKE_PREFIX_PATH}:/opt/ros/jazzy DEBUGINFOD_URLS=https://debuginfod.ubuntu.com /usr/bin/cmake --install /home/ubuntu/rrst-ros2-ws/build/ros2stm
