[  6%] Built target nr25_dr
[  9%] Built target nr25_enc_pid
[ 15%] Built target nr25_dr_sd
[ 18%] Built target nr25_enc
[ 23%] Built target nr25_mr_omni
[ 26%] Built target nr25_vel2js
[ 31%] Built target nr25_pid
[ 34%] Built target nr25_mr_servo_cal
[ 40%] Built target nr25_dr_c610
[ 46%] Built target nr25_mr_sd
[ 50%] Built target nr25_pr
[ 56%] Built target nr25_mr
[ 60%] Built target nr25_dr_omni
[ 64%] Built target ld19_fs
[ 67%] Built target nr25_dr_hcsr04
[ 71%] Built target mb_tester
[ 75%] Built target nr25_dr_servo_cal
[ 78%] Built target pid_tuner
[ 84%] Built target temp
[ 93%] Built target nr25_dr_pr
[ 93%] Built target pid_wip
[100%] Built target nr25_led
-- Install configuration: ""
-- Installing: /home/ubuntu/rrst-ros2-ws/install/ros2udp/lib/ros2udp/nr25_mr
-- Set non-toolchain portion of runtime path of "/home/ubuntu/rrst-ros2-ws/install/ros2udp/lib/ros2udp/nr25_mr" to ""
-- Installing: /home/ubuntu/rrst-ros2-ws/install/ros2udp/lib/ros2udp/nr25_mr_omni
-- Set non-toolchain portion of runtime path of "/home/ubuntu/rrst-ros2-ws/install/ros2udp/lib/ros2udp/nr25_mr_omni" to ""
-- Installing: /home/ubuntu/rrst-ros2-ws/install/ros2udp/lib/ros2udp/nr25_mr_sd
-- Set non-toolchain portion of runtime path of "/home/ubuntu/rrst-ros2-ws/install/ros2udp/lib/ros2udp/nr25_mr_sd" to ""
-- Installing: /home/ubuntu/rrst-ros2-ws/install/ros2udp/lib/ros2udp/nr25_dr
-- Set non-toolchain portion of runtime path of "/home/ubuntu/rrst-ros2-ws/install/ros2udp/lib/ros2udp/nr25_dr" to ""
-- Installing: /home/ubuntu/rrst-ros2-ws/install/ros2udp/lib/ros2udp/nr25_dr_omni
-- Set non-toolchain portion of runtime path of "/home/ubuntu/rrst-ros2-ws/install/ros2udp/lib/ros2udp/nr25_dr_omni" to ""
-- Installing: /home/ubuntu/rrst-ros2-ws/install/ros2udp/lib/ros2udp/nr25_dr_sd
-- Set non-toolchain portion of runtime path of "/home/ubuntu/rrst-ros2-ws/install/ros2udp/lib/ros2udp/nr25_dr_sd" to ""
-- Installing: /home/ubuntu/rrst-ros2-ws/install/ros2udp/lib/ros2udp/nr25_enc
-- Set non-toolchain portion of runtime path of "/home/ubuntu/rrst-ros2-ws/install/ros2udp/lib/ros2udp/nr25_enc" to ""
-- Installing: /home/ubuntu/rrst-ros2-ws/install/ros2udp/lib/ros2udp/nr25_pr
-- Set non-toolchain portion of runtime path of "/home/ubuntu/rrst-ros2-ws/install/ros2udp/lib/ros2udp/nr25_pr" to ""
-- Installing: /home/ubuntu/rrst-ros2-ws/install/ros2udp/lib/ros2udp/nr25_vel2js
-- Set non-toolchain portion of runtime path of "/home/ubuntu/rrst-ros2-ws/install/ros2udp/lib/ros2udp/nr25_vel2js" to ""
-- Installing: /home/ubuntu/rrst-ros2-ws/install/ros2udp/lib/ros2udp/nr25_enc_pid
-- Set non-toolchain portion of runtime path of "/home/ubuntu/rrst-ros2-ws/install/ros2udp/lib/ros2udp/nr25_enc_pid" to ""
-- Installing: /home/ubuntu/rrst-ros2-ws/install/ros2udp/lib/ros2udp/nr25_pid
-- Set non-toolchain portion of runtime path of "/home/ubuntu/rrst-ros2-ws/install/ros2udp/lib/ros2udp/nr25_pid" to ""
-- Installing: /home/ubuntu/rrst-ros2-ws/install/ros2udp/lib/ros2udp/nr25_dr_c610
-- Set non-toolchain portion of runtime path of "/home/ubuntu/rrst-ros2-ws/install/ros2udp/lib/ros2udp/nr25_dr_c610" to ""
-- Installing: /home/ubuntu/rrst-ros2-ws/install/ros2udp/lib/ros2udp/nr25_mr_servo_cal
-- Set non-toolchain portion of runtime path of "/home/ubuntu/rrst-ros2-ws/install/ros2udp/lib/ros2udp/nr25_mr_servo_cal" to ""
-- Installing: /home/ubuntu/rrst-ros2-ws/install/ros2udp/lib/ros2udp/nr25_dr_servo_cal
-- Set non-toolchain portion of runtime path of "/home/ubuntu/rrst-ros2-ws/install/ros2udp/lib/ros2udp/nr25_dr_servo_cal" to ""
-- Installing: /home/ubuntu/rrst-ros2-ws/install/ros2udp/lib/ros2udp/nr25_dr_pr
-- Set non-toolchain portion of runtime path of "/home/ubuntu/rrst-ros2-ws/install/ros2udp/lib/ros2udp/nr25_dr_pr" to ""
-- Installing: /home/ubuntu/rrst-ros2-ws/install/ros2udp/lib/ros2udp/nr25_dr_hcsr04
-- Set non-toolchain portion of runtime path of "/home/ubuntu/rrst-ros2-ws/install/ros2udp/lib/ros2udp/nr25_dr_hcsr04" to ""
-- Installing: /home/ubuntu/rrst-ros2-ws/install/ros2udp/lib/ros2udp/mb_tester
-- Set non-toolchain portion of runtime path of "/home/ubuntu/rrst-ros2-ws/install/ros2udp/lib/ros2udp/mb_tester" to ""
-- Installing: /home/ubuntu/rrst-ros2-ws/install/ros2udp/lib/ros2udp/ld19_fs
-- Set non-toolchain portion of runtime path of "/home/ubuntu/rrst-ros2-ws/install/ros2udp/lib/ros2udp/ld19_fs" to ""
-- Installing: /home/ubuntu/rrst-ros2-ws/install/ros2udp/lib/ros2udp/pid_wip
-- Set non-toolchain portion of runtime path of "/home/ubuntu/rrst-ros2-ws/install/ros2udp/lib/ros2udp/pid_wip" to ""
-- Installing: /home/ubuntu/rrst-ros2-ws/install/ros2udp/lib/ros2udp/pid_tuner
-- Set non-toolchain portion of runtime path of "/home/ubuntu/rrst-ros2-ws/install/ros2udp/lib/ros2udp/pid_tuner" to ""
-- Installing: /home/ubuntu/rrst-ros2-ws/install/ros2udp/lib/ros2udp/nr25_led
-- Set non-toolchain portion of runtime path of "/home/ubuntu/rrst-ros2-ws/install/ros2udp/lib/ros2udp/nr25_led" to ""
-- Installing: /home/ubuntu/rrst-ros2-ws/install/ros2udp/lib/ros2udp/temp
-- Set non-toolchain portion of runtime path of "/home/ubuntu/rrst-ros2-ws/install/ros2udp/lib/ros2udp/temp" to ""
-- Installing: /home/ubuntu/rrst-ros2-ws/install/ros2udp/share/ros2udp/launch
-- Installing: /home/ubuntu/rrst-ros2-ws/install/ros2udp/share/ros2udp/launch/nr25_mr.py
-- Installing: /home/ubuntu/rrst-ros2-ws/install/ros2udp/share/ros2udp/launch/nr25_dr.py
-- Installing: /home/ubuntu/rrst-ros2-ws/install/ros2udp/share/ament_index/resource_index/package_run_dependencies/ros2udp
-- Installing: /home/ubuntu/rrst-ros2-ws/install/ros2udp/share/ament_index/resource_index/parent_prefix_path/ros2udp
-- Installing: /home/ubuntu/rrst-ros2-ws/install/ros2udp/share/ros2udp/environment/ament_prefix_path.sh
-- Installing: /home/ubuntu/rrst-ros2-ws/install/ros2udp/share/ros2udp/environment/ament_prefix_path.dsv
-- Installing: /home/ubuntu/rrst-ros2-ws/install/ros2udp/share/ros2udp/environment/path.sh
-- Installing: /home/ubuntu/rrst-ros2-ws/install/ros2udp/share/ros2udp/environment/path.dsv
-- Installing: /home/ubuntu/rrst-ros2-ws/install/ros2udp/share/ros2udp/local_setup.bash
-- Installing: /home/ubuntu/rrst-ros2-ws/install/ros2udp/share/ros2udp/local_setup.sh
-- Installing: /home/ubuntu/rrst-ros2-ws/install/ros2udp/share/ros2udp/local_setup.zsh
-- Installing: /home/ubuntu/rrst-ros2-ws/install/ros2udp/share/ros2udp/local_setup.dsv
-- Installing: /home/ubuntu/rrst-ros2-ws/install/ros2udp/share/ros2udp/package.dsv
-- Installing: /home/ubuntu/rrst-ros2-ws/install/ros2udp/share/ament_index/resource_index/packages/ros2udp
-- Installing: /home/ubuntu/rrst-ros2-ws/install/ros2udp/share/ros2udp/cmake/ros2udpConfig.cmake
-- Installing: /home/ubuntu/rrst-ros2-ws/install/ros2udp/share/ros2udp/cmake/ros2udpConfig-version.cmake
-- Installing: /home/ubuntu/rrst-ros2-ws/install/ros2udp/share/ros2udp/package.xml
