[0.061s] Invoking command in '/home/ubuntu/rrst-ros2-ws/build/ros2udp': CMAKE_PREFIX_PATH=${CMAKE_PREFIX_PATH}:/opt/ros/jazzy DEBUGINFOD_URLS=https://debuginfod.ubuntu.com /usr/bin/cmake --build /home/ubuntu/rrst-ros2-ws/build/ros2udp -- -j12 -l12
[0.287s] [  6%] Built target nr25_dr
[0.379s] [  9%] Built target nr25_enc_pid
[0.387s] [ 15%] Built target nr25_dr_sd
[0.396s] [ 18%] Built target nr25_enc
[0.396s] [ 23%] Built target nr25_mr_omni
[0.400s] [ 26%] Built target nr25_vel2js
[0.411s] [ 31%] Built target nr25_pid
[0.411s] [ 34%] Built target nr25_mr_servo_cal
[0.411s] [ 40%] Built target nr25_dr_c610
[0.411s] [ 46%] Built target nr25_mr_sd
[0.417s] [ 50%] Built target nr25_pr
[0.420s] [ 56%] Built target nr25_mr
[0.426s] [ 60%] Built target nr25_dr_omni
[0.482s] [ 64%] Built target ld19_fs
[0.482s] [ 67%] Built target nr25_dr_hcsr04
[0.483s] [ 71%] Built target mb_tester
[0.487s] [ 75%] Built target nr25_dr_servo_cal
[0.489s] [ 78%] Built target pid_tuner
[0.503s] [ 84%] Built target temp
[0.504s] [ 93%] Built target nr25_dr_pr
[0.504s] [ 93%] Built target pid_wip
[0.518s] [100%] Built target nr25_led
[0.609s] Invoked command in '/home/ubuntu/rrst-ros2-ws/build/ros2udp' returned '0': CMAKE_PREFIX_PATH=${CMAKE_PREFIX_PATH}:/opt/ros/jazzy DEBUGINFOD_URLS=https://debuginfod.ubuntu.com /usr/bin/cmake --build /home/ubuntu/rrst-ros2-ws/build/ros2udp -- -j12 -l12
[0.611s] Invoking command in '/home/ubuntu/rrst-ros2-ws/build/ros2udp': CMAKE_PREFIX_PATH=${CMAKE_PREFIX_PATH}:/opt/ros/jazzy DEBUGINFOD_URLS=https://debuginfod.ubuntu.com /usr/bin/cmake --install /home/ubuntu/rrst-ros2-ws/build/ros2udp
[0.620s] -- Install configuration: ""
[0.621s] -- Installing: /home/ubuntu/rrst-ros2-ws/install/ros2udp/lib/ros2udp/nr25_mr
[0.634s] -- Set non-toolchain portion of runtime path of "/home/ubuntu/rrst-ros2-ws/install/ros2udp/lib/ros2udp/nr25_mr" to ""
[0.634s] -- Installing: /home/ubuntu/rrst-ros2-ws/install/ros2udp/lib/ros2udp/nr25_mr_omni
[0.642s] -- Set non-toolchain portion of runtime path of "/home/ubuntu/rrst-ros2-ws/install/ros2udp/lib/ros2udp/nr25_mr_omni" to ""
[0.643s] -- Installing: /home/ubuntu/rrst-ros2-ws/install/ros2udp/lib/ros2udp/nr25_mr_sd
[0.660s] -- Set non-toolchain portion of runtime path of "/home/ubuntu/rrst-ros2-ws/install/ros2udp/lib/ros2udp/nr25_mr_sd" to ""
[0.661s] -- Installing: /home/ubuntu/rrst-ros2-ws/install/ros2udp/lib/ros2udp/nr25_dr
[0.668s] -- Set non-toolchain portion of runtime path of "/home/ubuntu/rrst-ros2-ws/install/ros2udp/lib/ros2udp/nr25_dr" to ""
[0.668s] -- Installing: /home/ubuntu/rrst-ros2-ws/install/ros2udp/lib/ros2udp/nr25_dr_omni
[0.676s] -- Set non-toolchain portion of runtime path of "/home/ubuntu/rrst-ros2-ws/install/ros2udp/lib/ros2udp/nr25_dr_omni" to ""
[0.676s] -- Installing: /home/ubuntu/rrst-ros2-ws/install/ros2udp/lib/ros2udp/nr25_dr_sd
[0.693s] -- Set non-toolchain portion of runtime path of "/home/ubuntu/rrst-ros2-ws/install/ros2udp/lib/ros2udp/nr25_dr_sd" to ""
[0.693s] -- Installing: /home/ubuntu/rrst-ros2-ws/install/ros2udp/lib/ros2udp/nr25_enc
[0.696s] -- Set non-toolchain portion of runtime path of "/home/ubuntu/rrst-ros2-ws/install/ros2udp/lib/ros2udp/nr25_enc" to ""
[0.697s] -- Installing: /home/ubuntu/rrst-ros2-ws/install/ros2udp/lib/ros2udp/nr25_pr
[0.700s] -- Set non-toolchain portion of runtime path of "/home/ubuntu/rrst-ros2-ws/install/ros2udp/lib/ros2udp/nr25_pr" to ""
[0.701s] -- Installing: /home/ubuntu/rrst-ros2-ws/install/ros2udp/lib/ros2udp/nr25_vel2js
[0.715s] -- Set non-toolchain portion of runtime path of "/home/ubuntu/rrst-ros2-ws/install/ros2udp/lib/ros2udp/nr25_vel2js" to ""
[0.715s] -- Installing: /home/ubuntu/rrst-ros2-ws/install/ros2udp/lib/ros2udp/nr25_enc_pid
[0.719s] -- Set non-toolchain portion of runtime path of "/home/ubuntu/rrst-ros2-ws/install/ros2udp/lib/ros2udp/nr25_enc_pid" to ""
[0.719s] -- Installing: /home/ubuntu/rrst-ros2-ws/install/ros2udp/lib/ros2udp/nr25_pid
[0.727s] -- Set non-toolchain portion of runtime path of "/home/ubuntu/rrst-ros2-ws/install/ros2udp/lib/ros2udp/nr25_pid" to ""
[0.727s] -- Installing: /home/ubuntu/rrst-ros2-ws/install/ros2udp/lib/ros2udp/nr25_dr_c610
[0.740s] -- Set non-toolchain portion of runtime path of "/home/ubuntu/rrst-ros2-ws/install/ros2udp/lib/ros2udp/nr25_dr_c610" to ""
[0.740s] -- Installing: /home/ubuntu/rrst-ros2-ws/install/ros2udp/lib/ros2udp/nr25_mr_servo_cal
[0.744s] -- Set non-toolchain portion of runtime path of "/home/ubuntu/rrst-ros2-ws/install/ros2udp/lib/ros2udp/nr25_mr_servo_cal" to ""
[0.745s] -- Installing: /home/ubuntu/rrst-ros2-ws/install/ros2udp/lib/ros2udp/nr25_dr_servo_cal
[0.748s] -- Set non-toolchain portion of runtime path of "/home/ubuntu/rrst-ros2-ws/install/ros2udp/lib/ros2udp/nr25_dr_servo_cal" to ""
[0.749s] -- Installing: /home/ubuntu/rrst-ros2-ws/install/ros2udp/lib/ros2udp/nr25_dr_pr
[0.753s] -- Set non-toolchain portion of runtime path of "/home/ubuntu/rrst-ros2-ws/install/ros2udp/lib/ros2udp/nr25_dr_pr" to ""
[0.754s] -- Installing: /home/ubuntu/rrst-ros2-ws/install/ros2udp/lib/ros2udp/nr25_dr_hcsr04
[0.756s] -- Set non-toolchain portion of runtime path of "/home/ubuntu/rrst-ros2-ws/install/ros2udp/lib/ros2udp/nr25_dr_hcsr04" to ""
[0.756s] -- Installing: /home/ubuntu/rrst-ros2-ws/install/ros2udp/lib/ros2udp/mb_tester
[0.757s] -- Set non-toolchain portion of runtime path of "/home/ubuntu/rrst-ros2-ws/install/ros2udp/lib/ros2udp/mb_tester" to ""
[0.757s] -- Installing: /home/ubuntu/rrst-ros2-ws/install/ros2udp/lib/ros2udp/ld19_fs
[0.766s] -- Set non-toolchain portion of runtime path of "/home/ubuntu/rrst-ros2-ws/install/ros2udp/lib/ros2udp/ld19_fs" to ""
[0.766s] -- Installing: /home/ubuntu/rrst-ros2-ws/install/ros2udp/lib/ros2udp/pid_wip
[0.776s] -- Set non-toolchain portion of runtime path of "/home/ubuntu/rrst-ros2-ws/install/ros2udp/lib/ros2udp/pid_wip" to ""
[0.776s] -- Installing: /home/ubuntu/rrst-ros2-ws/install/ros2udp/lib/ros2udp/pid_tuner
[0.780s] -- Set non-toolchain portion of runtime path of "/home/ubuntu/rrst-ros2-ws/install/ros2udp/lib/ros2udp/pid_tuner" to ""
[0.780s] -- Installing: /home/ubuntu/rrst-ros2-ws/install/ros2udp/lib/ros2udp/nr25_led
[0.794s] -- Set non-toolchain portion of runtime path of "/home/ubuntu/rrst-ros2-ws/install/ros2udp/lib/ros2udp/nr25_led" to ""
[0.794s] -- Installing: /home/ubuntu/rrst-ros2-ws/install/ros2udp/lib/ros2udp/temp
[0.811s] -- Set non-toolchain portion of runtime path of "/home/ubuntu/rrst-ros2-ws/install/ros2udp/lib/ros2udp/temp" to ""
[0.812s] -- Installing: /home/ubuntu/rrst-ros2-ws/install/ros2udp/share/ros2udp/launch
[0.812s] -- Installing: /home/ubuntu/rrst-ros2-ws/install/ros2udp/share/ros2udp/launch/nr25_mr.py
[0.812s] -- Installing: /home/ubuntu/rrst-ros2-ws/install/ros2udp/share/ros2udp/launch/nr25_dr.py
[0.812s] -- Installing: /home/ubuntu/rrst-ros2-ws/install/ros2udp/share/ament_index/resource_index/package_run_dependencies/ros2udp
[0.817s] -- Installing: /home/ubuntu/rrst-ros2-ws/install/ros2udp/share/ament_index/resource_index/parent_prefix_path/ros2udp
[0.818s] -- Installing: /home/ubuntu/rrst-ros2-ws/install/ros2udp/share/ros2udp/environment/ament_prefix_path.sh
[0.818s] -- Installing: /home/ubuntu/rrst-ros2-ws/install/ros2udp/share/ros2udp/environment/ament_prefix_path.dsv
[0.818s] -- Installing: /home/ubuntu/rrst-ros2-ws/install/ros2udp/share/ros2udp/environment/path.sh
[0.819s] -- Installing: /home/ubuntu/rrst-ros2-ws/install/ros2udp/share/ros2udp/environment/path.dsv
[0.819s] -- Installing: /home/ubuntu/rrst-ros2-ws/install/ros2udp/share/ros2udp/local_setup.bash
[0.819s] -- Installing: /home/ubuntu/rrst-ros2-ws/install/ros2udp/share/ros2udp/local_setup.sh
[0.820s] -- Installing: /home/ubuntu/rrst-ros2-ws/install/ros2udp/share/ros2udp/local_setup.zsh
[0.820s] -- Installing: /home/ubuntu/rrst-ros2-ws/install/ros2udp/share/ros2udp/local_setup.dsv
[0.820s] -- Installing: /home/ubuntu/rrst-ros2-ws/install/ros2udp/share/ros2udp/package.dsv
[0.821s] -- Installing: /home/ubuntu/rrst-ros2-ws/install/ros2udp/share/ament_index/resource_index/packages/ros2udp
[0.821s] -- Installing: /home/ubuntu/rrst-ros2-ws/install/ros2udp/share/ros2udp/cmake/ros2udpConfig.cmake
[0.821s] -- Installing: /home/ubuntu/rrst-ros2-ws/install/ros2udp/share/ros2udp/cmake/ros2udpConfig-version.cmake
[0.822s] -- Installing: /home/ubuntu/rrst-ros2-ws/install/ros2udp/share/ros2udp/package.xml
[0.827s] Invoked command in '/home/ubuntu/rrst-ros2-ws/build/ros2udp' returned '0': CMAKE_PREFIX_PATH=${CMAKE_PREFIX_PATH}:/opt/ros/jazzy DEBUGINFOD_URLS=https://debuginfod.ubuntu.com /usr/bin/cmake --install /home/ubuntu/rrst-ros2-ws/build/ros2udp
