-- The C compiler identification is GNU 13.3.0
-- The CXX compiler identification is GNU 13.3.0
-- Detecting C compiler ABI info
-- Detecting C compiler ABI info - done
-- Check for working C compiler: /usr/bin/cc - skipped
-- Detecting C compile features
-- Detecting C compile features - done
-- Detecting CXX compiler ABI info
-- Detecting CXX compiler ABI info - done
-- Check for working CXX compiler: /usr/bin/c++ - skipped
-- Detecting CXX compile features
-- Detecting CXX compile features - done
-- Found ament_cmake: 2.5.3 (/opt/ros/jazzy/share/ament_cmake/cmake)
-- Found Python3: /usr/bin/python3 (found version "3.12.3") found components: Interpreter 
-- Found ament_lint_auto: 0.17.2 (/opt/ros/jazzy/share/ament_lint_auto/cmake)
-- Added test 'lint_cmake' to check CMake code style
-- Added test 'xmllint' to check XML markup files
-- Configuring done (1.5s)
-- Generating done (0.0s)
-- Build files have been written to: /home/ubuntu/rrst-ros2-ws/build/nr26_behavior_tree
-- Install configuration: ""
-- Installing: /home/ubuntu/rrst-ros2-ws/install/nr26_behavior_tree/share/ament_index/resource_index/package_run_dependencies/nr26_behavior_tree
-- Installing: /home/ubuntu/rrst-ros2-ws/install/nr26_behavior_tree/share/ament_index/resource_index/parent_prefix_path/nr26_behavior_tree
-- Installing: /home/ubuntu/rrst-ros2-ws/install/nr26_behavior_tree/share/nr26_behavior_tree/environment/ament_prefix_path.sh
-- Installing: /home/ubuntu/rrst-ros2-ws/install/nr26_behavior_tree/share/nr26_behavior_tree/environment/ament_prefix_path.dsv
-- Installing: /home/ubuntu/rrst-ros2-ws/install/nr26_behavior_tree/share/nr26_behavior_tree/environment/path.sh
-- Installing: /home/ubuntu/rrst-ros2-ws/install/nr26_behavior_tree/share/nr26_behavior_tree/environment/path.dsv
-- Installing: /home/ubuntu/rrst-ros2-ws/install/nr26_behavior_tree/share/nr26_behavior_tree/local_setup.bash
-- Installing: /home/ubuntu/rrst-ros2-ws/install/nr26_behavior_tree/share/nr26_behavior_tree/local_setup.sh
-- Installing: /home/ubuntu/rrst-ros2-ws/install/nr26_behavior_tree/share/nr26_behavior_tree/local_setup.zsh
-- Installing: /home/ubuntu/rrst-ros2-ws/install/nr26_behavior_tree/share/nr26_behavior_tree/local_setup.dsv
-- Installing: /home/ubuntu/rrst-ros2-ws/install/nr26_behavior_tree/share/nr26_behavior_tree/package.dsv
-- Installing: /home/ubuntu/rrst-ros2-ws/install/nr26_behavior_tree/share/ament_index/resource_index/packages/nr26_behavior_tree
-- Installing: /home/ubuntu/rrst-ros2-ws/install/nr26_behavior_tree/share/nr26_behavior_tree/cmake/nr26_behavior_treeConfig.cmake
-- Installing: /home/ubuntu/rrst-ros2-ws/install/nr26_behavior_tree/share/nr26_behavior_tree/cmake/nr26_behavior_treeConfig-version.cmake
-- Installing: /home/ubuntu/rrst-ros2-ws/install/nr26_behavior_tree/share/nr26_behavior_tree/package.xml
