[0.038s] Invoking command in '/home/ubuntu/rrst-ros2-ws/build/nr26_behavior_tree': CMAKE_PREFIX_PATH=${CMAKE_PREFIX_PATH}:/opt/ros/jazzy DEBUGINFOD_URLS=https://debuginfod.ubuntu.com /usr/bin/cmake /home/ubuntu/rrst-ros2-ws/nr26_behavior_tree -DCMAKE_INSTALL_PREFIX=/home/ubuntu/rrst-ros2-ws/install/nr26_behavior_tree
[0.282s] -- The C compiler identification is GNU 13.3.0
[0.451s] -- The CXX compiler identification is GNU 13.3.0
[0.483s] -- Detecting C compiler ABI info
[0.638s] -- Detecting C compiler ABI info - done
[0.662s] -- Check for working C compiler: /usr/bin/cc - skipped
[0.662s] -- Detecting C compile features
[0.663s] -- Detecting C compile features - done
[0.681s] -- Detecting CXX compiler ABI info
[0.873s] -- Detecting CXX compiler ABI info - done
[0.898s] -- Check for working CXX compiler: /usr/bin/c++ - skipped
[0.899s] -- Detecting CXX compile features
[0.899s] -- Detecting CXX compile features - done
[0.905s] -- Found ament_cmake: 2.5.3 (/opt/ros/jazzy/share/ament_cmake/cmake)
[1.204s] -- Found Python3: /usr/bin/python3 (found version "3.12.3") found components: Interpreter 
[1.397s] -- Found ament_lint_auto: 0.17.2 (/opt/ros/jazzy/share/ament_lint_auto/cmake)
[1.571s] -- Added test 'lint_cmake' to check CMake code style
[1.574s] -- Added test 'xmllint' to check XML markup files
[1.578s] -- Configuring done (1.5s)
[1.584s] -- Generating done (0.0s)
[1.587s] -- Build files have been written to: /home/ubuntu/rrst-ros2-ws/build/nr26_behavior_tree
[1.598s] Invoked command in '/home/ubuntu/rrst-ros2-ws/build/nr26_behavior_tree' returned '0': CMAKE_PREFIX_PATH=${CMAKE_PREFIX_PATH}:/opt/ros/jazzy DEBUGINFOD_URLS=https://debuginfod.ubuntu.com /usr/bin/cmake /home/ubuntu/rrst-ros2-ws/nr26_behavior_tree -DCMAKE_INSTALL_PREFIX=/home/ubuntu/rrst-ros2-ws/install/nr26_behavior_tree
[1.601s] Invoking command in '/home/ubuntu/rrst-ros2-ws/build/nr26_behavior_tree': CMAKE_PREFIX_PATH=${CMAKE_PREFIX_PATH}:/opt/ros/jazzy DEBUGINFOD_URLS=https://debuginfod.ubuntu.com /usr/bin/cmake --build /home/ubuntu/rrst-ros2-ws/build/nr26_behavior_tree -- -j12 -l12
[1.672s] Invoked command in '/home/ubuntu/rrst-ros2-ws/build/nr26_behavior_tree' returned '0': CMAKE_PREFIX_PATH=${CMAKE_PREFIX_PATH}:/opt/ros/jazzy DEBUGINFOD_URLS=https://debuginfod.ubuntu.com /usr/bin/cmake --build /home/ubuntu/rrst-ros2-ws/build/nr26_behavior_tree -- -j12 -l12
[1.691s] Invoking command in '/home/ubuntu/rrst-ros2-ws/build/nr26_behavior_tree': CMAKE_PREFIX_PATH=${CMAKE_PREFIX_PATH}:/opt/ros/jazzy DEBUGINFOD_URLS=https://debuginfod.ubuntu.com /usr/bin/cmake --install /home/ubuntu/rrst-ros2-ws/build/nr26_behavior_tree
[1.707s] -- Install configuration: ""
[1.707s] -- Installing: /home/ubuntu/rrst-ros2-ws/install/nr26_behavior_tree/share/ament_index/resource_index/package_run_dependencies/nr26_behavior_tree
[1.707s] -- Installing: /home/ubuntu/rrst-ros2-ws/install/nr26_behavior_tree/share/ament_index/resource_index/parent_prefix_path/nr26_behavior_tree
[1.708s] -- Installing: /home/ubuntu/rrst-ros2-ws/install/nr26_behavior_tree/share/nr26_behavior_tree/environment/ament_prefix_path.sh
[1.708s] -- Installing: /home/ubuntu/rrst-ros2-ws/install/nr26_behavior_tree/share/nr26_behavior_tree/environment/ament_prefix_path.dsv
[1.708s] -- Installing: /home/ubuntu/rrst-ros2-ws/install/nr26_behavior_tree/share/nr26_behavior_tree/environment/path.sh
[1.709s] -- Installing: /home/ubuntu/rrst-ros2-ws/install/nr26_behavior_tree/share/nr26_behavior_tree/environment/path.dsv
[1.709s] -- Installing: /home/ubuntu/rrst-ros2-ws/install/nr26_behavior_tree/share/nr26_behavior_tree/local_setup.bash
[1.709s] -- Installing: /home/ubuntu/rrst-ros2-ws/install/nr26_behavior_tree/share/nr26_behavior_tree/local_setup.sh
[1.709s] -- Installing: /home/ubuntu/rrst-ros2-ws/install/nr26_behavior_tree/share/nr26_behavior_tree/local_setup.zsh
[1.709s] -- Installing: /home/ubuntu/rrst-ros2-ws/install/nr26_behavior_tree/share/nr26_behavior_tree/local_setup.dsv
[1.709s] -- Installing: /home/ubuntu/rrst-ros2-ws/install/nr26_behavior_tree/share/nr26_behavior_tree/package.dsv
[1.710s] -- Installing: /home/ubuntu/rrst-ros2-ws/install/nr26_behavior_tree/share/ament_index/resource_index/packages/nr26_behavior_tree
[1.710s] -- Installing: /home/ubuntu/rrst-ros2-ws/install/nr26_behavior_tree/share/nr26_behavior_tree/cmake/nr26_behavior_treeConfig.cmake
[1.710s] -- Installing: /home/ubuntu/rrst-ros2-ws/install/nr26_behavior_tree/share/nr26_behavior_tree/cmake/nr26_behavior_treeConfig-version.cmake
[1.710s] -- Installing: /home/ubuntu/rrst-ros2-ws/install/nr26_behavior_tree/share/nr26_behavior_tree/package.xml
[1.711s] Invoked command in '/home/ubuntu/rrst-ros2-ws/build/nr26_behavior_tree' returned '0': CMAKE_PREFIX_PATH=${CMAKE_PREFIX_PATH}:/opt/ros/jazzy DEBUGINFOD_URLS=https://debuginfod.ubuntu.com /usr/bin/cmake --install /home/ubuntu/rrst-ros2-ws/build/nr26_behavior_tree
