[0.017s] Invoking command in '/home/ubuntu/rrst-ros2-ws/build/nr26_r1_hw_ctrl': CMAKE_PREFIX_PATH=${CMAKE_PREFIX_PATH}:/opt/ros/jazzy DEBUGINFOD_URLS=https://debuginfod.ubuntu.com /usr/bin/cmake --build /home/ubuntu/rrst-ros2-ws/build/nr26_r1_hw_ctrl -- -j12 -l12
[0.123s] [ 50%] Built target nr26_sd
[0.123s] [ 66%] Built target nr26_r1_servo_cal
[0.124s] [100%] Built target nr26_pick
[0.145s] Invoked command in '/home/ubuntu/rrst-ros2-ws/build/nr26_r1_hw_ctrl' returned '0': CMAKE_PREFIX_PATH=${CMAKE_PREFIX_PATH}:/opt/ros/jazzy DEBUGINFOD_URLS=https://debuginfod.ubuntu.com /usr/bin/cmake --build /home/ubuntu/rrst-ros2-ws/build/nr26_r1_hw_ctrl -- -j12 -l12
[0.162s] Invoking command in '/home/ubuntu/rrst-ros2-ws/build/nr26_r1_hw_ctrl': CMAKE_PREFIX_PATH=${CMAKE_PREFIX_PATH}:/opt/ros/jazzy DEBUGINFOD_URLS=https://debuginfod.ubuntu.com /usr/bin/cmake --install /home/ubuntu/rrst-ros2-ws/build/nr26_r1_hw_ctrl
[0.174s] -- Install configuration: ""
[0.174s] -- Up-to-date: /home/ubuntu/rrst-ros2-ws/install/nr26_r1_hw_ctrl/lib/nr26_r1_hw_ctrl/nr26_sd
[0.174s] -- Up-to-date: /home/ubuntu/rrst-ros2-ws/install/nr26_r1_hw_ctrl/lib/nr26_r1_hw_ctrl/nr26_pick
[0.174s] -- Up-to-date: /home/ubuntu/rrst-ros2-ws/install/nr26_r1_hw_ctrl/lib/nr26_r1_hw_ctrl/nr26_r1_servo_cal
[0.175s] -- Up-to-date: /home/ubuntu/rrst-ros2-ws/install/nr26_r1_hw_ctrl/share/ament_index/resource_index/package_run_dependencies/nr26_r1_hw_ctrl
[0.175s] -- Up-to-date: /home/ubuntu/rrst-ros2-ws/install/nr26_r1_hw_ctrl/share/ament_index/resource_index/parent_prefix_path/nr26_r1_hw_ctrl
[0.175s] -- Up-to-date: /home/ubuntu/rrst-ros2-ws/install/nr26_r1_hw_ctrl/share/nr26_r1_hw_ctrl/environment/ament_prefix_path.sh
[0.175s] -- Up-to-date: /home/ubuntu/rrst-ros2-ws/install/nr26_r1_hw_ctrl/share/nr26_r1_hw_ctrl/environment/ament_prefix_path.dsv
[0.176s] -- Up-to-date: /home/ubuntu/rrst-ros2-ws/install/nr26_r1_hw_ctrl/share/nr26_r1_hw_ctrl/environment/path.sh
[0.176s] -- Up-to-date: /home/ubuntu/rrst-ros2-ws/install/nr26_r1_hw_ctrl/share/nr26_r1_hw_ctrl/environment/path.dsv
[0.176s] -- Up-to-date: /home/ubuntu/rrst-ros2-ws/install/nr26_r1_hw_ctrl/share/nr26_r1_hw_ctrl/local_setup.bash
[0.176s] -- Up-to-date: /home/ubuntu/rrst-ros2-ws/install/nr26_r1_hw_ctrl/share/nr26_r1_hw_ctrl/local_setup.sh
[0.176s] -- Up-to-date: /home/ubuntu/rrst-ros2-ws/install/nr26_r1_hw_ctrl/share/nr26_r1_hw_ctrl/local_setup.zsh
[0.176s] -- Up-to-date: /home/ubuntu/rrst-ros2-ws/install/nr26_r1_hw_ctrl/share/nr26_r1_hw_ctrl/local_setup.dsv
[0.176s] -- Installing: /home/ubuntu/rrst-ros2-ws/install/nr26_r1_hw_ctrl/share/nr26_r1_hw_ctrl/package.dsv
[0.177s] -- Up-to-date: /home/ubuntu/rrst-ros2-ws/install/nr26_r1_hw_ctrl/share/ament_index/resource_index/packages/nr26_r1_hw_ctrl
[0.177s] -- Up-to-date: /home/ubuntu/rrst-ros2-ws/install/nr26_r1_hw_ctrl/share/nr26_r1_hw_ctrl/cmake/nr26_r1_hw_ctrlConfig.cmake
[0.177s] -- Up-to-date: /home/ubuntu/rrst-ros2-ws/install/nr26_r1_hw_ctrl/share/nr26_r1_hw_ctrl/cmake/nr26_r1_hw_ctrlConfig-version.cmake
[0.177s] -- Up-to-date: /home/ubuntu/rrst-ros2-ws/install/nr26_r1_hw_ctrl/share/nr26_r1_hw_ctrl/package.xml
[0.179s] Invoked command in '/home/ubuntu/rrst-ros2-ws/build/nr26_r1_hw_ctrl' returned '0': CMAKE_PREFIX_PATH=${CMAKE_PREFIX_PATH}:/opt/ros/jazzy DEBUGINFOD_URLS=https://debuginfod.ubuntu.com /usr/bin/cmake --install /home/ubuntu/rrst-ros2-ws/build/nr26_r1_hw_ctrl
