[0.033s] Invoking command in '/home/ubuntu/rrst-ros2-ws/build/nr26_r1_hw_ctrl': CMAKE_PREFIX_PATH=${CMAKE_PREFIX_PATH}:/opt/ros/jazzy DEBUGINFOD_URLS=https://debuginfod.ubuntu.com /usr/bin/cmake --build /home/ubuntu/rrst-ros2-ws/build/nr26_r1_hw_ctrl -- -j12 -l12
[0.261s] [ 33%] Built target r1_servo_cal
[0.281s] [ 66%] Built target r1_mc
[0.345s] [ 83%] [32mBuilding CXX object CMakeFiles/r1_sd.dir/src/R1_SwerveDrive.cpp.o[0m
[3.164s] [01m[K/home/ubuntu/rrst-ros2-ws/nr26_r1_hw_ctrl/src/R1_SwerveDrive.cpp:[m[K In member function ‘[01m[Kvoid HardWareControl::[01;32m[Kps4_listener_callback[m[K(sensor_msgs::msg::Joy_<std::allocator<void> >::SharedPtr)[m[K’:
[3.164s] [01m[K/home/ubuntu/rrst-ros2-ws/nr26_r1_hw_ctrl/src/R1_SwerveDrive.cpp:135:21:[m[K [01;35m[Kwarning: [m[Kvariable ‘[01m[Klast_right[m[K’ set but not used [[01;35m[K]8;;https://gcc.gnu.org/onlinedocs/gcc/Warning-Options.html#index-Wunused-but-set-variable-Wunused-but-set-variable]8;;[m[K]
[3.164s]   135 |         static bool [01;35m[Klast_right[m[K = false;
[3.164s]       |                     [01;35m[K^~~~~~~~~~[m[K
[15.572s] [100%] [32m[1mLinking CXX executable r1_sd[0m
[16.206s] [100%] Built target r1_sd
[16.225s] Invoked command in '/home/ubuntu/rrst-ros2-ws/build/nr26_r1_hw_ctrl' returned '0': CMAKE_PREFIX_PATH=${CMAKE_PREFIX_PATH}:/opt/ros/jazzy DEBUGINFOD_URLS=https://debuginfod.ubuntu.com /usr/bin/cmake --build /home/ubuntu/rrst-ros2-ws/build/nr26_r1_hw_ctrl -- -j12 -l12
[16.227s] Invoking command in '/home/ubuntu/rrst-ros2-ws/build/nr26_r1_hw_ctrl': CMAKE_PREFIX_PATH=${CMAKE_PREFIX_PATH}:/opt/ros/jazzy DEBUGINFOD_URLS=https://debuginfod.ubuntu.com /usr/bin/cmake --install /home/ubuntu/rrst-ros2-ws/build/nr26_r1_hw_ctrl
[16.239s] -- Install configuration: ""
[16.239s] -- Installing: /home/ubuntu/rrst-ros2-ws/install/nr26_r1_hw_ctrl/lib/nr26_r1_hw_ctrl/r1_sd
[16.251s] -- Set non-toolchain portion of runtime path of "/home/ubuntu/rrst-ros2-ws/install/nr26_r1_hw_ctrl/lib/nr26_r1_hw_ctrl/r1_sd" to ""
[16.251s] -- Installing: /home/ubuntu/rrst-ros2-ws/install/nr26_r1_hw_ctrl/lib/nr26_r1_hw_ctrl/r1_mc
[16.261s] -- Set non-toolchain portion of runtime path of "/home/ubuntu/rrst-ros2-ws/install/nr26_r1_hw_ctrl/lib/nr26_r1_hw_ctrl/r1_mc" to ""
[16.261s] -- Installing: /home/ubuntu/rrst-ros2-ws/install/nr26_r1_hw_ctrl/lib/nr26_r1_hw_ctrl/r1_servo_cal
[16.264s] -- Set non-toolchain portion of runtime path of "/home/ubuntu/rrst-ros2-ws/install/nr26_r1_hw_ctrl/lib/nr26_r1_hw_ctrl/r1_servo_cal" to ""
[16.264s] -- Up-to-date: /home/ubuntu/rrst-ros2-ws/install/nr26_r1_hw_ctrl/share/ament_index/resource_index/package_run_dependencies/nr26_r1_hw_ctrl
[16.264s] -- Up-to-date: /home/ubuntu/rrst-ros2-ws/install/nr26_r1_hw_ctrl/share/ament_index/resource_index/parent_prefix_path/nr26_r1_hw_ctrl
[16.264s] -- Up-to-date: /home/ubuntu/rrst-ros2-ws/install/nr26_r1_hw_ctrl/share/nr26_r1_hw_ctrl/environment/ament_prefix_path.sh
[16.265s] -- Up-to-date: /home/ubuntu/rrst-ros2-ws/install/nr26_r1_hw_ctrl/share/nr26_r1_hw_ctrl/environment/ament_prefix_path.dsv
[16.265s] -- Up-to-date: /home/ubuntu/rrst-ros2-ws/install/nr26_r1_hw_ctrl/share/nr26_r1_hw_ctrl/environment/path.sh
[16.265s] -- Up-to-date: /home/ubuntu/rrst-ros2-ws/install/nr26_r1_hw_ctrl/share/nr26_r1_hw_ctrl/environment/path.dsv
[16.265s] -- Up-to-date: /home/ubuntu/rrst-ros2-ws/install/nr26_r1_hw_ctrl/share/nr26_r1_hw_ctrl/local_setup.bash
[16.265s] -- Up-to-date: /home/ubuntu/rrst-ros2-ws/install/nr26_r1_hw_ctrl/share/nr26_r1_hw_ctrl/local_setup.sh
[16.265s] -- Up-to-date: /home/ubuntu/rrst-ros2-ws/install/nr26_r1_hw_ctrl/share/nr26_r1_hw_ctrl/local_setup.zsh
[16.265s] -- Up-to-date: /home/ubuntu/rrst-ros2-ws/install/nr26_r1_hw_ctrl/share/nr26_r1_hw_ctrl/local_setup.dsv
[16.266s] -- Installing: /home/ubuntu/rrst-ros2-ws/install/nr26_r1_hw_ctrl/share/nr26_r1_hw_ctrl/package.dsv
[16.266s] -- Up-to-date: /home/ubuntu/rrst-ros2-ws/install/nr26_r1_hw_ctrl/share/ament_index/resource_index/packages/nr26_r1_hw_ctrl
[16.266s] -- Up-to-date: /home/ubuntu/rrst-ros2-ws/install/nr26_r1_hw_ctrl/share/nr26_r1_hw_ctrl/cmake/nr26_r1_hw_ctrlConfig.cmake
[16.266s] -- Up-to-date: /home/ubuntu/rrst-ros2-ws/install/nr26_r1_hw_ctrl/share/nr26_r1_hw_ctrl/cmake/nr26_r1_hw_ctrlConfig-version.cmake
[16.267s] -- Up-to-date: /home/ubuntu/rrst-ros2-ws/install/nr26_r1_hw_ctrl/share/nr26_r1_hw_ctrl/package.xml
[16.269s] Invoked command in '/home/ubuntu/rrst-ros2-ws/build/nr26_r1_hw_ctrl' returned '0': CMAKE_PREFIX_PATH=${CMAKE_PREFIX_PATH}:/opt/ros/jazzy DEBUGINFOD_URLS=https://debuginfod.ubuntu.com /usr/bin/cmake --install /home/ubuntu/rrst-ros2-ws/build/nr26_r1_hw_ctrl
