[0.060s] Invoking command in '/home/ubuntu/rrst-ros2-ws/build/ros2stm': CMAKE_PREFIX_PATH=${CMAKE_PREFIX_PATH}:/opt/ros/jazzy DEBUGINFOD_URLS=https://debuginfod.ubuntu.com /usr/bin/cmake --build /home/ubuntu/rrst-ros2-ws/build/ros2stm -- -j12 -l12
[0.349s] [100%] Built target sb_tester
[0.465s] Invoked command in '/home/ubuntu/rrst-ros2-ws/build/ros2stm' returned '0': CMAKE_PREFIX_PATH=${CMAKE_PREFIX_PATH}:/opt/ros/jazzy DEBUGINFOD_URLS=https://debuginfod.ubuntu.com /usr/bin/cmake --build /home/ubuntu/rrst-ros2-ws/build/ros2stm -- -j12 -l12
[0.469s] Invoking command in '/home/ubuntu/rrst-ros2-ws/build/ros2stm': CMAKE_PREFIX_PATH=${CMAKE_PREFIX_PATH}:/opt/ros/jazzy DEBUGINFOD_URLS=https://debuginfod.ubuntu.com /usr/bin/cmake --install /home/ubuntu/rrst-ros2-ws/build/ros2stm
[0.503s] -- Install configuration: ""
[0.503s] -- Up-to-date: /home/ubuntu/rrst-ros2-ws/install/ros2stm/lib/ros2stm/sb_tester
[0.503s] -- Up-to-date: /home/ubuntu/rrst-ros2-ws/install/ros2stm/share/ament_index/resource_index/package_run_dependencies/ros2stm
[0.503s] -- Up-to-date: /home/ubuntu/rrst-ros2-ws/install/ros2stm/share/ament_index/resource_index/parent_prefix_path/ros2stm
[0.505s] -- Up-to-date: /home/ubuntu/rrst-ros2-ws/install/ros2stm/share/ros2stm/environment/ament_prefix_path.sh
[0.505s] -- Up-to-date: /home/ubuntu/rrst-ros2-ws/install/ros2stm/share/ros2stm/environment/ament_prefix_path.dsv
[0.505s] -- Up-to-date: /home/ubuntu/rrst-ros2-ws/install/ros2stm/share/ros2stm/environment/path.sh
[0.505s] -- Up-to-date: /home/ubuntu/rrst-ros2-ws/install/ros2stm/share/ros2stm/environment/path.dsv
[0.506s] -- Up-to-date: /home/ubuntu/rrst-ros2-ws/install/ros2stm/share/ros2stm/local_setup.bash
[0.506s] -- Up-to-date: /home/ubuntu/rrst-ros2-ws/install/ros2stm/share/ros2stm/local_setup.sh
[0.506s] -- Up-to-date: /home/ubuntu/rrst-ros2-ws/install/ros2stm/share/ros2stm/local_setup.zsh
[0.507s] -- Up-to-date: /home/ubuntu/rrst-ros2-ws/install/ros2stm/share/ros2stm/local_setup.dsv
[0.507s] -- Installing: /home/ubuntu/rrst-ros2-ws/install/ros2stm/share/ros2stm/package.dsv
[0.507s] -- Up-to-date: /home/ubuntu/rrst-ros2-ws/install/ros2stm/share/ament_index/resource_index/packages/ros2stm
[0.507s] -- Up-to-date: /home/ubuntu/rrst-ros2-ws/install/ros2stm/share/ros2stm/cmake/ros2stmConfig.cmake
[0.508s] -- Up-to-date: /home/ubuntu/rrst-ros2-ws/install/ros2stm/share/ros2stm/cmake/ros2stmConfig-version.cmake
[0.508s] -- Up-to-date: /home/ubuntu/rrst-ros2-ws/install/ros2stm/share/ros2stm/package.xml
[0.552s] Invoked command in '/home/ubuntu/rrst-ros2-ws/build/ros2stm' returned '0': CMAKE_PREFIX_PATH=${CMAKE_PREFIX_PATH}:/opt/ros/jazzy DEBUGINFOD_URLS=https://debuginfod.ubuntu.com /usr/bin/cmake --install /home/ubuntu/rrst-ros2-ws/build/ros2stm
