[ 33%] Built target udp_send
[ 50%] Built target simple_sub
[ 66%] Built target simple_pub
[ 83%] Built target ps4_listener
[100%] Built target usb_serial
-- Install configuration: ""
-- Up-to-date: /home/ubuntu/rrst-ros2-ws/install/example/lib/example/ps4_listener
-- Up-to-date: /home/ubuntu/rrst-ros2-ws/install/example/lib/example/udp_send
-- Up-to-date: /home/ubuntu/rrst-ros2-ws/install/example/lib/example/simple_pub
-- Up-to-date: /home/ubuntu/rrst-ros2-ws/install/example/lib/example/simple_sub
-- Up-to-date: /home/ubuntu/rrst-ros2-ws/install/example/lib/example/usb_serial
-- Up-to-date: /home/ubuntu/rrst-ros2-ws/install/example/share/ament_index/resource_index/package_run_dependencies/example
-- Up-to-date: /home/ubuntu/rrst-ros2-ws/install/example/share/ament_index/resource_index/parent_prefix_path/example
-- Up-to-date: /home/ubuntu/rrst-ros2-ws/install/example/share/example/environment/ament_prefix_path.sh
-- Up-to-date: /home/ubuntu/rrst-ros2-ws/install/example/share/example/environment/ament_prefix_path.dsv
-- Up-to-date: /home/ubuntu/rrst-ros2-ws/install/example/share/example/environment/path.sh
-- Up-to-date: /home/ubuntu/rrst-ros2-ws/install/example/share/example/environment/path.dsv
-- Up-to-date: /home/ubuntu/rrst-ros2-ws/install/example/share/example/local_setup.bash
-- Up-to-date: /home/ubuntu/rrst-ros2-ws/install/example/share/example/local_setup.sh
-- Up-to-date: /home/ubuntu/rrst-ros2-ws/install/example/share/example/local_setup.zsh
-- Up-to-date: /home/ubuntu/rrst-ros2-ws/install/example/share/example/local_setup.dsv
-- Installing: /home/ubuntu/rrst-ros2-ws/install/example/share/example/package.dsv
-- Up-to-date: /home/ubuntu/rrst-ros2-ws/install/example/share/ament_index/resource_index/packages/example
-- Up-to-date: /home/ubuntu/rrst-ros2-ws/install/example/share/example/cmake/exampleConfig.cmake
-- Up-to-date: /home/ubuntu/rrst-ros2-ws/install/example/share/example/cmake/exampleConfig-version.cmake
-- Up-to-date: /home/ubuntu/rrst-ros2-ws/install/example/share/example/package.xml
