/usr/bin/figlet
-- Using the multi-header code from /home/ubuntu/rrst-ros2-ws/build/nr26_r2_hw_ctrl/_deps/nlohmann_json-src/include/
-- Found ament_cmake: 2.5.3 (/opt/ros/jazzy/share/ament_cmake/cmake)
-- Found rclcpp: 28.1.8 (/opt/ros/jazzy/share/rclcpp/cmake)
-- Found rosidl_generator_c: 4.6.5 (/opt/ros/jazzy/share/rosidl_generator_c/cmake)
-- Found rosidl_generator_cpp: 4.6.5 (/opt/ros/jazzy/share/rosidl_generator_cpp/cmake)
-- Using all available rosidl_typesupport_c: rosidl_typesupport_fastrtps_c;rosidl_typesupport_introspection_c
-- Using all available rosidl_typesupport_cpp: rosidl_typesupport_fastrtps_cpp;rosidl_typesupport_introspection_cpp
-- Found rmw_implementation_cmake: 7.3.2 (/opt/ros/jazzy/share/rmw_implementation_cmake/cmake)
-- Found rmw_fastrtps_cpp: 8.4.2 (/opt/ros/jazzy/share/rmw_fastrtps_cpp/cmake)
-- Using RMW implementation 'rmw_fastrtps_cpp' as default
-- Found std_msgs: 5.3.6 (/opt/ros/jazzy/share/std_msgs/cmake)
-- Found sensor_msgs: 5.3.6 (/opt/ros/jazzy/share/sensor_msgs/cmake)
-- Found tf2: 0.36.9 (/opt/ros/jazzy/share/tf2/cmake)
-- Found tf2_ros: 0.36.9 (/opt/ros/jazzy/share/tf2_ros/cmake)
-- Found tf2_geometry_msgs: 0.36.9 (/opt/ros/jazzy/share/tf2_geometry_msgs/cmake)
-- Found eigen3_cmake_module: 0.3.0 (/opt/ros/jazzy/share/eigen3_cmake_module/cmake)
-- Ensuring Eigen3 include directory is part of orocos-kdl CMake target
-- Found visualization_msgs: 5.3.6 (/opt/ros/jazzy/share/visualization_msgs/cmake)
-- Found OpenCV: /usr (found version "4.6.0") 
-- Found cv_bridge: 4.1.0 (/opt/ros/jazzy/share/cv_bridge/cmake)
-- Found nav_msgs: 5.3.6 (/opt/ros/jazzy/share/nav_msgs/cmake)
-- Found ament_lint_auto: 0.17.2 (/opt/ros/jazzy/share/ament_lint_auto/cmake)
-- Added test 'cppcheck' to perform static code analysis on C / C++ code
-- Configured cppcheck include dirs: 
-- Configured cppcheck exclude dirs and/or files: 
-- Added test 'lint_cmake' to check CMake code style
-- Added test 'uncrustify' to check C / C++ code style
-- Configured uncrustify additional arguments: 
-- Added test 'xmllint' to check XML markup files
-- Configuring done (2.5s)
-- Generating done (0.1s)
-- Build files have been written to: /home/ubuntu/rrst-ros2-ws/build/nr26_r2_hw_ctrl
[  6%] [32mBuilding CXX object CMakeFiles/r2_mc.dir/src/R2_MotionCtrl.cpp.o[0m
[ 12%] [32mBuilding CXX object CMakeFiles/r2_tuner.dir/src/R2_Tuner.cpp.o[0m
[ 18%] [32mBuilding CXX object CMakeFiles/nr26_r2_action.dir/src/NR26_R2_Action.cpp.o[0m
[ 25%] [32mBuilding CXX object CMakeFiles/r2_auto.dir/src/R2_AutoDrive.cpp.o[0m
[ 31%] [32mBuilding CXX object CMakeFiles/r2_md.dir/src/R2_MecanumDrive.cpp.o[0m
[ 37%] [32mBuilding CXX object CMakeFiles/optical_flow_odom.dir/src/NR26_OpticalFlow_Odom.cpp.o[0m
[ 50%] [32mBuilding CXX object CMakeFiles/r2_hand_xy.dir/src/R2_HandXY.cpp.o[0m
[ 50%] [32mBuilding CXX object CMakeFiles/nr26_r2_move.dir/src/NR26_R2_Move.cpp.o[0m
[ 56%] [32m[1mLinking CXX executable optical_flow_odom[0m
[ 56%] Built target optical_flow_odom
[ 62%] [32m[1mLinking CXX executable r2_hand_xy[0m
[ 68%] [32m[1mLinking CXX executable r2_tuner[0m
[ 68%] Built target r2_hand_xy
[ 68%] Built target r2_tuner
[ 75%] [32m[1mLinking CXX executable r2_mc[0m
[ 75%] Built target r2_mc
[ 81%] [32m[1mLinking CXX executable r2_auto[0m
[ 81%] Built target r2_auto
[ 87%] [32m[1mLinking CXX executable r2_md[0m
[ 93%] [32m[1mLinking CXX executable nr26_r2_action[0m
[ 93%] Built target r2_md
[ 93%] Built target nr26_r2_action
[100%] [32m[1mLinking CXX executable nr26_r2_move[0m
[100%] Built target nr26_r2_move
