[0.040s] Invoking command in '/home/ubuntu/rrst-ros2-ws/build/example': CMAKE_PREFIX_PATH=${CMAKE_PREFIX_PATH}:/opt/ros/jazzy DEBUGINFOD_URLS=https://debuginfod.ubuntu.com /usr/bin/cmake /home/ubuntu/rrst-ros2-ws/example -DCMAKE_INSTALL_PREFIX=/home/ubuntu/rrst-ros2-ws/install/example
[0.273s] -- The C compiler identification is GNU 13.3.0
[0.453s] -- The CXX compiler identification is GNU 13.3.0
[0.481s] -- Detecting C compiler ABI info
[0.631s] -- Detecting C compiler ABI info - done
[0.645s] -- Check for working C compiler: /usr/bin/cc - skipped
[0.648s] -- Detecting C compile features
[0.649s] -- Detecting C compile features - done
[0.667s] -- Detecting CXX compiler ABI info
[0.842s] -- Detecting CXX compiler ABI info - done
[0.866s] -- Check for working CXX compiler: /usr/bin/c++ - skipped
[0.867s] -- Detecting CXX compile features
[0.868s] -- Detecting CXX compile features - done
[0.879s] -- Found ament_cmake: 2.5.3 (/opt/ros/jazzy/share/ament_cmake/cmake)
[1.228s] -- Found Python3: /usr/bin/python3 (found version "3.12.3") found components: Interpreter 
[1.418s] -- Found rclcpp: 28.1.8 (/opt/ros/jazzy/share/rclcpp/cmake)
[1.500s] -- Found rosidl_generator_c: 4.6.5 (/opt/ros/jazzy/share/rosidl_generator_c/cmake)
[1.522s] -- Found rosidl_generator_cpp: 4.6.5 (/opt/ros/jazzy/share/rosidl_generator_cpp/cmake)
[1.547s] -- Using all available rosidl_typesupport_c: rosidl_typesupport_fastrtps_c;rosidl_typesupport_introspection_c
[1.577s] -- Using all available rosidl_typesupport_cpp: rosidl_typesupport_fastrtps_cpp;rosidl_typesupport_introspection_cpp
[1.715s] -- Found rmw_implementation_cmake: 7.3.2 (/opt/ros/jazzy/share/rmw_implementation_cmake/cmake)
[1.724s] -- Found rmw_fastrtps_cpp: 8.4.2 (/opt/ros/jazzy/share/rmw_fastrtps_cpp/cmake)
[1.901s] -- Found OpenSSL: /usr/lib/x86_64-linux-gnu/libcrypto.so (found version "3.0.13")  
[1.947s] -- Found FastRTPS: /opt/ros/jazzy/include (Required is at least version "2.13") 
[2.008s] -- Using RMW implementation 'rmw_fastrtps_cpp' as default
[2.233s] -- Found std_msgs: 5.3.6 (/opt/ros/jazzy/share/std_msgs/cmake)
[2.275s] -- Found sensor_msgs: 5.3.6 (/opt/ros/jazzy/share/sensor_msgs/cmake)
[2.386s] -- Found ament_lint_auto: 0.17.2 (/opt/ros/jazzy/share/ament_lint_auto/cmake)
[2.541s] -- Added test 'cppcheck' to perform static code analysis on C / C++ code
[2.541s] -- Configured cppcheck include dirs: 
[2.541s] -- Configured cppcheck exclude dirs and/or files: 
[2.543s] -- Added test 'lint_cmake' to check CMake code style
[2.546s] -- Added test 'uncrustify' to check C / C++ code style
[2.546s] -- Configured uncrustify additional arguments: 
[2.547s] -- Added test 'xmllint' to check XML markup files
[2.551s] -- Configuring done (2.5s)
[2.604s] -- Generating done (0.0s)
[2.627s] -- Build files have been written to: /home/ubuntu/rrst-ros2-ws/build/example
[2.658s] Invoked command in '/home/ubuntu/rrst-ros2-ws/build/example' returned '0': CMAKE_PREFIX_PATH=${CMAKE_PREFIX_PATH}:/opt/ros/jazzy DEBUGINFOD_URLS=https://debuginfod.ubuntu.com /usr/bin/cmake /home/ubuntu/rrst-ros2-ws/example -DCMAKE_INSTALL_PREFIX=/home/ubuntu/rrst-ros2-ws/install/example
[2.661s] Invoking command in '/home/ubuntu/rrst-ros2-ws/build/example': CMAKE_PREFIX_PATH=${CMAKE_PREFIX_PATH}:/opt/ros/jazzy DEBUGINFOD_URLS=https://debuginfod.ubuntu.com /usr/bin/cmake --build /home/ubuntu/rrst-ros2-ws/build/example -- -j12 -l12
[2.751s] [  8%] [32mBuilding CXX object CMakeFiles/udp_send.dir/src/include/IP.cpp.o[0m
[2.754s] [ 33%] [32mBuilding CXX object CMakeFiles/udp_send.dir/src/include/UDP.cpp.o[0m
[2.755s] [ 33%] [32mBuilding CXX object CMakeFiles/ps4_listener.dir/src/PS4_Listener.cpp.o[0m
[2.755s] [ 33%] [32mBuilding CXX object CMakeFiles/simple_pub.dir/src/Simple_Publisher.cpp.o[0m
[2.755s] [ 41%] [32mBuilding CXX object CMakeFiles/simple_sub.dir/src/Simple_Subscriber.cpp.o[0m
[2.756s] [ 50%] [32mBuilding CXX object CMakeFiles/usb_serial.dir/src/Simple_Subscriber.cpp.o[0m
[2.767s] [ 58%] [32mBuilding CXX object CMakeFiles/udp_send.dir/src/UDP_Send.cpp.o[0m
[12.101s] [ 66%] [32m[1mLinking CXX executable simple_pub[0m
[12.543s] [ 66%] Built target simple_pub
[17.479s] [ 75%] [32m[1mLinking CXX executable usb_serial[0m
[17.927s] [ 75%] Built target usb_serial
[18.696s] [ 83%] [32m[1mLinking CXX executable ps4_listener[0m
[19.012s] [ 91%] [32m[1mLinking CXX executable simple_sub[0m
[19.105s] [ 91%] Built target ps4_listener
[19.310s] [100%] [32m[1mLinking CXX executable udp_send[0m
[19.387s] [100%] Built target simple_sub
[19.758s] [100%] Built target udp_send
[19.775s] Invoked command in '/home/ubuntu/rrst-ros2-ws/build/example' returned '0': CMAKE_PREFIX_PATH=${CMAKE_PREFIX_PATH}:/opt/ros/jazzy DEBUGINFOD_URLS=https://debuginfod.ubuntu.com /usr/bin/cmake --build /home/ubuntu/rrst-ros2-ws/build/example -- -j12 -l12
[19.778s] Invoking command in '/home/ubuntu/rrst-ros2-ws/build/example': CMAKE_PREFIX_PATH=${CMAKE_PREFIX_PATH}:/opt/ros/jazzy DEBUGINFOD_URLS=https://debuginfod.ubuntu.com /usr/bin/cmake --install /home/ubuntu/rrst-ros2-ws/build/example
[19.795s] -- Install configuration: ""
[19.795s] -- Installing: /home/ubuntu/rrst-ros2-ws/install/example/lib/example/ps4_listener
[19.802s] -- Set non-toolchain portion of runtime path of "/home/ubuntu/rrst-ros2-ws/install/example/lib/example/ps4_listener" to ""
[19.802s] -- Installing: /home/ubuntu/rrst-ros2-ws/install/example/lib/example/udp_send
[19.808s] -- Set non-toolchain portion of runtime path of "/home/ubuntu/rrst-ros2-ws/install/example/lib/example/udp_send" to ""
[19.808s] -- Installing: /home/ubuntu/rrst-ros2-ws/install/example/lib/example/simple_pub
[19.810s] -- Set non-toolchain portion of runtime path of "/home/ubuntu/rrst-ros2-ws/install/example/lib/example/simple_pub" to ""
[19.810s] -- Installing: /home/ubuntu/rrst-ros2-ws/install/example/lib/example/simple_sub
[19.816s] -- Set non-toolchain portion of runtime path of "/home/ubuntu/rrst-ros2-ws/install/example/lib/example/simple_sub" to ""
[19.816s] -- Installing: /home/ubuntu/rrst-ros2-ws/install/example/lib/example/usb_serial
[19.823s] -- Set non-toolchain portion of runtime path of "/home/ubuntu/rrst-ros2-ws/install/example/lib/example/usb_serial" to ""
[19.823s] -- Installing: /home/ubuntu/rrst-ros2-ws/install/example/share/ament_index/resource_index/package_run_dependencies/example
[19.823s] -- Installing: /home/ubuntu/rrst-ros2-ws/install/example/share/ament_index/resource_index/parent_prefix_path/example
[19.824s] -- Installing: /home/ubuntu/rrst-ros2-ws/install/example/share/example/environment/ament_prefix_path.sh
[19.824s] -- Installing: /home/ubuntu/rrst-ros2-ws/install/example/share/example/environment/ament_prefix_path.dsv
[19.825s] -- Installing: /home/ubuntu/rrst-ros2-ws/install/example/share/example/environment/path.sh
[19.825s] -- Installing: /home/ubuntu/rrst-ros2-ws/install/example/share/example/environment/path.dsv
[19.825s] -- Installing: /home/ubuntu/rrst-ros2-ws/install/example/share/example/local_setup.bash
[19.825s] -- Installing: /home/ubuntu/rrst-ros2-ws/install/example/share/example/local_setup.sh
[19.825s] -- Installing: /home/ubuntu/rrst-ros2-ws/install/example/share/example/local_setup.zsh
[19.826s] -- Installing: /home/ubuntu/rrst-ros2-ws/install/example/share/example/local_setup.dsv
[19.826s] -- Installing: /home/ubuntu/rrst-ros2-ws/install/example/share/example/package.dsv
[19.826s] -- Installing: /home/ubuntu/rrst-ros2-ws/install/example/share/ament_index/resource_index/packages/example
[19.826s] -- Installing: /home/ubuntu/rrst-ros2-ws/install/example/share/example/cmake/exampleConfig.cmake
[19.827s] -- Installing: /home/ubuntu/rrst-ros2-ws/install/example/share/example/cmake/exampleConfig-version.cmake
[19.827s] -- Installing: /home/ubuntu/rrst-ros2-ws/install/example/share/example/package.xml
[19.830s] Invoked command in '/home/ubuntu/rrst-ros2-ws/build/example' returned '0': CMAKE_PREFIX_PATH=${CMAKE_PREFIX_PATH}:/opt/ros/jazzy DEBUGINFOD_URLS=https://debuginfod.ubuntu.com /usr/bin/cmake --install /home/ubuntu/rrst-ros2-ws/build/example
