[  6%] Built target nr25_mr
[ 10%] Built target nr25_mr_omni
[ 14%] Built target nr25_enc_pid
[ 17%] Built target nr25_pr
[ 21%] Built target nr25_dr_omni
[ 25%] Built target nr25_enc
[ 28%] Built target nr25_vel2js
[ 37%] Built target nr25_dr
[ 40%] Built target nr25_dr_sd
[ 46%] Built target nr25_mr_sd
[ 54%] Built target nr25_dr_c610
[ 57%] Built target nr25_pid
[ 60%] Built target nr25_dr_servo_cal
[ 64%] Built target nr25_dr_pr
[ 67%] Built target nr25_mr_servo_cal
[ 70%] Built target nr25_dr_hcsr04
[ 73%] Built target ld19_fs
[ 81%] Built target mb_tester
[ 81%] Built target pid_tuner
[ 87%] Built target nr25_led
[ 93%] Built target pid_wip
[100%] Built target temp
-- Install configuration: ""
-- Up-to-date: /home/ubuntu/rrst-ros2-ws/install/ros2udp/lib/ros2udp/nr25_mr
-- Up-to-date: /home/ubuntu/rrst-ros2-ws/install/ros2udp/lib/ros2udp/nr25_mr_omni
-- Up-to-date: /home/ubuntu/rrst-ros2-ws/install/ros2udp/lib/ros2udp/nr25_mr_sd
-- Up-to-date: /home/ubuntu/rrst-ros2-ws/install/ros2udp/lib/ros2udp/nr25_dr
-- Up-to-date: /home/ubuntu/rrst-ros2-ws/install/ros2udp/lib/ros2udp/nr25_dr_omni
-- Up-to-date: /home/ubuntu/rrst-ros2-ws/install/ros2udp/lib/ros2udp/nr25_dr_sd
-- Up-to-date: /home/ubuntu/rrst-ros2-ws/install/ros2udp/lib/ros2udp/nr25_enc
-- Up-to-date: /home/ubuntu/rrst-ros2-ws/install/ros2udp/lib/ros2udp/nr25_pr
-- Up-to-date: /home/ubuntu/rrst-ros2-ws/install/ros2udp/lib/ros2udp/nr25_vel2js
-- Up-to-date: /home/ubuntu/rrst-ros2-ws/install/ros2udp/lib/ros2udp/nr25_enc_pid
-- Up-to-date: /home/ubuntu/rrst-ros2-ws/install/ros2udp/lib/ros2udp/nr25_pid
-- Up-to-date: /home/ubuntu/rrst-ros2-ws/install/ros2udp/lib/ros2udp/nr25_dr_c610
-- Up-to-date: /home/ubuntu/rrst-ros2-ws/install/ros2udp/lib/ros2udp/nr25_mr_servo_cal
-- Up-to-date: /home/ubuntu/rrst-ros2-ws/install/ros2udp/lib/ros2udp/nr25_dr_servo_cal
-- Up-to-date: /home/ubuntu/rrst-ros2-ws/install/ros2udp/lib/ros2udp/nr25_dr_pr
-- Up-to-date: /home/ubuntu/rrst-ros2-ws/install/ros2udp/lib/ros2udp/nr25_dr_hcsr04
-- Up-to-date: /home/ubuntu/rrst-ros2-ws/install/ros2udp/lib/ros2udp/mb_tester
-- Up-to-date: /home/ubuntu/rrst-ros2-ws/install/ros2udp/lib/ros2udp/ld19_fs
-- Up-to-date: /home/ubuntu/rrst-ros2-ws/install/ros2udp/lib/ros2udp/pid_wip
-- Up-to-date: /home/ubuntu/rrst-ros2-ws/install/ros2udp/lib/ros2udp/pid_tuner
-- Up-to-date: /home/ubuntu/rrst-ros2-ws/install/ros2udp/lib/ros2udp/nr25_led
-- Up-to-date: /home/ubuntu/rrst-ros2-ws/install/ros2udp/lib/ros2udp/temp
-- Up-to-date: /home/ubuntu/rrst-ros2-ws/install/ros2udp/share/ros2udp/launch
-- Up-to-date: /home/ubuntu/rrst-ros2-ws/install/ros2udp/share/ros2udp/launch/nr25_mr.py
-- Up-to-date: /home/ubuntu/rrst-ros2-ws/install/ros2udp/share/ros2udp/launch/nr25_dr.py
-- Up-to-date: /home/ubuntu/rrst-ros2-ws/install/ros2udp/share/ament_index/resource_index/package_run_dependencies/ros2udp
-- Up-to-date: /home/ubuntu/rrst-ros2-ws/install/ros2udp/share/ament_index/resource_index/parent_prefix_path/ros2udp
-- Up-to-date: /home/ubuntu/rrst-ros2-ws/install/ros2udp/share/ros2udp/environment/ament_prefix_path.sh
-- Up-to-date: /home/ubuntu/rrst-ros2-ws/install/ros2udp/share/ros2udp/environment/ament_prefix_path.dsv
-- Up-to-date: /home/ubuntu/rrst-ros2-ws/install/ros2udp/share/ros2udp/environment/path.sh
-- Up-to-date: /home/ubuntu/rrst-ros2-ws/install/ros2udp/share/ros2udp/environment/path.dsv
-- Up-to-date: /home/ubuntu/rrst-ros2-ws/install/ros2udp/share/ros2udp/local_setup.bash
-- Up-to-date: /home/ubuntu/rrst-ros2-ws/install/ros2udp/share/ros2udp/local_setup.sh
-- Up-to-date: /home/ubuntu/rrst-ros2-ws/install/ros2udp/share/ros2udp/local_setup.zsh
-- Up-to-date: /home/ubuntu/rrst-ros2-ws/install/ros2udp/share/ros2udp/local_setup.dsv
-- Installing: /home/ubuntu/rrst-ros2-ws/install/ros2udp/share/ros2udp/package.dsv
-- Up-to-date: /home/ubuntu/rrst-ros2-ws/install/ros2udp/share/ament_index/resource_index/packages/ros2udp
-- Up-to-date: /home/ubuntu/rrst-ros2-ws/install/ros2udp/share/ros2udp/cmake/ros2udpConfig.cmake
-- Up-to-date: /home/ubuntu/rrst-ros2-ws/install/ros2udp/share/ros2udp/cmake/ros2udpConfig-version.cmake
-- Up-to-date: /home/ubuntu/rrst-ros2-ws/install/ros2udp/share/ros2udp/package.xml
