[0.054s] Invoking command in '/home/ubuntu/rrst-ros2-ws/build/ros2udp': CMAKE_PREFIX_PATH=${CMAKE_PREFIX_PATH}:/opt/ros/jazzy DEBUGINFOD_URLS=https://debuginfod.ubuntu.com /usr/bin/cmake --build /home/ubuntu/rrst-ros2-ws/build/ros2udp -- -j12 -l12
[0.331s] [  6%] Built target nr25_mr
[0.332s] [ 10%] Built target nr25_mr_omni
[0.334s] [ 14%] Built target nr25_enc_pid
[0.334s] [ 17%] Built target nr25_pr
[0.339s] [ 21%] Built target nr25_dr_omni
[0.339s] [ 25%] Built target nr25_enc
[0.344s] [ 28%] Built target nr25_vel2js
[0.359s] [ 37%] Built target nr25_dr
[0.359s] [ 40%] Built target nr25_dr_sd
[0.372s] [ 46%] Built target nr25_mr_sd
[0.383s] [ 54%] Built target nr25_dr_c610
[0.383s] [ 57%] Built target nr25_pid
[0.396s] [ 60%] Built target nr25_dr_servo_cal
[0.402s] [ 64%] Built target nr25_dr_pr
[0.405s] [ 67%] Built target nr25_mr_servo_cal
[0.407s] [ 70%] Built target nr25_dr_hcsr04
[0.413s] [ 73%] Built target ld19_fs
[0.417s] [ 81%] Built target mb_tester
[0.417s] [ 81%] Built target pid_tuner
[0.423s] [ 87%] Built target nr25_led
[0.423s] [ 93%] Built target pid_wip
[0.445s] [100%] Built target temp
[0.498s] Invoked command in '/home/ubuntu/rrst-ros2-ws/build/ros2udp' returned '0': CMAKE_PREFIX_PATH=${CMAKE_PREFIX_PATH}:/opt/ros/jazzy DEBUGINFOD_URLS=https://debuginfod.ubuntu.com /usr/bin/cmake --build /home/ubuntu/rrst-ros2-ws/build/ros2udp -- -j12 -l12
[0.498s] Invoking command in '/home/ubuntu/rrst-ros2-ws/build/ros2udp': CMAKE_PREFIX_PATH=${CMAKE_PREFIX_PATH}:/opt/ros/jazzy DEBUGINFOD_URLS=https://debuginfod.ubuntu.com /usr/bin/cmake --install /home/ubuntu/rrst-ros2-ws/build/ros2udp
[0.507s] -- Install configuration: ""
[0.507s] -- Up-to-date: /home/ubuntu/rrst-ros2-ws/install/ros2udp/lib/ros2udp/nr25_mr
[0.507s] -- Up-to-date: /home/ubuntu/rrst-ros2-ws/install/ros2udp/lib/ros2udp/nr25_mr_omni
[0.508s] -- Up-to-date: /home/ubuntu/rrst-ros2-ws/install/ros2udp/lib/ros2udp/nr25_mr_sd
[0.508s] -- Up-to-date: /home/ubuntu/rrst-ros2-ws/install/ros2udp/lib/ros2udp/nr25_dr
[0.509s] -- Up-to-date: /home/ubuntu/rrst-ros2-ws/install/ros2udp/lib/ros2udp/nr25_dr_omni
[0.510s] -- Up-to-date: /home/ubuntu/rrst-ros2-ws/install/ros2udp/lib/ros2udp/nr25_dr_sd
[0.511s] -- Up-to-date: /home/ubuntu/rrst-ros2-ws/install/ros2udp/lib/ros2udp/nr25_enc
[0.512s] -- Up-to-date: /home/ubuntu/rrst-ros2-ws/install/ros2udp/lib/ros2udp/nr25_pr
[0.513s] -- Up-to-date: /home/ubuntu/rrst-ros2-ws/install/ros2udp/lib/ros2udp/nr25_vel2js
[0.513s] -- Up-to-date: /home/ubuntu/rrst-ros2-ws/install/ros2udp/lib/ros2udp/nr25_enc_pid
[0.514s] -- Up-to-date: /home/ubuntu/rrst-ros2-ws/install/ros2udp/lib/ros2udp/nr25_pid
[0.515s] -- Up-to-date: /home/ubuntu/rrst-ros2-ws/install/ros2udp/lib/ros2udp/nr25_dr_c610
[0.515s] -- Up-to-date: /home/ubuntu/rrst-ros2-ws/install/ros2udp/lib/ros2udp/nr25_mr_servo_cal
[0.515s] -- Up-to-date: /home/ubuntu/rrst-ros2-ws/install/ros2udp/lib/ros2udp/nr25_dr_servo_cal
[0.516s] -- Up-to-date: /home/ubuntu/rrst-ros2-ws/install/ros2udp/lib/ros2udp/nr25_dr_pr
[0.516s] -- Up-to-date: /home/ubuntu/rrst-ros2-ws/install/ros2udp/lib/ros2udp/nr25_dr_hcsr04
[0.516s] -- Up-to-date: /home/ubuntu/rrst-ros2-ws/install/ros2udp/lib/ros2udp/mb_tester
[0.518s] -- Up-to-date: /home/ubuntu/rrst-ros2-ws/install/ros2udp/lib/ros2udp/ld19_fs
[0.518s] -- Up-to-date: /home/ubuntu/rrst-ros2-ws/install/ros2udp/lib/ros2udp/pid_wip
[0.518s] -- Up-to-date: /home/ubuntu/rrst-ros2-ws/install/ros2udp/lib/ros2udp/pid_tuner
[0.519s] -- Up-to-date: /home/ubuntu/rrst-ros2-ws/install/ros2udp/lib/ros2udp/nr25_led
[0.519s] -- Up-to-date: /home/ubuntu/rrst-ros2-ws/install/ros2udp/lib/ros2udp/temp
[0.520s] -- Up-to-date: /home/ubuntu/rrst-ros2-ws/install/ros2udp/share/ros2udp/launch
[0.520s] -- Up-to-date: /home/ubuntu/rrst-ros2-ws/install/ros2udp/share/ros2udp/launch/nr25_mr.py
[0.520s] -- Up-to-date: /home/ubuntu/rrst-ros2-ws/install/ros2udp/share/ros2udp/launch/nr25_dr.py
[0.520s] -- Up-to-date: /home/ubuntu/rrst-ros2-ws/install/ros2udp/share/ament_index/resource_index/package_run_dependencies/ros2udp
[0.520s] -- Up-to-date: /home/ubuntu/rrst-ros2-ws/install/ros2udp/share/ament_index/resource_index/parent_prefix_path/ros2udp
[0.520s] -- Up-to-date: /home/ubuntu/rrst-ros2-ws/install/ros2udp/share/ros2udp/environment/ament_prefix_path.sh
[0.520s] -- Up-to-date: /home/ubuntu/rrst-ros2-ws/install/ros2udp/share/ros2udp/environment/ament_prefix_path.dsv
[0.520s] -- Up-to-date: /home/ubuntu/rrst-ros2-ws/install/ros2udp/share/ros2udp/environment/path.sh
[0.520s] -- Up-to-date: /home/ubuntu/rrst-ros2-ws/install/ros2udp/share/ros2udp/environment/path.dsv
[0.521s] -- Up-to-date: /home/ubuntu/rrst-ros2-ws/install/ros2udp/share/ros2udp/local_setup.bash
[0.521s] -- Up-to-date: /home/ubuntu/rrst-ros2-ws/install/ros2udp/share/ros2udp/local_setup.sh
[0.521s] -- Up-to-date: /home/ubuntu/rrst-ros2-ws/install/ros2udp/share/ros2udp/local_setup.zsh
[0.521s] -- Up-to-date: /home/ubuntu/rrst-ros2-ws/install/ros2udp/share/ros2udp/local_setup.dsv
[0.521s] -- Installing: /home/ubuntu/rrst-ros2-ws/install/ros2udp/share/ros2udp/package.dsv
[0.521s] -- Up-to-date: /home/ubuntu/rrst-ros2-ws/install/ros2udp/share/ament_index/resource_index/packages/ros2udp
[0.521s] -- Up-to-date: /home/ubuntu/rrst-ros2-ws/install/ros2udp/share/ros2udp/cmake/ros2udpConfig.cmake
[0.521s] -- Up-to-date: /home/ubuntu/rrst-ros2-ws/install/ros2udp/share/ros2udp/cmake/ros2udpConfig-version.cmake
[0.521s] -- Up-to-date: /home/ubuntu/rrst-ros2-ws/install/ros2udp/share/ros2udp/package.xml
[0.550s] Invoked command in '/home/ubuntu/rrst-ros2-ws/build/ros2udp' returned '0': CMAKE_PREFIX_PATH=${CMAKE_PREFIX_PATH}:/opt/ros/jazzy DEBUGINFOD_URLS=https://debuginfod.ubuntu.com /usr/bin/cmake --install /home/ubuntu/rrst-ros2-ws/build/ros2udp
