[0.043s] Invoking command in '/home/ubuntu/rrst-ros2-ws/build/ros2udp': CMAKE_PREFIX_PATH=${CMAKE_PREFIX_PATH}:/opt/ros/jazzy DEBUGINFOD_URLS=https://debuginfod.ubuntu.com /usr/bin/cmake --build /home/ubuntu/rrst-ros2-ws/build/ros2udp -- -j12 -l12
[0.310s] [  9%] Built target nr25_dr
[0.312s] [ 14%] Built target nr25_dr_omni
[0.316s] [ 17%] Built target nr25_mr_sd
[0.318s] [ 21%] Built target nr25_mr_omni
[0.325s] [ 26%] Built target nr25_pid
[0.333s] [ 29%] Built target nr25_vel2js
[0.339s] [ 35%] Built target nr25_dr_sd
[0.341s] [ 45%] Built target nr25_enc
[0.346s] [ 48%] Built target nr25_mr
[0.346s] [ 51%] Built target nr25_pr
[0.346s] [ 54%] Built target nr25_dr_c610
[0.354s] [ 57%] Built target nr25_enc_pid
[0.385s] [ 60%] Built target nr25_dr_hcsr04
[0.387s] [ 64%] Built target nr25_mr_servo_cal
[0.391s] [ 67%] Built target nr25_dr_servo_cal
[0.392s] [ 70%] Built target ld19_fs
[0.400s] [ 76%] Built target nr25_led
[0.400s] [ 81%] Built target mb_tester
[0.400s] [ 87%] Built target pid_wip
[0.402s] [ 90%] Built target pid_tuner
[0.403s] [ 93%] Built target nr25_dr_pr
[0.403s] [100%] Built target temp
[0.470s] Invoked command in '/home/ubuntu/rrst-ros2-ws/build/ros2udp' returned '0': CMAKE_PREFIX_PATH=${CMAKE_PREFIX_PATH}:/opt/ros/jazzy DEBUGINFOD_URLS=https://debuginfod.ubuntu.com /usr/bin/cmake --build /home/ubuntu/rrst-ros2-ws/build/ros2udp -- -j12 -l12
[0.479s] Invoking command in '/home/ubuntu/rrst-ros2-ws/build/ros2udp': CMAKE_PREFIX_PATH=${CMAKE_PREFIX_PATH}:/opt/ros/jazzy DEBUGINFOD_URLS=https://debuginfod.ubuntu.com /usr/bin/cmake --install /home/ubuntu/rrst-ros2-ws/build/ros2udp
[0.494s] -- Install configuration: ""
[0.495s] -- Up-to-date: /home/ubuntu/rrst-ros2-ws/install/ros2udp/lib/ros2udp/nr25_mr
[0.496s] -- Up-to-date: /home/ubuntu/rrst-ros2-ws/install/ros2udp/lib/ros2udp/nr25_mr_omni
[0.496s] -- Up-to-date: /home/ubuntu/rrst-ros2-ws/install/ros2udp/lib/ros2udp/nr25_mr_sd
[0.496s] -- Up-to-date: /home/ubuntu/rrst-ros2-ws/install/ros2udp/lib/ros2udp/nr25_dr
[0.497s] -- Up-to-date: /home/ubuntu/rrst-ros2-ws/install/ros2udp/lib/ros2udp/nr25_dr_omni
[0.497s] -- Up-to-date: /home/ubuntu/rrst-ros2-ws/install/ros2udp/lib/ros2udp/nr25_dr_sd
[0.497s] -- Up-to-date: /home/ubuntu/rrst-ros2-ws/install/ros2udp/lib/ros2udp/nr25_enc
[0.497s] -- Up-to-date: /home/ubuntu/rrst-ros2-ws/install/ros2udp/lib/ros2udp/nr25_pr
[0.497s] -- Up-to-date: /home/ubuntu/rrst-ros2-ws/install/ros2udp/lib/ros2udp/nr25_vel2js
[0.498s] -- Up-to-date: /home/ubuntu/rrst-ros2-ws/install/ros2udp/lib/ros2udp/nr25_enc_pid
[0.498s] -- Up-to-date: /home/ubuntu/rrst-ros2-ws/install/ros2udp/lib/ros2udp/nr25_pid
[0.498s] -- Up-to-date: /home/ubuntu/rrst-ros2-ws/install/ros2udp/lib/ros2udp/nr25_dr_c610
[0.499s] -- Up-to-date: /home/ubuntu/rrst-ros2-ws/install/ros2udp/lib/ros2udp/nr25_mr_servo_cal
[0.499s] -- Up-to-date: /home/ubuntu/rrst-ros2-ws/install/ros2udp/lib/ros2udp/nr25_dr_servo_cal
[0.499s] -- Up-to-date: /home/ubuntu/rrst-ros2-ws/install/ros2udp/lib/ros2udp/nr25_dr_pr
[0.499s] -- Up-to-date: /home/ubuntu/rrst-ros2-ws/install/ros2udp/lib/ros2udp/nr25_dr_hcsr04
[0.500s] -- Up-to-date: /home/ubuntu/rrst-ros2-ws/install/ros2udp/lib/ros2udp/mb_tester
[0.500s] -- Up-to-date: /home/ubuntu/rrst-ros2-ws/install/ros2udp/lib/ros2udp/ld19_fs
[0.500s] -- Up-to-date: /home/ubuntu/rrst-ros2-ws/install/ros2udp/lib/ros2udp/pid_wip
[0.501s] -- Up-to-date: /home/ubuntu/rrst-ros2-ws/install/ros2udp/lib/ros2udp/pid_tuner
[0.501s] -- Up-to-date: /home/ubuntu/rrst-ros2-ws/install/ros2udp/lib/ros2udp/nr25_led
[0.501s] -- Up-to-date: /home/ubuntu/rrst-ros2-ws/install/ros2udp/lib/ros2udp/temp
[0.501s] -- Up-to-date: /home/ubuntu/rrst-ros2-ws/install/ros2udp/share/ros2udp/launch
[0.502s] -- Up-to-date: /home/ubuntu/rrst-ros2-ws/install/ros2udp/share/ros2udp/launch/nr25_mr.py
[0.502s] -- Up-to-date: /home/ubuntu/rrst-ros2-ws/install/ros2udp/share/ros2udp/launch/nr25_dr.py
[0.503s] -- Up-to-date: /home/ubuntu/rrst-ros2-ws/install/ros2udp/share/ament_index/resource_index/package_run_dependencies/ros2udp
[0.503s] -- Up-to-date: /home/ubuntu/rrst-ros2-ws/install/ros2udp/share/ament_index/resource_index/parent_prefix_path/ros2udp
[0.503s] -- Up-to-date: /home/ubuntu/rrst-ros2-ws/install/ros2udp/share/ros2udp/environment/ament_prefix_path.sh
[0.503s] -- Up-to-date: /home/ubuntu/rrst-ros2-ws/install/ros2udp/share/ros2udp/environment/ament_prefix_path.dsv
[0.504s] -- Up-to-date: /home/ubuntu/rrst-ros2-ws/install/ros2udp/share/ros2udp/environment/path.sh
[0.504s] -- Up-to-date: /home/ubuntu/rrst-ros2-ws/install/ros2udp/share/ros2udp/environment/path.dsv
[0.504s] -- Up-to-date: /home/ubuntu/rrst-ros2-ws/install/ros2udp/share/ros2udp/local_setup.bash
[0.504s] -- Up-to-date: /home/ubuntu/rrst-ros2-ws/install/ros2udp/share/ros2udp/local_setup.sh
[0.504s] -- Up-to-date: /home/ubuntu/rrst-ros2-ws/install/ros2udp/share/ros2udp/local_setup.zsh
[0.505s] -- Up-to-date: /home/ubuntu/rrst-ros2-ws/install/ros2udp/share/ros2udp/local_setup.dsv
[0.505s] -- Installing: /home/ubuntu/rrst-ros2-ws/install/ros2udp/share/ros2udp/package.dsv
[0.505s] -- Up-to-date: /home/ubuntu/rrst-ros2-ws/install/ros2udp/share/ament_index/resource_index/packages/ros2udp
[0.505s] -- Up-to-date: /home/ubuntu/rrst-ros2-ws/install/ros2udp/share/ros2udp/cmake/ros2udpConfig.cmake
[0.505s] -- Up-to-date: /home/ubuntu/rrst-ros2-ws/install/ros2udp/share/ros2udp/cmake/ros2udpConfig-version.cmake
[0.506s] -- Up-to-date: /home/ubuntu/rrst-ros2-ws/install/ros2udp/share/ros2udp/package.xml
[0.516s] Invoked command in '/home/ubuntu/rrst-ros2-ws/build/ros2udp' returned '0': CMAKE_PREFIX_PATH=${CMAKE_PREFIX_PATH}:/opt/ros/jazzy DEBUGINFOD_URLS=https://debuginfod.ubuntu.com /usr/bin/cmake --install /home/ubuntu/rrst-ros2-ws/build/ros2udp
