-- The C compiler identification is GNU 13.3.0
-- The CXX compiler identification is GNU 13.3.0
-- Detecting C compiler ABI info
-- Detecting C compiler ABI info - done
-- Check for working C compiler: /usr/bin/cc - skipped
-- Detecting C compile features
-- Detecting C compile features - done
-- Detecting CXX compiler ABI info
-- Detecting CXX compiler ABI info - done
-- Check for working CXX compiler: /usr/bin/c++ - skipped
-- Detecting CXX compile features
-- Detecting CXX compile features - done
-- Using the multi-header code from /home/ubuntu/rrst-ros2-ws/build/ros2esp/_deps/nlohmann_json-src/include/
-- Found ament_cmake: 2.5.3 (/opt/ros/jazzy/share/ament_cmake/cmake)
-- Found Python3: /usr/bin/python3 (found version "3.12.3") found components: Interpreter 
-- Found rclcpp: 28.1.8 (/opt/ros/jazzy/share/rclcpp/cmake)
-- Found rosidl_generator_c: 4.6.5 (/opt/ros/jazzy/share/rosidl_generator_c/cmake)
-- Found rosidl_generator_cpp: 4.6.5 (/opt/ros/jazzy/share/rosidl_generator_cpp/cmake)
-- Using all available rosidl_typesupport_c: rosidl_typesupport_fastrtps_c;rosidl_typesupport_introspection_c
-- Using all available rosidl_typesupport_cpp: rosidl_typesupport_fastrtps_cpp;rosidl_typesupport_introspection_cpp
-- Found rmw_implementation_cmake: 7.3.2 (/opt/ros/jazzy/share/rmw_implementation_cmake/cmake)
-- Found rmw_fastrtps_cpp: 8.4.2 (/opt/ros/jazzy/share/rmw_fastrtps_cpp/cmake)
-- Found OpenSSL: /usr/lib/x86_64-linux-gnu/libcrypto.so (found version "3.0.13")  
-- Found FastRTPS: /opt/ros/jazzy/include (Required is at least version "2.13") 
-- Using RMW implementation 'rmw_fastrtps_cpp' as default
-- Found std_msgs: 5.3.6 (/opt/ros/jazzy/share/std_msgs/cmake)
-- Found sensor_msgs: 5.3.6 (/opt/ros/jazzy/share/sensor_msgs/cmake)
-- Found ament_lint_auto: 0.17.2 (/opt/ros/jazzy/share/ament_lint_auto/cmake)
-- Added test 'cppcheck' to perform static code analysis on C / C++ code
-- Configured cppcheck include dirs: 
-- Configured cppcheck exclude dirs and/or files: 
-- Added test 'lint_cmake' to check CMake code style
-- Added test 'uncrustify' to check C / C++ code style
-- Configured uncrustify additional arguments: 
-- Added test 'xmllint' to check XML markup files
-- Configuring done (78.4s)
-- Generating done (0.5s)
-- Build files have been written to: /home/ubuntu/rrst-ros2-ws/build/ros2esp
[  3%] [32mBuilding CXX object CMakeFiles/dokusute_tuner.dir/src/dokusute_tuner.cpp.o[0m
[  7%] [32mBuilding CXX object CMakeFiles/nr25_mr_sd.dir/src/NR25_MR_SwerveDrive.cpp.o[0m
[ 10%] [32mBuilding CXX object CMakeFiles/mb_tester.dir/src/MB_TESTER.cpp.o[0m
[ 14%] [32mBuilding CXX object CMakeFiles/pid_wip.dir/src/PID_WIP.cpp.o[0m
[ 17%] [32mBuilding CXX object CMakeFiles/mros_wip.dir/src/mROS_WIP.cpp.o[0m
[ 21%] [32mBuilding CXX object CMakeFiles/nr26_tuner.dir/src/NR26_R2_Tuner.cpp.o[0m
[ 25%] [32mBuilding CXX object CMakeFiles/nr26_r2_move.dir/src/NR26_R2_move.cpp.o[0m
[ 28%] [32mBuilding CXX object CMakeFiles/cr25_fes.dir/src/CR25_FES.cpp.o[0m
[ 32%] [32mBuilding CXX object CMakeFiles/pid_tuner.dir/src/PID_Tuner.cpp.o[0m
[ 35%] [32mBuilding CXX object CMakeFiles/nr26_omni.dir/src/NR26_omni.cpp.o[0m
[ 39%] [32mBuilding CXX object CMakeFiles/nr26_omni_fb.dir/src/NR26_omni_FB.cpp.o[0m
[ 42%] [32mBuilding CXX object CMakeFiles/dokusute_move.dir/src/dokusute_move.cpp.o[0m
[01m[K/home/ubuntu/rrst-ros2-ws/ros2esp/src/dokusute_move.cpp:[m[K In member function ‘[01m[Kvoid PS4_Listener::[01;32m[Kps4_listener_callback[m[K(sensor_msgs::msg::Joy_<std::allocator<void> >::SharedPtr)[m[K’:
[01m[K/home/ubuntu/rrst-ros2-ws/ros2esp/src/dokusute_move.cpp:187:14:[m[K [01;35m[Kwarning: [m[Kunused variable ‘[01m[KL1[m[K’ [[01;35m[K]8;;https://gcc.gnu.org/onlinedocs/gcc/Warning-Options.html#index-Wunused-variable-Wunused-variable]8;;[m[K]
  187 |         bool [01;35m[KL1[m[K = msg->buttons[4];
      |              [01;35m[K^~[m[K
[ 46%] [32m[1mLinking CXX executable mb_tester[0m
[ 46%] Built target mb_tester
[ 50%] [32m[1mLinking CXX executable dokusute_tuner[0m
[ 50%] Built target dokusute_tuner
[ 53%] [32m[1mLinking CXX executable nr26_tuner[0m
[ 57%] [32m[1mLinking CXX executable pid_tuner[0m
[ 57%] Built target pid_tuner
[ 57%] Built target nr26_tuner
[ 60%] [32m[1mLinking CXX executable cr25_fes[0m
[ 64%] [32m[1mLinking CXX executable mros_wip[0m
[ 64%] Built target cr25_fes
[ 64%] Built target mros_wip
[ 67%] [32m[1mLinking CXX executable nr26_omni_fb[0m
[ 71%] [32m[1mLinking CXX executable nr25_mr_sd[0m
[ 75%] [32m[1mLinking CXX executable nr26_omni[0m
[ 75%] Built target nr26_omni_fb
[ 75%] Built target nr25_mr_sd
[ 75%] Built target nr26_omni
[ 78%] [32m[1mLinking CXX executable dokusute_move[0m
[ 78%] Built target dokusute_move
[ 82%] [32m[1mLinking CXX executable pid_wip[0m
[ 82%] Built target pid_wip
[ 85%] [32m[1mLinking CXX executable nr26_r2_move[0m
[ 85%] Built target nr26_r2_move
[ 89%] [32mBuilding CXX object CMakeFiles/sb_host.dir/src/Serial_Bridge_Host.cpp.o[0m
[01m[K/home/ubuntu/rrst-ros2-ws/ros2esp/src/Serial_Bridge_Host.cpp:[m[K In member function ‘[01m[Kvoid HardWareControl::[01;32m[Kps4_listener_callback[m[K(sensor_msgs::msg::Joy_<std::allocator<void> >::SharedPtr)[m[K’:
[01m[K/home/ubuntu/rrst-ros2-ws/ros2esp/src/Serial_Bridge_Host.cpp:95:71:[m[K [01;35m[Kwarning: [m[Kunused parameter ‘[01m[Kmsg[m[K’ [[01;35m[K]8;;https://gcc.gnu.org/onlinedocs/gcc/Warning-Options.html#index-Wunused-parameter-Wunused-parameter]8;;[m[K]
   95 | oid ps4_listener_callback([01;35m[Kconst sensor_msgs::msg::Joy::SharedPtr msg[m[K) {
      |                           [01;35m[K~~~~~~~~~~~~~~~~~~~~~~~~~~~~~~~~~~~~~~~^~~[m[K

[ 92%] [32m[1mLinking CXX executable sb_host[0m
[ 92%] Built target sb_host
[ 96%] [32mBuilding CXX object CMakeFiles/sb_tester.dir/src/Serial_Bridge_Tester.cpp.o[0m
[100%] [32m[1mLinking CXX executable sb_tester[0m
[100%] Built target sb_tester
