-- The C compiler identification is GNU 13.3.0
-- The CXX compiler identification is GNU 13.3.0
-- Detecting C compiler ABI info
-- Detecting C compiler ABI info - done
-- Check for working C compiler: /usr/bin/cc - skipped
-- Detecting C compile features
-- Detecting C compile features - done
-- Detecting CXX compiler ABI info
-- Detecting CXX compiler ABI info - done
-- Check for working CXX compiler: /usr/bin/c++ - skipped
-- Detecting CXX compile features
-- Detecting CXX compile features - done
/usr/bin/figlet
-- Using the multi-header code from /home/ubuntu/rrst-ros2-ws/build/nr26_r2_hw_ctrl/_deps/nlohmann_json-src/include/
-- Found ament_cmake: 2.5.3 (/opt/ros/jazzy/share/ament_cmake/cmake)
-- Found Python3: /usr/bin/python3 (found version "3.12.3") found components: Interpreter 
-- Found rclcpp: 28.1.8 (/opt/ros/jazzy/share/rclcpp/cmake)
-- Found rosidl_generator_c: 4.6.5 (/opt/ros/jazzy/share/rosidl_generator_c/cmake)
-- Found rosidl_generator_cpp: 4.6.5 (/opt/ros/jazzy/share/rosidl_generator_cpp/cmake)
-- Using all available rosidl_typesupport_c: rosidl_typesupport_fastrtps_c;rosidl_typesupport_introspection_c
-- Using all available rosidl_typesupport_cpp: rosidl_typesupport_fastrtps_cpp;rosidl_typesupport_introspection_cpp
-- Found rmw_implementation_cmake: 7.3.2 (/opt/ros/jazzy/share/rmw_implementation_cmake/cmake)
-- Found rmw_fastrtps_cpp: 8.4.2 (/opt/ros/jazzy/share/rmw_fastrtps_cpp/cmake)
-- Found OpenSSL: /usr/lib/x86_64-linux-gnu/libcrypto.so (found version "3.0.13")  
-- Found FastRTPS: /opt/ros/jazzy/include (Required is at least version "2.13") 
-- Using RMW implementation 'rmw_fastrtps_cpp' as default
-- Found std_msgs: 5.3.6 (/opt/ros/jazzy/share/std_msgs/cmake)
-- Found sensor_msgs: 5.3.6 (/opt/ros/jazzy/share/sensor_msgs/cmake)
-- Found tf2: 0.36.9 (/opt/ros/jazzy/share/tf2/cmake)
-- Found tf2_ros: 0.36.9 (/opt/ros/jazzy/share/tf2_ros/cmake)
-- Found tf2_geometry_msgs: 0.36.9 (/opt/ros/jazzy/share/tf2_geometry_msgs/cmake)
-- Found eigen3_cmake_module: 0.3.0 (/opt/ros/jazzy/share/eigen3_cmake_module/cmake)
-- Found Eigen3: TRUE (found version "3.4.0") 
-- Ensuring Eigen3 include directory is part of orocos-kdl CMake target
-- Found visualization_msgs: 5.3.6 (/opt/ros/jazzy/share/visualization_msgs/cmake)
-- Found ament_lint_auto: 0.17.2 (/opt/ros/jazzy/share/ament_lint_auto/cmake)
-- Added test 'cppcheck' to perform static code analysis on C / C++ code
-- Configured cppcheck include dirs: 
-- Configured cppcheck exclude dirs and/or files: 
-- Added test 'flake8' to check Python code syntax and style conventions
-- Configured 'flake8' exclude dirs and/or files: 
-- Added test 'lint_cmake' to check CMake code style
-- Added test 'pep257' to check Python code against some of the docstring style conventions in PEP 257
-- Added test 'uncrustify' to check C / C++ code style
-- Configured uncrustify additional arguments: 
-- Added test 'xmllint' to check XML markup files
-- Configuring done (34.5s)
-- Generating done (0.0s)
-- Build files have been written to: /home/ubuntu/rrst-ros2-ws/build/nr26_r2_hw_ctrl
[ 25%] [32mBuilding CXX object CMakeFiles/nr26_tuner.dir/src/NR26_R2_Tuner.cpp.o[0m
[ 50%] [32mBuilding CXX object CMakeFiles/nr26_r2_move.dir/src/NR26_R2_Move.cpp.o[0m
[ 75%] [32m[1mLinking CXX executable nr26_tuner[0m
[ 75%] Built target nr26_tuner
[100%] [32m[1mLinking CXX executable nr26_r2_move[0m
[100%] Built target nr26_r2_move
-- Install configuration: ""
-- Installing: /home/ubuntu/rrst-ros2-ws/install/nr26_r2_hw_ctrl/lib/nr26_r2_hw_ctrl/nr26_r2_move
-- Set non-toolchain portion of runtime path of "/home/ubuntu/rrst-ros2-ws/install/nr26_r2_hw_ctrl/lib/nr26_r2_hw_ctrl/nr26_r2_move" to ""
-- Installing: /home/ubuntu/rrst-ros2-ws/install/nr26_r2_hw_ctrl/lib/nr26_r2_hw_ctrl/nr26_tuner
-- Set non-toolchain portion of runtime path of "/home/ubuntu/rrst-ros2-ws/install/nr26_r2_hw_ctrl/lib/nr26_r2_hw_ctrl/nr26_tuner" to ""
-- Installing: /home/ubuntu/rrst-ros2-ws/install/nr26_r2_hw_ctrl/share/ament_index/resource_index/package_run_dependencies/nr26_r2_hw_ctrl
-- Installing: /home/ubuntu/rrst-ros2-ws/install/nr26_r2_hw_ctrl/share/ament_index/resource_index/parent_prefix_path/nr26_r2_hw_ctrl
-- Installing: /home/ubuntu/rrst-ros2-ws/install/nr26_r2_hw_ctrl/share/nr26_r2_hw_ctrl/environment/ament_prefix_path.sh
-- Installing: /home/ubuntu/rrst-ros2-ws/install/nr26_r2_hw_ctrl/share/nr26_r2_hw_ctrl/environment/ament_prefix_path.dsv
-- Installing: /home/ubuntu/rrst-ros2-ws/install/nr26_r2_hw_ctrl/share/nr26_r2_hw_ctrl/environment/path.sh
-- Installing: /home/ubuntu/rrst-ros2-ws/install/nr26_r2_hw_ctrl/share/nr26_r2_hw_ctrl/environment/path.dsv
-- Installing: /home/ubuntu/rrst-ros2-ws/install/nr26_r2_hw_ctrl/share/nr26_r2_hw_ctrl/local_setup.bash
-- Installing: /home/ubuntu/rrst-ros2-ws/install/nr26_r2_hw_ctrl/share/nr26_r2_hw_ctrl/local_setup.sh
-- Installing: /home/ubuntu/rrst-ros2-ws/install/nr26_r2_hw_ctrl/share/nr26_r2_hw_ctrl/local_setup.zsh
-- Installing: /home/ubuntu/rrst-ros2-ws/install/nr26_r2_hw_ctrl/share/nr26_r2_hw_ctrl/local_setup.dsv
-- Installing: /home/ubuntu/rrst-ros2-ws/install/nr26_r2_hw_ctrl/share/nr26_r2_hw_ctrl/package.dsv
-- Installing: /home/ubuntu/rrst-ros2-ws/install/nr26_r2_hw_ctrl/share/ament_index/resource_index/packages/nr26_r2_hw_ctrl
-- Installing: /home/ubuntu/rrst-ros2-ws/install/nr26_r2_hw_ctrl/share/nr26_r2_hw_ctrl/cmake/nr26_r2_hw_ctrlConfig.cmake
-- Installing: /home/ubuntu/rrst-ros2-ws/install/nr26_r2_hw_ctrl/share/nr26_r2_hw_ctrl/cmake/nr26_r2_hw_ctrlConfig-version.cmake
-- Installing: /home/ubuntu/rrst-ros2-ws/install/nr26_r2_hw_ctrl/share/nr26_r2_hw_ctrl/package.xml
